Archive member included to satisfy reference by file (symbol)

C:\Users\Rasmus\Documents\MCUXpressoIDE_11.2.0_4120\XY_plotter_project\lpc_board_nxp_lpcxpresso_1549\Debug\liblpc_board_nxp_lpcxpresso_1549.a(board.o)
                              ./src/test2.o (Board_LED_Set)
C:\Users\Rasmus\Documents\MCUXpressoIDE_11.2.0_4120\XY_plotter_project\lpc_board_nxp_lpcxpresso_1549\Debug\liblpc_board_nxp_lpcxpresso_1549.a(board_sysinit.o)
                              ./src/sysinit.o (Board_SystemInit)
C:\Users\Rasmus\Documents\MCUXpressoIDE_11.2.0_4120\XY_plotter_project\lpc_chip_15xx\Debug\liblpc_chip_15xx.a(chip_15xx.o)
                              ./src/test2.o (SystemCoreClockUpdate)
C:\Users\Rasmus\Documents\MCUXpressoIDE_11.2.0_4120\XY_plotter_project\lpc_chip_15xx\Debug\liblpc_chip_15xx.a(clock_15xx.o)
                              C:\Users\Rasmus\Documents\MCUXpressoIDE_11.2.0_4120\XY_plotter_project\lpc_board_nxp_lpcxpresso_1549\Debug\liblpc_board_nxp_lpcxpresso_1549.a(board.o) (Chip_Clock_GetMainClockRate)
C:\Users\Rasmus\Documents\MCUXpressoIDE_11.2.0_4120\XY_plotter_project\lpc_chip_15xx\Debug\liblpc_chip_15xx.a(gpio_15xx.o)
                              C:\Users\Rasmus\Documents\MCUXpressoIDE_11.2.0_4120\XY_plotter_project\lpc_board_nxp_lpcxpresso_1549\Debug\liblpc_board_nxp_lpcxpresso_1549.a(board.o) (Chip_GPIO_Init)
C:\Users\Rasmus\Documents\MCUXpressoIDE_11.2.0_4120\XY_plotter_project\lpc_chip_15xx\Debug\liblpc_chip_15xx.a(iocon_15xx.o)
                              C:\Users\Rasmus\Documents\MCUXpressoIDE_11.2.0_4120\XY_plotter_project\lpc_board_nxp_lpcxpresso_1549\Debug\liblpc_board_nxp_lpcxpresso_1549.a(board_sysinit.o) (Chip_IOCON_SetPinMuxing)
C:\Users\Rasmus\Documents\MCUXpressoIDE_11.2.0_4120\XY_plotter_project\lpc_chip_15xx\Debug\liblpc_chip_15xx.a(swm_15xx.o)
                              C:\Users\Rasmus\Documents\MCUXpressoIDE_11.2.0_4120\XY_plotter_project\lpc_board_nxp_lpcxpresso_1549\Debug\liblpc_board_nxp_lpcxpresso_1549.a(board.o) (Chip_SWM_MovablePinAssign)
C:\Users\Rasmus\Documents\MCUXpressoIDE_11.2.0_4120\XY_plotter_project\lpc_chip_15xx\Debug\liblpc_chip_15xx.a(sysctl_15xx.o)
                              C:\Users\Rasmus\Documents\MCUXpressoIDE_11.2.0_4120\XY_plotter_project\lpc_board_nxp_lpcxpresso_1549\Debug\liblpc_board_nxp_lpcxpresso_1549.a(board_sysinit.o) (Chip_SYSCTL_AssertPeriphReset)
C:\Users\Rasmus\Documents\MCUXpressoIDE_11.2.0_4120\XY_plotter_project\lpc_chip_15xx\Debug\liblpc_chip_15xx.a(sysinit_15xx.o)
                              C:\Users\Rasmus\Documents\MCUXpressoIDE_11.2.0_4120\XY_plotter_project\lpc_board_nxp_lpcxpresso_1549\Debug\liblpc_board_nxp_lpcxpresso_1549.a(board_sysinit.o) (Chip_SetupXtalClocking)
C:\Users\Rasmus\Documents\MCUXpressoIDE_11.2.0_4120\XY_plotter_project\lpc_chip_15xx\Debug\liblpc_chip_15xx.a(uart_15xx.o)
                              C:\Users\Rasmus\Documents\MCUXpressoIDE_11.2.0_4120\XY_plotter_project\lpc_board_nxp_lpcxpresso_1549\Debug\liblpc_board_nxp_lpcxpresso_1549.a(board.o) (Chip_UART_Init)
C:\Users\Rasmus\Documents\MCUXpressoIDE_11.2.0_4120\XY_plotter_project\lpc_chip_15xx\Debug\liblpc_chip_15xx.a(ring_buffer.o)
                              C:\Users\Rasmus\Documents\MCUXpressoIDE_11.2.0_4120\XY_plotter_project\lpc_chip_15xx\Debug\liblpc_chip_15xx.a(uart_15xx.o) (RingBuffer_Insert)
c:/nxp/mcuxpressoide_11.2.0_4120/ide/plugins/com.nxp.mcuxpresso.tools.win32_11.2.0.202001021529/tools/bin/../lib/gcc/arm-none-eabi/9.2.1/thumb/v7-m/nofp\libgcc.a(_aeabi_uldivmod.o)
                              C:\Users\Rasmus\Documents\MCUXpressoIDE_11.2.0_4120\XY_plotter_project\lpc_chip_15xx\Debug\liblpc_chip_15xx.a(clock_15xx.o) (__aeabi_uldivmod)
c:/nxp/mcuxpressoide_11.2.0_4120/ide/plugins/com.nxp.mcuxpresso.tools.win32_11.2.0.202001021529/tools/bin/../lib/gcc/arm-none-eabi/9.2.1/thumb/v7-m/nofp\libgcc.a(_udivmoddi4.o)
                              c:/nxp/mcuxpressoide_11.2.0_4120/ide/plugins/com.nxp.mcuxpresso.tools.win32_11.2.0.202001021529/tools/bin/../lib/gcc/arm-none-eabi/9.2.1/thumb/v7-m/nofp\libgcc.a(_aeabi_uldivmod.o) (__udivmoddi4)
c:/nxp/mcuxpressoide_11.2.0_4120/ide/plugins/com.nxp.mcuxpresso.tools.win32_11.2.0.202001021529/tools/bin/../lib/gcc/arm-none-eabi/9.2.1/thumb/v7-m/nofp\libgcc.a(_dvmd_tls.o)
                              c:/nxp/mcuxpressoide_11.2.0_4120/ide/plugins/com.nxp.mcuxpresso.tools.win32_11.2.0.202001021529/tools/bin/../lib/gcc/arm-none-eabi/9.2.1/thumb/v7-m/nofp\libgcc.a(_aeabi_uldivmod.o) (__aeabi_ldiv0)
c:/nxp/mcuxpressoide_11.2.0_4120/ide/plugins/com.nxp.mcuxpresso.tools.win32_11.2.0.202001021529/tools/bin/../lib/gcc/arm-none-eabi/9.2.1/../../../../arm-none-eabi/lib/thumb/v7-m/nofp\libc.a(lib_a-init.o)
                              ./src/cr_startup_lpc15xx.o (__libc_init_array)
c:/nxp/mcuxpressoide_11.2.0_4120/ide/plugins/com.nxp.mcuxpresso.tools.win32_11.2.0.202001021529/tools/bin/../lib/gcc/arm-none-eabi/9.2.1/../../../../arm-none-eabi/lib/thumb/v7-m/nofp\libc.a(lib_a-malloc.o)
[...]
Memory Configuration

Name             Origin             Length             Attributes
MFlash256        0x00000000         0x00040000         xr
Ram0_16          0x02000000         0x00004000         xrw
Ram1_16          0x02004000         0x00004000         xrw
Ram2_4           0x02008000         0x00001000         xrw
*default*        0x00000000         0xffffffff

Linker script and memory map

LOAD ./src/cr_cpp_config.o
LOAD ./src/cr_startup_lpc15xx.o
LOAD ./src/crp.o
LOAD ./src/sysinit.o
LOAD ./src/test.o
LOAD ./src/test2.o
LOAD C:\Users\Rasmus\Documents\MCUXpressoIDE_11.2.0_4120\XY_plotter_project\lpc_board_nxp_lpcxpresso_1549\Debug\liblpc_board_nxp_lpcxpresso_1549.a
LOAD C:\Users\Rasmus\Documents\MCUXpressoIDE_11.2.0_4120\XY_plotter_project\lpc_chip_15xx\Debug\liblpc_chip_15xx.a
START GROUP
LOAD c:/nxp/mcuxpressoide_11.2.0_4120/ide/plugins/com.nxp.mcuxpresso.tools.win32_11.2.0.202001021529/tools/bin/../lib/gcc/arm-none-eabi/9.2.1/thumb/v7-m/nofp\libgcc.a
LOAD c:/nxp/mcuxpressoide_11.2.0_4120/ide/plugins/com.nxp.mcuxpresso.tools.win32_11.2.0.202001021529/tools/bin/../lib/gcc/arm-none-eabi/9.2.1/../../../../arm-none-eabi/lib/thumb/v7-m/nofp\libc.a
LOAD c:/nxp/mcuxpressoide_11.2.0_4120/ide/plugins/com.nxp.mcuxpresso.tools.win32_11.2.0.202001021529/tools/bin/../lib/gcc/arm-none-eabi/9.2.1/../../../../arm-none-eabi/lib/thumb/v7-m/nofp\libstdc++.a
LOAD c:/nxp/mcuxpressoide_11.2.0_4120/ide/plugins/com.nxp.mcuxpresso.tools.win32_11.2.0.202001021529/tools/bin/../lib/gcc/arm-none-eabi/9.2.1/../../../../arm-none-eabi/lib/thumb/v7-m/nofp\libm.a
LOAD c:/nxp/mcuxpressoide_11.2.0_4120/ide/plugins/com.nxp.mcuxpresso.tools.win32_11.2.0.202001021529/tools/bin/../lib/gcc/arm-none-eabi/9.2.1/../../../../arm-none-eabi/lib/thumb/v7-m/nofp\libcr_newlib_nohost.a
LOAD c:/nxp/mcuxpressoide_11.2.0_4120/ide/plugins/com.nxp.mcuxpresso.tools.win32_11.2.0.202001021529/tools/bin/../lib/gcc/arm-none-eabi/9.2.1/thumb/v7-m/nofp\crti.o
LOAD c:/nxp/mcuxpressoide_11.2.0_4120/ide/plugins/com.nxp.mcuxpresso.tools.win32_11.2.0.202001021529/tools/bin/../lib/gcc/arm-none-eabi/9.2.1/thumb/v7-m/nofp\crtn.o
LOAD c:/nxp/mcuxpressoide_11.2.0_4120/ide/plugins/com.nxp.mcuxpresso.tools.win32_11.2.0.202001021529/tools/bin/../lib/gcc/arm-none-eabi/9.2.1/thumb/v7-m/nofp\crtbegin.o
LOAD c:/nxp/mcuxpressoide_11.2.0_4120/ide/plugins/com.nxp.mcuxpresso.tools.win32_11.2.0.202001021529/tools/bin/../lib/gcc/arm-none-eabi/9.2.1/thumb/v7-m/nofp\crtend.o
END GROUP
                0x00000000                __base_MFlash256 = 0x0
                0x00000000                __base_Flash = 0x0
                0x00040000                __top_MFlash256 = 0x40000
                0x00040000                __top_Flash = 0x40000
                0x02000000                __base_Ram0_16 = 0x2000000
                0x02000000                __base_RAM = 0x2000000
                0x02004000                __top_Ram0_16 = 0x2004000
                0x02004000                __top_RAM = 0x2004000
                0x02004000                __base_Ram1_16 = 0x2004000
                0x02004000                __base_RAM2 = 0x2004000
                0x02008000                __top_Ram1_16 = 0x2008000
                0x02008000                __top_RAM2 = 0x2008000
                0x02008000                __base_Ram2_4 = 0x2008000
                0x02008000                __base_RAM3 = 0x2008000
                0x02009000                __top_Ram2_4 = 0x2009000
                0x02009000                __top_RAM3 = 0x2009000

.text           0x00000000     0x1440
 FILL mask 0xff
                0x00000000                __vectors_start__ = ABSOLUTE (.)
 *(.isr_vector)
 .isr_vector    0x00000000       0xfc ./src/cr_startup_lpc15xx.o
                0x00000000                g_pfnVectors
                0x000000fc                . = ALIGN (0x4)
                0x000000fc                __section_table_start = .
                0x000000fc                __data_section_table = .
                0x000000fc        0x4 LONG 0x1448 LOADADDR (.data)
                0x00000100        0x4 LONG 0x2000000 ADDR (.data)
                0x00000104        0x4 LONG 0x0 SIZEOF (.data)
                0x00000108        0x4 LONG 0x1448 LOADADDR (.data_RAM2)
                0x0000010c        0x4 LONG 0x2004000 ADDR (.data_RAM2)
                0x00000110        0x4 LONG 0x0 SIZEOF (.data_RAM2)
                0x00000114        0x4 LONG 0x1448 LOADADDR (.data_RAM3)
                0x00000118        0x4 LONG 0x2008000 ADDR (.data_RAM3)
                0x0000011c        0x4 LONG 0x0 SIZEOF (.data_RAM3)
                0x00000120                __data_section_table_end = .
                0x00000120                __bss_section_table = .
                0x00000120        0x4 LONG 0x2000000 ADDR (.bss)
                0x00000124        0x4 LONG 0x24 SIZEOF (.bss)
                0x00000128        0x4 LONG 0x2004000 ADDR (.bss_RAM2)
                0x0000012c        0x4 LONG 0x0 SIZEOF (.bss_RAM2)
                0x00000130        0x4 LONG 0x2008000 ADDR (.bss_RAM3)
                0x00000134        0x4 LONG 0x0 SIZEOF (.bss_RAM3)
                0x00000138                __bss_section_table_end = .
                0x00000138                __section_table_end = .
 *(.after_vectors*)
 .after_vectors
                0x00000138      0x140 ./src/cr_startup_lpc15xx.o
                0x00000138                data_init(unsigned int, unsigned int, unsigned int)
                0x0000017a                bss_init(unsigned int, unsigned int)
                0x000001b0                ResetISR
                0x0000023c                NMI_Handler
                0x00000242                HardFault_Handler
                0x00000248                MemManage_Handler
                0x0000024e                BusFault_Handler
                0x00000254                UsageFault_Handler
                0x0000025a                SVC_Handler
                0x00000260                DebugMon_Handler
                0x00000266                PendSV_Handler
                0x0000026c                SysTick_Handler
                0x00000272                UART1_IRQHandler
                0x00000272                RTC_WAKE_IRQHandler
                0x00000272                UART0_IRQHandler
                0x00000272                MRT_IRQHandler
                0x00000272                SPI1_IRQHandler
                0x00000272                PIN_INT6_IRQHandler
                0x00000272                IntDefaultHandler
                0x00000272                PIN_INT4_IRQHandler
                0x00000272                CAN_IRQHandler
                0x00000272                RTC_ALARM_IRQHandler
                0x00000272                ADC1B_IRQHandler
                0x00000272                ADC1_OVR_IRQHandler
                0x00000272                ADC1_THCMP_IRQHandler
                0x00000272                ADC0_OVR_IRQHandler
                0x00000272                PIN_INT5_IRQHandler
                0x00000272                SCT1_IRQHandler
                0x00000272                PIN_INT2_IRQHandler
                0x00000272                USB_FIQHandler
                0x00000272                SCT3_IRQHandler
                0x00000272                PIN_INT7_IRQHandler
                0x00000272                I2C0_IRQHandler
                0x00000272                PIN_INT1_IRQHandler
                0x00000272                USB_IRQHandler
                0x00000272                BOD_IRQHandler
                0x00000272                ADC0B_IRQHandler
                0x00000272                ACMP0_IRQHandler
                0x00000272                RIT_IRQHandler
                0x00000272                SCT2_IRQHandler
                0x00000272                WDT_IRQHandler
                0x00000272                USBWakeup_IRQHandler
                0x00000272                PIN_INT0_IRQHandler
                0x00000272                QEI_IRQHandler
                0x00000272                ACMP3_IRQHandler
                0x00000272                GINT0_IRQHandler
                0x00000272                DAC_IRQHandler
                0x00000272                SPI0_IRQHandler
                0x00000272                EEPROM_IRQHandler
                0x00000272                ACMP2_IRQHandler
                0x00000272                UART2_IRQHandler
                0x00000272                ADC1A_IRQHandler
                0x00000272                DMA_IRQHandler
                0x00000272                PIN_INT3_IRQHandler
                0x00000272                ACMP1_IRQHandler
                0x00000272                SCT0_IRQHandler
                0x00000272                ADC0A_IRQHandler
                0x00000272                FMC_IRQHandler
                0x00000272                GINT1_IRQHandler
                0x00000272                ADC0_THCMP_IRQHandler
                0x000002fc                . = 0x2fc
 *fill*         0x00000278       0x84 ff
                0x000002fc                PROVIDE (__CRP_WORD_START__ = .)
 *(.crp)
 .crp           0x000002fc        0x4 ./src/crp.o
                0x000002fc                CRP_WORD
                0x00000300                PROVIDE (__CRP_WORD_END__ = .)
                0x00000001                ASSERT (! ((__CRP_WORD_START__ == __CRP_WORD_END__)), Linker CRP Enabled, but no CRP_WORD provided within application)
 *(.text*)
 .text.SystemInit
                0x00000300        0xc ./src/sysinit.o
                0x00000300                SystemInit
 .text.main     0x0000030c       0x28 ./src/test2.o
                0x0000030c                main
 .text.Chip_IOCON_PinMuxSet
                0x00000334       0x2c C:\Users\Rasmus\Documents\MCUXpressoIDE_11.2.0_4120\XY_plotter_project\lpc_board_nxp_lpcxpresso_1549\Debug\liblpc_board_nxp_lpcxpresso_1549.a(board.o)
 .text.Chip_SWM_MovablePortPinAssign
                0x00000360       0x30 C:\Users\Rasmus\Documents\MCUXpressoIDE_11.2.0_4120\XY_plotter_project\lpc_board_nxp_lpcxpresso_1549\Debug\liblpc_board_nxp_lpcxpresso_1549.a(board.o)
 .text.Chip_GPIO_SetPinState
                0x00000390       0x36 C:\Users\Rasmus\Documents\MCUXpressoIDE_11.2.0_4120\XY_plotter_project\lpc_board_nxp_lpcxpresso_1549\Debug\liblpc_board_nxp_lpcxpresso_1549.a(board.o)
 .text.Chip_GPIO_SetPinDIROutput
                0x000003c6       0x3c C:\Users\Rasmus\Documents\MCUXpressoIDE_11.2.0_4120\XY_plotter_project\lpc_board_nxp_lpcxpresso_1549\Debug\liblpc_board_nxp_lpcxpresso_1549.a(board.o)
 .text.Chip_UART_Enable
                0x00000402       0x1e C:\Users\Rasmus\Documents\MCUXpressoIDE_11.2.0_4120\XY_plotter_project\lpc_board_nxp_lpcxpresso_1549\Debug\liblpc_board_nxp_lpcxpresso_1549.a(board.o)
 .text.Chip_UART_TXEnable
                0x00000420       0x1e C:\Users\Rasmus\Documents\MCUXpressoIDE_11.2.0_4120\XY_plotter_project\lpc_board_nxp_lpcxpresso_1549\Debug\liblpc_board_nxp_lpcxpresso_1549.a(board.o)
 .text.Chip_UART_ConfigData
                0x0000043e       0x28 C:\Users\Rasmus\Documents\MCUXpressoIDE_11.2.0_4120\XY_plotter_project\lpc_board_nxp_lpcxpresso_1549\Debug\liblpc_board_nxp_lpcxpresso_1549.a(board.o)
 *fill*         0x00000466        0x2 ff
 .text.Board_Debug_Init
                0x00000468       0x70 C:\Users\Rasmus\Documents\MCUXpressoIDE_11.2.0_4120\XY_plotter_project\lpc_board_nxp_lpcxpresso_1549\Debug\liblpc_board_nxp_lpcxpresso_1549.a(board.o)
                0x00000468                Board_Debug_Init
 .text.Board_LED_Init
                0x000004d8       0x60 C:\Users\Rasmus\Documents\MCUXpressoIDE_11.2.0_4120\XY_plotter_project\lpc_board_nxp_lpcxpresso_1549\Debug\liblpc_board_nxp_lpcxpresso_1549.a(board.o)
 .text.Board_LED_Set
                0x00000538       0x54 C:\Users\Rasmus\Documents\MCUXpressoIDE_11.2.0_4120\XY_plotter_project\lpc_board_nxp_lpcxpresso_1549\Debug\liblpc_board_nxp_lpcxpresso_1549.a(board.o)
                0x00000538                Board_LED_Set
 .text.Board_Init
                0x0000058c       0x18 C:\Users\Rasmus\Documents\MCUXpressoIDE_11.2.0_4120\XY_plotter_project\lpc_board_nxp_lpcxpresso_1549\Debug\liblpc_board_nxp_lpcxpresso_1549.a(board.o)
                0x0000058c                Board_Init
 .text.Chip_SYSCTL_PeriphReset
                0x000005a4       0x22 C:\Users\Rasmus\Documents\MCUXpressoIDE_11.2.0_4120\XY_plotter_project\lpc_board_nxp_lpcxpresso_1549\Debug\liblpc_board_nxp_lpcxpresso_1549.a(board_sysinit.o)
 *fill*         0x000005c6        0x2 ff
 .text.Chip_Clock_SetUSBPLLSource
                0x000005c8       0x20 C:\Users\Rasmus\Documents\MCUXpressoIDE_11.2.0_4120\XY_plotter_project\lpc_board_nxp_lpcxpresso_1549\Debug\liblpc_board_nxp_lpcxpresso_1549.a(board_sysinit.o)
 .text.Chip_Clock_SetupUSBPLL
                0x000005e8       0x34 C:\Users\Rasmus\Documents\MCUXpressoIDE_11.2.0_4120\XY_plotter_project\lpc_board_nxp_lpcxpresso_1549\Debug\liblpc_board_nxp_lpcxpresso_1549.a(board_sysinit.o)
 .text.Chip_Clock_IsUSBPLLLocked
                0x0000061c       0x24 C:\Users\Rasmus\Documents\MCUXpressoIDE_11.2.0_4120\XY_plotter_project\lpc_board_nxp_lpcxpresso_1549\Debug\liblpc_board_nxp_lpcxpresso_1549.a(board_sysinit.o)
 .text.Chip_Clock_SetSysTickClockDiv
                0x00000640       0x20 C:\Users\Rasmus\Documents\MCUXpressoIDE_11.2.0_4120\XY_plotter_project\lpc_board_nxp_lpcxpresso_1549\Debug\liblpc_board_nxp_lpcxpresso_1549.a(board_sysinit.o)
 .text.Chip_SWM_MovablePortPinAssign
                0x00000660       0x30 C:\Users\Rasmus\Documents\MCUXpressoIDE_11.2.0_4120\XY_plotter_project\lpc_board_nxp_lpcxpresso_1549\Debug\liblpc_board_nxp_lpcxpresso_1549.a(board_sysinit.o)
 .text.Board_SetupMuxing
                0x00000690       0x84 C:\Users\Rasmus\Documents\MCUXpressoIDE_11.2.0_4120\XY_plotter_project\lpc_board_nxp_lpcxpresso_1549\Debug\liblpc_board_nxp_lpcxpresso_1549.a(board_sysinit.o)
                0x00000690                Board_SetupMuxing
 .text.Board_SetupClocking
                0x00000714       0x3a C:\Users\Rasmus\Documents\MCUXpressoIDE_11.2.0_4120\XY_plotter_project\lpc_board_nxp_lpcxpresso_1549\Debug\liblpc_board_nxp_lpcxpresso_1549.a(board_sysinit.o)
                0x00000714                Board_SetupClocking
 *fill*         0x0000074e        0x2 ff
 .text.Board_SystemInit
                0x00000750       0x1c C:\Users\Rasmus\Documents\MCUXpressoIDE_11.2.0_4120\XY_plotter_project\lpc_board_nxp_lpcxpresso_1549\Debug\liblpc_board_nxp_lpcxpresso_1549.a(board_sysinit.o)
                0x00000750                Board_SystemInit
 .text.SystemCoreClockUpdate
                0x0000076c       0x18 C:\Users\Rasmus\Documents\MCUXpressoIDE_11.2.0_4120\XY_plotter_project\lpc_chip_15xx\Debug\liblpc_chip_15xx.a(chip_15xx.o)
                0x0000076c                SystemCoreClockUpdate
 .text.Chip_Clock_SetMain_A_ClockSource
                0x00000784       0x20 C:\Users\Rasmus\Documents\MCUXpressoIDE_11.2.0_4120\XY_plotter_project\lpc_chip_15xx\Debug\liblpc_chip_15xx.a(clock_15xx.o)
 .text.Chip_Clock_GetMain_A_ClockSource
                0x000007a4       0x18 C:\Users\Rasmus\Documents\MCUXpressoIDE_11.2.0_4120\XY_plotter_project\lpc_chip_15xx\Debug\liblpc_chip_15xx.a(clock_15xx.o)
 .text.Chip_Clock_SetMain_B_ClockSource
                0x000007bc       0x20 C:\Users\Rasmus\Documents\MCUXpressoIDE_11.2.0_4120\XY_plotter_project\lpc_chip_15xx\Debug\liblpc_chip_15xx.a(clock_15xx.o)
 .text.Chip_Clock_GetMain_B_ClockSource
                0x000007dc       0x18 C:\Users\Rasmus\Documents\MCUXpressoIDE_11.2.0_4120\XY_plotter_project\lpc_chip_15xx\Debug\liblpc_chip_15xx.a(clock_15xx.o)
 .text.Chip_Clock_SetUARTFRGDivider
                0x000007f4       0x20 C:\Users\Rasmus\Documents\MCUXpressoIDE_11.2.0_4120\XY_plotter_project\lpc_chip_15xx\Debug\liblpc_chip_15xx.a(clock_15xx.o)
 .text.Chip_Clock_GetUARTFRGDivider
                0x00000814       0x18 C:\Users\Rasmus\Documents\MCUXpressoIDE_11.2.0_4120\XY_plotter_project\lpc_chip_15xx\Debug\liblpc_chip_15xx.a(clock_15xx.o)
 .text.Chip_Clock_GetMainOscRate
                0x0000082c       0x14 C:\Users\Rasmus\Documents\MCUXpressoIDE_11.2.0_4120\XY_plotter_project\lpc_chip_15xx\Debug\liblpc_chip_15xx.a(clock_15xx.o)
 .text.Chip_Clock_GetIntOscRate
                0x00000840       0x14 C:\Users\Rasmus\Documents\MCUXpressoIDE_11.2.0_4120\XY_plotter_project\lpc_chip_15xx\Debug\liblpc_chip_15xx.a(clock_15xx.o)
 .text.Chip_Clock_GetRTCOscRate
                0x00000854       0x14 C:\Users\Rasmus\Documents\MCUXpressoIDE_11.2.0_4120\XY_plotter_project\lpc_chip_15xx\Debug\liblpc_chip_15xx.a(clock_15xx.o)
 .text.Chip_Clock_GetWDTOSCRate
                0x00000868       0x14 C:\Users\Rasmus\Documents\MCUXpressoIDE_11.2.0_4120\XY_plotter_project\lpc_chip_15xx\Debug\liblpc_chip_15xx.a(clock_15xx.o)
 .text.Chip_Clock_GetPLLFreq
                0x0000087c       0x26 C:\Users\Rasmus\Documents\MCUXpressoIDE_11.2.0_4120\XY_plotter_project\lpc_chip_15xx\Debug\liblpc_chip_15xx.a(clock_15xx.o)
 .text.Chip_Clock_GetPLLInClockRate
                0x000008a2       0x38 C:\Users\Rasmus\Documents\MCUXpressoIDE_11.2.0_4120\XY_plotter_project\lpc_chip_15xx\Debug\liblpc_chip_15xx.a(clock_15xx.o)
 *fill*         0x000008da        0x2 ff
 .text.Chip_Clock_GetSystemPLLInClockRate
                0x000008dc       0x1c C:\Users\Rasmus\Documents\MCUXpressoIDE_11.2.0_4120\XY_plotter_project\lpc_chip_15xx\Debug\liblpc_chip_15xx.a(clock_15xx.o)
                0x000008dc                Chip_Clock_GetSystemPLLInClockRate
 .text.Chip_Clock_GetSystemPLLOutClockRate
                0x000008f8       0x24 C:\Users\Rasmus\Documents\MCUXpressoIDE_11.2.0_4120\XY_plotter_project\lpc_chip_15xx\Debug\liblpc_chip_15xx.a(clock_15xx.o)
                0x000008f8                Chip_Clock_GetSystemPLLOutClockRate
 .text.Chip_Clock_GetMain_A_ClockRate
                0x0000091c       0x4a C:\Users\Rasmus\Documents\MCUXpressoIDE_11.2.0_4120\XY_plotter_project\lpc_chip_15xx\Debug\liblpc_chip_15xx.a(clock_15xx.o)
                0x0000091c                Chip_Clock_GetMain_A_ClockRate
 *fill*         0x00000966        0x2 ff
 .text.Chip_Clock_GetMain_B_ClockRate
                0x00000968       0x58 C:\Users\Rasmus\Documents\MCUXpressoIDE_11.2.0_4120\XY_plotter_project\lpc_chip_15xx\Debug\liblpc_chip_15xx.a(clock_15xx.o)
                0x00000968                Chip_Clock_GetMain_B_ClockRate
 .text.Chip_Clock_SetMainClockSource
                0x000009c0       0x3c C:\Users\Rasmus\Documents\MCUXpressoIDE_11.2.0_4120\XY_plotter_project\lpc_chip_15xx\Debug\liblpc_chip_15xx.a(clock_15xx.o)
                0x000009c0                Chip_Clock_SetMainClockSource
 .text.Chip_Clock_GetMainClockRate
                0x000009fc       0x28 C:\Users\Rasmus\Documents\MCUXpressoIDE_11.2.0_4120\XY_plotter_project\lpc_chip_15xx\Debug\liblpc_chip_15xx.a(clock_15xx.o)
                0x000009fc                Chip_Clock_GetMainClockRate
 .text.Chip_Clock_EnablePeriphClock
                0x00000a24       0x58 C:\Users\Rasmus\Documents\MCUXpressoIDE_11.2.0_4120\XY_plotter_project\lpc_chip_15xx\Debug\liblpc_chip_15xx.a(clock_15xx.o)
                0x00000a24                Chip_Clock_EnablePeriphClock
 .text.Chip_Clock_GetUARTBaseClockRate
                0x00000a7c       0x8c C:\Users\Rasmus\Documents\MCUXpressoIDE_11.2.0_4120\XY_plotter_project\lpc_chip_15xx\Debug\liblpc_chip_15xx.a(clock_15xx.o)
                0x00000a7c                Chip_Clock_GetUARTBaseClockRate
 .text.Chip_Clock_SetUARTBaseClockRate
                0x00000b08       0xa4 C:\Users\Rasmus\Documents\MCUXpressoIDE_11.2.0_4120\XY_plotter_project\lpc_chip_15xx\Debug\liblpc_chip_15xx.a(clock_15xx.o)
                0x00000b08                Chip_Clock_SetUARTBaseClockRate
 .text.Chip_Clock_GetSystemClockRate
                0x00000bac       0x1c C:\Users\Rasmus\Documents\MCUXpressoIDE_11.2.0_4120\XY_plotter_project\lpc_chip_15xx\Debug\liblpc_chip_15xx.a(clock_15xx.o)
                0x00000bac                Chip_Clock_GetSystemClockRate
 .text.Chip_SYSCTL_PeriphReset
                0x00000bc8       0x22 C:\Users\Rasmus\Documents\MCUXpressoIDE_11.2.0_4120\XY_plotter_project\lpc_chip_15xx\Debug\liblpc_chip_15xx.a(gpio_15xx.o)
 .text.Chip_GPIO_Init
                0x00000bea       0x2e C:\Users\Rasmus\Documents\MCUXpressoIDE_11.2.0_4120\XY_plotter_project\lpc_chip_15xx\Debug\liblpc_chip_15xx.a(gpio_15xx.o)
                0x00000bea                Chip_GPIO_Init
 .text.Chip_IOCON_PinMuxSet
                0x00000c18       0x2c C:\Users\Rasmus\Documents\MCUXpressoIDE_11.2.0_4120\XY_plotter_project\lpc_chip_15xx\Debug\liblpc_chip_15xx.a(iocon_15xx.o)
 .text.Chip_IOCON_SetPinMuxing
                0x00000c44       0x50 C:\Users\Rasmus\Documents\MCUXpressoIDE_11.2.0_4120\XY_plotter_project\lpc_chip_15xx\Debug\liblpc_chip_15xx.a(iocon_15xx.o)
                0x00000c44                Chip_IOCON_SetPinMuxing
 .text.Chip_SWM_MovablePinAssign
                0x00000c94       0x5c C:\Users\Rasmus\Documents\MCUXpressoIDE_11.2.0_4120\XY_plotter_project\lpc_chip_15xx\Debug\liblpc_chip_15xx.a(swm_15xx.o)
                0x00000c94                Chip_SWM_MovablePinAssign
 .text.Chip_SYSCTL_AssertPeriphReset
                0x00000cf0       0x4c C:\Users\Rasmus\Documents\MCUXpressoIDE_11.2.0_4120\XY_plotter_project\lpc_chip_15xx\Debug\liblpc_chip_15xx.a(sysctl_15xx.o)
                0x00000cf0                Chip_SYSCTL_AssertPeriphReset
 .text.Chip_SYSCTL_DeassertPeriphReset
                0x00000d3c       0x50 C:\Users\Rasmus\Documents\MCUXpressoIDE_11.2.0_4120\XY_plotter_project\lpc_chip_15xx\Debug\liblpc_chip_15xx.a(sysctl_15xx.o)
                0x00000d3c                Chip_SYSCTL_DeassertPeriphReset
 .text.Chip_SYSCTL_PowerDown
                0x00000d8c       0x40 C:\Users\Rasmus\Documents\MCUXpressoIDE_11.2.0_4120\XY_plotter_project\lpc_chip_15xx\Debug\liblpc_chip_15xx.a(sysctl_15xx.o)
                0x00000d8c                Chip_SYSCTL_PowerDown
 .text.Chip_SYSCTL_PowerUp
                0x00000dcc       0x40 C:\Users\Rasmus\Documents\MCUXpressoIDE_11.2.0_4120\XY_plotter_project\lpc_chip_15xx\Debug\liblpc_chip_15xx.a(sysctl_15xx.o)
                0x00000dcc                Chip_SYSCTL_PowerUp
 .text.Chip_FMC_SetFLASHAccess
                0x00000e0c       0x38 C:\Users\Rasmus\Documents\MCUXpressoIDE_11.2.0_4120\XY_plotter_project\lpc_chip_15xx\Debug\liblpc_chip_15xx.a(sysinit_15xx.o)
 .text.Chip_Clock_SetSystemPLLSource
                0x00000e44       0x20 C:\Users\Rasmus\Documents\MCUXpressoIDE_11.2.0_4120\XY_plotter_project\lpc_chip_15xx\Debug\liblpc_chip_15xx.a(sysinit_15xx.o)
 .text.Chip_Clock_SetupSystemPLL
                0x00000e64       0x34 C:\Users\Rasmus\Documents\MCUXpressoIDE_11.2.0_4120\XY_plotter_project\lpc_chip_15xx\Debug\liblpc_chip_15xx.a(sysinit_15xx.o)
 .text.Chip_Clock_IsSystemPLLLocked
                0x00000e98       0x24 C:\Users\Rasmus\Documents\MCUXpressoIDE_11.2.0_4120\XY_plotter_project\lpc_chip_15xx\Debug\liblpc_chip_15xx.a(sysinit_15xx.o)
 .text.Chip_Clock_SetSysClockDiv
                0x00000ebc       0x20 C:\Users\Rasmus\Documents\MCUXpressoIDE_11.2.0_4120\XY_plotter_project\lpc_chip_15xx\Debug\liblpc_chip_15xx.a(sysinit_15xx.o)
 .text.Chip_SetupXtalClocking
                0x00000edc       0x6c C:\Users\Rasmus\Documents\MCUXpressoIDE_11.2.0_4120\XY_plotter_project\lpc_chip_15xx\Debug\liblpc_chip_15xx.a(sysinit_15xx.o)
                0x00000edc                Chip_SetupXtalClocking
 .text.Chip_SYSCTL_PeriphReset
                0x00000f48       0x22 C:\Users\Rasmus\Documents\MCUXpressoIDE_11.2.0_4120\XY_plotter_project\lpc_chip_15xx\Debug\liblpc_chip_15xx.a(uart_15xx.o)
 *fill*         0x00000f6a        0x2 ff
 .text.getUARTClockID
                0x00000f6c       0x34 C:\Users\Rasmus\Documents\MCUXpressoIDE_11.2.0_4120\XY_plotter_project\lpc_chip_15xx\Debug\liblpc_chip_15xx.a(uart_15xx.o)
 .text.Chip_UART_Init
                0x00000fa0       0x4c C:\Users\Rasmus\Documents\MCUXpressoIDE_11.2.0_4120\XY_plotter_project\lpc_chip_15xx\Debug\liblpc_chip_15xx.a(uart_15xx.o)
                0x00000fa0                Chip_UART_Init
 .text.Chip_UART_SetBaud
                0x00000fec       0x2a C:\Users\Rasmus\Documents\MCUXpressoIDE_11.2.0_4120\XY_plotter_project\lpc_chip_15xx\Debug\liblpc_chip_15xx.a(uart_15xx.o)
                0x00000fec                Chip_UART_SetBaud
 *fill*         0x00001016        0x2 ff
 .text          0x00001018       0x30 c:/nxp/mcuxpressoide_11.2.0_4120/ide/plugins/com.nxp.mcuxpresso.tools.win32_11.2.0.202001021529/tools/bin/../lib/gcc/arm-none-eabi/9.2.1/thumb/v7-m/nofp\libgcc.a(_aeabi_uldivmod.o)
                0x00001018                __aeabi_uldivmod
 .text          0x00001048      0x2c4 c:/nxp/mcuxpressoide_11.2.0_4120/ide/plugins/com.nxp.mcuxpresso.tools.win32_11.2.0.202001021529/tools/bin/../lib/gcc/arm-none-eabi/9.2.1/thumb/v7-m/nofp\libgcc.a(_udivmoddi4.o)
                0x00001048                __udivmoddi4
 .text          0x0000130c        0x4 c:/nxp/mcuxpressoide_11.2.0_4120/ide/plugins/com.nxp.mcuxpresso.tools.win32_11.2.0.202001021529/tools/bin/../lib/gcc/arm-none-eabi/9.2.1/thumb/v7-m/nofp\libgcc.a(_dvmd_tls.o)
                0x0000130c                __aeabi_idiv0
                0x0000130c                __aeabi_ldiv0
 .text.__libc_init_array
                0x00001310       0x48 c:/nxp/mcuxpressoide_11.2.0_4120/ide/plugins/com.nxp.mcuxpresso.tools.win32_11.2.0.202001021529/tools/bin/../lib/gcc/arm-none-eabi/9.2.1/../../../../arm-none-eabi/lib/thumb/v7-m/nofp\libc.a(lib_a-init.o)
                0x00001310                __libc_init_array
 .text          0x00001358       0x40 c:/nxp/mcuxpressoide_11.2.0_4120/ide/plugins/com.nxp.mcuxpresso.tools.win32_11.2.0.202001021529/tools/bin/../lib/gcc/arm-none-eabi/9.2.1/thumb/v7-m/nofp\crtbegin.o
 *(.rodata .rodata.* .constdata .constdata.*)
 .rodata.OscRateIn
                0x00001398        0x4 C:\Users\Rasmus\Documents\MCUXpressoIDE_11.2.0_4120\XY_plotter_project\lpc_board_nxp_lpcxpresso_1549\Debug\liblpc_board_nxp_lpcxpresso_1549.a(board.o)
                0x00001398                OscRateIn
 .rodata.RTCOscRateIn
                0x0000139c        0x4 C:\Users\Rasmus\Documents\MCUXpressoIDE_11.2.0_4120\XY_plotter_project\lpc_board_nxp_lpcxpresso_1549\Debug\liblpc_board_nxp_lpcxpresso_1549.a(board.o)
                0x0000139c                RTCOscRateIn
 .rodata.ledpins
                0x000013a0        0x3 C:\Users\Rasmus\Documents\MCUXpressoIDE_11.2.0_4120\XY_plotter_project\lpc_board_nxp_lpcxpresso_1549\Debug\liblpc_board_nxp_lpcxpresso_1549.a(board.o)
 *fill*         0x000013a3        0x1 ff
 .rodata.ledports
                0x000013a4        0x3 C:\Users\Rasmus\Documents\MCUXpressoIDE_11.2.0_4120\XY_plotter_project\lpc_board_nxp_lpcxpresso_1549\Debug\liblpc_board_nxp_lpcxpresso_1549.a(board.o)
 *fill*         0x000013a7        0x1 ff
 .rodata.ioconSetup
                0x000013a8       0x74 C:\Users\Rasmus\Documents\MCUXpressoIDE_11.2.0_4120\XY_plotter_project\lpc_board_nxp_lpcxpresso_1549\Debug\liblpc_board_nxp_lpcxpresso_1549.a(board_sysinit.o)
 .rodata.swmSetup
                0x0000141c        0x6 C:\Users\Rasmus\Documents\MCUXpressoIDE_11.2.0_4120\XY_plotter_project\lpc_board_nxp_lpcxpresso_1549\Debug\liblpc_board_nxp_lpcxpresso_1549.a(board_sysinit.o)
                0x00001424                . = ALIGN (0x4)
 *fill*         0x00001422        0x2 ff
                0x00001424                . = ALIGN (0x4)
 *(.init)
 .init          0x00001424        0x4 c:/nxp/mcuxpressoide_11.2.0_4120/ide/plugins/com.nxp.mcuxpresso.tools.win32_11.2.0.202001021529/tools/bin/../lib/gcc/arm-none-eabi/9.2.1/thumb/v7-m/nofp\crti.o
                0x00001424                _init
 .init          0x00001428        0x8 c:/nxp/mcuxpressoide_11.2.0_4120/ide/plugins/com.nxp.mcuxpresso.tools.win32_11.2.0.202001021529/tools/bin/../lib/gcc/arm-none-eabi/9.2.1/thumb/v7-m/nofp\crtn.o
                0x00001430                . = ALIGN (0x4)
                0x00001430                __preinit_array_start = .
 *(.preinit_array)
                0x00001430                __preinit_array_end = .
                0x00001430                . = ALIGN (0x4)
                0x00001430                __init_array_start = .
 *(SORT_BY_NAME(.init_array.*))
 *(.init_array)
 .init_array    0x00001430        0x4 c:/nxp/mcuxpressoide_11.2.0_4120/ide/plugins/com.nxp.mcuxpresso.tools.win32_11.2.0.202001021529/tools/bin/../lib/gcc/arm-none-eabi/9.2.1/thumb/v7-m/nofp\crtbegin.o
                0x00001434                __init_array_end = .
 *(.fini)
 .fini          0x00001434        0x4 c:/nxp/mcuxpressoide_11.2.0_4120/ide/plugins/com.nxp.mcuxpresso.tools.win32_11.2.0.202001021529/tools/bin/../lib/gcc/arm-none-eabi/9.2.1/thumb/v7-m/nofp\crti.o
                0x00001434                _fini
 .fini          0x00001438        0x8 c:/nxp/mcuxpressoide_11.2.0_4120/ide/plugins/com.nxp.mcuxpresso.tools.win32_11.2.0.202001021529/tools/bin/../lib/gcc/arm-none-eabi/9.2.1/thumb/v7-m/nofp\crtn.o
                0x00001440                . = ALIGN (0x4)
 *crtbegin.o(.ctors)
 *(EXCLUDE_FILE(*crtend.o) .ctors)
 *(SORT_BY_NAME(.ctors.*))
 *crtend.o(.ctors)
                0x00001440                . = ALIGN (0x4)
 *crtbegin.o(.dtors)
 *(EXCLUDE_FILE(*crtend.o) .dtors)
 *(SORT_BY_NAME(.dtors.*))
 *crtend.o(.dtors)
                0x00001440                . = ALIGN (0x4)

.glue_7         0x00001440        0x0
 .glue_7        0x00001440        0x0 linker stubs

.glue_7t        0x00001440        0x0
 .glue_7t       0x00001440        0x0 linker stubs

.vfp11_veneer   0x00001440        0x0
 .vfp11_veneer  0x00001440        0x0 linker stubs

.v4_bx          0x00001440        0x0
 .v4_bx         0x00001440        0x0 linker stubs

.iplt           0x00001440        0x0
 .iplt          0x00001440        0x0 ./src/cr_startup_lpc15xx.o

.ARM.extab
 *(.ARM.extab* .gnu.linkonce.armextab.*)

.ARM.exidx      0x00001440        0x8
                0x00001440                __exidx_start = .
 *(.ARM.exidx* .gnu.linkonce.armexidx.*)
 .ARM.exidx     0x00001440        0x8 c:/nxp/mcuxpressoide_11.2.0_4120/ide/plugins/com.nxp.mcuxpresso.tools.win32_11.2.0.202001021529/tools/bin/../lib/gcc/arm-none-eabi/9.2.1/thumb/v7-m/nofp\libgcc.a(_udivmoddi4.o)
                0x00001448                __exidx_end = .
                0x00001448                _etext = .

.rel.dyn        0x00001448        0x0
 .rel.iplt      0x00001448        0x0 ./src/cr_startup_lpc15xx.o

.eh_frame       0x00001448        0x0
 .eh_frame      0x00001448        0x0 c:/nxp/mcuxpressoide_11.2.0_4120/ide/plugins/com.nxp.mcuxpresso.tools.win32_11.2.0.202001021529/tools/bin/../lib/gcc/arm-none-eabi/9.2.1/thumb/v7-m/nofp\crtbegin.o

.data_RAM2      0x02004000        0x0 load address 0x00001448
 FILL mask 0xff
                [!provide]                PROVIDE (__start_data_RAM2 = .)
                [!provide]                PROVIDE (__start_data_Ram1_16 = .)
 *(.ramfunc.$RAM2)
 *(.ramfunc.$Ram1_16)
 *(.data.$RAM2)
 *(.data.$Ram1_16)
 *(.data.$RAM2.*)
 *(.data.$Ram1_16.*)
                0x02004000                . = ALIGN (0x4)
                [!provide]                PROVIDE (__end_data_RAM2 = .)
                [!provide]                PROVIDE (__end_data_Ram1_16 = .)

.data_RAM3      0x02008000        0x0 load address 0x00001448
 FILL mask 0xff
                [!provide]                PROVIDE (__start_data_RAM3 = .)
                [!provide]                PROVIDE (__start_data_Ram2_4 = .)
 *(.ramfunc.$RAM3)
 *(.ramfunc.$Ram2_4)
 *(.data.$RAM3)
 *(.data.$Ram2_4)
 *(.data.$RAM3.*)
 *(.data.$Ram2_4.*)
                0x02008000                . = ALIGN (0x4)
                [!provide]                PROVIDE (__end_data_RAM3 = .)
                [!provide]                PROVIDE (__end_data_Ram2_4 = .)

.uninit_RESERVED
                0x02000000        0x0
                0x02000000                _start_uninit_RESERVED = .
 *(.bss.$RESERVED*)
                0x02000000                . = ALIGN (0x4)
                0x02000000                _end_uninit_RESERVED = .

.data           0x02000000        0x0 load address 0x00001448
 FILL mask 0xff
                0x02000000                _data = .
                [!provide]                PROVIDE (__start_data_RAM = .)
                [!provide]                PROVIDE (__start_data_Ram0_16 = .)
 *(vtable)
 *(.ramfunc*)
 *(CodeQuickAccess)
 *(DataQuickAccess)
 *(RamFunction)
 *(.data*)
                0x02000000                . = ALIGN (0x4)
                0x02000000                _edata = .
                [!provide]                PROVIDE (__end_data_RAM = .)
                [!provide]                PROVIDE (__end_data_Ram0_16 = .)

.igot.plt       0x02000000        0x0 load address 0x00001448
 .igot.plt      0x02000000        0x0 ./src/cr_startup_lpc15xx.o

.bss_RAM2       0x02004000        0x0
                [!provide]                PROVIDE (__start_bss_RAM2 = .)
                [!provide]                PROVIDE (__start_bss_Ram1_16 = .)
 *(.bss.$RAM2)
 *(.bss.$Ram1_16)
 *(.bss.$RAM2.*)
 *(.bss.$Ram1_16.*)
                0x02004000                . = ALIGN ((. != 0x0)?0x4:0x1)
                [!provide]                PROVIDE (__end_bss_RAM2 = .)
                [!provide]                PROVIDE (__end_bss_Ram1_16 = .)

.bss_RAM3       0x02008000        0x0
                [!provide]                PROVIDE (__start_bss_RAM3 = .)
                [!provide]                PROVIDE (__start_bss_Ram2_4 = .)
 *(.bss.$RAM3)
 *(.bss.$Ram2_4)
 *(.bss.$RAM3.*)
 *(.bss.$Ram2_4.*)
                0x02008000                . = ALIGN ((. != 0x0)?0x4:0x1)
                [!provide]                PROVIDE (__end_bss_RAM3 = .)
                [!provide]                PROVIDE (__end_bss_Ram2_4 = .)

.bss            0x02000000       0x24
                0x02000000                _bss = .
                [!provide]                PROVIDE (__start_bss_RAM = .)
                [!provide]                PROVIDE (__start_bss_Ram0_16 = .)
 *(.bss*)
 .bss._ZZ4mainE1i
                0x02000000        0x4 ./src/test2.o
 .bss           0x02000004       0x1c c:/nxp/mcuxpressoide_11.2.0_4120/ide/plugins/com.nxp.mcuxpresso.tools.win32_11.2.0.202001021529/tools/bin/../lib/gcc/arm-none-eabi/9.2.1/thumb/v7-m/nofp\crtbegin.o
 *(COMMON)
 COMMON         0x02000020        0x4 C:\Users\Rasmus\Documents\MCUXpressoIDE_11.2.0_4120\XY_plotter_project\lpc_chip_15xx\Debug\liblpc_chip_15xx.a(chip_15xx.o)
                0x02000020                SystemCoreClock
                0x02000024                . = ALIGN (0x4)
                0x02000024                _ebss = .
                [!provide]                PROVIDE (__end_bss_RAM = .)
                [!provide]                PROVIDE (__end_bss_Ram0_16 = .)
                [!provide]                PROVIDE (end = .)

.noinit_RAM2    0x02004000        0x0
                [!provide]                PROVIDE (__start_noinit_RAM2 = .)
                [!provide]                PROVIDE (__start_noinit_Ram1_16 = .)
 *(.noinit.$RAM2)
 *(.noinit.$Ram1_16)
 *(.noinit.$RAM2.*)
 *(.noinit.$Ram1_16.*)
                0x02004000                . = ALIGN (0x4)
                [!provide]                PROVIDE (__end_noinit_RAM2 = .)
                [!provide]                PROVIDE (__end_noinit_Ram1_16 = .)

.noinit_RAM3    0x02008000        0x0
                [!provide]                PROVIDE (__start_noinit_RAM3 = .)
                [!provide]                PROVIDE (__start_noinit_Ram2_4 = .)
 *(.noinit.$RAM3)
 *(.noinit.$Ram2_4)
 *(.noinit.$RAM3.*)
 *(.noinit.$Ram2_4.*)
                0x02008000                . = ALIGN (0x4)
                [!provide]                PROVIDE (__end_noinit_RAM3 = .)
                [!provide]                PROVIDE (__end_noinit_Ram2_4 = .)

.noinit         0x02000024        0x0
                0x02000024                _noinit = .
                [!provide]                PROVIDE (__start_noinit_RAM = .)
                [!provide]                PROVIDE (__start_noinit_Ram0_16 = .)
 *(.noinit*)
                0x02000024                . = ALIGN (0x4)
                0x02000024                _end_noinit = .
                [!provide]                PROVIDE (__end_noinit_RAM = .)
                [!provide]                PROVIDE (__end_noinit_Ram0_16 = .)
                0x02000024                PROVIDE (_pvHeapStart = DEFINED (__user_heap_base)?__user_heap_base:.)
                0x02004000                PROVIDE (_vStackTop = DEFINED (__user_stack_top)?__user_stack_top:(__top_Ram0_16 - 0x0))
                0xfdffb2e2                PROVIDE (__valid_user_code_checksum = (0x0 - ((((((_vStackTop + (ResetISR + 0x1)) + (NMI_Handler + 0x1)) + (HardFault_Handler + 0x1)) + (DEFINED (MemManage_Handler)?MemManage_Handler:0x0 + 0x1)) + (DEFINED (BusFault_Handler)?BusFault_Handler:0x0 + 0x1)) + (DEFINED (UsageFault_Handler)?UsageFault_Handler:0x0 + 0x1))))
                0x00000000                _image_start = LOADADDR (.text)
                0x00001448                _image_end = (LOADADDR (.data) + SIZEOF (.data))
                0x00001448                _image_size = (_image_end - _image_start)
OUTPUT(test2.axf elf32-littlearm)

.debug_info     0x00000000     0x83b1
 .debug_info    0x00000000      0x2a0 ./src/cr_startup_lpc15xx.o
 .debug_info    0x000002a0       0x40 ./src/crp.o
 .debug_info    0x000002e0      0x9fc ./src/sysinit.o
 .debug_info    0x00000cdc      0xa23 ./src/test2.o
 .debug_info    0x000016ff     0x145c C:\Users\Rasmus\Documents\MCUXpressoIDE_11.2.0_4120\XY_plotter_project\lpc_board_nxp_lpcxpresso_1549\Debug\liblpc_board_nxp_lpcxpresso_1549.a(board.o)
 .debug_info    0x00002b5b     0x1606 C:\Users\Rasmus\Documents\MCUXpressoIDE_11.2.0_4120\XY_plotter_project\lpc_board_nxp_lpcxpresso_1549\Debug\liblpc_board_nxp_lpcxpresso_1549.a(board_sysinit.o)
 .debug_info    0x00004161      0xa44 C:\Users\Rasmus\Documents\MCUXpressoIDE_11.2.0_4120\XY_plotter_project\lpc_chip_15xx\Debug\liblpc_chip_15xx.a(chip_15xx.o)
 .debug_info    0x00004ba5      0xe46 C:\Users\Rasmus\Documents\MCUXpressoIDE_11.2.0_4120\XY_plotter_project\lpc_chip_15xx\Debug\liblpc_chip_15xx.a(clock_15xx.o)
 .debug_info    0x000059eb      0x6d1 C:\Users\Rasmus\Documents\MCUXpressoIDE_11.2.0_4120\XY_plotter_project\lpc_chip_15xx\Debug\liblpc_chip_15xx.a(gpio_15xx.o)
 .debug_info    0x000060bc      0x29c C:\Users\Rasmus\Documents\MCUXpressoIDE_11.2.0_4120\XY_plotter_project\lpc_chip_15xx\Debug\liblpc_chip_15xx.a(iocon_15xx.o)
 .debug_info    0x00006358      0x69b C:\Users\Rasmus\Documents\MCUXpressoIDE_11.2.0_4120\XY_plotter_project\lpc_chip_15xx\Debug\liblpc_chip_15xx.a(swm_15xx.o)
 .debug_info    0x000069f3      0x802 C:\Users\Rasmus\Documents\MCUXpressoIDE_11.2.0_4120\XY_plotter_project\lpc_chip_15xx\Debug\liblpc_chip_15xx.a(sysctl_15xx.o)
 .debug_info    0x000071f5      0x7ee C:\Users\Rasmus\Documents\MCUXpressoIDE_11.2.0_4120\XY_plotter_project\lpc_chip_15xx\Debug\liblpc_chip_15xx.a(sysinit_15xx.o)
 .debug_info    0x000079e3      0x9ce C:\Users\Rasmus\Documents\MCUXpressoIDE_11.2.0_4120\XY_plotter_project\lpc_chip_15xx\Debug\liblpc_chip_15xx.a(uart_15xx.o)

.debug_abbrev   0x00000000     0x1a89
 .debug_abbrev  0x00000000      0x11a ./src/cr_startup_lpc15xx.o
 .debug_abbrev  0x0000011a       0x38 ./src/crp.o
 .debug_abbrev  0x00000152      0x1d9 ./src/sysinit.o
 .debug_abbrev  0x0000032b      0x1ed ./src/test2.o
 .debug_abbrev  0x00000518      0x379 C:\Users\Rasmus\Documents\MCUXpressoIDE_11.2.0_4120\XY_plotter_project\lpc_board_nxp_lpcxpresso_1549\Debug\liblpc_board_nxp_lpcxpresso_1549.a(board.o)
 .debug_abbrev  0x00000891      0x344 C:\Users\Rasmus\Documents\MCUXpressoIDE_11.2.0_4120\XY_plotter_project\lpc_board_nxp_lpcxpresso_1549\Debug\liblpc_board_nxp_lpcxpresso_1549.a(board_sysinit.o)
 .debug_abbrev  0x00000bd5      0x1ea C:\Users\Rasmus\Documents\MCUXpressoIDE_11.2.0_4120\XY_plotter_project\lpc_chip_15xx\Debug\liblpc_chip_15xx.a(chip_15xx.o)
 .debug_abbrev  0x00000dbf      0x2e8 C:\Users\Rasmus\Documents\MCUXpressoIDE_11.2.0_4120\XY_plotter_project\lpc_chip_15xx\Debug\liblpc_chip_15xx.a(clock_15xx.o)
 .debug_abbrev  0x000010a7      0x1aa C:\Users\Rasmus\Documents\MCUXpressoIDE_11.2.0_4120\XY_plotter_project\lpc_chip_15xx\Debug\liblpc_chip_15xx.a(gpio_15xx.o)
 .debug_abbrev  0x00001251      0x160 C:\Users\Rasmus\Documents\MCUXpressoIDE_11.2.0_4120\XY_plotter_project\lpc_chip_15xx\Debug\liblpc_chip_15xx.a(iocon_15xx.o)
 .debug_abbrev  0x000013b1      0x183 C:\Users\Rasmus\Documents\MCUXpressoIDE_11.2.0_4120\XY_plotter_project\lpc_chip_15xx\Debug\liblpc_chip_15xx.a(swm_15xx.o)
 .debug_abbrev  0x00001534      0x154 C:\Users\Rasmus\Documents\MCUXpressoIDE_11.2.0_4120\XY_plotter_project\lpc_chip_15xx\Debug\liblpc_chip_15xx.a(sysctl_15xx.o)
 .debug_abbrev  0x00001688      0x1dd C:\Users\Rasmus\Documents\MCUXpressoIDE_11.2.0_4120\XY_plotter_project\lpc_chip_15xx\Debug\liblpc_chip_15xx.a(sysinit_15xx.o)
 .debug_abbrev  0x00001865      0x224 C:\Users\Rasmus\Documents\MCUXpressoIDE_11.2.0_4120\XY_plotter_project\lpc_chip_15xx\Debug\liblpc_chip_15xx.a(uart_15xx.o)

.debug_aranges  0x00000000      0x5c8
 .debug_aranges
                0x00000000       0x80 ./src/cr_startup_lpc15xx.o
 .debug_aranges
                0x00000080       0x18 ./src/crp.o
 .debug_aranges
                0x00000098       0x20 ./src/sysinit.o
 .debug_aranges
                0x000000b8       0x20 ./src/test2.o
 .debug_aranges
                0x000000d8       0xd0 C:\Users\Rasmus\Documents\MCUXpressoIDE_11.2.0_4120\XY_plotter_project\lpc_board_nxp_lpcxpresso_1549\Debug\liblpc_board_nxp_lpcxpresso_1549.a(board.o)
 .debug_aranges
                0x000001a8       0x60 C:\Users\Rasmus\Documents\MCUXpressoIDE_11.2.0_4120\XY_plotter_project\lpc_board_nxp_lpcxpresso_1549\Debug\liblpc_board_nxp_lpcxpresso_1549.a(board_sysinit.o)
 .debug_aranges
                0x00000208       0x50 C:\Users\Rasmus\Documents\MCUXpressoIDE_11.2.0_4120\XY_plotter_project\lpc_chip_15xx\Debug\liblpc_chip_15xx.a(chip_15xx.o)
 .debug_aranges
                0x00000258      0x128 C:\Users\Rasmus\Documents\MCUXpressoIDE_11.2.0_4120\XY_plotter_project\lpc_chip_15xx\Debug\liblpc_chip_15xx.a(clock_15xx.o)
 .debug_aranges
                0x00000380       0x70 C:\Users\Rasmus\Documents\MCUXpressoIDE_11.2.0_4120\XY_plotter_project\lpc_chip_15xx\Debug\liblpc_chip_15xx.a(gpio_15xx.o)
 .debug_aranges
                0x000003f0       0x28 C:\Users\Rasmus\Documents\MCUXpressoIDE_11.2.0_4120\XY_plotter_project\lpc_chip_15xx\Debug\liblpc_chip_15xx.a(iocon_15xx.o)
 .debug_aranges
                0x00000418       0x40 C:\Users\Rasmus\Documents\MCUXpressoIDE_11.2.0_4120\XY_plotter_project\lpc_chip_15xx\Debug\liblpc_chip_15xx.a(swm_15xx.o)
 .debug_aranges
                0x00000458       0x50 C:\Users\Rasmus\Documents\MCUXpressoIDE_11.2.0_4120\XY_plotter_project\lpc_chip_15xx\Debug\liblpc_chip_15xx.a(sysctl_15xx.o)
 .debug_aranges
                0x000004a8       0x58 C:\Users\Rasmus\Documents\MCUXpressoIDE_11.2.0_4120\XY_plotter_project\lpc_chip_15xx\Debug\liblpc_chip_15xx.a(sysinit_15xx.o)
 .debug_aranges
                0x00000500       0xc8 C:\Users\Rasmus\Documents\MCUXpressoIDE_11.2.0_4120\XY_plotter_project\lpc_chip_15xx\Debug\liblpc_chip_15xx.a(uart_15xx.o)

.debug_ranges   0x00000000      0x4f8
 .debug_ranges  0x00000000       0x70 ./src/cr_startup_lpc15xx.o
 .debug_ranges  0x00000070       0x10 ./src/sysinit.o
 .debug_ranges  0x00000080       0x10 ./src/test2.o
 .debug_ranges  0x00000090       0xd8 C:\Users\Rasmus\Documents\MCUXpressoIDE_11.2.0_4120\XY_plotter_project\lpc_board_nxp_lpcxpresso_1549\Debug\liblpc_board_nxp_lpcxpresso_1549.a(board.o)
 .debug_ranges  0x00000168       0x50 C:\Users\Rasmus\Documents\MCUXpressoIDE_11.2.0_4120\XY_plotter_project\lpc_board_nxp_lpcxpresso_1549\Debug\liblpc_board_nxp_lpcxpresso_1549.a(board_sysinit.o)
 .debug_ranges  0x000001b8       0x40 C:\Users\Rasmus\Documents\MCUXpressoIDE_11.2.0_4120\XY_plotter_project\lpc_chip_15xx\Debug\liblpc_chip_15xx.a(chip_15xx.o)
 .debug_ranges  0x000001f8      0x118 C:\Users\Rasmus\Documents\MCUXpressoIDE_11.2.0_4120\XY_plotter_project\lpc_chip_15xx\Debug\liblpc_chip_15xx.a(clock_15xx.o)
 .debug_ranges  0x00000310       0x60 C:\Users\Rasmus\Documents\MCUXpressoIDE_11.2.0_4120\XY_plotter_project\lpc_chip_15xx\Debug\liblpc_chip_15xx.a(gpio_15xx.o)
 .debug_ranges  0x00000370       0x18 C:\Users\Rasmus\Documents\MCUXpressoIDE_11.2.0_4120\XY_plotter_project\lpc_chip_15xx\Debug\liblpc_chip_15xx.a(iocon_15xx.o)
 .debug_ranges  0x00000388       0x30 C:\Users\Rasmus\Documents\MCUXpressoIDE_11.2.0_4120\XY_plotter_project\lpc_chip_15xx\Debug\liblpc_chip_15xx.a(swm_15xx.o)
 .debug_ranges  0x000003b8       0x40 C:\Users\Rasmus\Documents\MCUXpressoIDE_11.2.0_4120\XY_plotter_project\lpc_chip_15xx\Debug\liblpc_chip_15xx.a(sysctl_15xx.o)
 .debug_ranges  0x000003f8       0x48 C:\Users\Rasmus\Documents\MCUXpressoIDE_11.2.0_4120\XY_plotter_project\lpc_chip_15xx\Debug\liblpc_chip_15xx.a(sysinit_15xx.o)
 .debug_ranges  0x00000440       0xb8 C:\Users\Rasmus\Documents\MCUXpressoIDE_11.2.0_4120\XY_plotter_project\lpc_chip_15xx\Debug\liblpc_chip_15xx.a(uart_15xx.o)

.debug_macro    0x00000000     0x773f
 .debug_macro   0x00000000       0x23 ./src/cr_startup_lpc15xx.o
 .debug_macro   0x00000023       0x1a ./src/crp.o
 .debug_macro   0x0000003d      0xab4 ./src/crp.o
 .debug_macro   0x00000af1       0x34 ./src/crp.o
 .debug_macro   0x00000b25      0x3dd ./src/sysinit.o
 .debug_macro   0x00000f02       0x8e ./src/sysinit.o
 .debug_macro   0x00000f90       0x51 ./src/sysinit.o
 .debug_macro   0x00000fe1       0xef ./src/sysinit.o
 .debug_macro   0x000010d0       0x6a ./src/sysinit.o
 .debug_macro   0x0000113a      0x1df ./src/sysinit.o
 .debug_macro   0x00001319       0x22 ./src/sysinit.o
 .debug_macro   0x0000133b       0x7b ./src/sysinit.o
 .debug_macro   0x000013b6       0x10 ./src/sysinit.o
 .debug_macro   0x000013c6       0x2d ./src/sysinit.o
 .debug_macro   0x000013f3       0x3a ./src/sysinit.o
 .debug_macro   0x0000142d       0x2d ./src/sysinit.o
 .debug_macro   0x0000145a      0xa7d ./src/sysinit.o
 .debug_macro   0x00001ed7      0x1b4 ./src/sysinit.o
 .debug_macro   0x0000208b       0xca ./src/sysinit.o
 .debug_macro   0x00002155       0x18 ./src/sysinit.o
 .debug_macro   0x0000216d       0xb2 ./src/sysinit.o
 .debug_macro   0x0000221f       0x70 ./src/sysinit.o
 .debug_macro   0x0000228f       0x46 ./src/sysinit.o
 .debug_macro   0x000022d5       0xd0 ./src/sysinit.o
 .debug_macro   0x000023a5       0x40 ./src/sysinit.o
 .debug_macro   0x000023e5      0x233 ./src/sysinit.o
 .debug_macro   0x00002618       0x16 ./src/sysinit.o
 .debug_macro   0x0000262e       0x88 ./src/sysinit.o
 .debug_macro   0x000026b6       0x34 ./src/sysinit.o
 .debug_macro   0x000026ea       0x6a ./src/sysinit.o
 .debug_macro   0x00002754       0x40 ./src/sysinit.o
 .debug_macro   0x00002794       0x1c ./src/sysinit.o
 .debug_macro   0x000027b0       0x16 ./src/sysinit.o
 .debug_macro   0x000027c6      0x10c ./src/sysinit.o
 .debug_macro   0x000028d2      0x2a9 ./src/sysinit.o
 .debug_macro   0x00002b7b       0x76 ./src/sysinit.o
 .debug_macro   0x00002bf1       0x22 ./src/sysinit.o
 .debug_macro   0x00002c13      0x152 ./src/sysinit.o
 .debug_macro   0x00002d65       0x82 ./src/sysinit.o
 .debug_macro   0x00002de7       0xe6 ./src/sysinit.o
 .debug_macro   0x00002ecd       0x3a ./src/sysinit.o
 .debug_macro   0x00002f07       0x34 ./src/sysinit.o
 .debug_macro   0x00002f3b       0x10 ./src/sysinit.o
 .debug_macro   0x00002f4b       0x76 ./src/sysinit.o
 .debug_macro   0x00002fc1       0x58 ./src/sysinit.o
 .debug_macro   0x00003019      0x2ca ./src/sysinit.o
 .debug_macro   0x000032e3      0x22b ./src/sysinit.o
 .debug_macro   0x0000350e       0x2e ./src/sysinit.o
 .debug_macro   0x0000353c       0x34 ./src/sysinit.o
 .debug_macro   0x00003570       0x5e ./src/sysinit.o
 .debug_macro   0x000035ce       0x34 ./src/sysinit.o
 .debug_macro   0x00003602       0x16 ./src/sysinit.o
 .debug_macro   0x00003618       0x97 ./src/sysinit.o
 .debug_macro   0x000036af      0x339 ./src/sysinit.o
 .debug_macro   0x000039e8       0xfd ./src/sysinit.o
 .debug_macro   0x00003ae5       0x10 ./src/sysinit.o
 .debug_macro   0x00003af5       0x43 ./src/sysinit.o
 .debug_macro   0x00003b38       0x10 ./src/sysinit.o
 .debug_macro   0x00003b48       0x1c ./src/sysinit.o
 .debug_macro   0x00003b64       0x52 ./src/sysinit.o
 .debug_macro   0x00003bb6       0x40 ./src/sysinit.o
 .debug_macro   0x00003bf6       0x10 ./src/sysinit.o
 .debug_macro   0x00003c06       0x40 ./src/sysinit.o
 .debug_macro   0x00003c46       0xd7 ./src/sysinit.o
 .debug_macro   0x00003d1d       0x1c ./src/sysinit.o
 .debug_macro   0x00003d39       0x3d ./src/sysinit.o
 .debug_macro   0x00003d76       0x16 ./src/sysinit.o
 .debug_macro   0x00003d8c      0x16f ./src/sysinit.o
 .debug_macro   0x00003efb       0x20 ./src/sysinit.o
 .debug_macro   0x00003f1b      0x3eb ./src/test2.o
 .debug_macro   0x00004306       0x1c ./src/test2.o
 .debug_macro   0x00004322       0x16 ./src/test2.o
 .debug_macro   0x00004338      0xa7d ./src/test2.o
 .debug_macro   0x00004db5       0x97 ./src/test2.o
 .debug_macro   0x00004e4c      0x104 ./src/test2.o
 .debug_macro   0x00004f50      0x137 ./src/test2.o
 .debug_macro   0x00005087       0x82 ./src/test2.o
 .debug_macro   0x00005109      0x3f3 C:\Users\Rasmus\Documents\MCUXpressoIDE_11.2.0_4120\XY_plotter_project\lpc_board_nxp_lpcxpresso_1549\Debug\liblpc_board_nxp_lpcxpresso_1549.a(board.o)
 .debug_macro   0x000054fc      0xaae C:\Users\Rasmus\Documents\MCUXpressoIDE_11.2.0_4120\XY_plotter_project\lpc_board_nxp_lpcxpresso_1549\Debug\liblpc_board_nxp_lpcxpresso_1549.a(board.o)
 .debug_macro   0x00005faa       0x12 C:\Users\Rasmus\Documents\MCUXpressoIDE_11.2.0_4120\XY_plotter_project\lpc_board_nxp_lpcxpresso_1549\Debug\liblpc_board_nxp_lpcxpresso_1549.a(board.o)
 .debug_macro   0x00005fbc      0x414 C:\Users\Rasmus\Documents\MCUXpressoIDE_11.2.0_4120\XY_plotter_project\lpc_board_nxp_lpcxpresso_1549\Debug\liblpc_board_nxp_lpcxpresso_1549.a(board_sysinit.o)
 .debug_macro   0x000063d0       0x16 C:\Users\Rasmus\Documents\MCUXpressoIDE_11.2.0_4120\XY_plotter_project\lpc_board_nxp_lpcxpresso_1549\Debug\liblpc_board_nxp_lpcxpresso_1549.a(board_sysinit.o)
 .debug_macro   0x000063e6       0x35 C:\Users\Rasmus\Documents\MCUXpressoIDE_11.2.0_4120\XY_plotter_project\lpc_board_nxp_lpcxpresso_1549\Debug\liblpc_board_nxp_lpcxpresso_1549.a(board_sysinit.o)
 .debug_macro   0x0000641b      0x260 C:\Users\Rasmus\Documents\MCUXpressoIDE_11.2.0_4120\XY_plotter_project\lpc_chip_15xx\Debug\liblpc_chip_15xx.a(chip_15xx.o)
 .debug_macro   0x0000667b      0x260 C:\Users\Rasmus\Documents\MCUXpressoIDE_11.2.0_4120\XY_plotter_project\lpc_chip_15xx\Debug\liblpc_chip_15xx.a(clock_15xx.o)
 .debug_macro   0x000068db      0x260 C:\Users\Rasmus\Documents\MCUXpressoIDE_11.2.0_4120\XY_plotter_project\lpc_chip_15xx\Debug\liblpc_chip_15xx.a(gpio_15xx.o)
 .debug_macro   0x00006b3b      0x260 C:\Users\Rasmus\Documents\MCUXpressoIDE_11.2.0_4120\XY_plotter_project\lpc_chip_15xx\Debug\liblpc_chip_15xx.a(iocon_15xx.o)
 .debug_macro   0x00006d9b      0x26c C:\Users\Rasmus\Documents\MCUXpressoIDE_11.2.0_4120\XY_plotter_project\lpc_chip_15xx\Debug\liblpc_chip_15xx.a(swm_15xx.o)
 .debug_macro   0x00007007      0x278 C:\Users\Rasmus\Documents\MCUXpressoIDE_11.2.0_4120\XY_plotter_project\lpc_chip_15xx\Debug\liblpc_chip_15xx.a(sysctl_15xx.o)
 .debug_macro   0x0000727f      0x260 C:\Users\Rasmus\Documents\MCUXpressoIDE_11.2.0_4120\XY_plotter_project\lpc_chip_15xx\Debug\liblpc_chip_15xx.a(sysinit_15xx.o)
 .debug_macro   0x000074df      0x260 C:\Users\Rasmus\Documents\MCUXpressoIDE_11.2.0_4120\XY_plotter_project\lpc_chip_15xx\Debug\liblpc_chip_15xx.a(uart_15xx.o)

.debug_line     0x00000000     0x63c6
 .debug_line    0x00000000      0x172 ./src/cr_startup_lpc15xx.o
 .debug_line    0x00000172       0xb6 ./src/crp.o
 .debug_line    0x00000228      0x7a3 ./src/sysinit.o
 .debug_line    0x000009cb      0x7d4 ./src/test2.o
 .debug_line    0x0000119f      0xaf9 C:\Users\Rasmus\Documents\MCUXpressoIDE_11.2.0_4120\XY_plotter_project\lpc_board_nxp_lpcxpresso_1549\Debug\liblpc_board_nxp_lpcxpresso_1549.a(board.o)
 .debug_line    0x00001c98      0x937 C:\Users\Rasmus\Documents\MCUXpressoIDE_11.2.0_4120\XY_plotter_project\lpc_board_nxp_lpcxpresso_1549\Debug\liblpc_board_nxp_lpcxpresso_1549.a(board_sysinit.o)
 .debug_line    0x000025cf      0x6df C:\Users\Rasmus\Documents\MCUXpressoIDE_11.2.0_4120\XY_plotter_project\lpc_chip_15xx\Debug\liblpc_chip_15xx.a(chip_15xx.o)
 .debug_line    0x00002cae      0xb00 C:\Users\Rasmus\Documents\MCUXpressoIDE_11.2.0_4120\XY_plotter_project\lpc_chip_15xx\Debug\liblpc_chip_15xx.a(clock_15xx.o)
 .debug_line    0x000037ae      0x755 C:\Users\Rasmus\Documents\MCUXpressoIDE_11.2.0_4120\XY_plotter_project\lpc_chip_15xx\Debug\liblpc_chip_15xx.a(gpio_15xx.o)
 .debug_line    0x00003f03      0x65c C:\Users\Rasmus\Documents\MCUXpressoIDE_11.2.0_4120\XY_plotter_project\lpc_chip_15xx\Debug\liblpc_chip_15xx.a(iocon_15xx.o)
 .debug_line    0x0000455f      0x6c7 C:\Users\Rasmus\Documents\MCUXpressoIDE_11.2.0_4120\XY_plotter_project\lpc_chip_15xx\Debug\liblpc_chip_15xx.a(swm_15xx.o)
 .debug_line    0x00004c26      0x71c C:\Users\Rasmus\Documents\MCUXpressoIDE_11.2.0_4120\XY_plotter_project\lpc_chip_15xx\Debug\liblpc_chip_15xx.a(sysctl_15xx.o)
 .debug_line    0x00005342      0x73d C:\Users\Rasmus\Documents\MCUXpressoIDE_11.2.0_4120\XY_plotter_project\lpc_chip_15xx\Debug\liblpc_chip_15xx.a(sysinit_15xx.o)
 .debug_line    0x00005a7f      0x947 C:\Users\Rasmus\Documents\MCUXpressoIDE_11.2.0_4120\XY_plotter_project\lpc_chip_15xx\Debug\liblpc_chip_15xx.a(uart_15xx.o)

.debug_str      0x00000000    0x16b44
 .debug_str     0x00000000     0x342b ./src/cr_startup_lpc15xx.o
                               0x343e (size before relaxing)
 .debug_str     0x0000342b      0x2bc ./src/crp.o
                               0x2f17 (size before relaxing)
 .debug_str     0x000036e7    0x10515 ./src/sysinit.o
                              0x135b0 (size before relaxing)
 .debug_str     0x00013bfc      0x642 ./src/test2.o
                              0x13de4 (size before relaxing)
 .debug_str     0x0001423e      0xb22 C:\Users\Rasmus\Documents\MCUXpressoIDE_11.2.0_4120\XY_plotter_project\lpc_board_nxp_lpcxpresso_1549\Debug\liblpc_board_nxp_lpcxpresso_1549.a(board.o)
                              0x13f7a (size before relaxing)
 .debug_str     0x00014d60      0x8a0 C:\Users\Rasmus\Documents\MCUXpressoIDE_11.2.0_4120\XY_plotter_project\lpc_board_nxp_lpcxpresso_1549\Debug\liblpc_board_nxp_lpcxpresso_1549.a(board_sysinit.o)
                              0x145aa (size before relaxing)
 .debug_str     0x00015600      0x157 C:\Users\Rasmus\Documents\MCUXpressoIDE_11.2.0_4120\XY_plotter_project\lpc_chip_15xx\Debug\liblpc_chip_15xx.a(chip_15xx.o)
                               0xfde4 (size before relaxing)
 .debug_str     0x00015757      0x89f C:\Users\Rasmus\Documents\MCUXpressoIDE_11.2.0_4120\XY_plotter_project\lpc_chip_15xx\Debug\liblpc_chip_15xx.a(clock_15xx.o)
                              0x101ff (size before relaxing)
 .debug_str     0x00015ff6       0xdf C:\Users\Rasmus\Documents\MCUXpressoIDE_11.2.0_4120\XY_plotter_project\lpc_chip_15xx\Debug\liblpc_chip_15xx.a(gpio_15xx.o)
                               0xf8a1 (size before relaxing)
 .debug_str     0x000160d5       0x41 C:\Users\Rasmus\Documents\MCUXpressoIDE_11.2.0_4120\XY_plotter_project\lpc_chip_15xx\Debug\liblpc_chip_15xx.a(iocon_15xx.o)
                               0xf3be (size before relaxing)
 .debug_str     0x00016116      0x55d C:\Users\Rasmus\Documents\MCUXpressoIDE_11.2.0_4120\XY_plotter_project\lpc_chip_15xx\Debug\liblpc_chip_15xx.a(swm_15xx.o)
                               0xfdc6 (size before relaxing)
 .debug_str     0x00016673      0x183 C:\Users\Rasmus\Documents\MCUXpressoIDE_11.2.0_4120\XY_plotter_project\lpc_chip_15xx\Debug\liblpc_chip_15xx.a(sysctl_15xx.o)
                               0xf8ac (size before relaxing)
 .debug_str     0x000167f6      0x13f C:\Users\Rasmus\Documents\MCUXpressoIDE_11.2.0_4120\XY_plotter_project\lpc_chip_15xx\Debug\liblpc_chip_15xx.a(sysinit_15xx.o)
                               0xf89a (size before relaxing)
 .debug_str     0x00016935      0x20f C:\Users\Rasmus\Documents\MCUXpressoIDE_11.2.0_4120\XY_plotter_project\lpc_chip_15xx\Debug\liblpc_chip_15xx.a(uart_15xx.o)
                               0xf9fd (size before relaxing)

.comment        0x00000000       0x79
 .comment       0x00000000       0x79 ./src/cr_startup_lpc15xx.o
                                 0x7a (size before relaxing)
 .comment       0x00000079       0x7a ./src/crp.o
 .comment       0x00000079       0x7a ./src/sysinit.o
 .comment       0x00000079       0x7a ./src/test2.o
 .comment       0x00000079       0x7a C:\Users\Rasmus\Documents\MCUXpressoIDE_11.2.0_4120\XY_plotter_project\lpc_board_nxp_lpcxpresso_1549\Debug\liblpc_board_nxp_lpcxpresso_1549.a(board.o)
 .comment       0x00000079       0x7a C:\Users\Rasmus\Documents\MCUXpressoIDE_11.2.0_4120\XY_plotter_project\lpc_board_nxp_lpcxpresso_1549\Debug\liblpc_board_nxp_lpcxpresso_1549.a(board_sysinit.o)
 .comment       0x00000079       0x7a C:\Users\Rasmus\Documents\MCUXpressoIDE_11.2.0_4120\XY_plotter_project\lpc_chip_15xx\Debug\liblpc_chip_15xx.a(chip_15xx.o)
 .comment       0x00000079       0x7a C:\Users\Rasmus\Documents\MCUXpressoIDE_11.2.0_4120\XY_plotter_project\lpc_chip_15xx\Debug\liblpc_chip_15xx.a(clock_15xx.o)
 .comment       0x00000079       0x7a C:\Users\Rasmus\Documents\MCUXpressoIDE_11.2.0_4120\XY_plotter_project\lpc_chip_15xx\Debug\liblpc_chip_15xx.a(gpio_15xx.o)
 .comment       0x00000079       0x7a C:\Users\Rasmus\Documents\MCUXpressoIDE_11.2.0_4120\XY_plotter_project\lpc_chip_15xx\Debug\liblpc_chip_15xx.a(iocon_15xx.o)
 .comment       0x00000079       0x7a C:\Users\Rasmus\Documents\MCUXpressoIDE_11.2.0_4120\XY_plotter_project\lpc_chip_15xx\Debug\liblpc_chip_15xx.a(swm_15xx.o)
 .comment       0x00000079       0x7a C:\Users\Rasmus\Documents\MCUXpressoIDE_11.2.0_4120\XY_plotter_project\lpc_chip_15xx\Debug\liblpc_chip_15xx.a(sysctl_15xx.o)
 .comment       0x00000079       0x7a C:\Users\Rasmus\Documents\MCUXpressoIDE_11.2.0_4120\XY_plotter_project\lpc_chip_15xx\Debug\liblpc_chip_15xx.a(sysinit_15xx.o)
 .comment       0x00000079       0x7a C:\Users\Rasmus\Documents\MCUXpressoIDE_11.2.0_4120\XY_plotter_project\lpc_chip_15xx\Debug\liblpc_chip_15xx.a(uart_15xx.o)

.ARM.attributes
                0x00000000       0x2b
 .ARM.attributes
                0x00000000       0x2d ./src/cr_startup_lpc15xx.o
 .ARM.attributes
                0x0000002d       0x33 ./src/crp.o
 .ARM.attributes
                0x00000060       0x2d ./src/sysinit.o
 .ARM.attributes
                0x0000008d       0x2d ./src/test2.o
 .ARM.attributes
                0x000000ba       0x2d C:\Users\Rasmus\Documents\MCUXpressoIDE_11.2.0_4120\XY_plotter_project\lpc_board_nxp_lpcxpresso_1549\Debug\liblpc_board_nxp_lpcxpresso_1549.a(board.o)
 .ARM.attributes
                0x000000e7       0x2d C:\Users\Rasmus\Documents\MCUXpressoIDE_11.2.0_4120\XY_plotter_project\lpc_board_nxp_lpcxpresso_1549\Debug\liblpc_board_nxp_lpcxpresso_1549.a(board_sysinit.o)
 .ARM.attributes
                0x00000114       0x2d C:\Users\Rasmus\Documents\MCUXpressoIDE_11.2.0_4120\XY_plotter_project\lpc_chip_15xx\Debug\liblpc_chip_15xx.a(chip_15xx.o)
 .ARM.attributes
                0x00000141       0x2d C:\Users\Rasmus\Documents\MCUXpressoIDE_11.2.0_4120\XY_plotter_project\lpc_chip_15xx\Debug\liblpc_chip_15xx.a(clock_15xx.o)
 .ARM.attributes
                0x0000016e       0x2d C:\Users\Rasmus\Documents\MCUXpressoIDE_11.2.0_4120\XY_plotter_project\lpc_chip_15xx\Debug\liblpc_chip_15xx.a(gpio_15xx.o)
 .ARM.attributes
                0x0000019b       0x2d C:\Users\Rasmus\Documents\MCUXpressoIDE_11.2.0_4120\XY_plotter_project\lpc_chip_15xx\Debug\liblpc_chip_15xx.a(iocon_15xx.o)
 .ARM.attributes
                0x000001c8       0x2d C:\Users\Rasmus\Documents\MCUXpressoIDE_11.2.0_4120\XY_plotter_project\lpc_chip_15xx\Debug\liblpc_chip_15xx.a(swm_15xx.o)
 .ARM.attributes
                0x000001f5       0x2d C:\Users\Rasmus\Documents\MCUXpressoIDE_11.2.0_4120\XY_plotter_project\lpc_chip_15xx\Debug\liblpc_chip_15xx.a(sysctl_15xx.o)
 .ARM.attributes
                0x00000222       0x2d C:\Users\Rasmus\Documents\MCUXpressoIDE_11.2.0_4120\XY_plotter_project\lpc_chip_15xx\Debug\liblpc_chip_15xx.a(sysinit_15xx.o)
 .ARM.attributes
                0x0000024f       0x2d C:\Users\Rasmus\Documents\MCUXpressoIDE_11.2.0_4120\XY_plotter_project\lpc_chip_15xx\Debug\liblpc_chip_15xx.a(uart_15xx.o)
 .ARM.attributes
                0x0000027c       0x1d c:/nxp/mcuxpressoide_11.2.0_4120/ide/plugins/com.nxp.mcuxpresso.tools.win32_11.2.0.202001021529/tools/bin/../lib/gcc/arm-none-eabi/9.2.1/thumb/v7-m/nofp\libgcc.a(_aeabi_uldivmod.o)
 .ARM.attributes
                0x00000299       0x2d c:/nxp/mcuxpressoide_11.2.0_4120/ide/plugins/com.nxp.mcuxpresso.tools.win32_11.2.0.202001021529/tools/bin/../lib/gcc/arm-none-eabi/9.2.1/thumb/v7-m/nofp\libgcc.a(_udivmoddi4.o)
 .ARM.attributes
                0x000002c6       0x1d c:/nxp/mcuxpressoide_11.2.0_4120/ide/plugins/com.nxp.mcuxpresso.tools.win32_11.2.0.202001021529/tools/bin/../lib/gcc/arm-none-eabi/9.2.1/thumb/v7-m/nofp\libgcc.a(_dvmd_tls.o)
 .ARM.attributes
                0x000002e3       0x2d c:/nxp/mcuxpressoide_11.2.0_4120/ide/plugins/com.nxp.mcuxpresso.tools.win32_11.2.0.202001021529/tools/bin/../lib/gcc/arm-none-eabi/9.2.1/../../../../arm-none-eabi/lib/thumb/v7-m/nofp\libc.a(lib_a-init.o)
 .ARM.attributes
                0x00000310       0x1d c:/nxp/mcuxpressoide_11.2.0_4120/ide/plugins/com.nxp.mcuxpresso.tools.win32_11.2.0.202001021529/tools/bin/../lib/gcc/arm-none-eabi/9.2.1/thumb/v7-m/nofp\crti.o
 .ARM.attributes
                0x0000032d       0x1d c:/nxp/mcuxpressoide_11.2.0_4120/ide/plugins/com.nxp.mcuxpresso.tools.win32_11.2.0.202001021529/tools/bin/../lib/gcc/arm-none-eabi/9.2.1/thumb/v7-m/nofp\crtn.o
 .ARM.attributes
                0x0000034a       0x2d c:/nxp/mcuxpressoide_11.2.0_4120/ide/plugins/com.nxp.mcuxpresso.tools.win32_11.2.0.202001021529/tools/bin/../lib/gcc/arm-none-eabi/9.2.1/thumb/v7-m/nofp\crtbegin.o

.debug_frame    0x00000000     0x1528
 .debug_frame   0x00000000      0x170 ./src/cr_startup_lpc15xx.o
 .debug_frame   0x00000170       0x2c ./src/sysinit.o
 .debug_frame   0x0000019c       0x2c ./src/test2.o
 .debug_frame   0x000001c8      0x360 C:\Users\Rasmus\Documents\MCUXpressoIDE_11.2.0_4120\XY_plotter_project\lpc_board_nxp_lpcxpresso_1549\Debug\liblpc_board_nxp_lpcxpresso_1549.a(board.o)
 .debug_frame   0x00000528      0x14c C:\Users\Rasmus\Documents\MCUXpressoIDE_11.2.0_4120\XY_plotter_project\lpc_board_nxp_lpcxpresso_1549\Debug\liblpc_board_nxp_lpcxpresso_1549.a(board_sysinit.o)
 .debug_frame   0x00000674      0x104 C:\Users\Rasmus\Documents\MCUXpressoIDE_11.2.0_4120\XY_plotter_project\lpc_chip_15xx\Debug\liblpc_chip_15xx.a(chip_15xx.o)
 .debug_frame   0x00000778      0x4a8 C:\Users\Rasmus\Documents\MCUXpressoIDE_11.2.0_4120\XY_plotter_project\lpc_chip_15xx\Debug\liblpc_chip_15xx.a(clock_15xx.o)
 .debug_frame   0x00000c20      0x1b4 C:\Users\Rasmus\Documents\MCUXpressoIDE_11.2.0_4120\XY_plotter_project\lpc_chip_15xx\Debug\liblpc_chip_15xx.a(gpio_15xx.o)
 .debug_frame   0x00000dd4       0x5c C:\Users\Rasmus\Documents\MCUXpressoIDE_11.2.0_4120\XY_plotter_project\lpc_chip_15xx\Debug\liblpc_chip_15xx.a(iocon_15xx.o)
 .debug_frame   0x00000e30       0xd4 C:\Users\Rasmus\Documents\MCUXpressoIDE_11.2.0_4120\XY_plotter_project\lpc_chip_15xx\Debug\liblpc_chip_15xx.a(swm_15xx.o)
 .debug_frame   0x00000f04      0x124 C:\Users\Rasmus\Documents\MCUXpressoIDE_11.2.0_4120\XY_plotter_project\lpc_chip_15xx\Debug\liblpc_chip_15xx.a(sysctl_15xx.o)
 .debug_frame   0x00001028      0x134 C:\Users\Rasmus\Documents\MCUXpressoIDE_11.2.0_4120\XY_plotter_project\lpc_chip_15xx\Debug\liblpc_chip_15xx.a(sysinit_15xx.o)
 .debug_frame   0x0000115c      0x340 C:\Users\Rasmus\Documents\MCUXpressoIDE_11.2.0_4120\XY_plotter_project\lpc_chip_15xx\Debug\liblpc_chip_15xx.a(uart_15xx.o)
 .debug_frame   0x0000149c       0x2c c:/nxp/mcuxpressoide_11.2.0_4120/ide/plugins/com.nxp.mcuxpresso.tools.win32_11.2.0.202001021529/tools/bin/../lib/gcc/arm-none-eabi/9.2.1/thumb/v7-m/nofp\libgcc.a(_aeabi_uldivmod.o)
 .debug_frame   0x000014c8       0x34 c:/nxp/mcuxpressoide_11.2.0_4120/ide/plugins/com.nxp.mcuxpresso.tools.win32_11.2.0.202001021529/tools/bin/../lib/gcc/arm-none-eabi/9.2.1/thumb/v7-m/nofp\libgcc.a(_udivmoddi4.o)
 .debug_frame   0x000014fc       0x2c c:/nxp/mcuxpressoide_11.2.0_4120/ide/plugins/com.nxp.mcuxpresso.tools.win32_11.2.0.202001021529/tools/bin/../lib/gcc/arm-none-eabi/9.2.1/../../../../arm-none-eabi/lib/thumb/v7-m/nofp\libc.a(lib_a-init.o)

Cross Reference Table

Symbol                                            File
ACMP0_IRQHandler                                  ./src/cr_startup_lpc15xx.o
ACMP1_IRQHandler                                  ./src/cr_startup_lpc15xx.o
ACMP2_IRQHandler                                  ./src/cr_startup_lpc15xx.o
ACMP3_IRQHandler                                  ./src/cr_startup_lpc15xx.o
ADC0A_IRQHandler                                  ./src/cr_startup_lpc15xx.o
ADC0B_IRQHandler                                  ./src/cr_startup_lpc15xx.o
ADC0_OVR_IRQHandler                               ./src/cr_startup_lpc15xx.o
ADC0_THCMP_IRQHandler                             ./src/cr_startup_lpc15xx.o
ADC1A_IRQHandler                                  ./src/cr_startup_lpc15xx.o
ADC1B_IRQHandler                                  ./src/cr_startup_lpc15xx.o
ADC1_OVR_IRQHandler                               ./src/cr_startup_lpc15xx.o
ADC1_THCMP_IRQHandler                             ./src/cr_startup_lpc15xx.o
BOD_IRQHandler                                    ./src/cr_startup_lpc15xx.o
Board_Debug_Init                                  C:\Users\Rasmus\Documents\MCUXpressoIDE_11.2.0_4120\XY_plotter_project\lpc_board_nxp_lpcxpresso_1549\Debug\liblpc_board_nxp_lpcxpresso_1549.a(board.o)
Board_Init                                        C:\Users\Rasmus\Documents\MCUXpressoIDE_11.2.0_4120\XY_plotter_project\lpc_board_nxp_lpcxpresso_1549\Debug\liblpc_board_nxp_lpcxpresso_1549.a(board.o)
                                                  ./src/test2.o
Board_Joystick_Init                               C:\Users\Rasmus\Documents\MCUXpressoIDE_11.2.0_4120\XY_plotter_project\lpc_board_nxp_lpcxpresso_1549\Debug\liblpc_board_nxp_lpcxpresso_1549.a(board.o)
Board_LED_Set                                     C:\Users\Rasmus\Documents\MCUXpressoIDE_11.2.0_4120\XY_plotter_project\lpc_board_nxp_lpcxpresso_1549\Debug\liblpc_board_nxp_lpcxpresso_1549.a(board.o)
                                                  ./src/test2.o
Board_LED_Test                                    C:\Users\Rasmus\Documents\MCUXpressoIDE_11.2.0_4120\XY_plotter_project\lpc_board_nxp_lpcxpresso_1549\Debug\liblpc_board_nxp_lpcxpresso_1549.a(board.o)
Board_LED_Toggle                                  C:\Users\Rasmus\Documents\MCUXpressoIDE_11.2.0_4120\XY_plotter_project\lpc_board_nxp_lpcxpresso_1549\Debug\liblpc_board_nxp_lpcxpresso_1549.a(board.o)
Board_SetupClocking                               C:\Users\Rasmus\Documents\MCUXpressoIDE_11.2.0_4120\XY_plotter_project\lpc_board_nxp_lpcxpresso_1549\Debug\liblpc_board_nxp_lpcxpresso_1549.a(board_sysinit.o)
Board_SetupMuxing                                 C:\Users\Rasmus\Documents\MCUXpressoIDE_11.2.0_4120\XY_plotter_project\lpc_board_nxp_lpcxpresso_1549\Debug\liblpc_board_nxp_lpcxpresso_1549.a(board_sysinit.o)
Board_SystemInit                                  C:\Users\Rasmus\Documents\MCUXpressoIDE_11.2.0_4120\XY_plotter_project\lpc_board_nxp_lpcxpresso_1549\Debug\liblpc_board_nxp_lpcxpresso_1549.a(board_sysinit.o)
                                                  ./src/sysinit.o
Board_UARTGetChar                                 C:\Users\Rasmus\Documents\MCUXpressoIDE_11.2.0_4120\XY_plotter_project\lpc_board_nxp_lpcxpresso_1549\Debug\liblpc_board_nxp_lpcxpresso_1549.a(board.o)
Board_UARTPutChar                                 C:\Users\Rasmus\Documents\MCUXpressoIDE_11.2.0_4120\XY_plotter_project\lpc_board_nxp_lpcxpresso_1549\Debug\liblpc_board_nxp_lpcxpresso_1549.a(board.o)
Board_UARTPutSTR                                  C:\Users\Rasmus\Documents\MCUXpressoIDE_11.2.0_4120\XY_plotter_project\lpc_board_nxp_lpcxpresso_1549\Debug\liblpc_board_nxp_lpcxpresso_1549.a(board.o)
BusFault_Handler                                  ./src/cr_startup_lpc15xx.o
CAN_IRQHandler                                    ./src/cr_startup_lpc15xx.o
CRP_WORD                                          ./src/crp.o
Chip_Clock_DisablePeriphClock                     C:\Users\Rasmus\Documents\MCUXpressoIDE_11.2.0_4120\XY_plotter_project\lpc_chip_15xx\Debug\liblpc_chip_15xx.a(clock_15xx.o)
                                                  C:\Users\Rasmus\Documents\MCUXpressoIDE_11.2.0_4120\XY_plotter_project\lpc_chip_15xx\Debug\liblpc_chip_15xx.a(uart_15xx.o)
                                                  C:\Users\Rasmus\Documents\MCUXpressoIDE_11.2.0_4120\XY_plotter_project\lpc_chip_15xx\Debug\liblpc_chip_15xx.a(gpio_15xx.o)
Chip_Clock_EnablePeriphClock                      C:\Users\Rasmus\Documents\MCUXpressoIDE_11.2.0_4120\XY_plotter_project\lpc_chip_15xx\Debug\liblpc_chip_15xx.a(clock_15xx.o)
                                                  C:\Users\Rasmus\Documents\MCUXpressoIDE_11.2.0_4120\XY_plotter_project\lpc_chip_15xx\Debug\liblpc_chip_15xx.a(uart_15xx.o)
                                                  C:\Users\Rasmus\Documents\MCUXpressoIDE_11.2.0_4120\XY_plotter_project\lpc_chip_15xx\Debug\liblpc_chip_15xx.a(gpio_15xx.o)
                                                  C:\Users\Rasmus\Documents\MCUXpressoIDE_11.2.0_4120\XY_plotter_project\lpc_chip_15xx\Debug\liblpc_chip_15xx.a(chip_15xx.o)
                                                  C:\Users\Rasmus\Documents\MCUXpressoIDE_11.2.0_4120\XY_plotter_project\lpc_board_nxp_lpcxpresso_1549\Debug\liblpc_board_nxp_lpcxpresso_1549.a(board_sysinit.o)
Chip_Clock_GetADCASYNCRate                        C:\Users\Rasmus\Documents\MCUXpressoIDE_11.2.0_4120\XY_plotter_project\lpc_chip_15xx\Debug\liblpc_chip_15xx.a(clock_15xx.o)
Chip_Clock_GetMainClockRate                       C:\Users\Rasmus\Documents\MCUXpressoIDE_11.2.0_4120\XY_plotter_project\lpc_chip_15xx\Debug\liblpc_chip_15xx.a(clock_15xx.o)
                                                  C:\Users\Rasmus\Documents\MCUXpressoIDE_11.2.0_4120\XY_plotter_project\lpc_board_nxp_lpcxpresso_1549\Debug\liblpc_board_nxp_lpcxpresso_1549.a(board.o)
Chip_Clock_GetMainClockSource                     C:\Users\Rasmus\Documents\MCUXpressoIDE_11.2.0_4120\XY_plotter_project\lpc_chip_15xx\Debug\liblpc_chip_15xx.a(clock_15xx.o)
Chip_Clock_GetMain_A_ClockRate                    C:\Users\Rasmus\Documents\MCUXpressoIDE_11.2.0_4120\XY_plotter_project\lpc_chip_15xx\Debug\liblpc_chip_15xx.a(clock_15xx.o)
Chip_Clock_GetMain_B_ClockRate                    C:\Users\Rasmus\Documents\MCUXpressoIDE_11.2.0_4120\XY_plotter_project\lpc_chip_15xx\Debug\liblpc_chip_15xx.a(clock_15xx.o)
Chip_Clock_GetSCTPLLInClockRate                   C:\Users\Rasmus\Documents\MCUXpressoIDE_11.2.0_4120\XY_plotter_project\lpc_chip_15xx\Debug\liblpc_chip_15xx.a(clock_15xx.o)
Chip_Clock_GetSCTPLLOutClockRate                  C:\Users\Rasmus\Documents\MCUXpressoIDE_11.2.0_4120\XY_plotter_project\lpc_chip_15xx\Debug\liblpc_chip_15xx.a(clock_15xx.o)
Chip_Clock_GetSysTickClockRate                    C:\Users\Rasmus\Documents\MCUXpressoIDE_11.2.0_4120\XY_plotter_project\lpc_chip_15xx\Debug\liblpc_chip_15xx.a(clock_15xx.o)
Chip_Clock_GetSystemClockRate                     C:\Users\Rasmus\Documents\MCUXpressoIDE_11.2.0_4120\XY_plotter_project\lpc_chip_15xx\Debug\liblpc_chip_15xx.a(clock_15xx.o)
                                                  C:\Users\Rasmus\Documents\MCUXpressoIDE_11.2.0_4120\XY_plotter_project\lpc_chip_15xx\Debug\liblpc_chip_15xx.a(chip_15xx.o)
Chip_Clock_GetSystemPLLInClockRate                C:\Users\Rasmus\Documents\MCUXpressoIDE_11.2.0_4120\XY_plotter_project\lpc_chip_15xx\Debug\liblpc_chip_15xx.a(clock_15xx.o)
Chip_Clock_GetSystemPLLOutClockRate               C:\Users\Rasmus\Documents\MCUXpressoIDE_11.2.0_4120\XY_plotter_project\lpc_chip_15xx\Debug\liblpc_chip_15xx.a(clock_15xx.o)
Chip_Clock_GetUARTBaseClockRate                   C:\Users\Rasmus\Documents\MCUXpressoIDE_11.2.0_4120\XY_plotter_project\lpc_chip_15xx\Debug\liblpc_chip_15xx.a(clock_15xx.o)
                                                  C:\Users\Rasmus\Documents\MCUXpressoIDE_11.2.0_4120\XY_plotter_project\lpc_chip_15xx\Debug\liblpc_chip_15xx.a(uart_15xx.o)
Chip_Clock_GetUSBPLLInClockRate                   C:\Users\Rasmus\Documents\MCUXpressoIDE_11.2.0_4120\XY_plotter_project\lpc_chip_15xx\Debug\liblpc_chip_15xx.a(clock_15xx.o)
Chip_Clock_GetUSBPLLOutClockRate                  C:\Users\Rasmus\Documents\MCUXpressoIDE_11.2.0_4120\XY_plotter_project\lpc_chip_15xx\Debug\liblpc_chip_15xx.a(clock_15xx.o)
Chip_Clock_SetCLKOUTSource                        C:\Users\Rasmus\Documents\MCUXpressoIDE_11.2.0_4120\XY_plotter_project\lpc_chip_15xx\Debug\liblpc_chip_15xx.a(clock_15xx.o)
Chip_Clock_SetMainClockSource                     C:\Users\Rasmus\Documents\MCUXpressoIDE_11.2.0_4120\XY_plotter_project\lpc_chip_15xx\Debug\liblpc_chip_15xx.a(clock_15xx.o)
                                                  C:\Users\Rasmus\Documents\MCUXpressoIDE_11.2.0_4120\XY_plotter_project\lpc_chip_15xx\Debug\liblpc_chip_15xx.a(sysinit_15xx.o)
Chip_Clock_SetPLLBypass                           C:\Users\Rasmus\Documents\MCUXpressoIDE_11.2.0_4120\XY_plotter_project\lpc_chip_15xx\Debug\liblpc_chip_15xx.a(clock_15xx.o)
Chip_Clock_SetUARTBaseClockRate                   C:\Users\Rasmus\Documents\MCUXpressoIDE_11.2.0_4120\XY_plotter_project\lpc_chip_15xx\Debug\liblpc_chip_15xx.a(clock_15xx.o)
                                                  C:\Users\Rasmus\Documents\MCUXpressoIDE_11.2.0_4120\XY_plotter_project\lpc_board_nxp_lpcxpresso_1549\Debug\liblpc_board_nxp_lpcxpresso_1549.a(board.o)
Chip_GPIO_DeInit                                  C:\Users\Rasmus\Documents\MCUXpressoIDE_11.2.0_4120\XY_plotter_project\lpc_chip_15xx\Debug\liblpc_chip_15xx.a(gpio_15xx.o)
Chip_GPIO_Init                                    C:\Users\Rasmus\Documents\MCUXpressoIDE_11.2.0_4120\XY_plotter_project\lpc_chip_15xx\Debug\liblpc_chip_15xx.a(gpio_15xx.o)
                                                  C:\Users\Rasmus\Documents\MCUXpressoIDE_11.2.0_4120\XY_plotter_project\lpc_board_nxp_lpcxpresso_1549\Debug\liblpc_board_nxp_lpcxpresso_1549.a(board.o)
Chip_GPIO_SetDir                                  C:\Users\Rasmus\Documents\MCUXpressoIDE_11.2.0_4120\XY_plotter_project\lpc_chip_15xx\Debug\liblpc_chip_15xx.a(gpio_15xx.o)
Chip_GPIO_SetPinDIR                               C:\Users\Rasmus\Documents\MCUXpressoIDE_11.2.0_4120\XY_plotter_project\lpc_chip_15xx\Debug\liblpc_chip_15xx.a(gpio_15xx.o)
Chip_GPIO_SetPortDIR                              C:\Users\Rasmus\Documents\MCUXpressoIDE_11.2.0_4120\XY_plotter_project\lpc_chip_15xx\Debug\liblpc_chip_15xx.a(gpio_15xx.o)
Chip_GPIO_WriteDirBit                             C:\Users\Rasmus\Documents\MCUXpressoIDE_11.2.0_4120\XY_plotter_project\lpc_chip_15xx\Debug\liblpc_chip_15xx.a(gpio_15xx.o)
Chip_IOCON_SetPinMuxing                           C:\Users\Rasmus\Documents\MCUXpressoIDE_11.2.0_4120\XY_plotter_project\lpc_chip_15xx\Debug\liblpc_chip_15xx.a(iocon_15xx.o)
                                                  C:\Users\Rasmus\Documents\MCUXpressoIDE_11.2.0_4120\XY_plotter_project\lpc_board_nxp_lpcxpresso_1549\Debug\liblpc_board_nxp_lpcxpresso_1549.a(board_sysinit.o)
Chip_SWM_DisableFixedPin                          C:\Users\Rasmus\Documents\MCUXpressoIDE_11.2.0_4120\XY_plotter_project\lpc_chip_15xx\Debug\liblpc_chip_15xx.a(swm_15xx.o)
Chip_SWM_EnableFixedPin                           C:\Users\Rasmus\Documents\MCUXpressoIDE_11.2.0_4120\XY_plotter_project\lpc_chip_15xx\Debug\liblpc_chip_15xx.a(swm_15xx.o)
Chip_SWM_FixedPinEnable                           C:\Users\Rasmus\Documents\MCUXpressoIDE_11.2.0_4120\XY_plotter_project\lpc_chip_15xx\Debug\liblpc_chip_15xx.a(swm_15xx.o)
Chip_SWM_IsFixedPinEnabled                        C:\Users\Rasmus\Documents\MCUXpressoIDE_11.2.0_4120\XY_plotter_project\lpc_chip_15xx\Debug\liblpc_chip_15xx.a(swm_15xx.o)
Chip_SWM_MovablePinAssign                         C:\Users\Rasmus\Documents\MCUXpressoIDE_11.2.0_4120\XY_plotter_project\lpc_chip_15xx\Debug\liblpc_chip_15xx.a(swm_15xx.o)
                                                  C:\Users\Rasmus\Documents\MCUXpressoIDE_11.2.0_4120\XY_plotter_project\lpc_board_nxp_lpcxpresso_1549\Debug\liblpc_board_nxp_lpcxpresso_1549.a(board_sysinit.o)
                                                  C:\Users\Rasmus\Documents\MCUXpressoIDE_11.2.0_4120\XY_plotter_project\lpc_board_nxp_lpcxpresso_1549\Debug\liblpc_board_nxp_lpcxpresso_1549.a(board.o)
Chip_SYSCTL_AssertPeriphReset                     C:\Users\Rasmus\Documents\MCUXpressoIDE_11.2.0_4120\XY_plotter_project\lpc_chip_15xx\Debug\liblpc_chip_15xx.a(sysctl_15xx.o)
                                                  C:\Users\Rasmus\Documents\MCUXpressoIDE_11.2.0_4120\XY_plotter_project\lpc_chip_15xx\Debug\liblpc_chip_15xx.a(uart_15xx.o)
                                                  C:\Users\Rasmus\Documents\MCUXpressoIDE_11.2.0_4120\XY_plotter_project\lpc_chip_15xx\Debug\liblpc_chip_15xx.a(gpio_15xx.o)
                                                  C:\Users\Rasmus\Documents\MCUXpressoIDE_11.2.0_4120\XY_plotter_project\lpc_chip_15xx\Debug\liblpc_chip_15xx.a(chip_15xx.o)
                                                  C:\Users\Rasmus\Documents\MCUXpressoIDE_11.2.0_4120\XY_plotter_project\lpc_board_nxp_lpcxpresso_1549\Debug\liblpc_board_nxp_lpcxpresso_1549.a(board_sysinit.o)
Chip_SYSCTL_DeassertPeriphReset                   C:\Users\Rasmus\Documents\MCUXpressoIDE_11.2.0_4120\XY_plotter_project\lpc_chip_15xx\Debug\liblpc_chip_15xx.a(sysctl_15xx.o)
                                                  C:\Users\Rasmus\Documents\MCUXpressoIDE_11.2.0_4120\XY_plotter_project\lpc_chip_15xx\Debug\liblpc_chip_15xx.a(uart_15xx.o)
                                                  C:\Users\Rasmus\Documents\MCUXpressoIDE_11.2.0_4120\XY_plotter_project\lpc_chip_15xx\Debug\liblpc_chip_15xx.a(gpio_15xx.o)
                                                  C:\Users\Rasmus\Documents\MCUXpressoIDE_11.2.0_4120\XY_plotter_project\lpc_chip_15xx\Debug\liblpc_chip_15xx.a(chip_15xx.o)
                                                  C:\Users\Rasmus\Documents\MCUXpressoIDE_11.2.0_4120\XY_plotter_project\lpc_board_nxp_lpcxpresso_1549\Debug\liblpc_board_nxp_lpcxpresso_1549.a(board_sysinit.o)
Chip_SYSCTL_GetCompFreqMeas                       C:\Users\Rasmus\Documents\MCUXpressoIDE_11.2.0_4120\XY_plotter_project\lpc_chip_15xx\Debug\liblpc_chip_15xx.a(sysctl_15xx.o)
Chip_SYSCTL_PowerDown                             C:\Users\Rasmus\Documents\MCUXpressoIDE_11.2.0_4120\XY_plotter_project\lpc_chip_15xx\Debug\liblpc_chip_15xx.a(sysctl_15xx.o)
                                                  C:\Users\Rasmus\Documents\MCUXpressoIDE_11.2.0_4120\XY_plotter_project\lpc_chip_15xx\Debug\liblpc_chip_15xx.a(sysinit_15xx.o)
Chip_SYSCTL_PowerUp                               C:\Users\Rasmus\Documents\MCUXpressoIDE_11.2.0_4120\XY_plotter_project\lpc_chip_15xx\Debug\liblpc_chip_15xx.a(sysctl_15xx.o)
                                                  C:\Users\Rasmus\Documents\MCUXpressoIDE_11.2.0_4120\XY_plotter_project\lpc_chip_15xx\Debug\liblpc_chip_15xx.a(sysinit_15xx.o)
                                                  C:\Users\Rasmus\Documents\MCUXpressoIDE_11.2.0_4120\XY_plotter_project\lpc_chip_15xx\Debug\liblpc_chip_15xx.a(chip_15xx.o)
                                                  C:\Users\Rasmus\Documents\MCUXpressoIDE_11.2.0_4120\XY_plotter_project\lpc_board_nxp_lpcxpresso_1549\Debug\liblpc_board_nxp_lpcxpresso_1549.a(board_sysinit.o)
Chip_SYSCTL_SetWakeup                             C:\Users\Rasmus\Documents\MCUXpressoIDE_11.2.0_4120\XY_plotter_project\lpc_chip_15xx\Debug\liblpc_chip_15xx.a(sysctl_15xx.o)
Chip_SetupIrcClocking                             C:\Users\Rasmus\Documents\MCUXpressoIDE_11.2.0_4120\XY_plotter_project\lpc_chip_15xx\Debug\liblpc_chip_15xx.a(sysinit_15xx.o)
Chip_SetupXtalClocking                            C:\Users\Rasmus\Documents\MCUXpressoIDE_11.2.0_4120\XY_plotter_project\lpc_chip_15xx\Debug\liblpc_chip_15xx.a(sysinit_15xx.o)
                                                  C:\Users\Rasmus\Documents\MCUXpressoIDE_11.2.0_4120\XY_plotter_project\lpc_board_nxp_lpcxpresso_1549\Debug\liblpc_board_nxp_lpcxpresso_1549.a(board_sysinit.o)
Chip_SystemInit                                   C:\Users\Rasmus\Documents\MCUXpressoIDE_11.2.0_4120\XY_plotter_project\lpc_chip_15xx\Debug\liblpc_chip_15xx.a(sysinit_15xx.o)
Chip_UART_DeInit                                  C:\Users\Rasmus\Documents\MCUXpressoIDE_11.2.0_4120\XY_plotter_project\lpc_chip_15xx\Debug\liblpc_chip_15xx.a(uart_15xx.o)
Chip_UART_IRQRBHandler                            C:\Users\Rasmus\Documents\MCUXpressoIDE_11.2.0_4120\XY_plotter_project\lpc_chip_15xx\Debug\liblpc_chip_15xx.a(uart_15xx.o)
Chip_UART_Init                                    C:\Users\Rasmus\Documents\MCUXpressoIDE_11.2.0_4120\XY_plotter_project\lpc_chip_15xx\Debug\liblpc_chip_15xx.a(uart_15xx.o)
                                                  C:\Users\Rasmus\Documents\MCUXpressoIDE_11.2.0_4120\XY_plotter_project\lpc_board_nxp_lpcxpresso_1549\Debug\liblpc_board_nxp_lpcxpresso_1549.a(board.o)
Chip_UART_RXIntHandlerRB                          C:\Users\Rasmus\Documents\MCUXpressoIDE_11.2.0_4120\XY_plotter_project\lpc_chip_15xx\Debug\liblpc_chip_15xx.a(uart_15xx.o)
Chip_UART_Read                                    C:\Users\Rasmus\Documents\MCUXpressoIDE_11.2.0_4120\XY_plotter_project\lpc_chip_15xx\Debug\liblpc_chip_15xx.a(uart_15xx.o)
                                                  C:\Users\Rasmus\Documents\MCUXpressoIDE_11.2.0_4120\XY_plotter_project\lpc_board_nxp_lpcxpresso_1549\Debug\liblpc_board_nxp_lpcxpresso_1549.a(board.o)
Chip_UART_ReadBlocking                            C:\Users\Rasmus\Documents\MCUXpressoIDE_11.2.0_4120\XY_plotter_project\lpc_chip_15xx\Debug\liblpc_chip_15xx.a(uart_15xx.o)
Chip_UART_ReadRB                                  C:\Users\Rasmus\Documents\MCUXpressoIDE_11.2.0_4120\XY_plotter_project\lpc_chip_15xx\Debug\liblpc_chip_15xx.a(uart_15xx.o)
Chip_UART_Send                                    C:\Users\Rasmus\Documents\MCUXpressoIDE_11.2.0_4120\XY_plotter_project\lpc_chip_15xx\Debug\liblpc_chip_15xx.a(uart_15xx.o)
Chip_UART_SendBlocking                            C:\Users\Rasmus\Documents\MCUXpressoIDE_11.2.0_4120\XY_plotter_project\lpc_chip_15xx\Debug\liblpc_chip_15xx.a(uart_15xx.o)
                                                  C:\Users\Rasmus\Documents\MCUXpressoIDE_11.2.0_4120\XY_plotter_project\lpc_board_nxp_lpcxpresso_1549\Debug\liblpc_board_nxp_lpcxpresso_1549.a(board.o)
Chip_UART_SendRB                                  C:\Users\Rasmus\Documents\MCUXpressoIDE_11.2.0_4120\XY_plotter_project\lpc_chip_15xx\Debug\liblpc_chip_15xx.a(uart_15xx.o)
Chip_UART_SetBaud                                 C:\Users\Rasmus\Documents\MCUXpressoIDE_11.2.0_4120\XY_plotter_project\lpc_chip_15xx\Debug\liblpc_chip_15xx.a(uart_15xx.o)
                                                  C:\Users\Rasmus\Documents\MCUXpressoIDE_11.2.0_4120\XY_plotter_project\lpc_board_nxp_lpcxpresso_1549\Debug\liblpc_board_nxp_lpcxpresso_1549.a(board.o)
Chip_UART_SetBaudWithRTC32K                       C:\Users\Rasmus\Documents\MCUXpressoIDE_11.2.0_4120\XY_plotter_project\lpc_chip_15xx\Debug\liblpc_chip_15xx.a(uart_15xx.o)
Chip_UART_TXIntHandlerRB                          C:\Users\Rasmus\Documents\MCUXpressoIDE_11.2.0_4120\XY_plotter_project\lpc_chip_15xx\Debug\liblpc_chip_15xx.a(uart_15xx.o)
Chip_USB_Init                                     C:\Users\Rasmus\Documents\MCUXpressoIDE_11.2.0_4120\XY_plotter_project\lpc_chip_15xx\Debug\liblpc_chip_15xx.a(chip_15xx.o)
DAC_IRQHandler                                    ./src/cr_startup_lpc15xx.o
DMA_IRQHandler                                    ./src/cr_startup_lpc15xx.o
DebugMon_Handler                                  ./src/cr_startup_lpc15xx.o
EEPROM_IRQHandler                                 ./src/cr_startup_lpc15xx.o
FMC_IRQHandler                                    ./src/cr_startup_lpc15xx.o
GINT0_IRQHandler                                  ./src/cr_startup_lpc15xx.o
GINT1_IRQHandler                                  ./src/cr_startup_lpc15xx.o
HardFault_Handler                                 ./src/cr_startup_lpc15xx.o
I2C0_IRQHandler                                   ./src/cr_startup_lpc15xx.o
IntDefaultHandler                                 ./src/cr_startup_lpc15xx.o
Joystick_GetStatus                                C:\Users\Rasmus\Documents\MCUXpressoIDE_11.2.0_4120\XY_plotter_project\lpc_board_nxp_lpcxpresso_1549\Debug\liblpc_board_nxp_lpcxpresso_1549.a(board.o)
MRT_IRQHandler                                    ./src/cr_startup_lpc15xx.o
MemManage_Handler                                 ./src/cr_startup_lpc15xx.o
NMI_Handler                                       ./src/cr_startup_lpc15xx.o
OscRateIn                                         C:\Users\Rasmus\Documents\MCUXpressoIDE_11.2.0_4120\XY_plotter_project\lpc_board_nxp_lpcxpresso_1549\Debug\liblpc_board_nxp_lpcxpresso_1549.a(board.o)
                                                  C:\Users\Rasmus\Documents\MCUXpressoIDE_11.2.0_4120\XY_plotter_project\lpc_chip_15xx\Debug\liblpc_chip_15xx.a(clock_15xx.o)
PIN_INT0_IRQHandler                               ./src/cr_startup_lpc15xx.o
PIN_INT1_IRQHandler                               ./src/cr_startup_lpc15xx.o
PIN_INT2_IRQHandler                               ./src/cr_startup_lpc15xx.o
PIN_INT3_IRQHandler                               ./src/cr_startup_lpc15xx.o
PIN_INT4_IRQHandler                               ./src/cr_startup_lpc15xx.o
PIN_INT5_IRQHandler                               ./src/cr_startup_lpc15xx.o
PIN_INT6_IRQHandler                               ./src/cr_startup_lpc15xx.o
PIN_INT7_IRQHandler                               ./src/cr_startup_lpc15xx.o
PendSV_Handler                                    ./src/cr_startup_lpc15xx.o
QEI_IRQHandler                                    ./src/cr_startup_lpc15xx.o
RIT_IRQHandler                                    ./src/cr_startup_lpc15xx.o
RTCOscRateIn                                      C:\Users\Rasmus\Documents\MCUXpressoIDE_11.2.0_4120\XY_plotter_project\lpc_board_nxp_lpcxpresso_1549\Debug\liblpc_board_nxp_lpcxpresso_1549.a(board.o)
                                                  C:\Users\Rasmus\Documents\MCUXpressoIDE_11.2.0_4120\XY_plotter_project\lpc_chip_15xx\Debug\liblpc_chip_15xx.a(uart_15xx.o)
                                                  C:\Users\Rasmus\Documents\MCUXpressoIDE_11.2.0_4120\XY_plotter_project\lpc_chip_15xx\Debug\liblpc_chip_15xx.a(clock_15xx.o)
RTC_ALARM_IRQHandler                              ./src/cr_startup_lpc15xx.o
RTC_WAKE_IRQHandler                               ./src/cr_startup_lpc15xx.o
ResetISR                                          ./src/cr_startup_lpc15xx.o
RingBuffer_Init                                   C:\Users\Rasmus\Documents\MCUXpressoIDE_11.2.0_4120\XY_plotter_project\lpc_chip_15xx\Debug\liblpc_chip_15xx.a(ring_buffer.o)
RingBuffer_Insert                                 C:\Users\Rasmus\Documents\MCUXpressoIDE_11.2.0_4120\XY_plotter_project\lpc_chip_15xx\Debug\liblpc_chip_15xx.a(ring_buffer.o)
                                                  C:\Users\Rasmus\Documents\MCUXpressoIDE_11.2.0_4120\XY_plotter_project\lpc_chip_15xx\Debug\liblpc_chip_15xx.a(uart_15xx.o)
RingBuffer_InsertMult                             C:\Users\Rasmus\Documents\MCUXpressoIDE_11.2.0_4120\XY_plotter_project\lpc_chip_15xx\Debug\liblpc_chip_15xx.a(ring_buffer.o)
                                                  C:\Users\Rasmus\Documents\MCUXpressoIDE_11.2.0_4120\XY_plotter_project\lpc_chip_15xx\Debug\liblpc_chip_15xx.a(uart_15xx.o)
RingBuffer_Pop                                    C:\Users\Rasmus\Documents\MCUXpressoIDE_11.2.0_4120\XY_plotter_project\lpc_chip_15xx\Debug\liblpc_chip_15xx.a(ring_buffer.o)
                                                  C:\Users\Rasmus\Documents\MCUXpressoIDE_11.2.0_4120\XY_plotter_project\lpc_chip_15xx\Debug\liblpc_chip_15xx.a(uart_15xx.o)
RingBuffer_PopMult                                C:\Users\Rasmus\Documents\MCUXpressoIDE_11.2.0_4120\XY_plotter_project\lpc_chip_15xx\Debug\liblpc_chip_15xx.a(ring_buffer.o)
                                                  C:\Users\Rasmus\Documents\MCUXpressoIDE_11.2.0_4120\XY_plotter_project\lpc_chip_15xx\Debug\liblpc_chip_15xx.a(uart_15xx.o)
SCT0_IRQHandler                                   ./src/cr_startup_lpc15xx.o
SCT1_IRQHandler                                   ./src/cr_startup_lpc15xx.o
SCT2_IRQHandler                                   ./src/cr_startup_lpc15xx.o
SCT3_IRQHandler                                   ./src/cr_startup_lpc15xx.o
SPI0_IRQHandler                                   ./src/cr_startup_lpc15xx.o
SPI1_IRQHandler                                   ./src/cr_startup_lpc15xx.o
SVC_Handler                                       ./src/cr_startup_lpc15xx.o
SysTick_Handler                                   ./src/cr_startup_lpc15xx.o
SystemCoreClock                                   C:\Users\Rasmus\Documents\MCUXpressoIDE_11.2.0_4120\XY_plotter_project\lpc_chip_15xx\Debug\liblpc_chip_15xx.a(chip_15xx.o)
SystemCoreClockUpdate                             C:\Users\Rasmus\Documents\MCUXpressoIDE_11.2.0_4120\XY_plotter_project\lpc_chip_15xx\Debug\liblpc_chip_15xx.a(chip_15xx.o)
                                                  ./src/test2.o
SystemInit                                        ./src/sysinit.o
                                                  ./src/cr_startup_lpc15xx.o
UART0_IRQHandler                                  ./src/cr_startup_lpc15xx.o
UART1_IRQHandler                                  ./src/cr_startup_lpc15xx.o
UART2_IRQHandler                                  ./src/cr_startup_lpc15xx.o
USBWakeup_IRQHandler                              ./src/cr_startup_lpc15xx.o
USB_FIQHandler                                    ./src/cr_startup_lpc15xx.o
USB_IRQHandler                                    ./src/cr_startup_lpc15xx.o
UsageFault_Handler                                ./src/cr_startup_lpc15xx.o
WDT_IRQHandler                                    ./src/cr_startup_lpc15xx.o
__aeabi_atexit                                    ./src/cr_cpp_config.o
__aeabi_idiv0                                     c:/nxp/mcuxpressoide_11.2.0_4120/ide/plugins/com.nxp.mcuxpresso.tools.win32_11.2.0.202001021529/tools/bin/../lib/gcc/arm-none-eabi/9.2.1/thumb/v7-m/nofp\libgcc.a(_dvmd_tls.o)
__aeabi_ldiv0                                     c:/nxp/mcuxpressoide_11.2.0_4120/ide/plugins/com.nxp.mcuxpresso.tools.win32_11.2.0.202001021529/tools/bin/../lib/gcc/arm-none-eabi/9.2.1/thumb/v7-m/nofp\libgcc.a(_dvmd_tls.o)
                                                  c:/nxp/mcuxpressoide_11.2.0_4120/ide/plugins/com.nxp.mcuxpresso.tools.win32_11.2.0.202001021529/tools/bin/../lib/gcc/arm-none-eabi/9.2.1/thumb/v7-m/nofp\libgcc.a(_aeabi_uldivmod.o)
__aeabi_uldivmod                                  c:/nxp/mcuxpressoide_11.2.0_4120/ide/plugins/com.nxp.mcuxpresso.tools.win32_11.2.0.202001021529/tools/bin/../lib/gcc/arm-none-eabi/9.2.1/thumb/v7-m/nofp\libgcc.a(_aeabi_uldivmod.o)
                                                  C:\Users\Rasmus\Documents\MCUXpressoIDE_11.2.0_4120\XY_plotter_project\lpc_chip_15xx\Debug\liblpc_chip_15xx.a(clock_15xx.o)
__bss_section_table_end                           ./src/cr_startup_lpc15xx.o
__check_heap_overflow                             c:/nxp/mcuxpressoide_11.2.0_4120/ide/plugins/com.nxp.mcuxpresso.tools.win32_11.2.0.202001021529/tools/bin/../lib/gcc/arm-none-eabi/9.2.1/../../../../arm-none-eabi/lib/thumb/v7-m/nofp\libcr_newlib_nohost.a(_cr_check_heap.o)
                                                  c:/nxp/mcuxpressoide_11.2.0_4120/ide/plugins/com.nxp.mcuxpresso.tools.win32_11.2.0.202001021529/tools/bin/../lib/gcc/arm-none-eabi/9.2.1/../../../../arm-none-eabi/lib/thumb/v7-m/nofp\libcr_newlib_nohost.a(_cr_sbrk.o)
__data_section_table                              ./src/cr_startup_lpc15xx.o
__data_section_table_end                          ./src/cr_startup_lpc15xx.o
__deregister_frame_info                           c:/nxp/mcuxpressoide_11.2.0_4120/ide/plugins/com.nxp.mcuxpresso.tools.win32_11.2.0.202001021529/tools/bin/../lib/gcc/arm-none-eabi/9.2.1/thumb/v7-m/nofp\crtbegin.o
__dso_handle                                      c:/nxp/mcuxpressoide_11.2.0_4120/ide/plugins/com.nxp.mcuxpresso.tools.win32_11.2.0.202001021529/tools/bin/../lib/gcc/arm-none-eabi/9.2.1/thumb/v7-m/nofp\crtbegin.o
__end_of_heap                                     c:/nxp/mcuxpressoide_11.2.0_4120/ide/plugins/com.nxp.mcuxpresso.tools.win32_11.2.0.202001021529/tools/bin/../lib/gcc/arm-none-eabi/9.2.1/../../../../arm-none-eabi/lib/thumb/v7-m/nofp\libcr_newlib_nohost.a(_cr_sbrk.o)
__errno                                           c:/nxp/mcuxpressoide_11.2.0_4120/ide/plugins/com.nxp.mcuxpresso.tools.win32_11.2.0.202001021529/tools/bin/../lib/gcc/arm-none-eabi/9.2.1/../../../../arm-none-eabi/lib/thumb/v7-m/nofp\libc.a(lib_a-errno.o)
                                                  c:/nxp/mcuxpressoide_11.2.0_4120/ide/plugins/com.nxp.mcuxpresso.tools.win32_11.2.0.202001021529/tools/bin/../lib/gcc/arm-none-eabi/9.2.1/../../../../arm-none-eabi/lib/thumb/v7-m/nofp\libcr_newlib_nohost.a(_cr_sbrk.o)
__gnu_cxx::__verbose_terminate_handler()          ./src/cr_cpp_config.o
__init_array_end                                  c:/nxp/mcuxpressoide_11.2.0_4120/ide/plugins/com.nxp.mcuxpresso.tools.win32_11.2.0.202001021529/tools/bin/../lib/gcc/arm-none-eabi/9.2.1/../../../../arm-none-eabi/lib/thumb/v7-m/nofp\libc.a(lib_a-init.o)
__init_array_start                                c:/nxp/mcuxpressoide_11.2.0_4120/ide/plugins/com.nxp.mcuxpresso.tools.win32_11.2.0.202001021529/tools/bin/../lib/gcc/arm-none-eabi/9.2.1/../../../../arm-none-eabi/lib/thumb/v7-m/nofp\libc.a(lib_a-init.o)
__libc_init_array                                 c:/nxp/mcuxpressoide_11.2.0_4120/ide/plugins/com.nxp.mcuxpresso.tools.win32_11.2.0.202001021529/tools/bin/../lib/gcc/arm-none-eabi/9.2.1/../../../../arm-none-eabi/lib/thumb/v7-m/nofp\libc.a(lib_a-init.o)