Parser.cpp:14:1:Parser::Parser(GcodePipe*)	16	static
Parser.cpp:22:1:Parser::~Parser()	16	static
Parser.cpp:22:1:virtual Parser::~Parser()	16	static
Parser.cpp:33:7:char* Parser::tokenize()	24	static
Parser.cpp:60:7:char* Parser::nextToken()	24	static
Parser.cpp:84:6:bool Parser::parse(ParsedGdata_t*)	24	static
Parser.cpp:122:6:bool Parser::gParser(ParsedGdata_t*, char*)	32	static
Parser.cpp:141:6:bool Parser::mParser(ParsedGdata_t*, char*)	32	static
Parser.cpp:167:6:bool Parser::gotoPositionParser(ParsedGdata_t*, char*)	24	static
Parser.cpp:225:6:bool Parser::gotoOriginParser(ParsedGdata_t*, char*)	24	static
Parser.cpp:242:6:bool Parser::comOpenParser(ParsedGdata_t*, char*)	24	static
Parser.cpp:258:6:bool Parser::limitSwQueryParser(ParsedGdata_t*, char*)	24	static
Parser.cpp:274:6:bool Parser::setPenPosParser(ParsedGdata_t*, char*)	40	static
Parser.cpp:297:6:bool Parser::savePenUDPosParser(ParsedGdata_t*, char*)	32	static
Parser.cpp:329:6:bool Parser::setLaserPowParser(ParsedGdata_t*, char*)	32	static
Parser.cpp:349:6:bool Parser::saveStepperInfoParser(ParsedGdata_t*, char*)	32	static
Parser.cpp:420:6:bool Parser::extractDirection(int*, char*, bool, char)	24	static
Parser.cpp:453:6:bool extractInt(int*, char*, bool, char)	32	static
Parser.cpp:485:6:bool Parser::extract8BitUint(int*, char*, bool, char)	32	static
Parser.cpp:516:6:bool Parser::validateFloatStr(char*, bool, char)	32	static
