Parser.cpp:15:1:Parser::Parser(GcodePipe*)	16	static
Parser.cpp:23:1:Parser::~Parser()	16	static
Parser.cpp:23:1:virtual Parser::~Parser()	16	static
Parser.cpp:34:7:char* Parser::tokenize()	24	static
Parser.cpp:65:7:char* Parser::nextToken()	24	static
Parser.cpp:93:6:bool Parser::parse(ParsedGdata_t*)	24	static
Parser.cpp:125:6:bool Parser::gParser(ParsedGdata_t*, char*)	32	static
Parser.cpp:144:6:bool Parser::mParser(ParsedGdata_t*, char*)	32	static
Parser.cpp:170:6:bool Parser::gotoPositionParser(ParsedGdata_t*, char*)	24	static
Parser.cpp:228:6:bool Parser::gotoOriginParser(ParsedGdata_t*, char*)	24	static
Parser.cpp:245:6:bool Parser::comOpenParser(ParsedGdata_t*, char*)	24	static
Parser.cpp:261:6:bool Parser::limitSwQueryParser(ParsedGdata_t*, char*)	24	static
Parser.cpp:277:6:bool Parser::setPenPosParser(ParsedGdata_t*, char*)	40	static
Parser.cpp:300:6:bool Parser::savePenUDPosParser(ParsedGdata_t*, char*)	32	static
Parser.cpp:332:6:bool Parser::setLaserPowParser(ParsedGdata_t*, char*)	32	static
Parser.cpp:352:6:bool Parser::saveStepperInfoParser(ParsedGdata_t*, char*)	32	static
Parser.cpp:423:6:bool Parser::extractDirection(int*, char*, bool, char)	24	static
Parser.cpp:456:6:bool Parser::extractInt(int*, char*, bool, char)	32	static
Parser.cpp:488:6:bool Parser::extract8BitUint(int*, char*, bool, char)	32	static
Parser.cpp:519:6:bool Parser::validateFloatStr(char*, bool, char)	32	static
