Parser.cpp:15:1:Parser::Parser()	16	static
Parser.cpp:21:1:Parser::~Parser()	16	static
Parser.cpp:21:1:virtual Parser::~Parser()	16	static
Parser.cpp:32:7:char* Parser::tokenize()	24	static
Parser.cpp:63:7:char* Parser::nextToken()	24	static
Parser.cpp:91:6:bool Parser::parse(ParsedGdata_t*, char*)	32	static
Parser.cpp:121:6:bool Parser::gParser(ParsedGdata_t*, char*)	32	static
Parser.cpp:140:6:bool Parser::mParser(ParsedGdata_t*, char*)	32	static
Parser.cpp:166:6:bool Parser::gotoPositionParser(ParsedGdata_t*, char*)	24	static
Parser.cpp:224:6:bool Parser::gotoOriginParser(ParsedGdata_t*, char*)	24	static
Parser.cpp:241:6:bool Parser::comOpenParser(ParsedGdata_t*, char*)	24	static
Parser.cpp:257:6:bool Parser::limitSwQueryParser(ParsedGdata_t*, char*)	24	static
Parser.cpp:273:6:bool Parser::setPenPosParser(ParsedGdata_t*, char*)	32	static
Parser.cpp:292:6:bool Parser::savePenUDPosParser(ParsedGdata_t*, char*)	32	static
Parser.cpp:324:6:bool Parser::setLaserPowParser(ParsedGdata_t*, char*)	32	static
Parser.cpp:344:6:bool Parser::saveStepperInfoParser(ParsedGdata_t*, char*)	32	static
Parser.cpp:415:6:bool Parser::extractDirection(int*, char*, bool, char)	24	static
Parser.cpp:448:6:bool Parser::extractInt(int*, char*, bool, char)	32	static
Parser.cpp:480:6:bool Parser::extract8BitUint(int*, char*, bool, char)	32	static
Parser.cpp:511:6:bool Parser::validateFloatStr(char*, bool, char)	32	static
Parser.cpp:560:5:int Parser::mmStr_to_umInt(char*)	24	static
