core_cm3.h:1405:22:void NVIC_SetPriority(IRQn_Type, uint32_t)	16	static
gthr-default.h:229:1:int __gthread_key_delete(__gthread_key_t)	16	static
PenServoCtrl.h:27:6:int PenServoController::getPenUpVal()	16	static
PenServoCtrl.h:28:6:int PenServoController::getPenDownVal()	16	static
Plotter.h:42:6:int Plotter::getCanvasWidth()	16	static
Plotter.h:43:6:int Plotter::getCanvasHeight()	16	static
Plotter.h:44:6:int Plotter::getPenUpVal()	16	static
Plotter.h:45:6:int Plotter::getPenDownVal()	16	static
XY_plotter_project.cpp:66:13:void prvSetupHardware()	8	static
XY_plotter_project.cpp:82:6:void umsToSteps(CanvasCoordinates_t*, RelModes)	16	static
XY_plotter_project.cpp:99:13:void parse_task(void*)	264	static
XY_plotter_project.cpp:161:6:void plotter_task(void*)	96	static
XY_plotter_project.cpp:208:6:void send_task(void*)	176	static
XY_plotter_project.cpp:247:6:void vConfigureTimerForRunTimeStats()	8	static
XY_plotter_project.cpp:260:5:int main()	40	static
