core_cm3.h:1405:22:void NVIC_SetPriority(IRQn_Type, uint32_t)	16	static
sct_15xx.h:423:20:void Chip_SCT_SetControl(LPC_SCT_T*, uint32_t)	16	static
sct_15xx.h:434:20:void Chip_SCT_ClearControl(LPC_SCT_T*, uint32_t)	16	static
sct_pwm_15xx.h:129:20:void Chip_SCTPWM_Start(LPC_SCT_T*)	16	static
sct_pwm_15xx.h:139:20:void Chip_SCTPWM_Stop(LPC_SCT_T*)	16	static
gthr-default.h:229:1:int __gthread_key_delete(__gthread_key_t)	16	static
PenServoCtrl.h:25:6:int PenServoController::getCurVal()	16	static
XY_plotter_project.cpp:68:6:void laser_disable()	8	static
XY_plotter_project.cpp:79:13:void prvSetupHardware()	16	static
XY_plotter_project.cpp:112:6:void umsToSteps(CanvasCoordinates_t*, RelModes)	16	static
XY_plotter_project.cpp:129:13:void parse_task(void*)	264	static
XY_plotter_project.cpp:192:6:void plotter_task(void*)	112	static
XY_plotter_project.cpp:250:6:void pen_task(void*)	16	static
XY_plotter_project.cpp:260:6:void send_task(void*)	168	static
XY_plotter_project.cpp:299:6:void vConfigureTimerForRunTimeStats()	8	static
XY_plotter_project.cpp:312:5:int main()	40	static
