Archive member included to satisfy reference by file (symbol)

C:\Users\Santeri Rauhala\Documents\MCUXpressoIDE_11.2.0_4120\workspace\lpc_board_nxp_lpcxpresso_1549\Debug\liblpc_board_nxp_lpcxpresso_1549.a(board.o)
                              ./src/XY_plotter_project.o (Board_LED_Set)
C:\Users\Santeri Rauhala\Documents\MCUXpressoIDE_11.2.0_4120\workspace\lpc_board_nxp_lpcxpresso_1549\Debug\liblpc_board_nxp_lpcxpresso_1549.a(board_sysinit.o)
                              ./src/sysinit.o (Board_SystemInit)
C:\Users\Santeri Rauhala\Documents\MCUXpressoIDE_11.2.0_4120\workspace\lpc_chip_15xx\Debug\liblpc_chip_15xx.a(chip_15xx.o)
                              ./src/XY_plotter_project.o (SystemCoreClockUpdate)
C:\Users\Santeri Rauhala\Documents\MCUXpressoIDE_11.2.0_4120\workspace\lpc_chip_15xx\Debug\liblpc_chip_15xx.a(clock_15xx.o)
                              C:\Users\Santeri Rauhala\Documents\MCUXpressoIDE_11.2.0_4120\workspace\lpc_board_nxp_lpcxpresso_1549\Debug\liblpc_board_nxp_lpcxpresso_1549.a(board.o) (Chip_Clock_GetMainClockRate)
C:\Users\Santeri Rauhala\Documents\MCUXpressoIDE_11.2.0_4120\workspace\lpc_chip_15xx\Debug\liblpc_chip_15xx.a(gpio_15xx.o)
                              C:\Users\Santeri Rauhala\Documents\MCUXpressoIDE_11.2.0_4120\workspace\lpc_board_nxp_lpcxpresso_1549\Debug\liblpc_board_nxp_lpcxpresso_1549.a(board.o) (Chip_GPIO_Init)
C:\Users\Santeri Rauhala\Documents\MCUXpressoIDE_11.2.0_4120\workspace\lpc_chip_15xx\Debug\liblpc_chip_15xx.a(iocon_15xx.o)
                              C:\Users\Santeri Rauhala\Documents\MCUXpressoIDE_11.2.0_4120\workspace\lpc_board_nxp_lpcxpresso_1549\Debug\liblpc_board_nxp_lpcxpresso_1549.a(board_sysinit.o) (Chip_IOCON_SetPinMuxing)
C:\Users\Santeri Rauhala\Documents\MCUXpressoIDE_11.2.0_4120\workspace\lpc_chip_15xx\Debug\liblpc_chip_15xx.a(sct_15xx.o)
                              ./src/XY_plotter_project.o (Chip_SCT_Init)
C:\Users\Santeri Rauhala\Documents\MCUXpressoIDE_11.2.0_4120\workspace\lpc_chip_15xx\Debug\liblpc_chip_15xx.a(swm_15xx.o)
                              C:\Users\Santeri Rauhala\Documents\MCUXpressoIDE_11.2.0_4120\workspace\lpc_board_nxp_lpcxpresso_1549\Debug\liblpc_board_nxp_lpcxpresso_1549.a(board.o) (Chip_SWM_MovablePinAssign)
C:\Users\Santeri Rauhala\Documents\MCUXpressoIDE_11.2.0_4120\workspace\lpc_chip_15xx\Debug\liblpc_chip_15xx.a(sysctl_15xx.o)
                              C:\Users\Santeri Rauhala\Documents\MCUXpressoIDE_11.2.0_4120\workspace\lpc_board_nxp_lpcxpresso_1549\Debug\liblpc_board_nxp_lpcxpresso_1549.a(board_sysinit.o) (Chip_SYSCTL_AssertPeriphReset)
C:\Users\Santeri Rauhala\Documents\MCUXpressoIDE_11.2.0_4120\workspace\lpc_chip_15xx\Debug\liblpc_chip_15xx.a(sysinit_15xx.o)
                              C:\Users\Santeri Rauhala\Documents\MCUXpressoIDE_11.2.0_4120\workspace\lpc_board_nxp_lpcxpresso_1549\Debug\liblpc_board_nxp_lpcxpresso_1549.a(board_sysinit.o) (Chip_SetupXtalClocking)
C:\Users\Santeri Rauhala\Documents\MCUXpressoIDE_11.2.0_4120\workspace\lpc_chip_15xx\Debug\liblpc_chip_15xx.a(uart_15xx.o)
                              C:\Users\Santeri Rauhala\Documents\MCUXpressoIDE_11.2.0_4120\workspace\lpc_board_nxp_lpcxpresso_1549\Debug\liblpc_board_nxp_lpcxpresso_1549.a(board.o) (Chip_UART_Init)
C:\Users\Santeri Rauhala\Documents\MCUXpressoIDE_11.2.0_4120\workspace\lpc_chip_15xx\Debug\liblpc_chip_15xx.a(ring_buffer.o)
                              C:\Users\Santeri Rauhala\Documents\MCUXpressoIDE_11.2.0_4120\workspace\lpc_chip_15xx\Debug\liblpc_chip_15xx.a(uart_15xx.o) (RingBuffer_Insert)
C:\Users\Santeri Rauhala\Documents\MCUXpressoIDE_11.2.0_4120\workspace\FreeRTOS\Debug\libFreeRTOS.a(tasks.o)
                              ./src/XY_plotter_project.o (xTaskCreate)
C:\Users\Santeri Rauhala\Documents\MCUXpressoIDE_11.2.0_4120\workspace\FreeRTOS\Debug\libFreeRTOS.a(heap_3.o)
                              C:\Users\Santeri Rauhala\Documents\MCUXpressoIDE_11.2.0_4120\workspace\FreeRTOS\Debug\libFreeRTOS.a(tasks.o) (pvPortMalloc)
C:\Users\Santeri Rauhala\Documents\MCUXpressoIDE_11.2.0_4120\workspace\FreeRTOS\Debug\libFreeRTOS.a(port.o)
                              C:\Users\Santeri Rauhala\Documents\MCUXpressoIDE_11.2.0_4120\workspace\FreeRTOS\Debug\libFreeRTOS.a(tasks.o) (pxPortInitialiseStack)
C:\Users\Santeri Rauhala\Documents\MCUXpressoIDE_11.2.0_4120\workspace\FreeRTOS\Debug\libFreeRTOS.a(FreeRTOSCommonHooks.o)
                              C:\Users\Santeri Rauhala\Documents\MCUXpressoIDE_11.2.0_4120\workspace\FreeRTOS\Debug\libFreeRTOS.a(heap_3.o) (vApplicationMallocFailedHook)
C:\Users\Santeri Rauhala\Documents\MCUXpressoIDE_11.2.0_4120\workspace\FreeRTOS\Debug\libFreeRTOS.a(list.o)
                              C:\Users\Santeri Rauhala\Documents\MCUXpressoIDE_11.2.0_4120\workspace\FreeRTOS\Debug\libFreeRTOS.a(tasks.o) (vListInitialise)
d:/mcuxpressoide_11.2.0_4120/ide/plugins/com.nxp.mcuxpresso.tools.win32_11.2.0.202001021529/tools/bin/../lib/gcc/arm-none-eabi/9.2.1/thumb/v7-m/nofp\libgcc.a(_arm_muldf3.o)
[...]
Memory Configuration

Name             Origin             Length             Attributes
MFlash256        0x00000000         0x00040000         xr
Ram0_16_32       0x02000000         0x00008000         xrw
Ram2_4           0x02008000         0x00001000         xrw
*default*        0x00000000         0xffffffff

Linker script and memory map

LOAD ./src/XY_plotter_project.o
LOAD ./src/cr_cpp_config.o
LOAD ./src/cr_startup_lpc15xx.o
LOAD ./src/crp.o
LOAD ./src/heap_lock_monitor.o
LOAD ./src/sysinit.o
LOAD C:\Users\Santeri Rauhala\Documents\MCUXpressoIDE_11.2.0_4120\workspace\lpc_board_nxp_lpcxpresso_1549\Debug\liblpc_board_nxp_lpcxpresso_1549.a
LOAD C:\Users\Santeri Rauhala\Documents\MCUXpressoIDE_11.2.0_4120\workspace\lpc_chip_15xx\Debug\liblpc_chip_15xx.a
LOAD C:\Users\Santeri Rauhala\Documents\MCUXpressoIDE_11.2.0_4120\workspace\FreeRTOS\Debug\libFreeRTOS.a
START GROUP
LOAD d:/mcuxpressoide_11.2.0_4120/ide/plugins/com.nxp.mcuxpresso.tools.win32_11.2.0.202001021529/tools/bin/../lib/gcc/arm-none-eabi/9.2.1/thumb/v7-m/nofp\libgcc.a
LOAD d:/mcuxpressoide_11.2.0_4120/ide/plugins/com.nxp.mcuxpresso.tools.win32_11.2.0.202001021529/tools/bin/../lib/gcc/arm-none-eabi/9.2.1/../../../../arm-none-eabi/lib/thumb/v7-m/nofp\libc.a
LOAD d:/mcuxpressoide_11.2.0_4120/ide/plugins/com.nxp.mcuxpresso.tools.win32_11.2.0.202001021529/tools/bin/../lib/gcc/arm-none-eabi/9.2.1/../../../../arm-none-eabi/lib/thumb/v7-m/nofp\libstdc++.a
LOAD d:/mcuxpressoide_11.2.0_4120/ide/plugins/com.nxp.mcuxpresso.tools.win32_11.2.0.202001021529/tools/bin/../lib/gcc/arm-none-eabi/9.2.1/../../../../arm-none-eabi/lib/thumb/v7-m/nofp\libm.a
LOAD d:/mcuxpressoide_11.2.0_4120/ide/plugins/com.nxp.mcuxpresso.tools.win32_11.2.0.202001021529/tools/bin/../lib/gcc/arm-none-eabi/9.2.1/../../../../arm-none-eabi/lib/thumb/v7-m/nofp\libcr_newlib_nohost.a
LOAD d:/mcuxpressoide_11.2.0_4120/ide/plugins/com.nxp.mcuxpresso.tools.win32_11.2.0.202001021529/tools/bin/../lib/gcc/arm-none-eabi/9.2.1/thumb/v7-m/nofp\crti.o
LOAD d:/mcuxpressoide_11.2.0_4120/ide/plugins/com.nxp.mcuxpresso.tools.win32_11.2.0.202001021529/tools/bin/../lib/gcc/arm-none-eabi/9.2.1/thumb/v7-m/nofp\crtn.o
LOAD d:/mcuxpressoide_11.2.0_4120/ide/plugins/com.nxp.mcuxpresso.tools.win32_11.2.0.202001021529/tools/bin/../lib/gcc/arm-none-eabi/9.2.1/thumb/v7-m/nofp\crtbegin.o
LOAD d:/mcuxpressoide_11.2.0_4120/ide/plugins/com.nxp.mcuxpresso.tools.win32_11.2.0.202001021529/tools/bin/../lib/gcc/arm-none-eabi/9.2.1/thumb/v7-m/nofp\crtend.o
END GROUP
                0x00000000                __base_MFlash256 = 0x0
                0x00000000                __base_Flash = 0x0
                0x00040000                __top_MFlash256 = 0x40000
                0x00040000                __top_Flash = 0x40000
                0x02000000                __base_Ram0_16_32 = 0x2000000
                0x02000000                __base_RAM = 0x2000000
                0x02008000                __top_Ram0_16_32 = 0x2008000
                0x02008000                __top_RAM = 0x2008000
                0x02008000                __base_Ram2_4 = 0x2008000
                0x02008000                __base_RAM2 = 0x2008000
                0x02009000                __top_Ram2_4 = 0x2009000
                0x02009000                __top_RAM2 = 0x2009000

.text           0x00000000     0x838c
 FILL mask 0xff
                0x00000000                __vectors_start__ = ABSOLUTE (.)
 *(.isr_vector)
 .isr_vector    0x00000000       0xfc ./src/cr_startup_lpc15xx.o
                0x00000000                g_pfnVectors
                0x000000fc                . = ALIGN (0x4)
                0x000000fc                __section_table_start = .
                0x000000fc                __data_section_table = .
                0x000000fc        0x4 LONG 0x8394 LOADADDR (.data)
                0x00000100        0x4 LONG 0x2000000 ADDR (.data)
                0x00000104        0x4 LONG 0x9ac SIZEOF (.data)
                0x00000108        0x4 LONG 0x8394 LOADADDR (.data_RAM2)
                0x0000010c        0x4 LONG 0x2008000 ADDR (.data_RAM2)
                0x00000110        0x4 LONG 0x0 SIZEOF (.data_RAM2)
                0x00000114                __data_section_table_end = .
                0x00000114                __bss_section_table = .
                0x00000114        0x4 LONG 0x20009ac ADDR (.bss)
                0x00000118        0x4 LONG 0x1cc SIZEOF (.bss)
                0x0000011c        0x4 LONG 0x2008000 ADDR (.bss_RAM2)
                0x00000120        0x4 LONG 0x0 SIZEOF (.bss_RAM2)
                0x00000124                __bss_section_table_end = .
                0x00000124                __section_table_end = .
 *(.after_vectors*)
 .after_vectors
                0x00000124      0x140 ./src/cr_startup_lpc15xx.o
                0x00000124                data_init(unsigned int, unsigned int, unsigned int)
                0x00000166                bss_init(unsigned int, unsigned int)
                0x0000019c                ResetISR
                0x00000228                NMI_Handler
                0x0000022e                HardFault_Handler
                0x00000234                MemManage_Handler
                0x0000023a                BusFault_Handler
                0x00000240                UsageFault_Handler
                0x0000024c                DebugMon_Handler
                0x0000025e                UART1_IRQHandler
                0x0000025e                RTC_WAKE_IRQHandler
                0x0000025e                UART0_IRQHandler
                0x0000025e                MRT_IRQHandler
                0x0000025e                ADC1_THCMP_IRQHandler
                0x0000025e                SPI1_IRQHandler
                0x0000025e                PIN_INT6_IRQHandler
                0x0000025e                IntDefaultHandler
                0x0000025e                PIN_INT4_IRQHandler
                0x0000025e                CAN_IRQHandler
                0x0000025e                RTC_ALARM_IRQHandler
                0x0000025e                ADC1B_IRQHandler
                0x0000025e                ADC1_OVR_IRQHandler
                0x0000025e                USBWakeup_IRQHandler
                0x0000025e                UART2_IRQHandler
                0x0000025e                ADC0_OVR_IRQHandler
                0x0000025e                SCT1_IRQHandler
                0x0000025e                PIN_INT2_IRQHandler
                0x0000025e                USB_FIQHandler
                0x0000025e                SCT3_IRQHandler
                0x0000025e                PIN_INT7_IRQHandler
                0x0000025e                I2C0_IRQHandler
                0x0000025e                PIN_INT1_IRQHandler
                0x0000025e                USB_IRQHandler
                0x0000025e                BOD_IRQHandler
                0x0000025e                ADC0B_IRQHandler
                0x0000025e                ACMP0_IRQHandler
                0x0000025e                RIT_IRQHandler
                0x0000025e                SCT2_IRQHandler
                0x0000025e                WDT_IRQHandler
                0x0000025e                PIN_INT0_IRQHandler
                0x0000025e                QEI_IRQHandler
                0x0000025e                ACMP3_IRQHandler
                0x0000025e                GINT0_IRQHandler
                0x0000025e                DAC_IRQHandler
                0x0000025e                SPI0_IRQHandler
                0x0000025e                EEPROM_IRQHandler
                0x0000025e                ACMP2_IRQHandler
                0x0000025e                PIN_INT5_IRQHandler
                0x0000025e                ADC1A_IRQHandler
                0x0000025e                DMA_IRQHandler
                0x0000025e                PIN_INT3_IRQHandler
                0x0000025e                ACMP1_IRQHandler
                0x0000025e                SCT0_IRQHandler
                0x0000025e                ADC0A_IRQHandler
                0x0000025e                FMC_IRQHandler
                0x0000025e                GINT1_IRQHandler
                0x0000025e                ADC0_THCMP_IRQHandler
                0x000002fc                . = 0x2fc
 *fill*         0x00000264       0x98 ff
                0x000002fc                PROVIDE (__CRP_WORD_START__ = .)
 *(.crp)
 .crp           0x000002fc        0x4 ./src/crp.o
                0x000002fc                CRP_WORD
                0x00000300                PROVIDE (__CRP_WORD_END__ = .)
                0x00000001                ASSERT (! ((__CRP_WORD_START__ == __CRP_WORD_END__)), Linker CRP Enabled, but no CRP_WORD provided within application)
 *(.text*)
 .text._ZL16prvSetupHardwarev
                0x00000300       0x1c ./src/XY_plotter_project.o
 .text._ZL9vLEDTask1Pv
                0x0000031c       0x28 ./src/XY_plotter_project.o
 .text._ZL9vLEDTask2Pv
                0x00000344       0x28 ./src/XY_plotter_project.o
 .text._ZL9vUARTTaskPv
                0x0000036c       0x28 ./src/XY_plotter_project.o
 .text.main     0x00000394       0x6c ./src/XY_plotter_project.o
                0x00000394                main
 .text.heap_monitor_setup
                0x00000400       0x50 ./src/heap_lock_monitor.o
                0x00000400                heap_monitor_setup
 .text.heap_monitor_update
                0x00000450       0x74 ./src/heap_lock_monitor.o
                0x00000450                heap_monitor_update
 .text.__malloc_lock
                0x000004c4       0x14 ./src/heap_lock_monitor.o
                0x000004c4                __malloc_lock
 .text.__malloc_unlock
                0x000004d8       0x18 ./src/heap_lock_monitor.o
                0x000004d8                __malloc_unlock
 .text.SystemInit
                0x000004f0        0xc ./src/sysinit.o
                0x000004f0                SystemInit
 .text.Chip_IOCON_PinMuxSet
                0x000004fc       0x2c C:\Users\Santeri Rauhala\Documents\MCUXpressoIDE_11.2.0_4120\workspace\lpc_board_nxp_lpcxpresso_1549\Debug\liblpc_board_nxp_lpcxpresso_1549.a(board.o)
 .text.Chip_SWM_MovablePortPinAssign
                0x00000528       0x30 C:\Users\Santeri Rauhala\Documents\MCUXpressoIDE_11.2.0_4120\workspace\lpc_board_nxp_lpcxpresso_1549\Debug\liblpc_board_nxp_lpcxpresso_1549.a(board.o)
 .text.Chip_GPIO_SetPinState
                0x00000558       0x36 C:\Users\Santeri Rauhala\Documents\MCUXpressoIDE_11.2.0_4120\workspace\lpc_board_nxp_lpcxpresso_1549\Debug\liblpc_board_nxp_lpcxpresso_1549.a(board.o)
 .text.Chip_GPIO_SetPinDIROutput
                0x0000058e       0x3c C:\Users\Santeri Rauhala\Documents\MCUXpressoIDE_11.2.0_4120\workspace\lpc_board_nxp_lpcxpresso_1549\Debug\liblpc_board_nxp_lpcxpresso_1549.a(board.o)
 .text.Chip_UART_Enable
                0x000005ca       0x1e C:\Users\Santeri Rauhala\Documents\MCUXpressoIDE_11.2.0_4120\workspace\lpc_board_nxp_lpcxpresso_1549\Debug\liblpc_board_nxp_lpcxpresso_1549.a(board.o)
 .text.Chip_UART_TXEnable
                0x000005e8       0x1e C:\Users\Santeri Rauhala\Documents\MCUXpressoIDE_11.2.0_4120\workspace\lpc_board_nxp_lpcxpresso_1549\Debug\liblpc_board_nxp_lpcxpresso_1549.a(board.o)
 .text.Chip_UART_ConfigData
                0x00000606       0x28 C:\Users\Santeri Rauhala\Documents\MCUXpressoIDE_11.2.0_4120\workspace\lpc_board_nxp_lpcxpresso_1549\Debug\liblpc_board_nxp_lpcxpresso_1549.a(board.o)
 .text._write   0x0000062e       0x38 C:\Users\Santeri Rauhala\Documents\MCUXpressoIDE_11.2.0_4120\workspace\lpc_board_nxp_lpcxpresso_1549\Debug\liblpc_board_nxp_lpcxpresso_1549.a(board.o)
                0x0000062e                _write
 .text._read    0x00000666       0x48 C:\Users\Santeri Rauhala\Documents\MCUXpressoIDE_11.2.0_4120\workspace\lpc_board_nxp_lpcxpresso_1549\Debug\liblpc_board_nxp_lpcxpresso_1549.a(board.o)
                0x00000666                _read
 *fill*         0x000006ae        0x2 ff
 .text.Board_UARTPutChar
                0x000006b0       0x24 C:\Users\Santeri Rauhala\Documents\MCUXpressoIDE_11.2.0_4120\workspace\lpc_board_nxp_lpcxpresso_1549\Debug\liblpc_board_nxp_lpcxpresso_1549.a(board.o)
                0x000006b0                Board_UARTPutChar
 .text.Board_UARTGetChar
                0x000006d4       0x2c C:\Users\Santeri Rauhala\Documents\MCUXpressoIDE_11.2.0_4120\workspace\lpc_board_nxp_lpcxpresso_1549\Debug\liblpc_board_nxp_lpcxpresso_1549.a(board.o)
                0x000006d4                Board_UARTGetChar
 .text.Board_Debug_Init
                0x00000700       0x70 C:\Users\Santeri Rauhala\Documents\MCUXpressoIDE_11.2.0_4120\workspace\lpc_board_nxp_lpcxpresso_1549\Debug\liblpc_board_nxp_lpcxpresso_1549.a(board.o)
                0x00000700                Board_Debug_Init
 .text.Board_LED_Init
                0x00000770       0x60 C:\Users\Santeri Rauhala\Documents\MCUXpressoIDE_11.2.0_4120\workspace\lpc_board_nxp_lpcxpresso_1549\Debug\liblpc_board_nxp_lpcxpresso_1549.a(board.o)
 .text.Board_LED_Set
                0x000007d0       0x54 C:\Users\Santeri Rauhala\Documents\MCUXpressoIDE_11.2.0_4120\workspace\lpc_board_nxp_lpcxpresso_1549\Debug\liblpc_board_nxp_lpcxpresso_1549.a(board.o)
                0x000007d0                Board_LED_Set
 .text.Board_Init
                0x00000824       0x18 C:\Users\Santeri Rauhala\Documents\MCUXpressoIDE_11.2.0_4120\workspace\lpc_board_nxp_lpcxpresso_1549\Debug\liblpc_board_nxp_lpcxpresso_1549.a(board.o)
                0x00000824                Board_Init
 .text.Chip_SYSCTL_PeriphReset
                0x0000083c       0x22 C:\Users\Santeri Rauhala\Documents\MCUXpressoIDE_11.2.0_4120\workspace\lpc_board_nxp_lpcxpresso_1549\Debug\liblpc_board_nxp_lpcxpresso_1549.a(board_sysinit.o)
 *fill*         0x0000085e        0x2 ff
 .text.Chip_Clock_SetUSBPLLSource
                0x00000860       0x20 C:\Users\Santeri Rauhala\Documents\MCUXpressoIDE_11.2.0_4120\workspace\lpc_board_nxp_lpcxpresso_1549\Debug\liblpc_board_nxp_lpcxpresso_1549.a(board_sysinit.o)
 .text.Chip_Clock_SetupUSBPLL
                0x00000880       0x34 C:\Users\Santeri Rauhala\Documents\MCUXpressoIDE_11.2.0_4120\workspace\lpc_board_nxp_lpcxpresso_1549\Debug\liblpc_board_nxp_lpcxpresso_1549.a(board_sysinit.o)
 .text.Chip_Clock_IsUSBPLLLocked
                0x000008b4       0x24 C:\Users\Santeri Rauhala\Documents\MCUXpressoIDE_11.2.0_4120\workspace\lpc_board_nxp_lpcxpresso_1549\Debug\liblpc_board_nxp_lpcxpresso_1549.a(board_sysinit.o)
 .text.Chip_Clock_SetSysTickClockDiv
                0x000008d8       0x20 C:\Users\Santeri Rauhala\Documents\MCUXpressoIDE_11.2.0_4120\workspace\lpc_board_nxp_lpcxpresso_1549\Debug\liblpc_board_nxp_lpcxpresso_1549.a(board_sysinit.o)
 .text.Chip_SWM_MovablePortPinAssign
                0x000008f8       0x30 C:\Users\Santeri Rauhala\Documents\MCUXpressoIDE_11.2.0_4120\workspace\lpc_board_nxp_lpcxpresso_1549\Debug\liblpc_board_nxp_lpcxpresso_1549.a(board_sysinit.o)
 .text.Board_SetupMuxing
                0x00000928       0x84 C:\Users\Santeri Rauhala\Documents\MCUXpressoIDE_11.2.0_4120\workspace\lpc_board_nxp_lpcxpresso_1549\Debug\liblpc_board_nxp_lpcxpresso_1549.a(board_sysinit.o)
                0x00000928                Board_SetupMuxing
 .text.Board_SetupClocking
                0x000009ac       0x3a C:\Users\Santeri Rauhala\Documents\MCUXpressoIDE_11.2.0_4120\workspace\lpc_board_nxp_lpcxpresso_1549\Debug\liblpc_board_nxp_lpcxpresso_1549.a(board_sysinit.o)
                0x000009ac                Board_SetupClocking
 *fill*         0x000009e6        0x2 ff
 .text.Board_SystemInit
                0x000009e8       0x1c C:\Users\Santeri Rauhala\Documents\MCUXpressoIDE_11.2.0_4120\workspace\lpc_board_nxp_lpcxpresso_1549\Debug\liblpc_board_nxp_lpcxpresso_1549.a(board_sysinit.o)
                0x000009e8                Board_SystemInit
 .text.SystemCoreClockUpdate
                0x00000a04       0x18 C:\Users\Santeri Rauhala\Documents\MCUXpressoIDE_11.2.0_4120\workspace\lpc_chip_15xx\Debug\liblpc_chip_15xx.a(chip_15xx.o)
                0x00000a04                SystemCoreClockUpdate
 .text.Chip_Clock_SetMain_A_ClockSource
                0x00000a1c       0x20 C:\Users\Santeri Rauhala\Documents\MCUXpressoIDE_11.2.0_4120\workspace\lpc_chip_15xx\Debug\liblpc_chip_15xx.a(clock_15xx.o)
 .text.Chip_Clock_GetMain_A_ClockSource
                0x00000a3c       0x18 C:\Users\Santeri Rauhala\Documents\MCUXpressoIDE_11.2.0_4120\workspace\lpc_chip_15xx\Debug\liblpc_chip_15xx.a(clock_15xx.o)
 .text.Chip_Clock_SetMain_B_ClockSource
                0x00000a54       0x20 C:\Users\Santeri Rauhala\Documents\MCUXpressoIDE_11.2.0_4120\workspace\lpc_chip_15xx\Debug\liblpc_chip_15xx.a(clock_15xx.o)
 .text.Chip_Clock_GetMain_B_ClockSource
                0x00000a74       0x18 C:\Users\Santeri Rauhala\Documents\MCUXpressoIDE_11.2.0_4120\workspace\lpc_chip_15xx\Debug\liblpc_chip_15xx.a(clock_15xx.o)
 .text.Chip_Clock_SetUARTFRGDivider
                0x00000a8c       0x20 C:\Users\Santeri Rauhala\Documents\MCUXpressoIDE_11.2.0_4120\workspace\lpc_chip_15xx\Debug\liblpc_chip_15xx.a(clock_15xx.o)
 .text.Chip_Clock_GetUARTFRGDivider
                0x00000aac       0x18 C:\Users\Santeri Rauhala\Documents\MCUXpressoIDE_11.2.0_4120\workspace\lpc_chip_15xx\Debug\liblpc_chip_15xx.a(clock_15xx.o)
 .text.Chip_Clock_GetMainOscRate
                0x00000ac4       0x14 C:\Users\Santeri Rauhala\Documents\MCUXpressoIDE_11.2.0_4120\workspace\lpc_chip_15xx\Debug\liblpc_chip_15xx.a(clock_15xx.o)
 .text.Chip_Clock_GetIntOscRate
                0x00000ad8       0x14 C:\Users\Santeri Rauhala\Documents\MCUXpressoIDE_11.2.0_4120\workspace\lpc_chip_15xx\Debug\liblpc_chip_15xx.a(clock_15xx.o)
 .text.Chip_Clock_GetRTCOscRate
                0x00000aec       0x14 C:\Users\Santeri Rauhala\Documents\MCUXpressoIDE_11.2.0_4120\workspace\lpc_chip_15xx\Debug\liblpc_chip_15xx.a(clock_15xx.o)
 .text.Chip_Clock_GetWDTOSCRate
                0x00000b00       0x14 C:\Users\Santeri Rauhala\Documents\MCUXpressoIDE_11.2.0_4120\workspace\lpc_chip_15xx\Debug\liblpc_chip_15xx.a(clock_15xx.o)
 .text.Chip_Clock_GetPLLFreq
                0x00000b14       0x26 C:\Users\Santeri Rauhala\Documents\MCUXpressoIDE_11.2.0_4120\workspace\lpc_chip_15xx\Debug\liblpc_chip_15xx.a(clock_15xx.o)
 .text.Chip_Clock_GetPLLInClockRate
                0x00000b3a       0x38 C:\Users\Santeri Rauhala\Documents\MCUXpressoIDE_11.2.0_4120\workspace\lpc_chip_15xx\Debug\liblpc_chip_15xx.a(clock_15xx.o)
 *fill*         0x00000b72        0x2 ff
 .text.Chip_Clock_GetSystemPLLInClockRate
                0x00000b74       0x1c C:\Users\Santeri Rauhala\Documents\MCUXpressoIDE_11.2.0_4120\workspace\lpc_chip_15xx\Debug\liblpc_chip_15xx.a(clock_15xx.o)
                0x00000b74                Chip_Clock_GetSystemPLLInClockRate
 .text.Chip_Clock_GetSystemPLLOutClockRate
                0x00000b90       0x24 C:\Users\Santeri Rauhala\Documents\MCUXpressoIDE_11.2.0_4120\workspace\lpc_chip_15xx\Debug\liblpc_chip_15xx.a(clock_15xx.o)
                0x00000b90                Chip_Clock_GetSystemPLLOutClockRate
 .text.Chip_Clock_GetMain_A_ClockRate
                0x00000bb4       0x4a C:\Users\Santeri Rauhala\Documents\MCUXpressoIDE_11.2.0_4120\workspace\lpc_chip_15xx\Debug\liblpc_chip_15xx.a(clock_15xx.o)
                0x00000bb4                Chip_Clock_GetMain_A_ClockRate
 *fill*         0x00000bfe        0x2 ff
 .text.Chip_Clock_GetMain_B_ClockRate
                0x00000c00       0x58 C:\Users\Santeri Rauhala\Documents\MCUXpressoIDE_11.2.0_4120\workspace\lpc_chip_15xx\Debug\liblpc_chip_15xx.a(clock_15xx.o)
                0x00000c00                Chip_Clock_GetMain_B_ClockRate
 .text.Chip_Clock_SetMainClockSource
                0x00000c58       0x3c C:\Users\Santeri Rauhala\Documents\MCUXpressoIDE_11.2.0_4120\workspace\lpc_chip_15xx\Debug\liblpc_chip_15xx.a(clock_15xx.o)
                0x00000c58                Chip_Clock_SetMainClockSource
 .text.Chip_Clock_GetMainClockRate
                0x00000c94       0x28 C:\Users\Santeri Rauhala\Documents\MCUXpressoIDE_11.2.0_4120\workspace\lpc_chip_15xx\Debug\liblpc_chip_15xx.a(clock_15xx.o)
                0x00000c94                Chip_Clock_GetMainClockRate
 .text.Chip_Clock_EnablePeriphClock
                0x00000cbc       0x58 C:\Users\Santeri Rauhala\Documents\MCUXpressoIDE_11.2.0_4120\workspace\lpc_chip_15xx\Debug\liblpc_chip_15xx.a(clock_15xx.o)
                0x00000cbc                Chip_Clock_EnablePeriphClock
 .text.Chip_Clock_GetUARTBaseClockRate
                0x00000d14       0x8c C:\Users\Santeri Rauhala\Documents\MCUXpressoIDE_11.2.0_4120\workspace\lpc_chip_15xx\Debug\liblpc_chip_15xx.a(clock_15xx.o)
                0x00000d14                Chip_Clock_GetUARTBaseClockRate
 .text.Chip_Clock_SetUARTBaseClockRate
                0x00000da0       0xa4 C:\Users\Santeri Rauhala\Documents\MCUXpressoIDE_11.2.0_4120\workspace\lpc_chip_15xx\Debug\liblpc_chip_15xx.a(clock_15xx.o)
                0x00000da0                Chip_Clock_SetUARTBaseClockRate
 .text.Chip_Clock_GetSystemClockRate
                0x00000e44       0x1c C:\Users\Santeri Rauhala\Documents\MCUXpressoIDE_11.2.0_4120\workspace\lpc_chip_15xx\Debug\liblpc_chip_15xx.a(clock_15xx.o)
                0x00000e44                Chip_Clock_GetSystemClockRate
 .text.Chip_SYSCTL_PeriphReset
                0x00000e60       0x22 C:\Users\Santeri Rauhala\Documents\MCUXpressoIDE_11.2.0_4120\workspace\lpc_chip_15xx\Debug\liblpc_chip_15xx.a(gpio_15xx.o)
 .text.Chip_GPIO_Init
                0x00000e82       0x2e C:\Users\Santeri Rauhala\Documents\MCUXpressoIDE_11.2.0_4120\workspace\lpc_chip_15xx\Debug\liblpc_chip_15xx.a(gpio_15xx.o)
                0x00000e82                Chip_GPIO_Init
 .text.Chip_IOCON_PinMuxSet
                0x00000eb0       0x2c C:\Users\Santeri Rauhala\Documents\MCUXpressoIDE_11.2.0_4120\workspace\lpc_chip_15xx\Debug\liblpc_chip_15xx.a(iocon_15xx.o)
 .text.Chip_IOCON_SetPinMuxing
                0x00000edc       0x50 C:\Users\Santeri Rauhala\Documents\MCUXpressoIDE_11.2.0_4120\workspace\lpc_chip_15xx\Debug\liblpc_chip_15xx.a(iocon_15xx.o)
                0x00000edc                Chip_IOCON_SetPinMuxing
 .text.Chip_SWM_MovablePinAssign
                0x00000f2c       0x5c C:\Users\Santeri Rauhala\Documents\MCUXpressoIDE_11.2.0_4120\workspace\lpc_chip_15xx\Debug\liblpc_chip_15xx.a(swm_15xx.o)
                0x00000f2c                Chip_SWM_MovablePinAssign
 .text.Chip_SYSCTL_AssertPeriphReset
                0x00000f88       0x4c C:\Users\Santeri Rauhala\Documents\MCUXpressoIDE_11.2.0_4120\workspace\lpc_chip_15xx\Debug\liblpc_chip_15xx.a(sysctl_15xx.o)
                0x00000f88                Chip_SYSCTL_AssertPeriphReset
 .text.Chip_SYSCTL_DeassertPeriphReset
                0x00000fd4       0x50 C:\Users\Santeri Rauhala\Documents\MCUXpressoIDE_11.2.0_4120\workspace\lpc_chip_15xx\Debug\liblpc_chip_15xx.a(sysctl_15xx.o)
                0x00000fd4                Chip_SYSCTL_DeassertPeriphReset
 .text.Chip_SYSCTL_PowerDown
                0x00001024       0x40 C:\Users\Santeri Rauhala\Documents\MCUXpressoIDE_11.2.0_4120\workspace\lpc_chip_15xx\Debug\liblpc_chip_15xx.a(sysctl_15xx.o)
                0x00001024                Chip_SYSCTL_PowerDown
 .text.Chip_SYSCTL_PowerUp
                0x00001064       0x40 C:\Users\Santeri Rauhala\Documents\MCUXpressoIDE_11.2.0_4120\workspace\lpc_chip_15xx\Debug\liblpc_chip_15xx.a(sysctl_15xx.o)
                0x00001064                Chip_SYSCTL_PowerUp
 .text.Chip_FMC_SetFLASHAccess
                0x000010a4       0x38 C:\Users\Santeri Rauhala\Documents\MCUXpressoIDE_11.2.0_4120\workspace\lpc_chip_15xx\Debug\liblpc_chip_15xx.a(sysinit_15xx.o)
 .text.Chip_Clock_SetSystemPLLSource
                0x000010dc       0x20 C:\Users\Santeri Rauhala\Documents\MCUXpressoIDE_11.2.0_4120\workspace\lpc_chip_15xx\Debug\liblpc_chip_15xx.a(sysinit_15xx.o)
 .text.Chip_Clock_SetupSystemPLL
                0x000010fc       0x34 C:\Users\Santeri Rauhala\Documents\MCUXpressoIDE_11.2.0_4120\workspace\lpc_chip_15xx\Debug\liblpc_chip_15xx.a(sysinit_15xx.o)
 .text.Chip_Clock_IsSystemPLLLocked
                0x00001130       0x24 C:\Users\Santeri Rauhala\Documents\MCUXpressoIDE_11.2.0_4120\workspace\lpc_chip_15xx\Debug\liblpc_chip_15xx.a(sysinit_15xx.o)
 .text.Chip_Clock_SetSysClockDiv
                0x00001154       0x20 C:\Users\Santeri Rauhala\Documents\MCUXpressoIDE_11.2.0_4120\workspace\lpc_chip_15xx\Debug\liblpc_chip_15xx.a(sysinit_15xx.o)
 .text.Chip_SetupXtalClocking
                0x00001174       0x6c C:\Users\Santeri Rauhala\Documents\MCUXpressoIDE_11.2.0_4120\workspace\lpc_chip_15xx\Debug\liblpc_chip_15xx.a(sysinit_15xx.o)
                0x00001174                Chip_SetupXtalClocking
 .text.Chip_SYSCTL_PeriphReset
                0x000011e0       0x22 C:\Users\Santeri Rauhala\Documents\MCUXpressoIDE_11.2.0_4120\workspace\lpc_chip_15xx\Debug\liblpc_chip_15xx.a(uart_15xx.o)
 .text.Chip_UART_SendByte
                0x00001202       0x1c C:\Users\Santeri Rauhala\Documents\MCUXpressoIDE_11.2.0_4120\workspace\lpc_chip_15xx\Debug\liblpc_chip_15xx.a(uart_15xx.o)
 .text.Chip_UART_ReadByte
                0x0000121e       0x1a C:\Users\Santeri Rauhala\Documents\MCUXpressoIDE_11.2.0_4120\workspace\lpc_chip_15xx\Debug\liblpc_chip_15xx.a(uart_15xx.o)
 .text.Chip_UART_GetStatus
                0x00001238       0x16 C:\Users\Santeri Rauhala\Documents\MCUXpressoIDE_11.2.0_4120\workspace\lpc_chip_15xx\Debug\liblpc_chip_15xx.a(uart_15xx.o)
 *fill*         0x0000124e        0x2 ff
 .text.getUARTClockID
                0x00001250       0x34 C:\Users\Santeri Rauhala\Documents\MCUXpressoIDE_11.2.0_4120\workspace\lpc_chip_15xx\Debug\liblpc_chip_15xx.a(uart_15xx.o)
 .text.Chip_UART_Init
                0x00001284       0x4c C:\Users\Santeri Rauhala\Documents\MCUXpressoIDE_11.2.0_4120\workspace\lpc_chip_15xx\Debug\liblpc_chip_15xx.a(uart_15xx.o)
                0x00001284                Chip_UART_Init
 .text.Chip_UART_Send
                0x000012d0       0x50 C:\Users\Santeri Rauhala\Documents\MCUXpressoIDE_11.2.0_4120\workspace\lpc_chip_15xx\Debug\liblpc_chip_15xx.a(uart_15xx.o)
                0x000012d0                Chip_UART_Send
 .text.Chip_UART_SendBlocking
                0x00001320       0x4a C:\Users\Santeri Rauhala\Documents\MCUXpressoIDE_11.2.0_4120\workspace\lpc_chip_15xx\Debug\liblpc_chip_15xx.a(uart_15xx.o)
                0x00001320                Chip_UART_SendBlocking
 .text.Chip_UART_Read
                0x0000136a       0x52 C:\Users\Santeri Rauhala\Documents\MCUXpressoIDE_11.2.0_4120\workspace\lpc_chip_15xx\Debug\liblpc_chip_15xx.a(uart_15xx.o)
                0x0000136a                Chip_UART_Read
 .text.Chip_UART_SetBaud
                0x000013bc       0x2a C:\Users\Santeri Rauhala\Documents\MCUXpressoIDE_11.2.0_4120\workspace\lpc_chip_15xx\Debug\liblpc_chip_15xx.a(uart_15xx.o)
                0x000013bc                Chip_UART_SetBaud
 .text.xTaskCreate
                0x000013e6       0x84 C:\Users\Santeri Rauhala\Documents\MCUXpressoIDE_11.2.0_4120\workspace\FreeRTOS\Debug\libFreeRTOS.a(tasks.o)
                0x000013e6                xTaskCreate
 .text.prvInitialiseNewTask
                0x0000146a      0x184 C:\Users\Santeri Rauhala\Documents\MCUXpressoIDE_11.2.0_4120\workspace\FreeRTOS\Debug\libFreeRTOS.a(tasks.o)
 *fill*         0x000015ee        0x2 ff
 .text.prvAddNewTaskToReadyList
                0x000015f0       0xdc C:\Users\Santeri Rauhala\Documents\MCUXpressoIDE_11.2.0_4120\workspace\FreeRTOS\Debug\libFreeRTOS.a(tasks.o)
 .text.vTaskDelay
                0x000016cc       0x48 C:\Users\Santeri Rauhala\Documents\MCUXpressoIDE_11.2.0_4120\workspace\FreeRTOS\Debug\libFreeRTOS.a(tasks.o)
                0x000016cc                vTaskDelay
 .text.vTaskStartScheduler
                0x00001714       0xa0 C:\Users\Santeri Rauhala\Documents\MCUXpressoIDE_11.2.0_4120\workspace\FreeRTOS\Debug\libFreeRTOS.a(tasks.o)
                0x00001714                vTaskStartScheduler
 .text.vTaskSuspendAll
                0x000017b4       0x1c C:\Users\Santeri Rauhala\Documents\MCUXpressoIDE_11.2.0_4120\workspace\FreeRTOS\Debug\libFreeRTOS.a(tasks.o)
                0x000017b4                vTaskSuspendAll
 .text.xTaskResumeAll
                0x000017d0      0x11c C:\Users\Santeri Rauhala\Documents\MCUXpressoIDE_11.2.0_4120\workspace\FreeRTOS\Debug\libFreeRTOS.a(tasks.o)
                0x000017d0                xTaskResumeAll
 .text.xTaskIncrementTick
                0x000018ec      0x150 C:\Users\Santeri Rauhala\Documents\MCUXpressoIDE_11.2.0_4120\workspace\FreeRTOS\Debug\libFreeRTOS.a(tasks.o)
                0x000018ec                xTaskIncrementTick
 .text.vTaskSwitchContext
                0x00001a3c       0xe4 C:\Users\Santeri Rauhala\Documents\MCUXpressoIDE_11.2.0_4120\workspace\FreeRTOS\Debug\libFreeRTOS.a(tasks.o)
                0x00001a3c                vTaskSwitchContext
 .text.prvIdleTask
                0x00001b20        0xe C:\Users\Santeri Rauhala\Documents\MCUXpressoIDE_11.2.0_4120\workspace\FreeRTOS\Debug\libFreeRTOS.a(tasks.o)
 *fill*         0x00001b2e        0x2 ff
 .text.prvInitialiseTaskLists
                0x00001b30       0x80 C:\Users\Santeri Rauhala\Documents\MCUXpressoIDE_11.2.0_4120\workspace\FreeRTOS\Debug\libFreeRTOS.a(tasks.o)
 .text.prvCheckTasksWaitingTermination
                0x00001bb0       0x5c C:\Users\Santeri Rauhala\Documents\MCUXpressoIDE_11.2.0_4120\workspace\FreeRTOS\Debug\libFreeRTOS.a(tasks.o)
 .text.prvDeleteTCB
                0x00001c0c       0x2a C:\Users\Santeri Rauhala\Documents\MCUXpressoIDE_11.2.0_4120\workspace\FreeRTOS\Debug\libFreeRTOS.a(tasks.o)
 *fill*         0x00001c36        0x2 ff
 .text.prvResetNextTaskUnblockTime
                0x00001c38       0x40 C:\Users\Santeri Rauhala\Documents\MCUXpressoIDE_11.2.0_4120\workspace\FreeRTOS\Debug\libFreeRTOS.a(tasks.o)
 .text.prvAddCurrentTaskToDelayedList
                0x00001c78       0xcc C:\Users\Santeri Rauhala\Documents\MCUXpressoIDE_11.2.0_4120\workspace\FreeRTOS\Debug\libFreeRTOS.a(tasks.o)
 .text.pvPortMalloc
                0x00001d44       0x2e C:\Users\Santeri Rauhala\Documents\MCUXpressoIDE_11.2.0_4120\workspace\FreeRTOS\Debug\libFreeRTOS.a(heap_3.o)
                0x00001d44                pvPortMalloc
 .text.vPortFree
                0x00001d72       0x24 C:\Users\Santeri Rauhala\Documents\MCUXpressoIDE_11.2.0_4120\workspace\FreeRTOS\Debug\libFreeRTOS.a(heap_3.o)
                0x00001d72                vPortFree
 *fill*         0x00001d96        0x2 ff
 .text.pxPortInitialiseStack
                0x00001d98       0x58 C:\Users\Santeri Rauhala\Documents\MCUXpressoIDE_11.2.0_4120\workspace\FreeRTOS\Debug\libFreeRTOS.a(port.o)
                0x00001d98                pxPortInitialiseStack
 .text.prvTaskExitError
                0x00001df0       0x32 C:\Users\Santeri Rauhala\Documents\MCUXpressoIDE_11.2.0_4120\workspace\FreeRTOS\Debug\libFreeRTOS.a(port.o)
 *fill*         0x00001e22        0xe ff
 .text.SVC_Handler
                0x00001e30       0x28 C:\Users\Santeri Rauhala\Documents\MCUXpressoIDE_11.2.0_4120\workspace\FreeRTOS\Debug\libFreeRTOS.a(port.o)
                0x00001e30                SVC_Handler
 .text.prvPortStartFirstTask
                0x00001e58       0x20 C:\Users\Santeri Rauhala\Documents\MCUXpressoIDE_11.2.0_4120\workspace\FreeRTOS\Debug\libFreeRTOS.a(port.o)
 .text.xPortStartScheduler
                0x00001e78       0x40 C:\Users\Santeri Rauhala\Documents\MCUXpressoIDE_11.2.0_4120\workspace\FreeRTOS\Debug\libFreeRTOS.a(port.o)
                0x00001e78                xPortStartScheduler
 .text.vPortEnterCritical
                0x00001eb8       0x34 C:\Users\Santeri Rauhala\Documents\MCUXpressoIDE_11.2.0_4120\workspace\FreeRTOS\Debug\libFreeRTOS.a(port.o)
                0x00001eb8                vPortEnterCritical
 .text.vPortExitCritical
                0x00001eec       0x34 C:\Users\Santeri Rauhala\Documents\MCUXpressoIDE_11.2.0_4120\workspace\FreeRTOS\Debug\libFreeRTOS.a(port.o)
                0x00001eec                vPortExitCritical
 .text.PendSV_Handler
                0x00001f20       0x48 C:\Users\Santeri Rauhala\Documents\MCUXpressoIDE_11.2.0_4120\workspace\FreeRTOS\Debug\libFreeRTOS.a(port.o)
                0x00001f20                PendSV_Handler
 .text.SysTick_Handler
                0x00001f68       0x44 C:\Users\Santeri Rauhala\Documents\MCUXpressoIDE_11.2.0_4120\workspace\FreeRTOS\Debug\libFreeRTOS.a(port.o)
                0x00001f68                SysTick_Handler
 .text.vPortSetupTimerInterrupt
                0x00001fac       0x44 C:\Users\Santeri Rauhala\Documents\MCUXpressoIDE_11.2.0_4120\workspace\FreeRTOS\Debug\libFreeRTOS.a(port.o)
                0x00001fac                vPortSetupTimerInterrupt
 .text.vApplicationMallocFailedHook
                0x00001ff0       0x1e C:\Users\Santeri Rauhala\Documents\MCUXpressoIDE_11.2.0_4120\workspace\FreeRTOS\Debug\libFreeRTOS.a(FreeRTOSCommonHooks.o)
                0x00001ff0                vApplicationMallocFailedHook
 .text.vApplicationStackOverflowHook
                0x0000200e       0x22 C:\Users\Santeri Rauhala\Documents\MCUXpressoIDE_11.2.0_4120\workspace\FreeRTOS\Debug\libFreeRTOS.a(FreeRTOSCommonHooks.o)
                0x0000200e                vApplicationStackOverflowHook
 .text.vListInitialise
                0x00002030       0x3e C:\Users\Santeri Rauhala\Documents\MCUXpressoIDE_11.2.0_4120\workspace\FreeRTOS\Debug\libFreeRTOS.a(list.o)
                0x00002030                vListInitialise
 .text.vListInitialiseItem
                0x0000206e       0x18 C:\Users\Santeri Rauhala\Documents\MCUXpressoIDE_11.2.0_4120\workspace\FreeRTOS\Debug\libFreeRTOS.a(list.o)
                0x0000206e                vListInitialiseItem
 .text.vListInsertEnd
                0x00002086       0x46 C:\Users\Santeri Rauhala\Documents\MCUXpressoIDE_11.2.0_4120\workspace\FreeRTOS\Debug\libFreeRTOS.a(list.o)
                0x00002086                vListInsertEnd
 .text.vListInsert
                0x000020cc       0x70 C:\Users\Santeri Rauhala\Documents\MCUXpressoIDE_11.2.0_4120\workspace\FreeRTOS\Debug\libFreeRTOS.a(list.o)
                0x000020cc                vListInsert
 .text.uxListRemove
                0x0000213c       0x52 C:\Users\Santeri Rauhala\Documents\MCUXpressoIDE_11.2.0_4120\workspace\FreeRTOS\Debug\libFreeRTOS.a(list.o)
                0x0000213c                uxListRemove
 *fill*         0x0000218e        0x2 ff
 .text          0x00002190      0x378 d:/mcuxpressoide_11.2.0_4120/ide/plugins/com.nxp.mcuxpresso.tools.win32_11.2.0.202001021529/tools/bin/../lib/gcc/arm-none-eabi/9.2.1/thumb/v7-m/nofp\libgcc.a(_arm_addsubdf3.o)
                0x00002190                __aeabi_drsub
                0x00002198                __aeabi_dsub
                0x00002198                __subdf3
                0x0000219c                __aeabi_dadd
                0x0000219c                __adddf3
                0x00002414                __floatunsidf
                0x00002414                __aeabi_ui2d
                0x00002434                __floatsidf
                0x00002434                __aeabi_i2d
                0x00002458                __aeabi_f2d
                0x00002458                __extendsfdf2
                0x0000249c                __floatundidf
                0x0000249c                __aeabi_ul2d
                0x000024ac                __floatdidf
                0x000024ac                __aeabi_l2d
 .text          0x00002508      0x424 d:/mcuxpressoide_11.2.0_4120/ide/plugins/com.nxp.mcuxpresso.tools.win32_11.2.0.202001021529/tools/bin/../lib/gcc/arm-none-eabi/9.2.1/thumb/v7-m/nofp\libgcc.a(_arm_muldivdf3.o)
                0x00002508                __aeabi_dmul
                0x00002508                __muldf3
                0x0000275c                __divdf3
                0x0000275c                __aeabi_ddiv
 .text          0x0000292c       0xa0 d:/mcuxpressoide_11.2.0_4120/ide/plugins/com.nxp.mcuxpresso.tools.win32_11.2.0.202001021529/tools/bin/../lib/gcc/arm-none-eabi/9.2.1/thumb/v7-m/nofp\libgcc.a(_arm_truncdfsf2.o)
                0x0000292c                __truncdfsf2
                0x0000292c                __aeabi_d2f
 .text          0x000029cc       0x30 d:/mcuxpressoide_11.2.0_4120/ide/plugins/com.nxp.mcuxpresso.tools.win32_11.2.0.202001021529/tools/bin/../lib/gcc/arm-none-eabi/9.2.1/thumb/v7-m/nofp\libgcc.a(_aeabi_uldivmod.o)
                0x000029cc                __aeabi_uldivmod
 .text          0x000029fc      0x2c4 d:/mcuxpressoide_11.2.0_4120/ide/plugins/com.nxp.mcuxpresso.tools.win32_11.2.0.202001021529/tools/bin/../lib/gcc/arm-none-eabi/9.2.1/thumb/v7-m/nofp\libgcc.a(_udivmoddi4.o)
                0x000029fc                __udivmoddi4
 .text          0x00002cc0        0x4 d:/mcuxpressoide_11.2.0_4120/ide/plugins/com.nxp.mcuxpresso.tools.win32_11.2.0.202001021529/tools/bin/../lib/gcc/arm-none-eabi/9.2.1/thumb/v7-m/nofp\libgcc.a(_dvmd_tls.o)
                0x00002cc0                __aeabi_idiv0
                0x00002cc0                __aeabi_ldiv0
 .text.__libc_init_array
                0x00002cc4       0x48 d:/mcuxpressoide_11.2.0_4120/ide/plugins/com.nxp.mcuxpresso.tools.win32_11.2.0.202001021529/tools/bin/../lib/gcc/arm-none-eabi/9.2.1/../../../../arm-none-eabi/lib/thumb/v7-m/nofp\libc.a(lib_a-init.o)
                0x00002cc4                __libc_init_array
 .text.malloc   0x00002d0c       0x10 d:/mcuxpressoide_11.2.0_4120/ide/plugins/com.nxp.mcuxpresso.tools.win32_11.2.0.202001021529/tools/bin/../lib/gcc/arm-none-eabi/9.2.1/../../../../arm-none-eabi/lib/thumb/v7-m/nofp\libc.a(lib_a-malloc.o)
                0x00002d0c                malloc
 .text.free     0x00002d1c       0x10 d:/mcuxpressoide_11.2.0_4120/ide/plugins/com.nxp.mcuxpresso.tools.win32_11.2.0.202001021529/tools/bin/../lib/gcc/arm-none-eabi/9.2.1/../../../../arm-none-eabi/lib/thumb/v7-m/nofp\libc.a(lib_a-malloc.o)
                0x00002d1c                free
 .text._malloc_r
                0x00002d2c      0x55c d:/mcuxpressoide_11.2.0_4120/ide/plugins/com.nxp.mcuxpresso.tools.win32_11.2.0.202001021529/tools/bin/../lib/gcc/arm-none-eabi/9.2.1/../../../../arm-none-eabi/lib/thumb/v7-m/nofp\libc.a(lib_a-mallocr.o)
                0x00002d2c                _malloc_r
 .text          0x00003288       0xec d:/mcuxpressoide_11.2.0_4120/ide/plugins/com.nxp.mcuxpresso.tools.win32_11.2.0.202001021529/tools/bin/../lib/gcc/arm-none-eabi/9.2.1/../../../../arm-none-eabi/lib/thumb/v7-m/nofp\libc.a(lib_a-memcpy.o)
                0x00003288                memcpy
 .text.memset   0x00003374       0xa0 d:/mcuxpressoide_11.2.0_4120/ide/plugins/com.nxp.mcuxpresso.tools.win32_11.2.0.202001021529/tools/bin/../lib/gcc/arm-none-eabi/9.2.1/../../../../arm-none-eabi/lib/thumb/v7-m/nofp\libc.a(lib_a-memset.o)
                0x00003374                memset
 .text.printf   0x00003414       0x28 d:/mcuxpressoide_11.2.0_4120/ide/plugins/com.nxp.mcuxpresso.tools.win32_11.2.0.202001021529/tools/bin/../lib/gcc/arm-none-eabi/9.2.1/../../../../arm-none-eabi/lib/thumb/v7-m/nofp\libc.a(lib_a-printf.o)
                0x00003414                printf
 .text.cleanup_glue
                0x0000343c       0x1c d:/mcuxpressoide_11.2.0_4120/ide/plugins/com.nxp.mcuxpresso.tools.win32_11.2.0.202001021529/tools/bin/../lib/gcc/arm-none-eabi/9.2.1/../../../../arm-none-eabi/lib/thumb/v7-m/nofp\libc.a(lib_a-reent.o)
                0x0000343c                cleanup_glue
 .text._reclaim_reent
                0x00003458       0x84 d:/mcuxpressoide_11.2.0_4120/ide/plugins/com.nxp.mcuxpresso.tools.win32_11.2.0.202001021529/tools/bin/../lib/gcc/arm-none-eabi/9.2.1/../../../../arm-none-eabi/lib/thumb/v7-m/nofp\libc.a(lib_a-reent.o)
                0x00003458                _reclaim_reent
 .text._sbrk_r  0x000034dc       0x24 d:/mcuxpressoide_11.2.0_4120/ide/plugins/com.nxp.mcuxpresso.tools.win32_11.2.0.202001021529/tools/bin/../lib/gcc/arm-none-eabi/9.2.1/../../../../arm-none-eabi/lib/thumb/v7-m/nofp\libc.a(lib_a-sbrkr.o)
                0x000034dc                _sbrk_r
 .text.strlen   0x00003500       0x5c d:/mcuxpressoide_11.2.0_4120/ide/plugins/com.nxp.mcuxpresso.tools.win32_11.2.0.202001021529/tools/bin/../lib/gcc/arm-none-eabi/9.2.1/../../../../arm-none-eabi/lib/thumb/v7-m/nofp\libc.a(lib_a-strlen-stub.o)
                0x00003500                strlen
 .text._vfprintf_r
                0x0000355c     0x1c18 d:/mcuxpressoide_11.2.0_4120/ide/plugins/com.nxp.mcuxpresso.tools.win32_11.2.0.202001021529/tools/bin/../lib/gcc/arm-none-eabi/9.2.1/../../../../arm-none-eabi/lib/thumb/v7-m/nofp\libc.a(lib_a-vfprintf.o)
                0x0000355c                _vfprintf_r
 .text.__sbprintf
                0x00005174       0x88 d:/mcuxpressoide_11.2.0_4120/ide/plugins/com.nxp.mcuxpresso.tools.win32_11.2.0.202001021529/tools/bin/../lib/gcc/arm-none-eabi/9.2.1/../../../../arm-none-eabi/lib/thumb/v7-m/nofp\libc.a(lib_a-vfprintf.o)
 .text.__swsetup_r
                0x000051fc       0xd0 d:/mcuxpressoide_11.2.0_4120/ide/plugins/com.nxp.mcuxpresso.tools.win32_11.2.0.202001021529/tools/bin/../lib/gcc/arm-none-eabi/9.2.1/../../../../arm-none-eabi/lib/thumb/v7-m/nofp\libc.a(lib_a-wsetup.o)
                0x000051fc                __swsetup_r
 .text.quorem   0x000052cc      0x120 d:/mcuxpressoide_11.2.0_4120/ide/plugins/com.nxp.mcuxpresso.tools.win32_11.2.0.202001021529/tools/bin/../lib/gcc/arm-none-eabi/9.2.1/../../../../arm-none-eabi/lib/thumb/v7-m/nofp\libc.a(lib_a-dtoa.o)
 *fill*         0x000053ec        0x4 ff
 .text._dtoa_r  0x000053f0      0xe8c d:/mcuxpressoide_11.2.0_4120/ide/plugins/com.nxp.mcuxpresso.tools.win32_11.2.0.202001021529/tools/bin/../lib/gcc/arm-none-eabi/9.2.1/../../../../arm-none-eabi/lib/thumb/v7-m/nofp\libc.a(lib_a-dtoa.o)
                0x000053f0                _dtoa_r
 .text.__sflush_r
                0x0000627c      0x130 d:/mcuxpressoide_11.2.0_4120/ide/plugins/com.nxp.mcuxpresso.tools.win32_11.2.0.202001021529/tools/bin/../lib/gcc/arm-none-eabi/9.2.1/../../../../arm-none-eabi/lib/thumb/v7-m/nofp\libc.a(lib_a-fflush.o)
                0x0000627c                __sflush_r
 .text._fflush_r
                0x000063ac       0x5c d:/mcuxpressoide_11.2.0_4120/ide/plugins/com.nxp.mcuxpresso.tools.win32_11.2.0.202001021529/tools/bin/../lib/gcc/arm-none-eabi/9.2.1/../../../../arm-none-eabi/lib/thumb/v7-m/nofp\libc.a(lib_a-fflush.o)
                0x000063ac                _fflush_r
 .text.std      0x00006408       0x50 d:/mcuxpressoide_11.2.0_4120/ide/plugins/com.nxp.mcuxpresso.tools.win32_11.2.0.202001021529/tools/bin/../lib/gcc/arm-none-eabi/9.2.1/../../../../arm-none-eabi/lib/thumb/v7-m/nofp\libc.a(lib_a-findfp.o)
 .text._cleanup_r
                0x00006458        0xc d:/mcuxpressoide_11.2.0_4120/ide/plugins/com.nxp.mcuxpresso.tools.win32_11.2.0.202001021529/tools/bin/../lib/gcc/arm-none-eabi/9.2.1/../../../../arm-none-eabi/lib/thumb/v7-m/nofp\libc.a(lib_a-findfp.o)
                0x00006458                _cleanup_r
 .text.__sinit  0x00006464       0x5c d:/mcuxpressoide_11.2.0_4120/ide/plugins/com.nxp.mcuxpresso.tools.win32_11.2.0.202001021529/tools/bin/../lib/gcc/arm-none-eabi/9.2.1/../../../../arm-none-eabi/lib/thumb/v7-m/nofp\libc.a(lib_a-findfp.o)
                0x00006464                __sinit
 .text.__sfp_lock_acquire
                0x000064c0        0xc d:/mcuxpressoide_11.2.0_4120/ide/plugins/com.nxp.mcuxpresso.tools.win32_11.2.0.202001021529/tools/bin/../lib/gcc/arm-none-eabi/9.2.1/../../../../arm-none-eabi/lib/thumb/v7-m/nofp\libc.a(lib_a-findfp.o)
                0x000064c0                __sfp_lock_acquire
 .text.__sfp_lock_release
                0x000064cc        0xc d:/mcuxpressoide_11.2.0_4120/ide/plugins/com.nxp.mcuxpresso.tools.win32_11.2.0.202001021529/tools/bin/../lib/gcc/arm-none-eabi/9.2.1/../../../../arm-none-eabi/lib/thumb/v7-m/nofp\libc.a(lib_a-findfp.o)
                0x000064cc                __sfp_lock_release
 .text._malloc_trim_r
                0x000064d8       0xa0 d:/mcuxpressoide_11.2.0_4120/ide/plugins/com.nxp.mcuxpresso.tools.win32_11.2.0.202001021529/tools/bin/../lib/gcc/arm-none-eabi/9.2.1/../../../../arm-none-eabi/lib/thumb/v7-m/nofp\libc.a(lib_a-freer.o)
                0x000064d8                _malloc_trim_r
 .text._free_r  0x00006578      0x20c d:/mcuxpressoide_11.2.0_4120/ide/plugins/com.nxp.mcuxpresso.tools.win32_11.2.0.202001021529/tools/bin/../lib/gcc/arm-none-eabi/9.2.1/../../../../arm-none-eabi/lib/thumb/v7-m/nofp\libc.a(lib_a-freer.o)
                0x00006578                _free_r
 .text._fwalk_reent
                0x00006784       0x48 d:/mcuxpressoide_11.2.0_4120/ide/plugins/com.nxp.mcuxpresso.tools.win32_11.2.0.202001021529/tools/bin/../lib/gcc/arm-none-eabi/9.2.1/../../../../arm-none-eabi/lib/thumb/v7-m/nofp\libc.a(lib_a-fwalk.o)
                0x00006784                _fwalk_reent
 .text._localeconv_r
                0x000067cc        0x8 d:/mcuxpressoide_11.2.0_4120/ide/plugins/com.nxp.mcuxpresso.tools.win32_11.2.0.202001021529/tools/bin/../lib/gcc/arm-none-eabi/9.2.1/../../../../arm-none-eabi/lib/thumb/v7-m/nofp\libc.a(lib_a-localeconv.o)
                0x000067cc                _localeconv_r
 .text.__retarget_lock_init_recursive
                0x000067d4        0x4 d:/mcuxpressoide_11.2.0_4120/ide/plugins/com.nxp.mcuxpresso.tools.win32_11.2.0.202001021529/tools/bin/../lib/gcc/arm-none-eabi/9.2.1/../../../../arm-none-eabi/lib/thumb/v7-m/nofp\libc.a(lib_a-lock.o)
                0x000067d4                __retarget_lock_init_recursive
 .text.__retarget_lock_close_recursive
                0x000067d8        0x4 d:/mcuxpressoide_11.2.0_4120/ide/plugins/com.nxp.mcuxpresso.tools.win32_11.2.0.202001021529/tools/bin/../lib/gcc/arm-none-eabi/9.2.1/../../../../arm-none-eabi/lib/thumb/v7-m/nofp\libc.a(lib_a-lock.o)
                0x000067d8                __retarget_lock_close_recursive
 .text.__retarget_lock_acquire_recursive
                0x000067dc        0x4 d:/mcuxpressoide_11.2.0_4120/ide/plugins/com.nxp.mcuxpresso.tools.win32_11.2.0.202001021529/tools/bin/../lib/gcc/arm-none-eabi/9.2.1/../../../../arm-none-eabi/lib/thumb/v7-m/nofp\libc.a(lib_a-lock.o)
                0x000067dc                __retarget_lock_acquire_recursive
 .text.__retarget_lock_release_recursive
                0x000067e0        0x4 d:/mcuxpressoide_11.2.0_4120/ide/plugins/com.nxp.mcuxpresso.tools.win32_11.2.0.202001021529/tools/bin/../lib/gcc/arm-none-eabi/9.2.1/../../../../arm-none-eabi/lib/thumb/v7-m/nofp\libc.a(lib_a-lock.o)
                0x000067e0                __retarget_lock_release_recursive
 .text.__swhatbuf_r
                0x000067e4       0x5c d:/mcuxpressoide_11.2.0_4120/ide/plugins/com.nxp.mcuxpresso.tools.win32_11.2.0.202001021529/tools/bin/../lib/gcc/arm-none-eabi/9.2.1/../../../../arm-none-eabi/lib/thumb/v7-m/nofp\libc.a(lib_a-makebuf.o)
                0x000067e4                __swhatbuf_r
 .text.__smakebuf_r
                0x00006840       0x94 d:/mcuxpressoide_11.2.0_4120/ide/plugins/com.nxp.mcuxpresso.tools.win32_11.2.0.202001021529/tools/bin/../lib/gcc/arm-none-eabi/9.2.1/../../../../arm-none-eabi/lib/thumb/v7-m/nofp\libc.a(lib_a-makebuf.o)
                0x00006840                __smakebuf_r
 .text.memchr   0x000068d4       0x80 d:/mcuxpressoide_11.2.0_4120/ide/plugins/com.nxp.mcuxpresso.tools.win32_11.2.0.202001021529/tools/bin/../lib/gcc/arm-none-eabi/9.2.1/../../../../arm-none-eabi/lib/thumb/v7-m/nofp\libc.a(lib_a-memchr-stub.o)
                0x000068d4                memchr
 .text._Balloc  0x00006954       0x4c d:/mcuxpressoide_11.2.0_4120/ide/plugins/com.nxp.mcuxpresso.tools.win32_11.2.0.202001021529/tools/bin/../lib/gcc/arm-none-eabi/9.2.1/../../../../arm-none-eabi/lib/thumb/v7-m/nofp\libc.a(lib_a-mprec.o)
                0x00006954                _Balloc
 .text._Bfree   0x000069a0       0x14 d:/mcuxpressoide_11.2.0_4120/ide/plugins/com.nxp.mcuxpresso.tools.win32_11.2.0.202001021529/tools/bin/../lib/gcc/arm-none-eabi/9.2.1/../../../../arm-none-eabi/lib/thumb/v7-m/nofp\libc.a(lib_a-mprec.o)
                0x000069a0                _Bfree
 .text.__multadd
                0x000069b4       0x7c d:/mcuxpressoide_11.2.0_4120/ide/plugins/com.nxp.mcuxpresso.tools.win32_11.2.0.202001021529/tools/bin/../lib/gcc/arm-none-eabi/9.2.1/../../../../arm-none-eabi/lib/thumb/v7-m/nofp\libc.a(lib_a-mprec.o)
                0x000069b4                __multadd
 .text.__hi0bits
                0x00006a30       0x40 d:/mcuxpressoide_11.2.0_4120/ide/plugins/com.nxp.mcuxpresso.tools.win32_11.2.0.202001021529/tools/bin/../lib/gcc/arm-none-eabi/9.2.1/../../../../arm-none-eabi/lib/thumb/v7-m/nofp\libc.a(lib_a-mprec.o)
                0x00006a30                __hi0bits
 .text.__lo0bits
                0x00006a70       0x60 d:/mcuxpressoide_11.2.0_4120/ide/plugins/com.nxp.mcuxpresso.tools.win32_11.2.0.202001021529/tools/bin/../lib/gcc/arm-none-eabi/9.2.1/../../../../arm-none-eabi/lib/thumb/v7-m/nofp\libc.a(lib_a-mprec.o)
                0x00006a70                __lo0bits
 .text.__i2b    0x00006ad0       0x14 d:/mcuxpressoide_11.2.0_4120/ide/plugins/com.nxp.mcuxpresso.tools.win32_11.2.0.202001021529/tools/bin/../lib/gcc/arm-none-eabi/9.2.1/../../../../arm-none-eabi/lib/thumb/v7-m/nofp\libc.a(lib_a-mprec.o)
                0x00006ad0                __i2b
 .text.__multiply
                0x00006ae4      0x144 d:/mcuxpressoide_11.2.0_4120/ide/plugins/com.nxp.mcuxpresso.tools.win32_11.2.0.202001021529/tools/bin/../lib/gcc/arm-none-eabi/9.2.1/../../../../arm-none-eabi/lib/thumb/v7-m/nofp\libc.a(lib_a-mprec.o)
                0x00006ae4                __multiply
 .text.__pow5mult
                0x00006c28       0xa0 d:/mcuxpressoide_11.2.0_4120/ide/plugins/com.nxp.mcuxpresso.tools.win32_11.2.0.202001021529/tools/bin/../lib/gcc/arm-none-eabi/9.2.1/../../../../arm-none-eabi/lib/thumb/v7-m/nofp\libc.a(lib_a-mprec.o)
                0x00006c28                __pow5mult
 .text.__lshift
                0x00006cc8       0xd0 d:/mcuxpressoide_11.2.0_4120/ide/plugins/com.nxp.mcuxpresso.tools.win32_11.2.0.202001021529/tools/bin/../lib/gcc/arm-none-eabi/9.2.1/../../../../arm-none-eabi/lib/thumb/v7-m/nofp\libc.a(lib_a-mprec.o)
                0x00006cc8                __lshift
 .text.__mcmp   0x00006d98       0x3c d:/mcuxpressoide_11.2.0_4120/ide/plugins/com.nxp.mcuxpresso.tools.win32_11.2.0.202001021529/tools/bin/../lib/gcc/arm-none-eabi/9.2.1/../../../../arm-none-eabi/lib/thumb/v7-m/nofp\libc.a(lib_a-mprec.o)
                0x00006d98                __mcmp
 .text.__mdiff  0x00006dd4      0x138 d:/mcuxpressoide_11.2.0_4120/ide/plugins/com.nxp.mcuxpresso.tools.win32_11.2.0.202001021529/tools/bin/../lib/gcc/arm-none-eabi/9.2.1/../../../../arm-none-eabi/lib/thumb/v7-m/nofp\libc.a(lib_a-mprec.o)
                0x00006dd4                __mdiff
 .text.__d2b    0x00006f0c       0xa8 d:/mcuxpressoide_11.2.0_4120/ide/plugins/com.nxp.mcuxpresso.tools.win32_11.2.0.202001021529/tools/bin/../lib/gcc/arm-none-eabi/9.2.1/../../../../arm-none-eabi/lib/thumb/v7-m/nofp\libc.a(lib_a-mprec.o)
                0x00006f0c                __d2b
 .text.frexp    0x00006fb4       0x70 d:/mcuxpressoide_11.2.0_4120/ide/plugins/com.nxp.mcuxpresso.tools.win32_11.2.0.202001021529/tools/bin/../lib/gcc/arm-none-eabi/9.2.1/../../../../arm-none-eabi/lib/thumb/v7-m/nofp\libc.a(lib_a-s_frexp.o)
                0x00006fb4                frexp
 .text.__sread  0x00007024       0x24 d:/mcuxpressoide_11.2.0_4120/ide/plugins/com.nxp.mcuxpresso.tools.win32_11.2.0.202001021529/tools/bin/../lib/gcc/arm-none-eabi/9.2.1/../../../../arm-none-eabi/lib/thumb/v7-m/nofp\libc.a(lib_a-stdio.o)
                0x00007024                __sread
 .text.__swrite
                0x00007048       0x40 d:/mcuxpressoide_11.2.0_4120/ide/plugins/com.nxp.mcuxpresso.tools.win32_11.2.0.202001021529/tools/bin/../lib/gcc/arm-none-eabi/9.2.1/../../../../arm-none-eabi/lib/thumb/v7-m/nofp\libc.a(lib_a-stdio.o)
                0x00007048                __swrite
 .text.__sseek  0x00007088       0x20 d:/mcuxpressoide_11.2.0_4120/ide/plugins/com.nxp.mcuxpresso.tools.win32_11.2.0.202001021529/tools/bin/../lib/gcc/arm-none-eabi/9.2.1/../../../../arm-none-eabi/lib/thumb/v7-m/nofp\libc.a(lib_a-stdio.o)
                0x00007088                __sseek
 .text.__sclose
                0x000070a8        0x8 d:/mcuxpressoide_11.2.0_4120/ide/plugins/com.nxp.mcuxpresso.tools.win32_11.2.0.202001021529/tools/bin/../lib/gcc/arm-none-eabi/9.2.1/../../../../arm-none-eabi/lib/thumb/v7-m/nofp\libc.a(lib_a-stdio.o)
                0x000070a8                __sclose
 .text.strncpy  0x000070b0       0x68 d:/mcuxpressoide_11.2.0_4120/ide/plugins/com.nxp.mcuxpresso.tools.win32_11.2.0.202001021529/tools/bin/../lib/gcc/arm-none-eabi/9.2.1/../../../../arm-none-eabi/lib/thumb/v7-m/nofp\libc.a(lib_a-strncpy.o)
                0x000070b0                strncpy
 .text.__sprint_r.part.0
                0x00007118       0x78 d:/mcuxpressoide_11.2.0_4120/ide/plugins/com.nxp.mcuxpresso.tools.win32_11.2.0.202001021529/tools/bin/../lib/gcc/arm-none-eabi/9.2.1/../../../../arm-none-eabi/lib/thumb/v7-m/nofp\libc.a(lib_a-vfiprintf.o)
 .text.__sprint_r
                0x00007190       0x14 d:/mcuxpressoide_11.2.0_4120/ide/plugins/com.nxp.mcuxpresso.tools.win32_11.2.0.202001021529/tools/bin/../lib/gcc/arm-none-eabi/9.2.1/../../../../arm-none-eabi/lib/thumb/v7-m/nofp\libc.a(lib_a-vfiprintf.o)
                0x00007190                __sprint_r
 .text._write_r
                0x000071a4       0x2c d:/mcuxpressoide_11.2.0_4120/ide/plugins/com.nxp.mcuxpresso.tools.win32_11.2.0.202001021529/tools/bin/../lib/gcc/arm-none-eabi/9.2.1/../../../../arm-none-eabi/lib/thumb/v7-m/nofp\libc.a(lib_a-writer.o)
                0x000071a4                _write_r
 .text._calloc_r
                0x000071d0       0x60 d:/mcuxpressoide_11.2.0_4120/ide/plugins/com.nxp.mcuxpresso.tools.win32_11.2.0.202001021529/tools/bin/../lib/gcc/arm-none-eabi/9.2.1/../../../../arm-none-eabi/lib/thumb/v7-m/nofp\libc.a(lib_a-callocr.o)
                0x000071d0                _calloc_r
 .text._close_r
                0x00007230       0x24 d:/mcuxpressoide_11.2.0_4120/ide/plugins/com.nxp.mcuxpresso.tools.win32_11.2.0.202001021529/tools/bin/../lib/gcc/arm-none-eabi/9.2.1/../../../../arm-none-eabi/lib/thumb/v7-m/nofp\libc.a(lib_a-closer.o)
                0x00007230                _close_r
 .text._fclose_r
                0x00007254       0xcc d:/mcuxpressoide_11.2.0_4120/ide/plugins/com.nxp.mcuxpresso.tools.win32_11.2.0.202001021529/tools/bin/../lib/gcc/arm-none-eabi/9.2.1/../../../../arm-none-eabi/lib/thumb/v7-m/nofp\libc.a(lib_a-fclose.o)
                0x00007254                _fclose_r
 .text.__fputwc
                0x00007320       0xa0 d:/mcuxpressoide_11.2.0_4120/ide/plugins/com.nxp.mcuxpresso.tools.win32_11.2.0.202001021529/tools/bin/../lib/gcc/arm-none-eabi/9.2.1/../../../../arm-none-eabi/lib/thumb/v7-m/nofp\libc.a(lib_a-fputwc.o)
                0x00007320                __fputwc
 .text._fputwc_r
                0x000073c0       0x68 d:/mcuxpressoide_11.2.0_4120/ide/plugins/com.nxp.mcuxpresso.tools.win32_11.2.0.202001021529/tools/bin/../lib/gcc/arm-none-eabi/9.2.1/../../../../arm-none-eabi/lib/thumb/v7-m/nofp\libc.a(lib_a-fputwc.o)
                0x000073c0                _fputwc_r
 .text._fstat_r
                0x00007428       0x2c d:/mcuxpressoide_11.2.0_4120/ide/plugins/com.nxp.mcuxpresso.tools.win32_11.2.0.202001021529/tools/bin/../lib/gcc/arm-none-eabi/9.2.1/../../../../arm-none-eabi/lib/thumb/v7-m/nofp\libc.a(lib_a-fstatr.o)
                0x00007428                _fstat_r
 .text.__sfvwrite_r
                0x00007454      0x2ec d:/mcuxpressoide_11.2.0_4120/ide/plugins/com.nxp.mcuxpresso.tools.win32_11.2.0.202001021529/tools/bin/../lib/gcc/arm-none-eabi/9.2.1/../../../../arm-none-eabi/lib/thumb/v7-m/nofp\libc.a(lib_a-fvwrite.o)
                0x00007454                __sfvwrite_r
 .text._isatty_r
                0x00007740       0x24 d:/mcuxpressoide_11.2.0_4120/ide/plugins/com.nxp.mcuxpresso.tools.win32_11.2.0.202001021529/tools/bin/../lib/gcc/arm-none-eabi/9.2.1/../../../../arm-none-eabi/lib/thumb/v7-m/nofp\libc.a(lib_a-isattyr.o)
                0x00007740                _isatty_r
 .text.__locale_mb_cur_max
                0x00007764        0xc d:/mcuxpressoide_11.2.0_4120/ide/plugins/com.nxp.mcuxpresso.tools.win32_11.2.0.202001021529/tools/bin/../lib/gcc/arm-none-eabi/9.2.1/../../../../arm-none-eabi/lib/thumb/v7-m/nofp\libc.a(lib_a-locale.o)
                0x00007764                __locale_mb_cur_max
 .text._lseek_r
                0x00007770       0x2c d:/mcuxpressoide_11.2.0_4120/ide/plugins/com.nxp.mcuxpresso.tools.win32_11.2.0.202001021529/tools/bin/../lib/gcc/arm-none-eabi/9.2.1/../../../../arm-none-eabi/lib/thumb/v7-m/nofp\libc.a(lib_a-lseekr.o)
                0x00007770                _lseek_r
 .text.__ascii_mbtowc
                0x0000779c       0x2c d:/mcuxpressoide_11.2.0_4120/ide/plugins/com.nxp.mcuxpresso.tools.win32_11.2.0.202001021529/tools/bin/../lib/gcc/arm-none-eabi/9.2.1/../../../../arm-none-eabi/lib/thumb/v7-m/nofp\libc.a(lib_a-mbtowc_r.o)
                0x0000779c                __ascii_mbtowc
 .text.memmove  0x000077c8       0xd4 d:/mcuxpressoide_11.2.0_4120/ide/plugins/com.nxp.mcuxpresso.tools.win32_11.2.0.202001021529/tools/bin/../lib/gcc/arm-none-eabi/9.2.1/../../../../arm-none-eabi/lib/thumb/v7-m/nofp\libc.a(lib_a-memmove.o)
                0x000077c8                memmove
 .text._read_r  0x0000789c       0x2c d:/mcuxpressoide_11.2.0_4120/ide/plugins/com.nxp.mcuxpresso.tools.win32_11.2.0.202001021529/tools/bin/../lib/gcc/arm-none-eabi/9.2.1/../../../../arm-none-eabi/lib/thumb/v7-m/nofp\libc.a(lib_a-readr.o)
                0x0000789c                _read_r
 .text._realloc_r
                0x000078c8      0x3e0 d:/mcuxpressoide_11.2.0_4120/ide/plugins/com.nxp.mcuxpresso.tools.win32_11.2.0.202001021529/tools/bin/../lib/gcc/arm-none-eabi/9.2.1/../../../../arm-none-eabi/lib/thumb/v7-m/nofp\libc.a(lib_a-reallocr.o)
                0x000078c8                _realloc_r
 .text.__swbuf_r
                0x00007ca8       0xb0 d:/mcuxpressoide_11.2.0_4120/ide/plugins/com.nxp.mcuxpresso.tools.win32_11.2.0.202001021529/tools/bin/../lib/gcc/arm-none-eabi/9.2.1/../../../../arm-none-eabi/lib/thumb/v7-m/nofp\libc.a(lib_a-wbuf.o)
                0x00007ca8                __swbuf_r
 .text._wcrtomb_r
                0x00007d58       0x3c d:/mcuxpressoide_11.2.0_4120/ide/plugins/com.nxp.mcuxpresso.tools.win32_11.2.0.202001021529/tools/bin/../lib/gcc/arm-none-eabi/9.2.1/../../../../arm-none-eabi/lib/thumb/v7-m/nofp\libc.a(lib_a-wcrtomb.o)
                0x00007d58                _wcrtomb_r
 .text.__ascii_wctomb
                0x00007d94       0x1c d:/mcuxpressoide_11.2.0_4120/ide/plugins/com.nxp.mcuxpresso.tools.win32_11.2.0.202001021529/tools/bin/../lib/gcc/arm-none-eabi/9.2.1/../../../../arm-none-eabi/lib/thumb/v7-m/nofp\libc.a(lib_a-wctomb_r.o)
                0x00007d94                __ascii_wctomb
 .text._sbrk    0x00007db0       0x3c d:/mcuxpressoide_11.2.0_4120/ide/plugins/com.nxp.mcuxpresso.tools.win32_11.2.0.202001021529/tools/bin/../lib/gcc/arm-none-eabi/9.2.1/../../../../arm-none-eabi/lib/thumb/v7-m/nofp\libcr_newlib_nohost.a(_cr_sbrk.o)
                0x00007db0                _sbrk
 .text._close   0x00007dec       0x10 d:/mcuxpressoide_11.2.0_4120/ide/plugins/com.nxp.mcuxpresso.tools.win32_11.2.0.202001021529/tools/bin/../lib/gcc/arm-none-eabi/9.2.1/../../../../arm-none-eabi/lib/thumb/v7-m/nofp\libcr_newlib_nohost.a(close.o)
                0x00007dec                _close
 .text._fstat   0x00007dfc       0x10 d:/mcuxpressoide_11.2.0_4120/ide/plugins/com.nxp.mcuxpresso.tools.win32_11.2.0.202001021529/tools/bin/../lib/gcc/arm-none-eabi/9.2.1/../../../../arm-none-eabi/lib/thumb/v7-m/nofp\libcr_newlib_nohost.a(fstat.o)
                0x00007dfc                _fstat
 .text._isatty  0x00007e0c       0x10 d:/mcuxpressoide_11.2.0_4120/ide/plugins/com.nxp.mcuxpresso.tools.win32_11.2.0.202001021529/tools/bin/../lib/gcc/arm-none-eabi/9.2.1/../../../../arm-none-eabi/lib/thumb/v7-m/nofp\libcr_newlib_nohost.a(isatty.o)
                0x00007e0c                _isatty
 .text._lseek   0x00007e1c       0x10 d:/mcuxpressoide_11.2.0_4120/ide/plugins/com.nxp.mcuxpresso.tools.win32_11.2.0.202001021529/tools/bin/../lib/gcc/arm-none-eabi/9.2.1/../../../../arm-none-eabi/lib/thumb/v7-m/nofp\libcr_newlib_nohost.a(lseek.o)
                0x00007e1c                _lseek
 .text.__check_heap_overflow
                0x00007e2c       0x14 d:/mcuxpressoide_11.2.0_4120/ide/plugins/com.nxp.mcuxpresso.tools.win32_11.2.0.202001021529/tools/bin/../lib/gcc/arm-none-eabi/9.2.1/../../../../arm-none-eabi/lib/thumb/v7-m/nofp\libcr_newlib_nohost.a(_cr_check_heap.o)
                0x00007e2c                __check_heap_overflow
 .text          0x00007e40       0x40 d:/mcuxpressoide_11.2.0_4120/ide/plugins/com.nxp.mcuxpresso.tools.win32_11.2.0.202001021529/tools/bin/../lib/gcc/arm-none-eabi/9.2.1/thumb/v7-m/nofp\crtbegin.o
 .text          0x00007e80      0x110 d:/mcuxpressoide_11.2.0_4120/ide/plugins/com.nxp.mcuxpresso.tools.win32_11.2.0.202001021529/tools/bin/../lib/gcc/arm-none-eabi/9.2.1/thumb/v7-m/nofp\libgcc.a(_arm_cmpdf2.o)
                0x00007e80                __gtdf2
                0x00007e80                __gedf2
                0x00007e88                __ltdf2
                0x00007e88                __ledf2
                0x00007e90                __nedf2
                0x00007e90                __eqdf2
                0x00007e90                __cmpdf2
                0x00007f0c                __aeabi_cdrcmple
                0x00007f1c                __aeabi_cdcmpeq
                0x00007f1c                __aeabi_cdcmple
                0x00007f2c                __aeabi_dcmpeq
                0x00007f40                __aeabi_dcmplt
                0x00007f54                __aeabi_dcmple
                0x00007f68                __aeabi_dcmpge
                0x00007f7c                __aeabi_dcmpgt
 .text          0x00007f90       0x2c d:/mcuxpressoide_11.2.0_4120/ide/plugins/com.nxp.mcuxpresso.tools.win32_11.2.0.202001021529/tools/bin/../lib/gcc/arm-none-eabi/9.2.1/thumb/v7-m/nofp\libgcc.a(_arm_unorddf2.o)
                0x00007f90                __unorddf2
                0x00007f90                __aeabi_dcmpun
 .text          0x00007fbc       0x50 d:/mcuxpressoide_11.2.0_4120/ide/plugins/com.nxp.mcuxpresso.tools.win32_11.2.0.202001021529/tools/bin/../lib/gcc/arm-none-eabi/9.2.1/thumb/v7-m/nofp\libgcc.a(_arm_fixdfsi.o)
                0x00007fbc                __aeabi_d2iz
                0x00007fbc                __fixdfsi
 .text.__errno  0x0000800c        0xc d:/mcuxpressoide_11.2.0_4120/ide/plugins/com.nxp.mcuxpresso.tools.win32_11.2.0.202001021529/tools/bin/../lib/gcc/arm-none-eabi/9.2.1/../../../../arm-none-eabi/lib/thumb/v7-m/nofp\libc.a(lib_a-errno.o)
                0x0000800c                __errno
 *(.rodata .rodata.* .constdata .constdata.*)
 .rodata._ZL9vUARTTaskPv.str1.4
                0x00008018        0xc ./src/XY_plotter_project.o
 .rodata.main.str1.4
                0x00008024       0x22 ./src/XY_plotter_project.o
 *fill*         0x00008046        0x2 ff
 .rodata.OscRateIn
                0x00008048        0x4 C:\Users\Santeri Rauhala\Documents\MCUXpressoIDE_11.2.0_4120\workspace\lpc_board_nxp_lpcxpresso_1549\Debug\liblpc_board_nxp_lpcxpresso_1549.a(board.o)
                0x00008048                OscRateIn
 .rodata.RTCOscRateIn
                0x0000804c        0x4 C:\Users\Santeri Rauhala\Documents\MCUXpressoIDE_11.2.0_4120\workspace\lpc_board_nxp_lpcxpresso_1549\Debug\liblpc_board_nxp_lpcxpresso_1549.a(board.o)
                0x0000804c                RTCOscRateIn
 .rodata.ledpins
                0x00008050        0x3 C:\Users\Santeri Rauhala\Documents\MCUXpressoIDE_11.2.0_4120\workspace\lpc_board_nxp_lpcxpresso_1549\Debug\liblpc_board_nxp_lpcxpresso_1549.a(board.o)
 *fill*         0x00008053        0x1 ff
 .rodata.ledports
                0x00008054        0x3 C:\Users\Santeri Rauhala\Documents\MCUXpressoIDE_11.2.0_4120\workspace\lpc_board_nxp_lpcxpresso_1549\Debug\liblpc_board_nxp_lpcxpresso_1549.a(board.o)
 *fill*         0x00008057        0x1 ff
 .rodata.ioconSetup
                0x00008058       0x74 C:\Users\Santeri Rauhala\Documents\MCUXpressoIDE_11.2.0_4120\workspace\lpc_board_nxp_lpcxpresso_1549\Debug\liblpc_board_nxp_lpcxpresso_1549.a(board_sysinit.o)
 .rodata.swmSetup
                0x000080cc        0x6 C:\Users\Santeri Rauhala\Documents\MCUXpressoIDE_11.2.0_4120\workspace\lpc_board_nxp_lpcxpresso_1549\Debug\liblpc_board_nxp_lpcxpresso_1549.a(board_sysinit.o)
 *fill*         0x000080d2        0x2 ff
 .rodata.vTaskStartScheduler.str1.4
                0x000080d4        0x5 C:\Users\Santeri Rauhala\Documents\MCUXpressoIDE_11.2.0_4120\workspace\FreeRTOS\Debug\libFreeRTOS.a(tasks.o)
 *fill*         0x000080d9        0x3 ff
 .rodata        0x000080dc       0x10 C:\Users\Santeri Rauhala\Documents\MCUXpressoIDE_11.2.0_4120\workspace\FreeRTOS\Debug\libFreeRTOS.a(tasks.o)
                0x000080dc                FreeRTOSDebugConfig
 .rodata._vfprintf_r.str1.4
                0x000080ec       0x42 d:/mcuxpressoide_11.2.0_4120/ide/plugins/com.nxp.mcuxpresso.tools.win32_11.2.0.202001021529/tools/bin/../lib/gcc/arm-none-eabi/9.2.1/../../../../arm-none-eabi/lib/thumb/v7-m/nofp\libc.a(lib_a-vfprintf.o)
 *fill*         0x0000812e        0x2 ff
 .rodata.blanks.7360
                0x00008130       0x10 d:/mcuxpressoide_11.2.0_4120/ide/plugins/com.nxp.mcuxpresso.tools.win32_11.2.0.202001021529/tools/bin/../lib/gcc/arm-none-eabi/9.2.1/../../../../arm-none-eabi/lib/thumb/v7-m/nofp\libc.a(lib_a-vfprintf.o)
 .rodata.zeroes.7361
                0x00008140       0x10 d:/mcuxpressoide_11.2.0_4120/ide/plugins/com.nxp.mcuxpresso.tools.win32_11.2.0.202001021529/tools/bin/../lib/gcc/arm-none-eabi/9.2.1/../../../../arm-none-eabi/lib/thumb/v7-m/nofp\libc.a(lib_a-vfprintf.o)
 .rodata._dtoa_r.str1.4
                0x00008150        0xd d:/mcuxpressoide_11.2.0_4120/ide/plugins/com.nxp.mcuxpresso.tools.win32_11.2.0.202001021529/tools/bin/../lib/gcc/arm-none-eabi/9.2.1/../../../../arm-none-eabi/lib/thumb/v7-m/nofp\libc.a(lib_a-dtoa.o)
                                 0x12 (size before relaxing)
 *fill*         0x0000815d        0x3 ff
 .rodata.__mprec_bigtens
                0x00008160       0x28 d:/mcuxpressoide_11.2.0_4120/ide/plugins/com.nxp.mcuxpresso.tools.win32_11.2.0.202001021529/tools/bin/../lib/gcc/arm-none-eabi/9.2.1/../../../../arm-none-eabi/lib/thumb/v7-m/nofp\libc.a(lib_a-mprec.o)
                0x00008160                __mprec_bigtens
 .rodata.__mprec_tens
                0x00008188       0xc8 d:/mcuxpressoide_11.2.0_4120/ide/plugins/com.nxp.mcuxpresso.tools.win32_11.2.0.202001021529/tools/bin/../lib/gcc/arm-none-eabi/9.2.1/../../../../arm-none-eabi/lib/thumb/v7-m/nofp\libc.a(lib_a-mprec.o)
                0x00008188                __mprec_tens
 .rodata.p05.6115
                0x00008250        0xc d:/mcuxpressoide_11.2.0_4120/ide/plugins/com.nxp.mcuxpresso.tools.win32_11.2.0.202001021529/tools/bin/../lib/gcc/arm-none-eabi/9.2.1/../../../../arm-none-eabi/lib/thumb/v7-m/nofp\libc.a(lib_a-mprec.o)
 .rodata._setlocale_r.str1.4
                0x0000825c        0xa d:/mcuxpressoide_11.2.0_4120/ide/plugins/com.nxp.mcuxpresso.tools.win32_11.2.0.202001021529/tools/bin/../lib/gcc/arm-none-eabi/9.2.1/../../../../arm-none-eabi/lib/thumb/v7-m/nofp\libc.a(lib_a-locale.o)
                                  0xd (size before relaxing)
 *fill*         0x00008266        0x2 ff
 .rodata.str1.4
                0x00008268        0x2 d:/mcuxpressoide_11.2.0_4120/ide/plugins/com.nxp.mcuxpresso.tools.win32_11.2.0.202001021529/tools/bin/../lib/gcc/arm-none-eabi/9.2.1/../../../../arm-none-eabi/lib/thumb/v7-m/nofp\libc.a(lib_a-locale.o)
 *fill*         0x0000826a        0x2 ff
 .rodata._ctype_
                0x0000826c      0x101 d:/mcuxpressoide_11.2.0_4120/ide/plugins/com.nxp.mcuxpresso.tools.win32_11.2.0.202001021529/tools/bin/../lib/gcc/arm-none-eabi/9.2.1/../../../../arm-none-eabi/lib/thumb/v7-m/nofp\libc.a(lib_a-ctype_.o)
                0x0000826c                _ctype_
                0x00008370                . = ALIGN (0x4)
 *fill*         0x0000836d        0x3 ff
                0x00008370                . = ALIGN (0x4)
 *(.init)
 .init          0x00008370        0x4 d:/mcuxpressoide_11.2.0_4120/ide/plugins/com.nxp.mcuxpresso.tools.win32_11.2.0.202001021529/tools/bin/../lib/gcc/arm-none-eabi/9.2.1/thumb/v7-m/nofp\crti.o
                0x00008370                _init
 .init          0x00008374        0x8 d:/mcuxpressoide_11.2.0_4120/ide/plugins/com.nxp.mcuxpresso.tools.win32_11.2.0.202001021529/tools/bin/../lib/gcc/arm-none-eabi/9.2.1/thumb/v7-m/nofp\crtn.o
                0x0000837c                . = ALIGN (0x4)
                0x0000837c                __preinit_array_start = .
 *(.preinit_array)
                0x0000837c                __preinit_array_end = .
                0x0000837c                . = ALIGN (0x4)
                0x0000837c                __init_array_start = .
 *(SORT_BY_NAME(.init_array.*))
 *(.init_array)
 .init_array    0x0000837c        0x4 d:/mcuxpressoide_11.2.0_4120/ide/plugins/com.nxp.mcuxpresso.tools.win32_11.2.0.202001021529/tools/bin/../lib/gcc/arm-none-eabi/9.2.1/thumb/v7-m/nofp\crtbegin.o
                0x00008380                __init_array_end = .
 *(.fini)
 .fini          0x00008380        0x4 d:/mcuxpressoide_11.2.0_4120/ide/plugins/com.nxp.mcuxpresso.tools.win32_11.2.0.202001021529/tools/bin/../lib/gcc/arm-none-eabi/9.2.1/thumb/v7-m/nofp\crti.o
                0x00008380                _fini
 .fini          0x00008384        0x8 d:/mcuxpressoide_11.2.0_4120/ide/plugins/com.nxp.mcuxpresso.tools.win32_11.2.0.202001021529/tools/bin/../lib/gcc/arm-none-eabi/9.2.1/thumb/v7-m/nofp\crtn.o
                0x0000838c                . = ALIGN (0x4)
 *crtbegin.o(.ctors)
 *(EXCLUDE_FILE(*crtend.o) .ctors)
 *(SORT_BY_NAME(.ctors.*))
 *crtend.o(.ctors)
                0x0000838c                . = ALIGN (0x4)
 *crtbegin.o(.dtors)
 *(EXCLUDE_FILE(*crtend.o) .dtors)
 *(SORT_BY_NAME(.dtors.*))
 *crtend.o(.dtors)
                0x0000838c                . = ALIGN (0x4)

.glue_7         0x0000838c        0x0
 .glue_7        0x0000838c        0x0 linker stubs

.glue_7t        0x0000838c        0x0
 .glue_7t       0x0000838c        0x0 linker stubs

.vfp11_veneer   0x0000838c        0x0
 .vfp11_veneer  0x0000838c        0x0 linker stubs

.v4_bx          0x0000838c        0x0
 .v4_bx         0x0000838c        0x0 linker stubs

.iplt           0x0000838c        0x0
 .iplt          0x0000838c        0x0 ./src/XY_plotter_project.o

.ARM.extab
 *(.ARM.extab* .gnu.linkonce.armextab.*)

.ARM.exidx      0x0000838c        0x8
                0x0000838c                __exidx_start = .
 *(.ARM.exidx* .gnu.linkonce.armexidx.*)
 .ARM.exidx     0x0000838c        0x8 d:/mcuxpressoide_11.2.0_4120/ide/plugins/com.nxp.mcuxpresso.tools.win32_11.2.0.202001021529/tools/bin/../lib/gcc/arm-none-eabi/9.2.1/thumb/v7-m/nofp\libgcc.a(_udivmoddi4.o)
                0x00008394                __exidx_end = .
                0x00008394                _etext = .

.rel.dyn        0x00008394        0x0
 .rel.iplt      0x00008394        0x0 ./src/XY_plotter_project.o

.eh_frame       0x00008394        0x0
 .eh_frame      0x00008394        0x0 d:/mcuxpressoide_11.2.0_4120/ide/plugins/com.nxp.mcuxpresso.tools.win32_11.2.0.202001021529/tools/bin/../lib/gcc/arm-none-eabi/9.2.1/thumb/v7-m/nofp\crtbegin.o

.data_RAM2      0x02008000        0x0 load address 0x00008394
 FILL mask 0xff
                [!provide]                PROVIDE (__start_data_RAM2 = .)
                [!provide]                PROVIDE (__start_data_Ram2_4 = .)
 *(.ramfunc.$RAM2)
 *(.ramfunc.$Ram2_4)
 *(.data.$RAM2)
 *(.data.$Ram2_4)
 *(.data.$RAM2.*)
 *(.data.$Ram2_4.*)
                0x02008000                . = ALIGN (0x4)
                [!provide]                PROVIDE (__end_data_RAM2 = .)
                [!provide]                PROVIDE (__end_data_Ram2_4 = .)

.uninit_RESERVED
                0x02000000        0x0
                0x02000000                _start_uninit_RESERVED = .
 *(.bss.$RESERVED*)
                0x02000000                . = ALIGN (0x4)
                0x02000000                _end_uninit_RESERVED = .

.data           0x02000000      0x9ac load address 0x00008394
 FILL mask 0xff
                0x02000000                _data = .
                [!provide]                PROVIDE (__start_data_RAM = .)
                [!provide]                PROVIDE (__start_data_Ram0_16_32 = .)
 *(vtable)
 *(.ramfunc*)
 *(CodeQuickAccess)
 *(DataQuickAccess)
 *(RamFunction)
 *(.data*)
 .data.uxCriticalNesting
                0x02000000        0x4 C:\Users\Santeri Rauhala\Documents\MCUXpressoIDE_11.2.0_4120\workspace\FreeRTOS\Debug\libFreeRTOS.a(port.o)
 .data._impure_ptr
                0x02000004        0x4 d:/mcuxpressoide_11.2.0_4120/ide/plugins/com.nxp.mcuxpresso.tools.win32_11.2.0.202001021529/tools/bin/../lib/gcc/arm-none-eabi/9.2.1/../../../../arm-none-eabi/lib/thumb/v7-m/nofp\libc.a(lib_a-impure.o)
                0x02000004                _impure_ptr
 .data.impure_data
                0x02000008      0x428 d:/mcuxpressoide_11.2.0_4120/ide/plugins/com.nxp.mcuxpresso.tools.win32_11.2.0.202001021529/tools/bin/../lib/gcc/arm-none-eabi/9.2.1/../../../../arm-none-eabi/lib/thumb/v7-m/nofp\libc.a(lib_a-impure.o)
 .data.__malloc_av_
                0x02000430      0x408 d:/mcuxpressoide_11.2.0_4120/ide/plugins/com.nxp.mcuxpresso.tools.win32_11.2.0.202001021529/tools/bin/../lib/gcc/arm-none-eabi/9.2.1/../../../../arm-none-eabi/lib/thumb/v7-m/nofp\libc.a(lib_a-mallocr.o)
                0x02000430                __malloc_av_
 .data.__malloc_sbrk_base
                0x02000838        0x4 d:/mcuxpressoide_11.2.0_4120/ide/plugins/com.nxp.mcuxpresso.tools.win32_11.2.0.202001021529/tools/bin/../lib/gcc/arm-none-eabi/9.2.1/../../../../arm-none-eabi/lib/thumb/v7-m/nofp\libc.a(lib_a-mallocr.o)
                0x02000838                __malloc_sbrk_base
 .data.__malloc_trim_threshold
                0x0200083c        0x4 d:/mcuxpressoide_11.2.0_4120/ide/plugins/com.nxp.mcuxpresso.tools.win32_11.2.0.202001021529/tools/bin/../lib/gcc/arm-none-eabi/9.2.1/../../../../arm-none-eabi/lib/thumb/v7-m/nofp\libc.a(lib_a-mallocr.o)
                0x0200083c                __malloc_trim_threshold
 .data.__global_locale
                0x02000840      0x16c d:/mcuxpressoide_11.2.0_4120/ide/plugins/com.nxp.mcuxpresso.tools.win32_11.2.0.202001021529/tools/bin/../lib/gcc/arm-none-eabi/9.2.1/../../../../arm-none-eabi/lib/thumb/v7-m/nofp\libc.a(lib_a-locale.o)
                0x02000840                __global_locale
                0x020009ac                . = ALIGN (0x4)
                0x020009ac                _edata = .
                [!provide]                PROVIDE (__end_data_RAM = .)
                [!provide]                PROVIDE (__end_data_Ram0_16_32 = .)

.igot.plt       0x020009ac        0x0 load address 0x00008d40
 .igot.plt      0x020009ac        0x0 ./src/XY_plotter_project.o

.bss_RAM2       0x02008000        0x0
                [!provide]                PROVIDE (__start_bss_RAM2 = .)
                [!provide]                PROVIDE (__start_bss_Ram2_4 = .)
 *(.bss.$RAM2)
 *(.bss.$Ram2_4)
 *(.bss.$RAM2.*)
 *(.bss.$Ram2_4.*)
                0x02008000                . = ALIGN ((. != 0x0)?0x4:0x1)
                [!provide]                PROVIDE (__end_bss_RAM2 = .)
                [!provide]                PROVIDE (__end_bss_Ram2_4 = .)

.bss            0x020009ac      0x1cc
                0x020009ac                _bss = .
                [!provide]                PROVIDE (__start_bss_RAM = .)
                [!provide]                PROVIDE (__start_bss_Ram0_16_32 = .)
 *(.bss*)
 .bss.heapTotalSize_
                0x020009ac        0x4 ./src/heap_lock_monitor.o
                0x020009ac                heapTotalSize_
 .bss.heapAmountUsed_
                0x020009b0        0x4 ./src/heap_lock_monitor.o
                0x020009b0                heapAmountUsed_
 .bss.heapPercentageUsed_
                0x020009b4        0x4 ./src/heap_lock_monitor.o
                0x020009b4                heapPercentageUsed_
 .bss.pxCurrentTCB
                0x020009b8        0x4 C:\Users\Santeri Rauhala\Documents\MCUXpressoIDE_11.2.0_4120\workspace\FreeRTOS\Debug\libFreeRTOS.a(tasks.o)
                0x020009b8                pxCurrentTCB
 .bss.pxReadyTasksLists
                0x020009bc       0xa0 C:\Users\Santeri Rauhala\Documents\MCUXpressoIDE_11.2.0_4120\workspace\FreeRTOS\Debug\libFreeRTOS.a(tasks.o)
 .bss.xDelayedTaskList1
                0x02000a5c       0x14 C:\Users\Santeri Rauhala\Documents\MCUXpressoIDE_11.2.0_4120\workspace\FreeRTOS\Debug\libFreeRTOS.a(tasks.o)
 .bss.xDelayedTaskList2
                0x02000a70       0x14 C:\Users\Santeri Rauhala\Documents\MCUXpressoIDE_11.2.0_4120\workspace\FreeRTOS\Debug\libFreeRTOS.a(tasks.o)
 .bss.pxDelayedTaskList
                0x02000a84        0x4 C:\Users\Santeri Rauhala\Documents\MCUXpressoIDE_11.2.0_4120\workspace\FreeRTOS\Debug\libFreeRTOS.a(tasks.o)
 .bss.pxOverflowDelayedTaskList
                0x02000a88        0x4 C:\Users\Santeri Rauhala\Documents\MCUXpressoIDE_11.2.0_4120\workspace\FreeRTOS\Debug\libFreeRTOS.a(tasks.o)
 .bss.xPendingReadyList
                0x02000a8c       0x14 C:\Users\Santeri Rauhala\Documents\MCUXpressoIDE_11.2.0_4120\workspace\FreeRTOS\Debug\libFreeRTOS.a(tasks.o)
 .bss.xTasksWaitingTermination
                0x02000aa0       0x14 C:\Users\Santeri Rauhala\Documents\MCUXpressoIDE_11.2.0_4120\workspace\FreeRTOS\Debug\libFreeRTOS.a(tasks.o)
 .bss.uxDeletedTasksWaitingCleanUp
                0x02000ab4        0x4 C:\Users\Santeri Rauhala\Documents\MCUXpressoIDE_11.2.0_4120\workspace\FreeRTOS\Debug\libFreeRTOS.a(tasks.o)
 .bss.xSuspendedTaskList
                0x02000ab8       0x14 C:\Users\Santeri Rauhala\Documents\MCUXpressoIDE_11.2.0_4120\workspace\FreeRTOS\Debug\libFreeRTOS.a(tasks.o)
 .bss.uxCurrentNumberOfTasks
                0x02000acc        0x4 C:\Users\Santeri Rauhala\Documents\MCUXpressoIDE_11.2.0_4120\workspace\FreeRTOS\Debug\libFreeRTOS.a(tasks.o)
 .bss.xTickCount
                0x02000ad0        0x4 C:\Users\Santeri Rauhala\Documents\MCUXpressoIDE_11.2.0_4120\workspace\FreeRTOS\Debug\libFreeRTOS.a(tasks.o)
 .bss.uxTopReadyPriority
                0x02000ad4        0x4 C:\Users\Santeri Rauhala\Documents\MCUXpressoIDE_11.2.0_4120\workspace\FreeRTOS\Debug\libFreeRTOS.a(tasks.o)
 .bss.xSchedulerRunning
                0x02000ad8        0x4 C:\Users\Santeri Rauhala\Documents\MCUXpressoIDE_11.2.0_4120\workspace\FreeRTOS\Debug\libFreeRTOS.a(tasks.o)
 .bss.uxPendedTicks
                0x02000adc        0x4 C:\Users\Santeri Rauhala\Documents\MCUXpressoIDE_11.2.0_4120\workspace\FreeRTOS\Debug\libFreeRTOS.a(tasks.o)
 .bss.xYieldPending
                0x02000ae0        0x4 C:\Users\Santeri Rauhala\Documents\MCUXpressoIDE_11.2.0_4120\workspace\FreeRTOS\Debug\libFreeRTOS.a(tasks.o)
 .bss.xNumOfOverflows
                0x02000ae4        0x4 C:\Users\Santeri Rauhala\Documents\MCUXpressoIDE_11.2.0_4120\workspace\FreeRTOS\Debug\libFreeRTOS.a(tasks.o)
 .bss.uxTaskNumber
                0x02000ae8        0x4 C:\Users\Santeri Rauhala\Documents\MCUXpressoIDE_11.2.0_4120\workspace\FreeRTOS\Debug\libFreeRTOS.a(tasks.o)
 .bss.xNextTaskUnblockTime
                0x02000aec        0x4 C:\Users\Santeri Rauhala\Documents\MCUXpressoIDE_11.2.0_4120\workspace\FreeRTOS\Debug\libFreeRTOS.a(tasks.o)
 .bss.xIdleTaskHandle
                0x02000af0        0x4 C:\Users\Santeri Rauhala\Documents\MCUXpressoIDE_11.2.0_4120\workspace\FreeRTOS\Debug\libFreeRTOS.a(tasks.o)
 .bss.uxSchedulerSuspended
                0x02000af4        0x4 C:\Users\Santeri Rauhala\Documents\MCUXpressoIDE_11.2.0_4120\workspace\FreeRTOS\Debug\libFreeRTOS.a(tasks.o)
 .bss.__malloc_current_mallinfo
                0x02000af8       0x28 d:/mcuxpressoide_11.2.0_4120/ide/plugins/com.nxp.mcuxpresso.tools.win32_11.2.0.202001021529/tools/bin/../lib/gcc/arm-none-eabi/9.2.1/../../../../arm-none-eabi/lib/thumb/v7-m/nofp\libc.a(lib_a-mallocr.o)
                0x02000af8                __malloc_current_mallinfo
 .bss.__malloc_max_sbrked_mem
                0x02000b20        0x4 d:/mcuxpressoide_11.2.0_4120/ide/plugins/com.nxp.mcuxpresso.tools.win32_11.2.0.202001021529/tools/bin/../lib/gcc/arm-none-eabi/9.2.1/../../../../arm-none-eabi/lib/thumb/v7-m/nofp\libc.a(lib_a-mallocr.o)
                0x02000b20                __malloc_max_sbrked_mem
 .bss.__malloc_max_total_mem
                0x02000b24        0x4 d:/mcuxpressoide_11.2.0_4120/ide/plugins/com.nxp.mcuxpresso.tools.win32_11.2.0.202001021529/tools/bin/../lib/gcc/arm-none-eabi/9.2.1/../../../../arm-none-eabi/lib/thumb/v7-m/nofp\libc.a(lib_a-mallocr.o)
                0x02000b24                __malloc_max_total_mem
 .bss.__malloc_top_pad
                0x02000b28        0x4 d:/mcuxpressoide_11.2.0_4120/ide/plugins/com.nxp.mcuxpresso.tools.win32_11.2.0.202001021529/tools/bin/../lib/gcc/arm-none-eabi/9.2.1/../../../../arm-none-eabi/lib/thumb/v7-m/nofp\libc.a(lib_a-mallocr.o)
                0x02000b28                __malloc_top_pad
 .bss.__end_of_heap
                0x02000b2c        0x4 d:/mcuxpressoide_11.2.0_4120/ide/plugins/com.nxp.mcuxpresso.tools.win32_11.2.0.202001021529/tools/bin/../lib/gcc/arm-none-eabi/9.2.1/../../../../arm-none-eabi/lib/thumb/v7-m/nofp\libcr_newlib_nohost.a(_cr_sbrk.o)
                0x02000b2c                __end_of_heap
 .bss           0x02000b30       0x1c d:/mcuxpressoide_11.2.0_4120/ide/plugins/com.nxp.mcuxpresso.tools.win32_11.2.0.202001021529/tools/bin/../lib/gcc/arm-none-eabi/9.2.1/thumb/v7-m/nofp\crtbegin.o
 *(COMMON)
 COMMON         0x02000b4c        0x4 C:\Users\Santeri Rauhala\Documents\MCUXpressoIDE_11.2.0_4120\workspace\lpc_chip_15xx\Debug\liblpc_chip_15xx.a(chip_15xx.o)
                0x02000b4c                SystemCoreClock
 COMMON         0x02000b50        0x4 d:/mcuxpressoide_11.2.0_4120/ide/plugins/com.nxp.mcuxpresso.tools.win32_11.2.0.202001021529/tools/bin/../lib/gcc/arm-none-eabi/9.2.1/../../../../arm-none-eabi/lib/thumb/v7-m/nofp\libc.a(lib_a-reent.o)
                0x02000b50                errno
 COMMON         0x02000b54       0x21 d:/mcuxpressoide_11.2.0_4120/ide/plugins/com.nxp.mcuxpresso.tools.win32_11.2.0.202001021529/tools/bin/../lib/gcc/arm-none-eabi/9.2.1/../../../../arm-none-eabi/lib/thumb/v7-m/nofp\libc.a(lib_a-lock.o)
                0x02000b54                __lock___atexit_recursive_mutex
                0x02000b58                __lock___arc4random_mutex
                0x02000b5c                __lock___env_recursive_mutex
                0x02000b60                __lock___sinit_recursive_mutex
                0x02000b64                __lock___malloc_recursive_mutex
                0x02000b68                __lock___at_quick_exit_mutex
                0x02000b6c                __lock___dd_hash_mutex
                0x02000b70                __lock___tz_mutex
                0x02000b74                __lock___sfp_recursive_mutex
                0x02000b78                . = ALIGN (0x4)
 *fill*         0x02000b75        0x3 
                0x02000b78                _ebss = .
                [!provide]                PROVIDE (__end_bss_RAM = .)
                [!provide]                PROVIDE (__end_bss_Ram0_16_32 = .)
                [!provide]                PROVIDE (end = .)

.noinit_RAM2    0x02008000        0x0
                [!provide]                PROVIDE (__start_noinit_RAM2 = .)
                [!provide]                PROVIDE (__start_noinit_Ram2_4 = .)
 *(.noinit.$RAM2)
 *(.noinit.$Ram2_4)
 *(.noinit.$RAM2.*)
 *(.noinit.$Ram2_4.*)
                0x02008000                . = ALIGN (0x4)
                [!provide]                PROVIDE (__end_noinit_RAM2 = .)
                [!provide]                PROVIDE (__end_noinit_Ram2_4 = .)

.noinit         0x02000b78        0x0
                0x02000b78                _noinit = .
                [!provide]                PROVIDE (__start_noinit_RAM = .)
                [!provide]                PROVIDE (__start_noinit_Ram0_16_32 = .)
 *(.noinit*)
                0x02000b78                . = ALIGN (0x4)
                0x02000b78                _end_noinit = .
                [!provide]                PROVIDE (__end_noinit_RAM = .)
                [!provide]                PROVIDE (__end_noinit_Ram0_16_32 = .)
                0x02000b78                PROVIDE (_pvHeapStart = DEFINED (__user_heap_base)?__user_heap_base:.)
                0x02008000                PROVIDE (_vStackTop = DEFINED (__user_stack_top)?__user_stack_top:(__top_Ram0_16_32 - 0x0))
                0xfdff735a                PROVIDE (__valid_user_code_checksum = (0x0 - ((((((_vStackTop + (ResetISR + 0x1)) + (NMI_Handler + 0x1)) + (HardFault_Handler + 0x1)) + (DEFINED (MemManage_Handler)?MemManage_Handler:0x0 + 0x1)) + (DEFINED (BusFault_Handler)?BusFault_Handler:0x0 + 0x1)) + (DEFINED (UsageFault_Handler)?UsageFault_Handler:0x0 + 0x1))))
                0x00000000                _image_start = LOADADDR (.text)
                0x00008d40                _image_end = (LOADADDR (.data) + SIZEOF (.data))
                0x00008d40                _image_size = (_image_end - _image_start)
OUTPUT(XY_plotter_project.axf elf32-littlearm)

.debug_info     0x00000000    0x12057
 .debug_info    0x00000000     0x1195 ./src/XY_plotter_project.o
 .debug_info    0x00001195      0x2a0 ./src/cr_startup_lpc15xx.o
 .debug_info    0x00001435       0x40 ./src/crp.o
 .debug_info    0x00001475      0xc1a ./src/heap_lock_monitor.o
 .debug_info    0x0000208f      0x9fc ./src/sysinit.o
 .debug_info    0x00002a8b     0x145c C:\Users\Santeri Rauhala\Documents\MCUXpressoIDE_11.2.0_4120\workspace\lpc_board_nxp_lpcxpresso_1549\Debug\liblpc_board_nxp_lpcxpresso_1549.a(board.o)
 .debug_info    0x00003ee7     0x1606 C:\Users\Santeri Rauhala\Documents\MCUXpressoIDE_11.2.0_4120\workspace\lpc_board_nxp_lpcxpresso_1549\Debug\liblpc_board_nxp_lpcxpresso_1549.a(board_sysinit.o)
 .debug_info    0x000054ed      0xa44 C:\Users\Santeri Rauhala\Documents\MCUXpressoIDE_11.2.0_4120\workspace\lpc_chip_15xx\Debug\liblpc_chip_15xx.a(chip_15xx.o)
 .debug_info    0x00005f31      0xe46 C:\Users\Santeri Rauhala\Documents\MCUXpressoIDE_11.2.0_4120\workspace\lpc_chip_15xx\Debug\liblpc_chip_15xx.a(clock_15xx.o)
 .debug_info    0x00006d77      0x6d1 C:\Users\Santeri Rauhala\Documents\MCUXpressoIDE_11.2.0_4120\workspace\lpc_chip_15xx\Debug\liblpc_chip_15xx.a(gpio_15xx.o)
 .debug_info    0x00007448      0x29c C:\Users\Santeri Rauhala\Documents\MCUXpressoIDE_11.2.0_4120\workspace\lpc_chip_15xx\Debug\liblpc_chip_15xx.a(iocon_15xx.o)
 .debug_info    0x000076e4      0x69b C:\Users\Santeri Rauhala\Documents\MCUXpressoIDE_11.2.0_4120\workspace\lpc_chip_15xx\Debug\liblpc_chip_15xx.a(swm_15xx.o)
 .debug_info    0x00007d7f      0x802 C:\Users\Santeri Rauhala\Documents\MCUXpressoIDE_11.2.0_4120\workspace\lpc_chip_15xx\Debug\liblpc_chip_15xx.a(sysctl_15xx.o)
 .debug_info    0x00008581      0x7dc C:\Users\Santeri Rauhala\Documents\MCUXpressoIDE_11.2.0_4120\workspace\lpc_chip_15xx\Debug\liblpc_chip_15xx.a(sysinit_15xx.o)
 .debug_info    0x00008d5d      0x9ce C:\Users\Santeri Rauhala\Documents\MCUXpressoIDE_11.2.0_4120\workspace\lpc_chip_15xx\Debug\liblpc_chip_15xx.a(uart_15xx.o)
 .debug_info    0x0000972b     0x278d C:\Users\Santeri Rauhala\Documents\MCUXpressoIDE_11.2.0_4120\workspace\FreeRTOS\Debug\libFreeRTOS.a(tasks.o)
 .debug_info    0x0000beb8      0xa6e C:\Users\Santeri Rauhala\Documents\MCUXpressoIDE_11.2.0_4120\workspace\FreeRTOS\Debug\libFreeRTOS.a(heap_3.o)
 .debug_info    0x0000c926      0xd35 C:\Users\Santeri Rauhala\Documents\MCUXpressoIDE_11.2.0_4120\workspace\FreeRTOS\Debug\libFreeRTOS.a(port.o)
 .debug_info    0x0000d65b      0xb1c C:\Users\Santeri Rauhala\Documents\MCUXpressoIDE_11.2.0_4120\workspace\FreeRTOS\Debug\libFreeRTOS.a(FreeRTOSCommonHooks.o)
 .debug_info    0x0000e177      0xc2f C:\Users\Santeri Rauhala\Documents\MCUXpressoIDE_11.2.0_4120\workspace\FreeRTOS\Debug\libFreeRTOS.a(list.o)
 .debug_info    0x0000eda6      0x9f8 d:/mcuxpressoide_11.2.0_4120/ide/plugins/com.nxp.mcuxpresso.tools.win32_11.2.0.202001021529/tools/bin/../lib/gcc/arm-none-eabi/9.2.1/../../../../arm-none-eabi/lib/thumb/v7-m/nofp\libcr_newlib_nohost.a(_cr_sbrk.o)
 .debug_info    0x0000f79e      0x979 d:/mcuxpressoide_11.2.0_4120/ide/plugins/com.nxp.mcuxpresso.tools.win32_11.2.0.202001021529/tools/bin/../lib/gcc/arm-none-eabi/9.2.1/../../../../arm-none-eabi/lib/thumb/v7-m/nofp\libcr_newlib_nohost.a(close.o)
 .debug_info    0x00010117      0xbbb d:/mcuxpressoide_11.2.0_4120/ide/plugins/com.nxp.mcuxpresso.tools.win32_11.2.0.202001021529/tools/bin/../lib/gcc/arm-none-eabi/9.2.1/../../../../arm-none-eabi/lib/thumb/v7-m/nofp\libcr_newlib_nohost.a(fstat.o)
 .debug_info    0x00010cd2      0x979 d:/mcuxpressoide_11.2.0_4120/ide/plugins/com.nxp.mcuxpresso.tools.win32_11.2.0.202001021529/tools/bin/../lib/gcc/arm-none-eabi/9.2.1/../../../../arm-none-eabi/lib/thumb/v7-m/nofp\libcr_newlib_nohost.a(isatty.o)
 .debug_info    0x0001164b      0x99b d:/mcuxpressoide_11.2.0_4120/ide/plugins/com.nxp.mcuxpresso.tools.win32_11.2.0.202001021529/tools/bin/../lib/gcc/arm-none-eabi/9.2.1/../../../../arm-none-eabi/lib/thumb/v7-m/nofp\libcr_newlib_nohost.a(lseek.o)
 .debug_info    0x00011fe6       0x71 d:/mcuxpressoide_11.2.0_4120/ide/plugins/com.nxp.mcuxpresso.tools.win32_11.2.0.202001021529/tools/bin/../lib/gcc/arm-none-eabi/9.2.1/../../../../arm-none-eabi/lib/thumb/v7-m/nofp\libcr_newlib_nohost.a(_cr_check_heap.o)

.debug_abbrev   0x00000000     0x3685
 .debug_abbrev  0x00000000      0x29d ./src/XY_plotter_project.o
 .debug_abbrev  0x0000029d      0x11a ./src/cr_startup_lpc15xx.o
 .debug_abbrev  0x000003b7       0x38 ./src/crp.o
 .debug_abbrev  0x000003ef      0x250 ./src/heap_lock_monitor.o
 .debug_abbrev  0x0000063f      0x1d9 ./src/sysinit.o
 .debug_abbrev  0x00000818      0x379 C:\Users\Santeri Rauhala\Documents\MCUXpressoIDE_11.2.0_4120\workspace\lpc_board_nxp_lpcxpresso_1549\Debug\liblpc_board_nxp_lpcxpresso_1549.a(board.o)
 .debug_abbrev  0x00000b91      0x344 C:\Users\Santeri Rauhala\Documents\MCUXpressoIDE_11.2.0_4120\workspace\lpc_board_nxp_lpcxpresso_1549\Debug\liblpc_board_nxp_lpcxpresso_1549.a(board_sysinit.o)
 .debug_abbrev  0x00000ed5      0x1ea C:\Users\Santeri Rauhala\Documents\MCUXpressoIDE_11.2.0_4120\workspace\lpc_chip_15xx\Debug\liblpc_chip_15xx.a(chip_15xx.o)
 .debug_abbrev  0x000010bf      0x2e8 C:\Users\Santeri Rauhala\Documents\MCUXpressoIDE_11.2.0_4120\workspace\lpc_chip_15xx\Debug\liblpc_chip_15xx.a(clock_15xx.o)
 .debug_abbrev  0x000013a7      0x1aa C:\Users\Santeri Rauhala\Documents\MCUXpressoIDE_11.2.0_4120\workspace\lpc_chip_15xx\Debug\liblpc_chip_15xx.a(gpio_15xx.o)
 .debug_abbrev  0x00001551      0x160 C:\Users\Santeri Rauhala\Documents\MCUXpressoIDE_11.2.0_4120\workspace\lpc_chip_15xx\Debug\liblpc_chip_15xx.a(iocon_15xx.o)
 .debug_abbrev  0x000016b1      0x183 C:\Users\Santeri Rauhala\Documents\MCUXpressoIDE_11.2.0_4120\workspace\lpc_chip_15xx\Debug\liblpc_chip_15xx.a(swm_15xx.o)
 .debug_abbrev  0x00001834      0x154 C:\Users\Santeri Rauhala\Documents\MCUXpressoIDE_11.2.0_4120\workspace\lpc_chip_15xx\Debug\liblpc_chip_15xx.a(sysctl_15xx.o)
 .debug_abbrev  0x00001988      0x1dd C:\Users\Santeri Rauhala\Documents\MCUXpressoIDE_11.2.0_4120\workspace\lpc_chip_15xx\Debug\liblpc_chip_15xx.a(sysinit_15xx.o)
 .debug_abbrev  0x00001b65      0x224 C:\Users\Santeri Rauhala\Documents\MCUXpressoIDE_11.2.0_4120\workspace\lpc_chip_15xx\Debug\liblpc_chip_15xx.a(uart_15xx.o)
 .debug_abbrev  0x00001d89      0x3ec C:\Users\Santeri Rauhala\Documents\MCUXpressoIDE_11.2.0_4120\workspace\FreeRTOS\Debug\libFreeRTOS.a(tasks.o)
 .debug_abbrev  0x00002175      0x246 C:\Users\Santeri Rauhala\Documents\MCUXpressoIDE_11.2.0_4120\workspace\FreeRTOS\Debug\libFreeRTOS.a(heap_3.o)
 .debug_abbrev  0x000023bb      0x35e C:\Users\Santeri Rauhala\Documents\MCUXpressoIDE_11.2.0_4120\workspace\FreeRTOS\Debug\libFreeRTOS.a(port.o)
 .debug_abbrev  0x00002719      0x2a2 C:\Users\Santeri Rauhala\Documents\MCUXpressoIDE_11.2.0_4120\workspace\FreeRTOS\Debug\libFreeRTOS.a(FreeRTOSCommonHooks.o)
 .debug_abbrev  0x000029bb      0x235 C:\Users\Santeri Rauhala\Documents\MCUXpressoIDE_11.2.0_4120\workspace\FreeRTOS\Debug\libFreeRTOS.a(list.o)
 .debug_abbrev  0x00002bf0      0x24a d:/mcuxpressoide_11.2.0_4120/ide/plugins/com.nxp.mcuxpresso.tools.win32_11.2.0.202001021529/tools/bin/../lib/gcc/arm-none-eabi/9.2.1/../../../../arm-none-eabi/lib/thumb/v7-m/nofp\libcr_newlib_nohost.a(_cr_sbrk.o)
 .debug_abbrev  0x00002e3a      0x1ea d:/mcuxpressoide_11.2.0_4120/ide/plugins/com.nxp.mcuxpresso.tools.win32_11.2.0.202001021529/tools/bin/../lib/gcc/arm-none-eabi/9.2.1/../../../../arm-none-eabi/lib/thumb/v7-m/nofp\libcr_newlib_nohost.a(close.o)
 .debug_abbrev  0x00003024      0x1fd d:/mcuxpressoide_11.2.0_4120/ide/plugins/com.nxp.mcuxpresso.tools.win32_11.2.0.202001021529/tools/bin/../lib/gcc/arm-none-eabi/9.2.1/../../../../arm-none-eabi/lib/thumb/v7-m/nofp\libcr_newlib_nohost.a(fstat.o)
 .debug_abbrev  0x00003221      0x1ea d:/mcuxpressoide_11.2.0_4120/ide/plugins/com.nxp.mcuxpresso.tools.win32_11.2.0.202001021529/tools/bin/../lib/gcc/arm-none-eabi/9.2.1/../../../../arm-none-eabi/lib/thumb/v7-m/nofp\libcr_newlib_nohost.a(isatty.o)
 .debug_abbrev  0x0000340b      0x20f d:/mcuxpressoide_11.2.0_4120/ide/plugins/com.nxp.mcuxpresso.tools.win32_11.2.0.202001021529/tools/bin/../lib/gcc/arm-none-eabi/9.2.1/../../../../arm-none-eabi/lib/thumb/v7-m/nofp\libcr_newlib_nohost.a(lseek.o)
 .debug_abbrev  0x0000361a       0x6b d:/mcuxpressoide_11.2.0_4120/ide/plugins/com.nxp.mcuxpresso.tools.win32_11.2.0.202001021529/tools/bin/../lib/gcc/arm-none-eabi/9.2.1/../../../../arm-none-eabi/lib/thumb/v7-m/nofp\libcr_newlib_nohost.a(_cr_check_heap.o)

.debug_aranges  0x00000000      0x9f0
 .debug_aranges
                0x00000000       0x48 ./src/XY_plotter_project.o
 .debug_aranges
                0x00000048       0x80 ./src/cr_startup_lpc15xx.o
 .debug_aranges
                0x000000c8       0x18 ./src/crp.o
 .debug_aranges
                0x000000e0       0x38 ./src/heap_lock_monitor.o
 .debug_aranges
                0x00000118       0x20 ./src/sysinit.o
 .debug_aranges
                0x00000138       0xd0 C:\Users\Santeri Rauhala\Documents\MCUXpressoIDE_11.2.0_4120\workspace\lpc_board_nxp_lpcxpresso_1549\Debug\liblpc_board_nxp_lpcxpresso_1549.a(board.o)
 .debug_aranges