Archive member included to satisfy reference by file (symbol)

C:\Users\Rasmus\Documents\MCUXpressoIDE_11.2.0_4120\XY_plotter_project\lpc_board_nxp_lpcxpresso_1549\Debug\liblpc_board_nxp_lpcxpresso_1549.a(board.o)
                              ./src/XY_plotter_project.o (Board_LED_Set)
C:\Users\Rasmus\Documents\MCUXpressoIDE_11.2.0_4120\XY_plotter_project\lpc_board_nxp_lpcxpresso_1549\Debug\liblpc_board_nxp_lpcxpresso_1549.a(board_sysinit.o)
                              ./src/sysinit.o (Board_SystemInit)
C:\Users\Rasmus\Documents\MCUXpressoIDE_11.2.0_4120\XY_plotter_project\lpc_chip_15xx\Debug\liblpc_chip_15xx.a(chip_15xx.o)
                              ./src/XY_plotter_project.o (SystemCoreClockUpdate)
C:\Users\Rasmus\Documents\MCUXpressoIDE_11.2.0_4120\XY_plotter_project\lpc_chip_15xx\Debug\liblpc_chip_15xx.a(clock_15xx.o)
                              C:\Users\Rasmus\Documents\MCUXpressoIDE_11.2.0_4120\XY_plotter_project\lpc_board_nxp_lpcxpresso_1549\Debug\liblpc_board_nxp_lpcxpresso_1549.a(board.o) (Chip_Clock_GetMainClockRate)
C:\Users\Rasmus\Documents\MCUXpressoIDE_11.2.0_4120\XY_plotter_project\lpc_chip_15xx\Debug\liblpc_chip_15xx.a(gpio_15xx.o)
                              C:\Users\Rasmus\Documents\MCUXpressoIDE_11.2.0_4120\XY_plotter_project\lpc_board_nxp_lpcxpresso_1549\Debug\liblpc_board_nxp_lpcxpresso_1549.a(board.o) (Chip_GPIO_Init)
C:\Users\Rasmus\Documents\MCUXpressoIDE_11.2.0_4120\XY_plotter_project\lpc_chip_15xx\Debug\liblpc_chip_15xx.a(iocon_15xx.o)
                              C:\Users\Rasmus\Documents\MCUXpressoIDE_11.2.0_4120\XY_plotter_project\lpc_board_nxp_lpcxpresso_1549\Debug\liblpc_board_nxp_lpcxpresso_1549.a(board_sysinit.o) (Chip_IOCON_SetPinMuxing)
C:\Users\Rasmus\Documents\MCUXpressoIDE_11.2.0_4120\XY_plotter_project\lpc_chip_15xx\Debug\liblpc_chip_15xx.a(sct_15xx.o)
                              ./src/XY_plotter_project.o (Chip_SCT_Init)
C:\Users\Rasmus\Documents\MCUXpressoIDE_11.2.0_4120\XY_plotter_project\lpc_chip_15xx\Debug\liblpc_chip_15xx.a(swm_15xx.o)
                              C:\Users\Rasmus\Documents\MCUXpressoIDE_11.2.0_4120\XY_plotter_project\lpc_board_nxp_lpcxpresso_1549\Debug\liblpc_board_nxp_lpcxpresso_1549.a(board.o) (Chip_SWM_MovablePinAssign)
C:\Users\Rasmus\Documents\MCUXpressoIDE_11.2.0_4120\XY_plotter_project\lpc_chip_15xx\Debug\liblpc_chip_15xx.a(sysctl_15xx.o)
                              C:\Users\Rasmus\Documents\MCUXpressoIDE_11.2.0_4120\XY_plotter_project\lpc_board_nxp_lpcxpresso_1549\Debug\liblpc_board_nxp_lpcxpresso_1549.a(board_sysinit.o) (Chip_SYSCTL_AssertPeriphReset)
C:\Users\Rasmus\Documents\MCUXpressoIDE_11.2.0_4120\XY_plotter_project\lpc_chip_15xx\Debug\liblpc_chip_15xx.a(sysinit_15xx.o)
                              C:\Users\Rasmus\Documents\MCUXpressoIDE_11.2.0_4120\XY_plotter_project\lpc_board_nxp_lpcxpresso_1549\Debug\liblpc_board_nxp_lpcxpresso_1549.a(board_sysinit.o) (Chip_SetupXtalClocking)
C:\Users\Rasmus\Documents\MCUXpressoIDE_11.2.0_4120\XY_plotter_project\lpc_chip_15xx\Debug\liblpc_chip_15xx.a(uart_15xx.o)
                              C:\Users\Rasmus\Documents\MCUXpressoIDE_11.2.0_4120\XY_plotter_project\lpc_board_nxp_lpcxpresso_1549\Debug\liblpc_board_nxp_lpcxpresso_1549.a(board.o) (Chip_UART_Init)
C:\Users\Rasmus\Documents\MCUXpressoIDE_11.2.0_4120\XY_plotter_project\lpc_chip_15xx\Debug\liblpc_chip_15xx.a(ring_buffer.o)
                              C:\Users\Rasmus\Documents\MCUXpressoIDE_11.2.0_4120\XY_plotter_project\lpc_chip_15xx\Debug\liblpc_chip_15xx.a(uart_15xx.o) (RingBuffer_Insert)
C:\Users\Rasmus\Documents\MCUXpressoIDE_11.2.0_4120\XY_plotter_project\FreeRTOS\Debug\libFreeRTOS.a(tasks.o)
                              ./src/XY_plotter_project.o (xTaskCreate)
C:\Users\Rasmus\Documents\MCUXpressoIDE_11.2.0_4120\XY_plotter_project\FreeRTOS\Debug\libFreeRTOS.a(heap_3.o)
                              C:\Users\Rasmus\Documents\MCUXpressoIDE_11.2.0_4120\XY_plotter_project\FreeRTOS\Debug\libFreeRTOS.a(tasks.o) (pvPortMalloc)
C:\Users\Rasmus\Documents\MCUXpressoIDE_11.2.0_4120\XY_plotter_project\FreeRTOS\Debug\libFreeRTOS.a(port.o)
                              C:\Users\Rasmus\Documents\MCUXpressoIDE_11.2.0_4120\XY_plotter_project\FreeRTOS\Debug\libFreeRTOS.a(tasks.o) (pxPortInitialiseStack)
C:\Users\Rasmus\Documents\MCUXpressoIDE_11.2.0_4120\XY_plotter_project\FreeRTOS\Debug\libFreeRTOS.a(FreeRTOSCommonHooks.o)
                              C:\Users\Rasmus\Documents\MCUXpressoIDE_11.2.0_4120\XY_plotter_project\FreeRTOS\Debug\libFreeRTOS.a(heap_3.o) (vApplicationMallocFailedHook)
C:\Users\Rasmus\Documents\MCUXpressoIDE_11.2.0_4120\XY_plotter_project\FreeRTOS\Debug\libFreeRTOS.a(list.o)
                              C:\Users\Rasmus\Documents\MCUXpressoIDE_11.2.0_4120\XY_plotter_project\FreeRTOS\Debug\libFreeRTOS.a(tasks.o) (vListInitialise)
c:/nxp/mcuxpressoide_11.2.0_4120/ide/plugins/com.nxp.mcuxpresso.tools.win32_11.2.0.202001021529/tools/bin/../lib/gcc/arm-none-eabi/9.2.1/thumb/v7-m/nofp\libgcc.a(_arm_muldf3.o)
[...]
Memory Configuration

Name             Origin             Length             Attributes
MFlash256        0x00000000         0x00040000         xr
Ram0_16_32       0x02000000         0x00008000         xrw
Ram2_4           0x02008000         0x00001000         xrw
*default*        0x00000000         0xffffffff

Linker script and memory map

LOAD ./src/XY_plotter_project.o
LOAD ./src/cr_cpp_config.o
LOAD ./src/cr_startup_lpc15xx.o
LOAD ./src/crp.o
LOAD ./src/heap_lock_monitor.o
LOAD ./src/sysinit.o
LOAD C:\Users\Rasmus\Documents\MCUXpressoIDE_11.2.0_4120\XY_plotter_project\lpc_board_nxp_lpcxpresso_1549\Debug\liblpc_board_nxp_lpcxpresso_1549.a
LOAD C:\Users\Rasmus\Documents\MCUXpressoIDE_11.2.0_4120\XY_plotter_project\lpc_chip_15xx\Debug\liblpc_chip_15xx.a
LOAD C:\Users\Rasmus\Documents\MCUXpressoIDE_11.2.0_4120\XY_plotter_project\FreeRTOS\Debug\libFreeRTOS.a
START GROUP
LOAD c:/nxp/mcuxpressoide_11.2.0_4120/ide/plugins/com.nxp.mcuxpresso.tools.win32_11.2.0.202001021529/tools/bin/../lib/gcc/arm-none-eabi/9.2.1/thumb/v7-m/nofp\libgcc.a
LOAD c:/nxp/mcuxpressoide_11.2.0_4120/ide/plugins/com.nxp.mcuxpresso.tools.win32_11.2.0.202001021529/tools/bin/../lib/gcc/arm-none-eabi/9.2.1/../../../../arm-none-eabi/lib/thumb/v7-m/nofp\libc.a
LOAD c:/nxp/mcuxpressoide_11.2.0_4120/ide/plugins/com.nxp.mcuxpresso.tools.win32_11.2.0.202001021529/tools/bin/../lib/gcc/arm-none-eabi/9.2.1/../../../../arm-none-eabi/lib/thumb/v7-m/nofp\libstdc++.a
LOAD c:/nxp/mcuxpressoide_11.2.0_4120/ide/plugins/com.nxp.mcuxpresso.tools.win32_11.2.0.202001021529/tools/bin/../lib/gcc/arm-none-eabi/9.2.1/../../../../arm-none-eabi/lib/thumb/v7-m/nofp\libm.a
LOAD c:/nxp/mcuxpressoide_11.2.0_4120/ide/plugins/com.nxp.mcuxpresso.tools.win32_11.2.0.202001021529/tools/bin/../lib/gcc/arm-none-eabi/9.2.1/../../../../arm-none-eabi/lib/thumb/v7-m/nofp\libcr_newlib_nohost.a
LOAD c:/nxp/mcuxpressoide_11.2.0_4120/ide/plugins/com.nxp.mcuxpresso.tools.win32_11.2.0.202001021529/tools/bin/../lib/gcc/arm-none-eabi/9.2.1/thumb/v7-m/nofp\crti.o
LOAD c:/nxp/mcuxpressoide_11.2.0_4120/ide/plugins/com.nxp.mcuxpresso.tools.win32_11.2.0.202001021529/tools/bin/../lib/gcc/arm-none-eabi/9.2.1/thumb/v7-m/nofp\crtn.o
LOAD c:/nxp/mcuxpressoide_11.2.0_4120/ide/plugins/com.nxp.mcuxpresso.tools.win32_11.2.0.202001021529/tools/bin/../lib/gcc/arm-none-eabi/9.2.1/thumb/v7-m/nofp\crtbegin.o
LOAD c:/nxp/mcuxpressoide_11.2.0_4120/ide/plugins/com.nxp.mcuxpresso.tools.win32_11.2.0.202001021529/tools/bin/../lib/gcc/arm-none-eabi/9.2.1/thumb/v7-m/nofp\crtend.o
END GROUP
                0x00000000                __base_MFlash256 = 0x0
                0x00000000                __base_Flash = 0x0
                0x00040000                __top_MFlash256 = 0x40000
                0x00040000                __top_Flash = 0x40000
                0x02000000                __base_Ram0_16_32 = 0x2000000
                0x02000000                __base_RAM = 0x2000000
                0x02008000                __top_Ram0_16_32 = 0x2008000
                0x02008000                __top_RAM = 0x2008000
                0x02008000                __base_Ram2_4 = 0x2008000
                0x02008000                __base_RAM2 = 0x2008000
                0x02009000                __top_Ram2_4 = 0x2009000
                0x02009000                __top_RAM2 = 0x2009000

.text           0x00000000     0x837c
 FILL mask 0xff
                0x00000000                __vectors_start__ = ABSOLUTE (.)
 *(.isr_vector)
 .isr_vector    0x00000000       0xfc ./src/cr_startup_lpc15xx.o
                0x00000000                g_pfnVectors
                0x000000fc                . = ALIGN (0x4)
                0x000000fc                __section_table_start = .
                0x000000fc                __data_section_table = .
                0x000000fc        0x4 LONG 0x8384 LOADADDR (.data)
                0x00000100        0x4 LONG 0x2000000 ADDR (.data)
                0x00000104        0x4 LONG 0x9ac SIZEOF (.data)
                0x00000108        0x4 LONG 0x8384 LOADADDR (.data_RAM2)
                0x0000010c        0x4 LONG 0x2008000 ADDR (.data_RAM2)
                0x00000110        0x4 LONG 0x0 SIZEOF (.data_RAM2)
                0x00000114                __data_section_table_end = .
                0x00000114                __bss_section_table = .
                0x00000114        0x4 LONG 0x20009ac ADDR (.bss)
                0x00000118        0x4 LONG 0x1cc SIZEOF (.bss)
                0x0000011c        0x4 LONG 0x2008000 ADDR (.bss_RAM2)
                0x00000120        0x4 LONG 0x0 SIZEOF (.bss_RAM2)
                0x00000124                __bss_section_table_end = .
                0x00000124                __section_table_end = .
 *(.after_vectors*)
 .after_vectors
                0x00000124      0x140 ./src/cr_startup_lpc15xx.o
                0x00000124                data_init(unsigned int, unsigned int, unsigned int)
                0x00000166                bss_init(unsigned int, unsigned int)
                0x0000019c                ResetISR
                0x00000228                NMI_Handler
                0x0000022e                HardFault_Handler
                0x00000234                MemManage_Handler
                0x0000023a                BusFault_Handler
                0x00000240                UsageFault_Handler
                0x0000024c                DebugMon_Handler
                0x0000025e                UART1_IRQHandler
                0x0000025e                RTC_WAKE_IRQHandler
                0x0000025e                UART0_IRQHandler
                0x0000025e                MRT_IRQHandler
                0x0000025e                ADC1_THCMP_IRQHandler
                0x0000025e                SPI1_IRQHandler
                0x0000025e                PIN_INT6_IRQHandler
                0x0000025e                IntDefaultHandler
                0x0000025e                PIN_INT4_IRQHandler
                0x0000025e                CAN_IRQHandler
                0x0000025e                RTC_ALARM_IRQHandler
                0x0000025e                ADC1B_IRQHandler
                0x0000025e                ADC1_OVR_IRQHandler
                0x0000025e                USBWakeup_IRQHandler
                0x0000025e                UART2_IRQHandler
                0x0000025e                ADC0_OVR_IRQHandler
                0x0000025e                SCT1_IRQHandler
                0x0000025e                PIN_INT2_IRQHandler
                0x0000025e                USB_FIQHandler
                0x0000025e                SCT3_IRQHandler
                0x0000025e                PIN_INT7_IRQHandler
                0x0000025e                I2C0_IRQHandler
                0x0000025e                PIN_INT1_IRQHandler
                0x0000025e                USB_IRQHandler
                0x0000025e                BOD_IRQHandler
                0x0000025e                ADC0B_IRQHandler
                0x0000025e                ACMP0_IRQHandler
                0x0000025e                RIT_IRQHandler
                0x0000025e                SCT2_IRQHandler
                0x0000025e                WDT_IRQHandler
                0x0000025e                PIN_INT0_IRQHandler
                0x0000025e                QEI_IRQHandler
                0x0000025e                ACMP3_IRQHandler
                0x0000025e                GINT0_IRQHandler
                0x0000025e                DAC_IRQHandler
                0x0000025e                SPI0_IRQHandler
                0x0000025e                EEPROM_IRQHandler
                0x0000025e                ACMP2_IRQHandler
                0x0000025e                PIN_INT5_IRQHandler
                0x0000025e                ADC1A_IRQHandler
                0x0000025e                DMA_IRQHandler
                0x0000025e                PIN_INT3_IRQHandler
                0x0000025e                ACMP1_IRQHandler
                0x0000025e                SCT0_IRQHandler
                0x0000025e                ADC0A_IRQHandler
                0x0000025e                FMC_IRQHandler
                0x0000025e                GINT1_IRQHandler
                0x0000025e                ADC0_THCMP_IRQHandler
                0x000002fc                . = 0x2fc
 *fill*         0x00000264       0x98 ff
                0x000002fc                PROVIDE (__CRP_WORD_START__ = .)
 *(.crp)
 .crp           0x000002fc        0x4 ./src/crp.o
                0x000002fc                CRP_WORD
                0x00000300                PROVIDE (__CRP_WORD_END__ = .)
                0x00000001                ASSERT (! ((__CRP_WORD_START__ == __CRP_WORD_END__)), Linker CRP Enabled, but no CRP_WORD provided within application)
 *(.text*)
 .text._ZL16prvSetupHardwarev
                0x00000300       0x1c ./src/XY_plotter_project.o
 .text._ZL9vLEDTask1Pv
                0x0000031c       0x26 ./src/XY_plotter_project.o
 .text._ZL9vLEDTask2Pv
                0x00000342       0x26 ./src/XY_plotter_project.o
 .text._ZL9vUARTTaskPv
                0x00000368       0x28 ./src/XY_plotter_project.o
 .text.main     0x00000390       0x6c ./src/XY_plotter_project.o
                0x00000390                main
 .text.heap_monitor_setup
                0x000003fc       0x50 ./src/heap_lock_monitor.o
                0x000003fc                heap_monitor_setup
 .text.heap_monitor_update
                0x0000044c       0x74 ./src/heap_lock_monitor.o
                0x0000044c                heap_monitor_update
 .text.__malloc_lock
                0x000004c0       0x14 ./src/heap_lock_monitor.o
                0x000004c0                __malloc_lock
 .text.__malloc_unlock
                0x000004d4       0x18 ./src/heap_lock_monitor.o
                0x000004d4                __malloc_unlock
 .text.SystemInit
                0x000004ec        0xc ./src/sysinit.o
                0x000004ec                SystemInit
 .text.Chip_IOCON_PinMuxSet
                0x000004f8       0x2c C:\Users\Rasmus\Documents\MCUXpressoIDE_11.2.0_4120\XY_plotter_project\lpc_board_nxp_lpcxpresso_1549\Debug\liblpc_board_nxp_lpcxpresso_1549.a(board.o)
 .text.Chip_SWM_MovablePortPinAssign
                0x00000524       0x30 C:\Users\Rasmus\Documents\MCUXpressoIDE_11.2.0_4120\XY_plotter_project\lpc_board_nxp_lpcxpresso_1549\Debug\liblpc_board_nxp_lpcxpresso_1549.a(board.o)
 .text.Chip_GPIO_SetPinState
                0x00000554       0x36 C:\Users\Rasmus\Documents\MCUXpressoIDE_11.2.0_4120\XY_plotter_project\lpc_board_nxp_lpcxpresso_1549\Debug\liblpc_board_nxp_lpcxpresso_1549.a(board.o)
 .text.Chip_GPIO_SetPinDIROutput
                0x0000058a       0x3c C:\Users\Rasmus\Documents\MCUXpressoIDE_11.2.0_4120\XY_plotter_project\lpc_board_nxp_lpcxpresso_1549\Debug\liblpc_board_nxp_lpcxpresso_1549.a(board.o)
 .text.Chip_UART_Enable
                0x000005c6       0x1e C:\Users\Rasmus\Documents\MCUXpressoIDE_11.2.0_4120\XY_plotter_project\lpc_board_nxp_lpcxpresso_1549\Debug\liblpc_board_nxp_lpcxpresso_1549.a(board.o)
 .text.Chip_UART_TXEnable
                0x000005e4       0x1e C:\Users\Rasmus\Documents\MCUXpressoIDE_11.2.0_4120\XY_plotter_project\lpc_board_nxp_lpcxpresso_1549\Debug\liblpc_board_nxp_lpcxpresso_1549.a(board.o)
 .text.Chip_UART_ConfigData
                0x00000602       0x28 C:\Users\Rasmus\Documents\MCUXpressoIDE_11.2.0_4120\XY_plotter_project\lpc_board_nxp_lpcxpresso_1549\Debug\liblpc_board_nxp_lpcxpresso_1549.a(board.o)
 .text._write   0x0000062a       0x38 C:\Users\Rasmus\Documents\MCUXpressoIDE_11.2.0_4120\XY_plotter_project\lpc_board_nxp_lpcxpresso_1549\Debug\liblpc_board_nxp_lpcxpresso_1549.a(board.o)
                0x0000062a                _write
 .text._read    0x00000662       0x48 C:\Users\Rasmus\Documents\MCUXpressoIDE_11.2.0_4120\XY_plotter_project\lpc_board_nxp_lpcxpresso_1549\Debug\liblpc_board_nxp_lpcxpresso_1549.a(board.o)
                0x00000662                _read
 *fill*         0x000006aa        0x2 ff
 .text.Board_UARTPutChar
                0x000006ac       0x24 C:\Users\Rasmus\Documents\MCUXpressoIDE_11.2.0_4120\XY_plotter_project\lpc_board_nxp_lpcxpresso_1549\Debug\liblpc_board_nxp_lpcxpresso_1549.a(board.o)
                0x000006ac                Board_UARTPutChar
 .text.Board_UARTGetChar
                0x000006d0       0x2c C:\Users\Rasmus\Documents\MCUXpressoIDE_11.2.0_4120\XY_plotter_project\lpc_board_nxp_lpcxpresso_1549\Debug\liblpc_board_nxp_lpcxpresso_1549.a(board.o)
                0x000006d0                Board_UARTGetChar
 .text.Board_Debug_Init
                0x000006fc       0x70 C:\Users\Rasmus\Documents\MCUXpressoIDE_11.2.0_4120\XY_plotter_project\lpc_board_nxp_lpcxpresso_1549\Debug\liblpc_board_nxp_lpcxpresso_1549.a(board.o)
                0x000006fc                Board_Debug_Init
 .text.Board_LED_Init
                0x0000076c       0x60 C:\Users\Rasmus\Documents\MCUXpressoIDE_11.2.0_4120\XY_plotter_project\lpc_board_nxp_lpcxpresso_1549\Debug\liblpc_board_nxp_lpcxpresso_1549.a(board.o)
 .text.Board_LED_Set
                0x000007cc       0x54 C:\Users\Rasmus\Documents\MCUXpressoIDE_11.2.0_4120\XY_plotter_project\lpc_board_nxp_lpcxpresso_1549\Debug\liblpc_board_nxp_lpcxpresso_1549.a(board.o)
                0x000007cc                Board_LED_Set
 .text.Board_Init
                0x00000820       0x18 C:\Users\Rasmus\Documents\MCUXpressoIDE_11.2.0_4120\XY_plotter_project\lpc_board_nxp_lpcxpresso_1549\Debug\liblpc_board_nxp_lpcxpresso_1549.a(board.o)
                0x00000820                Board_Init
 .text.Chip_SYSCTL_PeriphReset
                0x00000838       0x22 C:\Users\Rasmus\Documents\MCUXpressoIDE_11.2.0_4120\XY_plotter_project\lpc_board_nxp_lpcxpresso_1549\Debug\liblpc_board_nxp_lpcxpresso_1549.a(board_sysinit.o)
 *fill*         0x0000085a        0x2 ff
 .text.Chip_Clock_SetUSBPLLSource
                0x0000085c       0x20 C:\Users\Rasmus\Documents\MCUXpressoIDE_11.2.0_4120\XY_plotter_project\lpc_board_nxp_lpcxpresso_1549\Debug\liblpc_board_nxp_lpcxpresso_1549.a(board_sysinit.o)
 .text.Chip_Clock_SetupUSBPLL
                0x0000087c       0x34 C:\Users\Rasmus\Documents\MCUXpressoIDE_11.2.0_4120\XY_plotter_project\lpc_board_nxp_lpcxpresso_1549\Debug\liblpc_board_nxp_lpcxpresso_1549.a(board_sysinit.o)
 .text.Chip_Clock_IsUSBPLLLocked
                0x000008b0       0x24 C:\Users\Rasmus\Documents\MCUXpressoIDE_11.2.0_4120\XY_plotter_project\lpc_board_nxp_lpcxpresso_1549\Debug\liblpc_board_nxp_lpcxpresso_1549.a(board_sysinit.o)
 .text.Chip_Clock_SetSysTickClockDiv
                0x000008d4       0x20 C:\Users\Rasmus\Documents\MCUXpressoIDE_11.2.0_4120\XY_plotter_project\lpc_board_nxp_lpcxpresso_1549\Debug\liblpc_board_nxp_lpcxpresso_1549.a(board_sysinit.o)
 .text.Chip_SWM_MovablePortPinAssign
                0x000008f4       0x30 C:\Users\Rasmus\Documents\MCUXpressoIDE_11.2.0_4120\XY_plotter_project\lpc_board_nxp_lpcxpresso_1549\Debug\liblpc_board_nxp_lpcxpresso_1549.a(board_sysinit.o)
 .text.Board_SetupMuxing
                0x00000924       0x84 C:\Users\Rasmus\Documents\MCUXpressoIDE_11.2.0_4120\XY_plotter_project\lpc_board_nxp_lpcxpresso_1549\Debug\liblpc_board_nxp_lpcxpresso_1549.a(board_sysinit.o)
                0x00000924                Board_SetupMuxing
 .text.Board_SetupClocking
                0x000009a8       0x3a C:\Users\Rasmus\Documents\MCUXpressoIDE_11.2.0_4120\XY_plotter_project\lpc_board_nxp_lpcxpresso_1549\Debug\liblpc_board_nxp_lpcxpresso_1549.a(board_sysinit.o)
                0x000009a8                Board_SetupClocking
 *fill*         0x000009e2        0x2 ff
 .text.Board_SystemInit
                0x000009e4       0x1c C:\Users\Rasmus\Documents\MCUXpressoIDE_11.2.0_4120\XY_plotter_project\lpc_board_nxp_lpcxpresso_1549\Debug\liblpc_board_nxp_lpcxpresso_1549.a(board_sysinit.o)
                0x000009e4                Board_SystemInit
 .text.SystemCoreClockUpdate
                0x00000a00       0x18 C:\Users\Rasmus\Documents\MCUXpressoIDE_11.2.0_4120\XY_plotter_project\lpc_chip_15xx\Debug\liblpc_chip_15xx.a(chip_15xx.o)
                0x00000a00                SystemCoreClockUpdate
 .text.Chip_Clock_SetMain_A_ClockSource
                0x00000a18       0x20 C:\Users\Rasmus\Documents\MCUXpressoIDE_11.2.0_4120\XY_plotter_project\lpc_chip_15xx\Debug\liblpc_chip_15xx.a(clock_15xx.o)
 .text.Chip_Clock_GetMain_A_ClockSource
                0x00000a38       0x18 C:\Users\Rasmus\Documents\MCUXpressoIDE_11.2.0_4120\XY_plotter_project\lpc_chip_15xx\Debug\liblpc_chip_15xx.a(clock_15xx.o)
 .text.Chip_Clock_SetMain_B_ClockSource
                0x00000a50       0x20 C:\Users\Rasmus\Documents\MCUXpressoIDE_11.2.0_4120\XY_plotter_project\lpc_chip_15xx\Debug\liblpc_chip_15xx.a(clock_15xx.o)
 .text.Chip_Clock_GetMain_B_ClockSource
                0x00000a70       0x18 C:\Users\Rasmus\Documents\MCUXpressoIDE_11.2.0_4120\XY_plotter_project\lpc_chip_15xx\Debug\liblpc_chip_15xx.a(clock_15xx.o)
 .text.Chip_Clock_SetUARTFRGDivider
                0x00000a88       0x20 C:\Users\Rasmus\Documents\MCUXpressoIDE_11.2.0_4120\XY_plotter_project\lpc_chip_15xx\Debug\liblpc_chip_15xx.a(clock_15xx.o)
 .text.Chip_Clock_GetUARTFRGDivider
                0x00000aa8       0x18 C:\Users\Rasmus\Documents\MCUXpressoIDE_11.2.0_4120\XY_plotter_project\lpc_chip_15xx\Debug\liblpc_chip_15xx.a(clock_15xx.o)
 .text.Chip_Clock_GetMainOscRate
                0x00000ac0       0x14 C:\Users\Rasmus\Documents\MCUXpressoIDE_11.2.0_4120\XY_plotter_project\lpc_chip_15xx\Debug\liblpc_chip_15xx.a(clock_15xx.o)
 .text.Chip_Clock_GetIntOscRate
                0x00000ad4       0x14 C:\Users\Rasmus\Documents\MCUXpressoIDE_11.2.0_4120\XY_plotter_project\lpc_chip_15xx\Debug\liblpc_chip_15xx.a(clock_15xx.o)
 .text.Chip_Clock_GetRTCOscRate
                0x00000ae8       0x14 C:\Users\Rasmus\Documents\MCUXpressoIDE_11.2.0_4120\XY_plotter_project\lpc_chip_15xx\Debug\liblpc_chip_15xx.a(clock_15xx.o)
 .text.Chip_Clock_GetWDTOSCRate
                0x00000afc       0x14 C:\Users\Rasmus\Documents\MCUXpressoIDE_11.2.0_4120\XY_plotter_project\lpc_chip_15xx\Debug\liblpc_chip_15xx.a(clock_15xx.o)
 .text.Chip_Clock_GetPLLFreq
                0x00000b10       0x26 C:\Users\Rasmus\Documents\MCUXpressoIDE_11.2.0_4120\XY_plotter_project\lpc_chip_15xx\Debug\liblpc_chip_15xx.a(clock_15xx.o)
 .text.Chip_Clock_GetPLLInClockRate
                0x00000b36       0x38 C:\Users\Rasmus\Documents\MCUXpressoIDE_11.2.0_4120\XY_plotter_project\lpc_chip_15xx\Debug\liblpc_chip_15xx.a(clock_15xx.o)
 *fill*         0x00000b6e        0x2 ff
 .text.Chip_Clock_GetSystemPLLInClockRate
                0x00000b70       0x1c C:\Users\Rasmus\Documents\MCUXpressoIDE_11.2.0_4120\XY_plotter_project\lpc_chip_15xx\Debug\liblpc_chip_15xx.a(clock_15xx.o)
                0x00000b70                Chip_Clock_GetSystemPLLInClockRate
 .text.Chip_Clock_GetSystemPLLOutClockRate
                0x00000b8c       0x24 C:\Users\Rasmus\Documents\MCUXpressoIDE_11.2.0_4120\XY_plotter_project\lpc_chip_15xx\Debug\liblpc_chip_15xx.a(clock_15xx.o)
                0x00000b8c                Chip_Clock_GetSystemPLLOutClockRate
 .text.Chip_Clock_GetMain_A_ClockRate
                0x00000bb0       0x4a C:\Users\Rasmus\Documents\MCUXpressoIDE_11.2.0_4120\XY_plotter_project\lpc_chip_15xx\Debug\liblpc_chip_15xx.a(clock_15xx.o)
                0x00000bb0                Chip_Clock_GetMain_A_ClockRate
 *fill*         0x00000bfa        0x2 ff
 .text.Chip_Clock_GetMain_B_ClockRate
                0x00000bfc       0x58 C:\Users\Rasmus\Documents\MCUXpressoIDE_11.2.0_4120\XY_plotter_project\lpc_chip_15xx\Debug\liblpc_chip_15xx.a(clock_15xx.o)
                0x00000bfc                Chip_Clock_GetMain_B_ClockRate
 .text.Chip_Clock_SetMainClockSource
                0x00000c54       0x3c C:\Users\Rasmus\Documents\MCUXpressoIDE_11.2.0_4120\XY_plotter_project\lpc_chip_15xx\Debug\liblpc_chip_15xx.a(clock_15xx.o)
                0x00000c54                Chip_Clock_SetMainClockSource
 .text.Chip_Clock_GetMainClockRate
                0x00000c90       0x28 C:\Users\Rasmus\Documents\MCUXpressoIDE_11.2.0_4120\XY_plotter_project\lpc_chip_15xx\Debug\liblpc_chip_15xx.a(clock_15xx.o)
                0x00000c90                Chip_Clock_GetMainClockRate
 .text.Chip_Clock_EnablePeriphClock
                0x00000cb8       0x58 C:\Users\Rasmus\Documents\MCUXpressoIDE_11.2.0_4120\XY_plotter_project\lpc_chip_15xx\Debug\liblpc_chip_15xx.a(clock_15xx.o)
                0x00000cb8                Chip_Clock_EnablePeriphClock
 .text.Chip_Clock_GetUARTBaseClockRate
                0x00000d10       0x8c C:\Users\Rasmus\Documents\MCUXpressoIDE_11.2.0_4120\XY_plotter_project\lpc_chip_15xx\Debug\liblpc_chip_15xx.a(clock_15xx.o)
                0x00000d10                Chip_Clock_GetUARTBaseClockRate
 .text.Chip_Clock_SetUARTBaseClockRate
                0x00000d9c       0xa4 C:\Users\Rasmus\Documents\MCUXpressoIDE_11.2.0_4120\XY_plotter_project\lpc_chip_15xx\Debug\liblpc_chip_15xx.a(clock_15xx.o)
                0x00000d9c                Chip_Clock_SetUARTBaseClockRate
 .text.Chip_Clock_GetSystemClockRate
                0x00000e40       0x1c C:\Users\Rasmus\Documents\MCUXpressoIDE_11.2.0_4120\XY_plotter_project\lpc_chip_15xx\Debug\liblpc_chip_15xx.a(clock_15xx.o)
                0x00000e40                Chip_Clock_GetSystemClockRate
 .text.Chip_SYSCTL_PeriphReset
                0x00000e5c       0x22 C:\Users\Rasmus\Documents\MCUXpressoIDE_11.2.0_4120\XY_plotter_project\lpc_chip_15xx\Debug\liblpc_chip_15xx.a(gpio_15xx.o)
 .text.Chip_GPIO_Init
                0x00000e7e       0x2e C:\Users\Rasmus\Documents\MCUXpressoIDE_11.2.0_4120\XY_plotter_project\lpc_chip_15xx\Debug\liblpc_chip_15xx.a(gpio_15xx.o)
                0x00000e7e                Chip_GPIO_Init
 .text.Chip_IOCON_PinMuxSet
                0x00000eac       0x2c C:\Users\Rasmus\Documents\MCUXpressoIDE_11.2.0_4120\XY_plotter_project\lpc_chip_15xx\Debug\liblpc_chip_15xx.a(iocon_15xx.o)
 .text.Chip_IOCON_SetPinMuxing
                0x00000ed8       0x50 C:\Users\Rasmus\Documents\MCUXpressoIDE_11.2.0_4120\XY_plotter_project\lpc_chip_15xx\Debug\liblpc_chip_15xx.a(iocon_15xx.o)
                0x00000ed8                Chip_IOCON_SetPinMuxing
 .text.Chip_SWM_MovablePinAssign
                0x00000f28       0x5c C:\Users\Rasmus\Documents\MCUXpressoIDE_11.2.0_4120\XY_plotter_project\lpc_chip_15xx\Debug\liblpc_chip_15xx.a(swm_15xx.o)
                0x00000f28                Chip_SWM_MovablePinAssign
 .text.Chip_SYSCTL_AssertPeriphReset
                0x00000f84       0x4c C:\Users\Rasmus\Documents\MCUXpressoIDE_11.2.0_4120\XY_plotter_project\lpc_chip_15xx\Debug\liblpc_chip_15xx.a(sysctl_15xx.o)
                0x00000f84                Chip_SYSCTL_AssertPeriphReset
 .text.Chip_SYSCTL_DeassertPeriphReset
                0x00000fd0       0x50 C:\Users\Rasmus\Documents\MCUXpressoIDE_11.2.0_4120\XY_plotter_project\lpc_chip_15xx\Debug\liblpc_chip_15xx.a(sysctl_15xx.o)
                0x00000fd0                Chip_SYSCTL_DeassertPeriphReset
 .text.Chip_SYSCTL_PowerDown
                0x00001020       0x40 C:\Users\Rasmus\Documents\MCUXpressoIDE_11.2.0_4120\XY_plotter_project\lpc_chip_15xx\Debug\liblpc_chip_15xx.a(sysctl_15xx.o)
                0x00001020                Chip_SYSCTL_PowerDown
 .text.Chip_SYSCTL_PowerUp
                0x00001060       0x40 C:\Users\Rasmus\Documents\MCUXpressoIDE_11.2.0_4120\XY_plotter_project\lpc_chip_15xx\Debug\liblpc_chip_15xx.a(sysctl_15xx.o)
                0x00001060                Chip_SYSCTL_PowerUp
 .text.Chip_FMC_SetFLASHAccess
                0x000010a0       0x38 C:\Users\Rasmus\Documents\MCUXpressoIDE_11.2.0_4120\XY_plotter_project\lpc_chip_15xx\Debug\liblpc_chip_15xx.a(sysinit_15xx.o)
 .text.Chip_Clock_SetSystemPLLSource
                0x000010d8       0x20 C:\Users\Rasmus\Documents\MCUXpressoIDE_11.2.0_4120\XY_plotter_project\lpc_chip_15xx\Debug\liblpc_chip_15xx.a(sysinit_15xx.o)
 .text.Chip_Clock_SetupSystemPLL
                0x000010f8       0x34 C:\Users\Rasmus\Documents\MCUXpressoIDE_11.2.0_4120\XY_plotter_project\lpc_chip_15xx\Debug\liblpc_chip_15xx.a(sysinit_15xx.o)
 .text.Chip_Clock_IsSystemPLLLocked
                0x0000112c       0x24 C:\Users\Rasmus\Documents\MCUXpressoIDE_11.2.0_4120\XY_plotter_project\lpc_chip_15xx\Debug\liblpc_chip_15xx.a(sysinit_15xx.o)
 .text.Chip_Clock_SetSysClockDiv
                0x00001150       0x20 C:\Users\Rasmus\Documents\MCUXpressoIDE_11.2.0_4120\XY_plotter_project\lpc_chip_15xx\Debug\liblpc_chip_15xx.a(sysinit_15xx.o)
 .text.Chip_SetupXtalClocking
                0x00001170       0x6c C:\Users\Rasmus\Documents\MCUXpressoIDE_11.2.0_4120\XY_plotter_project\lpc_chip_15xx\Debug\liblpc_chip_15xx.a(sysinit_15xx.o)
                0x00001170                Chip_SetupXtalClocking
 .text.Chip_SYSCTL_PeriphReset
                0x000011dc       0x22 C:\Users\Rasmus\Documents\MCUXpressoIDE_11.2.0_4120\XY_plotter_project\lpc_chip_15xx\Debug\liblpc_chip_15xx.a(uart_15xx.o)
 .text.Chip_UART_SendByte
                0x000011fe       0x1c C:\Users\Rasmus\Documents\MCUXpressoIDE_11.2.0_4120\XY_plotter_project\lpc_chip_15xx\Debug\liblpc_chip_15xx.a(uart_15xx.o)
 .text.Chip_UART_ReadByte
                0x0000121a       0x1a C:\Users\Rasmus\Documents\MCUXpressoIDE_11.2.0_4120\XY_plotter_project\lpc_chip_15xx\Debug\liblpc_chip_15xx.a(uart_15xx.o)
 .text.Chip_UART_GetStatus
                0x00001234       0x16 C:\Users\Rasmus\Documents\MCUXpressoIDE_11.2.0_4120\XY_plotter_project\lpc_chip_15xx\Debug\liblpc_chip_15xx.a(uart_15xx.o)
 *fill*         0x0000124a        0x2 ff
 .text.getUARTClockID
                0x0000124c       0x34 C:\Users\Rasmus\Documents\MCUXpressoIDE_11.2.0_4120\XY_plotter_project\lpc_chip_15xx\Debug\liblpc_chip_15xx.a(uart_15xx.o)
 .text.Chip_UART_Init
                0x00001280       0x4c C:\Users\Rasmus\Documents\MCUXpressoIDE_11.2.0_4120\XY_plotter_project\lpc_chip_15xx\Debug\liblpc_chip_15xx.a(uart_15xx.o)
                0x00001280                Chip_UART_Init
 .text.Chip_UART_Send
                0x000012cc       0x50 C:\Users\Rasmus\Documents\MCUXpressoIDE_11.2.0_4120\XY_plotter_project\lpc_chip_15xx\Debug\liblpc_chip_15xx.a(uart_15xx.o)
                0x000012cc                Chip_UART_Send
 .text.Chip_UART_SendBlocking
                0x0000131c       0x4a C:\Users\Rasmus\Documents\MCUXpressoIDE_11.2.0_4120\XY_plotter_project\lpc_chip_15xx\Debug\liblpc_chip_15xx.a(uart_15xx.o)
                0x0000131c                Chip_UART_SendBlocking
 .text.Chip_UART_Read
                0x00001366       0x52 C:\Users\Rasmus\Documents\MCUXpressoIDE_11.2.0_4120\XY_plotter_project\lpc_chip_15xx\Debug\liblpc_chip_15xx.a(uart_15xx.o)
                0x00001366                Chip_UART_Read
 .text.Chip_UART_SetBaud
                0x000013b8       0x2a C:\Users\Rasmus\Documents\MCUXpressoIDE_11.2.0_4120\XY_plotter_project\lpc_chip_15xx\Debug\liblpc_chip_15xx.a(uart_15xx.o)
                0x000013b8                Chip_UART_SetBaud
 .text.xTaskCreate
                0x000013e2       0x84 C:\Users\Rasmus\Documents\MCUXpressoIDE_11.2.0_4120\XY_plotter_project\FreeRTOS\Debug\libFreeRTOS.a(tasks.o)
                0x000013e2                xTaskCreate
 .text.prvInitialiseNewTask
                0x00001466      0x184 C:\Users\Rasmus\Documents\MCUXpressoIDE_11.2.0_4120\XY_plotter_project\FreeRTOS\Debug\libFreeRTOS.a(tasks.o)
 *fill*         0x000015ea        0x2 ff
 .text.prvAddNewTaskToReadyList
                0x000015ec       0xdc C:\Users\Rasmus\Documents\MCUXpressoIDE_11.2.0_4120\XY_plotter_project\FreeRTOS\Debug\libFreeRTOS.a(tasks.o)
 .text.vTaskDelay
                0x000016c8       0x48 C:\Users\Rasmus\Documents\MCUXpressoIDE_11.2.0_4120\XY_plotter_project\FreeRTOS\Debug\libFreeRTOS.a(tasks.o)
                0x000016c8                vTaskDelay
 .text.vTaskStartScheduler
                0x00001710       0xa0 C:\Users\Rasmus\Documents\MCUXpressoIDE_11.2.0_4120\XY_plotter_project\FreeRTOS\Debug\libFreeRTOS.a(tasks.o)
                0x00001710                vTaskStartScheduler
 .text.vTaskSuspendAll
                0x000017b0       0x1c C:\Users\Rasmus\Documents\MCUXpressoIDE_11.2.0_4120\XY_plotter_project\FreeRTOS\Debug\libFreeRTOS.a(tasks.o)
                0x000017b0                vTaskSuspendAll
 .text.xTaskResumeAll
                0x000017cc      0x11c C:\Users\Rasmus\Documents\MCUXpressoIDE_11.2.0_4120\XY_plotter_project\FreeRTOS\Debug\libFreeRTOS.a(tasks.o)
                0x000017cc                xTaskResumeAll
 .text.xTaskIncrementTick
                0x000018e8      0x150 C:\Users\Rasmus\Documents\MCUXpressoIDE_11.2.0_4120\XY_plotter_project\FreeRTOS\Debug\libFreeRTOS.a(tasks.o)
                0x000018e8                xTaskIncrementTick
 .text.vTaskSwitchContext
                0x00001a38       0xe4 C:\Users\Rasmus\Documents\MCUXpressoIDE_11.2.0_4120\XY_plotter_project\FreeRTOS\Debug\libFreeRTOS.a(tasks.o)
                0x00001a38                vTaskSwitchContext
 .text.prvIdleTask
                0x00001b1c        0xe C:\Users\Rasmus\Documents\MCUXpressoIDE_11.2.0_4120\XY_plotter_project\FreeRTOS\Debug\libFreeRTOS.a(tasks.o)
 *fill*         0x00001b2a        0x2 ff
 .text.prvInitialiseTaskLists
                0x00001b2c       0x80 C:\Users\Rasmus\Documents\MCUXpressoIDE_11.2.0_4120\XY_plotter_project\FreeRTOS\Debug\libFreeRTOS.a(tasks.o)
 .text.prvCheckTasksWaitingTermination
                0x00001bac       0x5c C:\Users\Rasmus\Documents\MCUXpressoIDE_11.2.0_4120\XY_plotter_project\FreeRTOS\Debug\libFreeRTOS.a(tasks.o)
 .text.prvDeleteTCB
                0x00001c08       0x2a C:\Users\Rasmus\Documents\MCUXpressoIDE_11.2.0_4120\XY_plotter_project\FreeRTOS\Debug\libFreeRTOS.a(tasks.o)
 *fill*         0x00001c32        0x2 ff
 .text.prvResetNextTaskUnblockTime
                0x00001c34       0x40 C:\Users\Rasmus\Documents\MCUXpressoIDE_11.2.0_4120\XY_plotter_project\FreeRTOS\Debug\libFreeRTOS.a(tasks.o)
 .text.prvAddCurrentTaskToDelayedList
                0x00001c74       0xcc C:\Users\Rasmus\Documents\MCUXpressoIDE_11.2.0_4120\XY_plotter_project\FreeRTOS\Debug\libFreeRTOS.a(tasks.o)
 .text.pvPortMalloc
                0x00001d40       0x2e C:\Users\Rasmus\Documents\MCUXpressoIDE_11.2.0_4120\XY_plotter_project\FreeRTOS\Debug\libFreeRTOS.a(heap_3.o)
                0x00001d40                pvPortMalloc
 .text.vPortFree
                0x00001d6e       0x24 C:\Users\Rasmus\Documents\MCUXpressoIDE_11.2.0_4120\XY_plotter_project\FreeRTOS\Debug\libFreeRTOS.a(heap_3.o)
                0x00001d6e                vPortFree
 *fill*         0x00001d92        0x2 ff
 .text.pxPortInitialiseStack
                0x00001d94       0x58 C:\Users\Rasmus\Documents\MCUXpressoIDE_11.2.0_4120\XY_plotter_project\FreeRTOS\Debug\libFreeRTOS.a(port.o)
                0x00001d94                pxPortInitialiseStack
 .text.prvTaskExitError
                0x00001dec       0x32 C:\Users\Rasmus\Documents\MCUXpressoIDE_11.2.0_4120\XY_plotter_project\FreeRTOS\Debug\libFreeRTOS.a(port.o)
 *fill*         0x00001e1e        0x2 ff
 .text.SVC_Handler
                0x00001e20       0x28 C:\Users\Rasmus\Documents\MCUXpressoIDE_11.2.0_4120\XY_plotter_project\FreeRTOS\Debug\libFreeRTOS.a(port.o)
                0x00001e20                SVC_Handler
 .text.prvPortStartFirstTask
                0x00001e48       0x20 C:\Users\Rasmus\Documents\MCUXpressoIDE_11.2.0_4120\XY_plotter_project\FreeRTOS\Debug\libFreeRTOS.a(port.o)
 .text.xPortStartScheduler
                0x00001e68       0x40 C:\Users\Rasmus\Documents\MCUXpressoIDE_11.2.0_4120\XY_plotter_project\FreeRTOS\Debug\libFreeRTOS.a(port.o)
                0x00001e68                xPortStartScheduler
 .text.vPortEnterCritical
                0x00001ea8       0x34 C:\Users\Rasmus\Documents\MCUXpressoIDE_11.2.0_4120\XY_plotter_project\FreeRTOS\Debug\libFreeRTOS.a(port.o)
                0x00001ea8                vPortEnterCritical
 .text.vPortExitCritical
                0x00001edc       0x34 C:\Users\Rasmus\Documents\MCUXpressoIDE_11.2.0_4120\XY_plotter_project\FreeRTOS\Debug\libFreeRTOS.a(port.o)
                0x00001edc                vPortExitCritical
 .text.PendSV_Handler
                0x00001f10       0x48 C:\Users\Rasmus\Documents\MCUXpressoIDE_11.2.0_4120\XY_plotter_project\FreeRTOS\Debug\libFreeRTOS.a(port.o)
                0x00001f10                PendSV_Handler
 .text.SysTick_Handler
                0x00001f58       0x44 C:\Users\Rasmus\Documents\MCUXpressoIDE_11.2.0_4120\XY_plotter_project\FreeRTOS\Debug\libFreeRTOS.a(port.o)
                0x00001f58                SysTick_Handler
 .text.vPortSetupTimerInterrupt
                0x00001f9c       0x44 C:\Users\Rasmus\Documents\MCUXpressoIDE_11.2.0_4120\XY_plotter_project\FreeRTOS\Debug\libFreeRTOS.a(port.o)
                0x00001f9c                vPortSetupTimerInterrupt
 .text.vApplicationMallocFailedHook
                0x00001fe0       0x1e C:\Users\Rasmus\Documents\MCUXpressoIDE_11.2.0_4120\XY_plotter_project\FreeRTOS\Debug\libFreeRTOS.a(FreeRTOSCommonHooks.o)
                0x00001fe0                vApplicationMallocFailedHook
 .text.vApplicationStackOverflowHook
                0x00001ffe       0x22 C:\Users\Rasmus\Documents\MCUXpressoIDE_11.2.0_4120\XY_plotter_project\FreeRTOS\Debug\libFreeRTOS.a(FreeRTOSCommonHooks.o)
                0x00001ffe                vApplicationStackOverflowHook
 .text.vListInitialise
                0x00002020       0x3e C:\Users\Rasmus\Documents\MCUXpressoIDE_11.2.0_4120\XY_plotter_project\FreeRTOS\Debug\libFreeRTOS.a(list.o)
                0x00002020                vListInitialise
 .text.vListInitialiseItem
                0x0000205e       0x18 C:\Users\Rasmus\Documents\MCUXpressoIDE_11.2.0_4120\XY_plotter_project\FreeRTOS\Debug\libFreeRTOS.a(list.o)
                0x0000205e                vListInitialiseItem
 .text.vListInsertEnd
                0x00002076       0x46 C:\Users\Rasmus\Documents\MCUXpressoIDE_11.2.0_4120\XY_plotter_project\FreeRTOS\Debug\libFreeRTOS.a(list.o)
                0x00002076                vListInsertEnd
 .text.vListInsert
                0x000020bc       0x70 C:\Users\Rasmus\Documents\MCUXpressoIDE_11.2.0_4120\XY_plotter_project\FreeRTOS\Debug\libFreeRTOS.a(list.o)
                0x000020bc                vListInsert
 .text.uxListRemove
                0x0000212c       0x52 C:\Users\Rasmus\Documents\MCUXpressoIDE_11.2.0_4120\XY_plotter_project\FreeRTOS\Debug\libFreeRTOS.a(list.o)
                0x0000212c                uxListRemove
 *fill*         0x0000217e        0x2 ff
 .text          0x00002180      0x378 c:/nxp/mcuxpressoide_11.2.0_4120/ide/plugins/com.nxp.mcuxpresso.tools.win32_11.2.0.202001021529/tools/bin/../lib/gcc/arm-none-eabi/9.2.1/thumb/v7-m/nofp\libgcc.a(_arm_addsubdf3.o)
                0x00002180                __aeabi_drsub
                0x00002188                __aeabi_dsub
                0x00002188                __subdf3
                0x0000218c                __aeabi_dadd
                0x0000218c                __adddf3
                0x00002404                __floatunsidf
                0x00002404                __aeabi_ui2d
                0x00002424                __floatsidf
                0x00002424                __aeabi_i2d
                0x00002448                __aeabi_f2d
                0x00002448                __extendsfdf2
                0x0000248c                __floatundidf
                0x0000248c                __aeabi_ul2d
                0x0000249c                __floatdidf
                0x0000249c                __aeabi_l2d
 .text          0x000024f8      0x424 c:/nxp/mcuxpressoide_11.2.0_4120/ide/plugins/com.nxp.mcuxpresso.tools.win32_11.2.0.202001021529/tools/bin/../lib/gcc/arm-none-eabi/9.2.1/thumb/v7-m/nofp\libgcc.a(_arm_muldivdf3.o)
                0x000024f8                __aeabi_dmul
                0x000024f8                __muldf3
                0x0000274c                __divdf3
                0x0000274c                __aeabi_ddiv
 .text          0x0000291c       0xa0 c:/nxp/mcuxpressoide_11.2.0_4120/ide/plugins/com.nxp.mcuxpresso.tools.win32_11.2.0.202001021529/tools/bin/../lib/gcc/arm-none-eabi/9.2.1/thumb/v7-m/nofp\libgcc.a(_arm_truncdfsf2.o)
                0x0000291c                __truncdfsf2
                0x0000291c                __aeabi_d2f
 .text          0x000029bc       0x30 c:/nxp/mcuxpressoide_11.2.0_4120/ide/plugins/com.nxp.mcuxpresso.tools.win32_11.2.0.202001021529/tools/bin/../lib/gcc/arm-none-eabi/9.2.1/thumb/v7-m/nofp\libgcc.a(_aeabi_uldivmod.o)
                0x000029bc                __aeabi_uldivmod
 .text          0x000029ec      0x2c4 c:/nxp/mcuxpressoide_11.2.0_4120/ide/plugins/com.nxp.mcuxpresso.tools.win32_11.2.0.202001021529/tools/bin/../lib/gcc/arm-none-eabi/9.2.1/thumb/v7-m/nofp\libgcc.a(_udivmoddi4.o)
                0x000029ec                __udivmoddi4
 .text          0x00002cb0        0x4 c:/nxp/mcuxpressoide_11.2.0_4120/ide/plugins/com.nxp.mcuxpresso.tools.win32_11.2.0.202001021529/tools/bin/../lib/gcc/arm-none-eabi/9.2.1/thumb/v7-m/nofp\libgcc.a(_dvmd_tls.o)
                0x00002cb0                __aeabi_idiv0
                0x00002cb0                __aeabi_ldiv0
 .text.__libc_init_array
                0x00002cb4       0x48 c:/nxp/mcuxpressoide_11.2.0_4120/ide/plugins/com.nxp.mcuxpresso.tools.win32_11.2.0.202001021529/tools/bin/../lib/gcc/arm-none-eabi/9.2.1/../../../../arm-none-eabi/lib/thumb/v7-m/nofp\libc.a(lib_a-init.o)
                0x00002cb4                __libc_init_array
 .text.malloc   0x00002cfc       0x10 c:/nxp/mcuxpressoide_11.2.0_4120/ide/plugins/com.nxp.mcuxpresso.tools.win32_11.2.0.202001021529/tools/bin/../lib/gcc/arm-none-eabi/9.2.1/../../../../arm-none-eabi/lib/thumb/v7-m/nofp\libc.a(lib_a-malloc.o)
                0x00002cfc                malloc
 .text.free     0x00002d0c       0x10 c:/nxp/mcuxpressoide_11.2.0_4120/ide/plugins/com.nxp.mcuxpresso.tools.win32_11.2.0.202001021529/tools/bin/../lib/gcc/arm-none-eabi/9.2.1/../../../../arm-none-eabi/lib/thumb/v7-m/nofp\libc.a(lib_a-malloc.o)
                0x00002d0c                free
 .text._malloc_r
                0x00002d1c      0x55c c:/nxp/mcuxpressoide_11.2.0_4120/ide/plugins/com.nxp.mcuxpresso.tools.win32_11.2.0.202001021529/tools/bin/../lib/gcc/arm-none-eabi/9.2.1/../../../../arm-none-eabi/lib/thumb/v7-m/nofp\libc.a(lib_a-mallocr.o)
                0x00002d1c                _malloc_r
 .text          0x00003278       0xec c:/nxp/mcuxpressoide_11.2.0_4120/ide/plugins/com.nxp.mcuxpresso.tools.win32_11.2.0.202001021529/tools/bin/../lib/gcc/arm-none-eabi/9.2.1/../../../../arm-none-eabi/lib/thumb/v7-m/nofp\libc.a(lib_a-memcpy.o)
                0x00003278                memcpy
 .text.memset   0x00003364       0xa0 c:/nxp/mcuxpressoide_11.2.0_4120/ide/plugins/com.nxp.mcuxpresso.tools.win32_11.2.0.202001021529/tools/bin/../lib/gcc/arm-none-eabi/9.2.1/../../../../arm-none-eabi/lib/thumb/v7-m/nofp\libc.a(lib_a-memset.o)
                0x00003364                memset
 .text.printf   0x00003404       0x28 c:/nxp/mcuxpressoide_11.2.0_4120/ide/plugins/com.nxp.mcuxpresso.tools.win32_11.2.0.202001021529/tools/bin/../lib/gcc/arm-none-eabi/9.2.1/../../../../arm-none-eabi/lib/thumb/v7-m/nofp\libc.a(lib_a-printf.o)
                0x00003404                printf
 .text.cleanup_glue
                0x0000342c       0x1c c:/nxp/mcuxpressoide_11.2.0_4120/ide/plugins/com.nxp.mcuxpresso.tools.win32_11.2.0.202001021529/tools/bin/../lib/gcc/arm-none-eabi/9.2.1/../../../../arm-none-eabi/lib/thumb/v7-m/nofp\libc.a(lib_a-reent.o)
                0x0000342c                cleanup_glue
 .text._reclaim_reent
                0x00003448       0x84 c:/nxp/mcuxpressoide_11.2.0_4120/ide/plugins/com.nxp.mcuxpresso.tools.win32_11.2.0.202001021529/tools/bin/../lib/gcc/arm-none-eabi/9.2.1/../../../../arm-none-eabi/lib/thumb/v7-m/nofp\libc.a(lib_a-reent.o)
                0x00003448                _reclaim_reent
 .text._sbrk_r  0x000034cc       0x24 c:/nxp/mcuxpressoide_11.2.0_4120/ide/plugins/com.nxp.mcuxpresso.tools.win32_11.2.0.202001021529/tools/bin/../lib/gcc/arm-none-eabi/9.2.1/../../../../arm-none-eabi/lib/thumb/v7-m/nofp\libc.a(lib_a-sbrkr.o)
                0x000034cc                _sbrk_r
 .text.strlen   0x000034f0       0x5c c:/nxp/mcuxpressoide_11.2.0_4120/ide/plugins/com.nxp.mcuxpresso.tools.win32_11.2.0.202001021529/tools/bin/../lib/gcc/arm-none-eabi/9.2.1/../../../../arm-none-eabi/lib/thumb/v7-m/nofp\libc.a(lib_a-strlen-stub.o)
                0x000034f0                strlen
 .text._vfprintf_r
                0x0000354c     0x1c18 c:/nxp/mcuxpressoide_11.2.0_4120/ide/plugins/com.nxp.mcuxpresso.tools.win32_11.2.0.202001021529/tools/bin/../lib/gcc/arm-none-eabi/9.2.1/../../../../arm-none-eabi/lib/thumb/v7-m/nofp\libc.a(lib_a-vfprintf.o)
                0x0000354c                _vfprintf_r
 .text.__sbprintf
                0x00005164       0x88 c:/nxp/mcuxpressoide_11.2.0_4120/ide/plugins/com.nxp.mcuxpresso.tools.win32_11.2.0.202001021529/tools/bin/../lib/gcc/arm-none-eabi/9.2.1/../../../../arm-none-eabi/lib/thumb/v7-m/nofp\libc.a(lib_a-vfprintf.o)
 .text.__swsetup_r
                0x000051ec       0xd0 c:/nxp/mcuxpressoide_11.2.0_4120/ide/plugins/com.nxp.mcuxpresso.tools.win32_11.2.0.202001021529/tools/bin/../lib/gcc/arm-none-eabi/9.2.1/../../../../arm-none-eabi/lib/thumb/v7-m/nofp\libc.a(lib_a-wsetup.o)
                0x000051ec                __swsetup_r
 .text.quorem   0x000052bc      0x120 c:/nxp/mcuxpressoide_11.2.0_4120/ide/plugins/com.nxp.mcuxpresso.tools.win32_11.2.0.202001021529/tools/bin/../lib/gcc/arm-none-eabi/9.2.1/../../../../arm-none-eabi/lib/thumb/v7-m/nofp\libc.a(lib_a-dtoa.o)
 *fill*         0x000053dc        0x4 ff
 .text._dtoa_r  0x000053e0      0xe8c c:/nxp/mcuxpressoide_11.2.0_4120/ide/plugins/com.nxp.mcuxpresso.tools.win32_11.2.0.202001021529/tools/bin/../lib/gcc/arm-none-eabi/9.2.1/../../../../arm-none-eabi/lib/thumb/v7-m/nofp\libc.a(lib_a-dtoa.o)
                0x000053e0                _dtoa_r
 .text.__sflush_r
                0x0000626c      0x130 c:/nxp/mcuxpressoide_11.2.0_4120/ide/plugins/com.nxp.mcuxpresso.tools.win32_11.2.0.202001021529/tools/bin/../lib/gcc/arm-none-eabi/9.2.1/../../../../arm-none-eabi/lib/thumb/v7-m/nofp\libc.a(lib_a-fflush.o)
                0x0000626c                __sflush_r
 .text._fflush_r
                0x0000639c       0x5c c:/nxp/mcuxpressoide_11.2.0_4120/ide/plugins/com.nxp.mcuxpresso.tools.win32_11.2.0.202001021529/tools/bin/../lib/gcc/arm-none-eabi/9.2.1/../../../../arm-none-eabi/lib/thumb/v7-m/nofp\libc.a(lib_a-fflush.o)
                0x0000639c                _fflush_r
 .text.std      0x000063f8       0x50 c:/nxp/mcuxpressoide_11.2.0_4120/ide/plugins/com.nxp.mcuxpresso.tools.win32_11.2.0.202001021529/tools/bin/../lib/gcc/arm-none-eabi/9.2.1/../../../../arm-none-eabi/lib/thumb/v7-m/nofp\libc.a(lib_a-findfp.o)
 .text._cleanup_r
                0x00006448        0xc c:/nxp/mcuxpressoide_11.2.0_4120/ide/plugins/com.nxp.mcuxpresso.tools.win32_11.2.0.202001021529/tools/bin/../lib/gcc/arm-none-eabi/9.2.1/../../../../arm-none-eabi/lib/thumb/v7-m/nofp\libc.a(lib_a-findfp.o)
                0x00006448                _cleanup_r
 .text.__sinit  0x00006454       0x5c c:/nxp/mcuxpressoide_11.2.0_4120/ide/plugins/com.nxp.mcuxpresso.tools.win32_11.2.0.202001021529/tools/bin/../lib/gcc/arm-none-eabi/9.2.1/../../../../arm-none-eabi/lib/thumb/v7-m/nofp\libc.a(lib_a-findfp.o)
                0x00006454                __sinit
 .text.__sfp_lock_acquire
                0x000064b0        0xc c:/nxp/mcuxpressoide_11.2.0_4120/ide/plugins/com.nxp.mcuxpresso.tools.win32_11.2.0.202001021529/tools/bin/../lib/gcc/arm-none-eabi/9.2.1/../../../../arm-none-eabi/lib/thumb/v7-m/nofp\libc.a(lib_a-findfp.o)
                0x000064b0                __sfp_lock_acquire
 .text.__sfp_lock_release
                0x000064bc        0xc c:/nxp/mcuxpressoide_11.2.0_4120/ide/plugins/com.nxp.mcuxpresso.tools.win32_11.2.0.202001021529/tools/bin/../lib/gcc/arm-none-eabi/9.2.1/../../../../arm-none-eabi/lib/thumb/v7-m/nofp\libc.a(lib_a-findfp.o)
                0x000064bc                __sfp_lock_release
 .text._malloc_trim_r
                0x000064c8       0xa0 c:/nxp/mcuxpressoide_11.2.0_4120/ide/plugins/com.nxp.mcuxpresso.tools.win32_11.2.0.202001021529/tools/bin/../lib/gcc/arm-none-eabi/9.2.1/../../../../arm-none-eabi/lib/thumb/v7-m/nofp\libc.a(lib_a-freer.o)
                0x000064c8                _malloc_trim_r
 .text._free_r  0x00006568      0x20c c:/nxp/mcuxpressoide_11.2.0_4120/ide/plugins/com.nxp.mcuxpresso.tools.win32_11.2.0.202001021529/tools/bin/../lib/gcc/arm-none-eabi/9.2.1/../../../../arm-none-eabi/lib/thumb/v7-m/nofp\libc.a(lib_a-freer.o)
                0x00006568                _free_r
 .text._fwalk_reent
                0x00006774       0x48 c:/nxp/mcuxpressoide_11.2.0_4120/ide/plugins/com.nxp.mcuxpresso.tools.win32_11.2.0.202001021529/tools/bin/../lib/gcc/arm-none-eabi/9.2.1/../../../../arm-none-eabi/lib/thumb/v7-m/nofp\libc.a(lib_a-fwalk.o)
                0x00006774                _fwalk_reent
 .text._localeconv_r
                0x000067bc        0x8 c:/nxp/mcuxpressoide_11.2.0_4120/ide/plugins/com.nxp.mcuxpresso.tools.win32_11.2.0.202001021529/tools/bin/../lib/gcc/arm-none-eabi/9.2.1/../../../../arm-none-eabi/lib/thumb/v7-m/nofp\libc.a(lib_a-localeconv.o)
                0x000067bc                _localeconv_r
 .text.__retarget_lock_init_recursive
                0x000067c4        0x4 c:/nxp/mcuxpressoide_11.2.0_4120/ide/plugins/com.nxp.mcuxpresso.tools.win32_11.2.0.202001021529/tools/bin/../lib/gcc/arm-none-eabi/9.2.1/../../../../arm-none-eabi/lib/thumb/v7-m/nofp\libc.a(lib_a-lock.o)
                0x000067c4                __retarget_lock_init_recursive
 .text.__retarget_lock_close_recursive
                0x000067c8        0x4 c:/nxp/mcuxpressoide_11.2.0_4120/ide/plugins/com.nxp.mcuxpresso.tools.win32_11.2.0.202001021529/tools/bin/../lib/gcc/arm-none-eabi/9.2.1/../../../../arm-none-eabi/lib/thumb/v7-m/nofp\libc.a(lib_a-lock.o)
                0x000067c8                __retarget_lock_close_recursive
 .text.__retarget_lock_acquire_recursive
                0x000067cc        0x4 c:/nxp/mcuxpressoide_11.2.0_4120/ide/plugins/com.nxp.mcuxpresso.tools.win32_11.2.0.202001021529/tools/bin/../lib/gcc/arm-none-eabi/9.2.1/../../../../arm-none-eabi/lib/thumb/v7-m/nofp\libc.a(lib_a-lock.o)
                0x000067cc                __retarget_lock_acquire_recursive
 .text.__retarget_lock_release_recursive
                0x000067d0        0x4 c:/nxp/mcuxpressoide_11.2.0_4120/ide/plugins/com.nxp.mcuxpresso.tools.win32_11.2.0.202001021529/tools/bin/../lib/gcc/arm-none-eabi/9.2.1/../../../../arm-none-eabi/lib/thumb/v7-m/nofp\libc.a(lib_a-lock.o)
                0x000067d0                __retarget_lock_release_recursive
 .text.__swhatbuf_r
                0x000067d4       0x5c c:/nxp/mcuxpressoide_11.2.0_4120/ide/plugins/com.nxp.mcuxpresso.tools.win32_11.2.0.202001021529/tools/bin/../lib/gcc/arm-none-eabi/9.2.1/../../../../arm-none-eabi/lib/thumb/v7-m/nofp\libc.a(lib_a-makebuf.o)
                0x000067d4                __swhatbuf_r
 .text.__smakebuf_r
                0x00006830       0x94 c:/nxp/mcuxpressoide_11.2.0_4120/ide/plugins/com.nxp.mcuxpresso.tools.win32_11.2.0.202001021529/tools/bin/../lib/gcc/arm-none-eabi/9.2.1/../../../../arm-none-eabi/lib/thumb/v7-m/nofp\libc.a(lib_a-makebuf.o)
                0x00006830                __smakebuf_r
 .text.memchr   0x000068c4       0x80 c:/nxp/mcuxpressoide_11.2.0_4120/ide/plugins/com.nxp.mcuxpresso.tools.win32_11.2.0.202001021529/tools/bin/../lib/gcc/arm-none-eabi/9.2.1/../../../../arm-none-eabi/lib/thumb/v7-m/nofp\libc.a(lib_a-memchr-stub.o)
                0x000068c4                memchr
 .text._Balloc  0x00006944       0x4c c:/nxp/mcuxpressoide_11.2.0_4120/ide/plugins/com.nxp.mcuxpresso.tools.win32_11.2.0.202001021529/tools/bin/../lib/gcc/arm-none-eabi/9.2.1/../../../../arm-none-eabi/lib/thumb/v7-m/nofp\libc.a(lib_a-mprec.o)
                0x00006944                _Balloc
 .text._Bfree   0x00006990       0x14 c:/nxp/mcuxpressoide_11.2.0_4120/ide/plugins/com.nxp.mcuxpresso.tools.win32_11.2.0.202001021529/tools/bin/../lib/gcc/arm-none-eabi/9.2.1/../../../../arm-none-eabi/lib/thumb/v7-m/nofp\libc.a(lib_a-mprec.o)
                0x00006990                _Bfree
 .text.__multadd
                0x000069a4       0x7c c:/nxp/mcuxpressoide_11.2.0_4120/ide/plugins/com.nxp.mcuxpresso.tools.win32_11.2.0.202001021529/tools/bin/../lib/gcc/arm-none-eabi/9.2.1/../../../../arm-none-eabi/lib/thumb/v7-m/nofp\libc.a(lib_a-mprec.o)
                0x000069a4                __multadd
 .text.__hi0bits
                0x00006a20       0x40 c:/nxp/mcuxpressoide_11.2.0_4120/ide/plugins/com.nxp.mcuxpresso.tools.win32_11.2.0.202001021529/tools/bin/../lib/gcc/arm-none-eabi/9.2.1/../../../../arm-none-eabi/lib/thumb/v7-m/nofp\libc.a(lib_a-mprec.o)
                0x00006a20                __hi0bits
 .text.__lo0bits
                0x00006a60       0x60 c:/nxp/mcuxpressoide_11.2.0_4120/ide/plugins/com.nxp.mcuxpresso.tools.win32_11.2.0.202001021529/tools/bin/../lib/gcc/arm-none-eabi/9.2.1/../../../../arm-none-eabi/lib/thumb/v7-m/nofp\libc.a(lib_a-mprec.o)
                0x00006a60                __lo0bits
 .text.__i2b    0x00006ac0       0x14 c:/nxp/mcuxpressoide_11.2.0_4120/ide/plugins/com.nxp.mcuxpresso.tools.win32_11.2.0.202001021529/tools/bin/../lib/gcc/arm-none-eabi/9.2.1/../../../../arm-none-eabi/lib/thumb/v7-m/nofp\libc.a(lib_a-mprec.o)
                0x00006ac0                __i2b
 .text.__multiply
                0x00006ad4      0x144 c:/nxp/mcuxpressoide_11.2.0_4120/ide/plugins/com.nxp.mcuxpresso.tools.win32_11.2.0.202001021529/tools/bin/../lib/gcc/arm-none-eabi/9.2.1/../../../../arm-none-eabi/lib/thumb/v7-m/nofp\libc.a(lib_a-mprec.o)
                0x00006ad4                __multiply
 .text.__pow5mult
                0x00006c18       0xa0 c:/nxp/mcuxpressoide_11.2.0_4120/ide/plugins/com.nxp.mcuxpresso.tools.win32_11.2.0.202001021529/tools/bin/../lib/gcc/arm-none-eabi/9.2.1/../../../../arm-none-eabi/lib/thumb/v7-m/nofp\libc.a(lib_a-mprec.o)
                0x00006c18                __pow5mult
 .text.__lshift
                0x00006cb8       0xd0 c:/nxp/mcuxpressoide_11.2.0_4120/ide/plugins/com.nxp.mcuxpresso.tools.win32_11.2.0.202001021529/tools/bin/../lib/gcc/arm-none-eabi/9.2.1/../../../../arm-none-eabi/lib/thumb/v7-m/nofp\libc.a(lib_a-mprec.o)
                0x00006cb8                __lshift
 .text.__mcmp   0x00006d88       0x3c c:/nxp/mcuxpressoide_11.2.0_4120/ide/plugins/com.nxp.mcuxpresso.tools.win32_11.2.0.202001021529/tools/bin/../lib/gcc/arm-none-eabi/9.2.1/../../../../arm-none-eabi/lib/thumb/v7-m/nofp\libc.a(lib_a-mprec.o)
                0x00006d88                __mcmp
 .text.__mdiff  0x00006dc4      0x138 c:/nxp/mcuxpressoide_11.2.0_4120/ide/plugins/com.nxp.mcuxpresso.tools.win32_11.2.0.202001021529/tools/bin/../lib/gcc/arm-none-eabi/9.2.1/../../../../arm-none-eabi/lib/thumb/v7-m/nofp\libc.a(lib_a-mprec.o)
                0x00006dc4                __mdiff
 .text.__d2b    0x00006efc       0xa8 c:/nxp/mcuxpressoide_11.2.0_4120/ide/plugins/com.nxp.mcuxpresso.tools.win32_11.2.0.202001021529/tools/bin/../lib/gcc/arm-none-eabi/9.2.1/../../../../arm-none-eabi/lib/thumb/v7-m/nofp\libc.a(lib_a-mprec.o)
                0x00006efc                __d2b
 .text.frexp    0x00006fa4       0x70 c:/nxp/mcuxpressoide_11.2.0_4120/ide/plugins/com.nxp.mcuxpresso.tools.win32_11.2.0.202001021529/tools/bin/../lib/gcc/arm-none-eabi/9.2.1/../../../../arm-none-eabi/lib/thumb/v7-m/nofp\libc.a(lib_a-s_frexp.o)
                0x00006fa4                frexp
 .text.__sread  0x00007014       0x24 c:/nxp/mcuxpressoide_11.2.0_4120/ide/plugins/com.nxp.mcuxpresso.tools.win32_11.2.0.202001021529/tools/bin/../lib/gcc/arm-none-eabi/9.2.1/../../../../arm-none-eabi/lib/thumb/v7-m/nofp\libc.a(lib_a-stdio.o)
                0x00007014                __sread
 .text.__swrite
                0x00007038       0x40 c:/nxp/mcuxpressoide_11.2.0_4120/ide/plugins/com.nxp.mcuxpresso.tools.win32_11.2.0.202001021529/tools/bin/../lib/gcc/arm-none-eabi/9.2.1/../../../../arm-none-eabi/lib/thumb/v7-m/nofp\libc.a(lib_a-stdio.o)
                0x00007038                __swrite
 .text.__sseek  0x00007078       0x20 c:/nxp/mcuxpressoide_11.2.0_4120/ide/plugins/com.nxp.mcuxpresso.tools.win32_11.2.0.202001021529/tools/bin/../lib/gcc/arm-none-eabi/9.2.1/../../../../arm-none-eabi/lib/thumb/v7-m/nofp\libc.a(lib_a-stdio.o)
                0x00007078                __sseek
 .text.__sclose
                0x00007098        0x8 c:/nxp/mcuxpressoide_11.2.0_4120/ide/plugins/com.nxp.mcuxpresso.tools.win32_11.2.0.202001021529/tools/bin/../lib/gcc/arm-none-eabi/9.2.1/../../../../arm-none-eabi/lib/thumb/v7-m/nofp\libc.a(lib_a-stdio.o)
                0x00007098                __sclose
 .text.strncpy  0x000070a0       0x68 c:/nxp/mcuxpressoide_11.2.0_4120/ide/plugins/com.nxp.mcuxpresso.tools.win32_11.2.0.202001021529/tools/bin/../lib/gcc/arm-none-eabi/9.2.1/../../../../arm-none-eabi/lib/thumb/v7-m/nofp\libc.a(lib_a-strncpy.o)
                0x000070a0                strncpy
 .text.__sprint_r.part.0
                0x00007108       0x78 c:/nxp/mcuxpressoide_11.2.0_4120/ide/plugins/com.nxp.mcuxpresso.tools.win32_11.2.0.202001021529/tools/bin/../lib/gcc/arm-none-eabi/9.2.1/../../../../arm-none-eabi/lib/thumb/v7-m/nofp\libc.a(lib_a-vfiprintf.o)
 .text.__sprint_r
                0x00007180       0x14 c:/nxp/mcuxpressoide_11.2.0_4120/ide/plugins/com.nxp.mcuxpresso.tools.win32_11.2.0.202001021529/tools/bin/../lib/gcc/arm-none-eabi/9.2.1/../../../../arm-none-eabi/lib/thumb/v7-m/nofp\libc.a(lib_a-vfiprintf.o)
                0x00007180                __sprint_r
 .text._write_r
                0x00007194       0x2c c:/nxp/mcuxpressoide_11.2.0_4120/ide/plugins/com.nxp.mcuxpresso.tools.win32_11.2.0.202001021529/tools/bin/../lib/gcc/arm-none-eabi/9.2.1/../../../../arm-none-eabi/lib/thumb/v7-m/nofp\libc.a(lib_a-writer.o)
                0x00007194                _write_r
 .text._calloc_r
                0x000071c0       0x60 c:/nxp/mcuxpressoide_11.2.0_4120/ide/plugins/com.nxp.mcuxpresso.tools.win32_11.2.0.202001021529/tools/bin/../lib/gcc/arm-none-eabi/9.2.1/../../../../arm-none-eabi/lib/thumb/v7-m/nofp\libc.a(lib_a-callocr.o)
                0x000071c0                _calloc_r
 .text._close_r
                0x00007220       0x24 c:/nxp/mcuxpressoide_11.2.0_4120/ide/plugins/com.nxp.mcuxpresso.tools.win32_11.2.0.202001021529/tools/bin/../lib/gcc/arm-none-eabi/9.2.1/../../../../arm-none-eabi/lib/thumb/v7-m/nofp\libc.a(lib_a-closer.o)
                0x00007220                _close_r
 .text._fclose_r
                0x00007244       0xcc c:/nxp/mcuxpressoide_11.2.0_4120/ide/plugins/com.nxp.mcuxpresso.tools.win32_11.2.0.202001021529/tools/bin/../lib/gcc/arm-none-eabi/9.2.1/../../../../arm-none-eabi/lib/thumb/v7-m/nofp\libc.a(lib_a-fclose.o)
                0x00007244                _fclose_r
 .text.__fputwc
                0x00007310       0xa0 c:/nxp/mcuxpressoide_11.2.0_4120/ide/plugins/com.nxp.mcuxpresso.tools.win32_11.2.0.202001021529/tools/bin/../lib/gcc/arm-none-eabi/9.2.1/../../../../arm-none-eabi/lib/thumb/v7-m/nofp\libc.a(lib_a-fputwc.o)
                0x00007310                __fputwc
 .text._fputwc_r
                0x000073b0       0x68 c:/nxp/mcuxpressoide_11.2.0_4120/ide/plugins/com.nxp.mcuxpresso.tools.win32_11.2.0.202001021529/tools/bin/../lib/gcc/arm-none-eabi/9.2.1/../../../../arm-none-eabi/lib/thumb/v7-m/nofp\libc.a(lib_a-fputwc.o)
                0x000073b0                _fputwc_r
 .text._fstat_r
                0x00007418       0x2c c:/nxp/mcuxpressoide_11.2.0_4120/ide/plugins/com.nxp.mcuxpresso.tools.win32_11.2.0.202001021529/tools/bin/../lib/gcc/arm-none-eabi/9.2.1/../../../../arm-none-eabi/lib/thumb/v7-m/nofp\libc.a(lib_a-fstatr.o)
                0x00007418                _fstat_r
 .text.__sfvwrite_r
                0x00007444      0x2ec c:/nxp/mcuxpressoide_11.2.0_4120/ide/plugins/com.nxp.mcuxpresso.tools.win32_11.2.0.202001021529/tools/bin/../lib/gcc/arm-none-eabi/9.2.1/../../../../arm-none-eabi/lib/thumb/v7-m/nofp\libc.a(lib_a-fvwrite.o)
                0x00007444                __sfvwrite_r
 .text._isatty_r
                0x00007730       0x24 c:/nxp/mcuxpressoide_11.2.0_4120/ide/plugins/com.nxp.mcuxpresso.tools.win32_11.2.0.202001021529/tools/bin/../lib/gcc/arm-none-eabi/9.2.1/../../../../arm-none-eabi/lib/thumb/v7-m/nofp\libc.a(lib_a-isattyr.o)
                0x00007730                _isatty_r
 .text.__locale_mb_cur_max
                0x00007754        0xc c:/nxp/mcuxpressoide_11.2.0_4120/ide/plugins/com.nxp.mcuxpresso.tools.win32_11.2.0.202001021529/tools/bin/../lib/gcc/arm-none-eabi/9.2.1/../../../../arm-none-eabi/lib/thumb/v7-m/nofp\libc.a(lib_a-locale.o)
                0x00007754                __locale_mb_cur_max
 .text._lseek_r
                0x00007760       0x2c c:/nxp/mcuxpressoide_11.2.0_4120/ide/plugins/com.nxp.mcuxpresso.tools.win32_11.2.0.202001021529/tools/bin/../lib/gcc/arm-none-eabi/9.2.1/../../../../arm-none-eabi/lib/thumb/v7-m/nofp\libc.a(lib_a-lseekr.o)
                0x00007760                _lseek_r
 .text.__ascii_mbtowc
                0x0000778c       0x2c c:/nxp/mcuxpressoide_11.2.0_4120/ide/plugins/com.nxp.mcuxpresso.tools.win32_11.2.0.202001021529/tools/bin/../lib/gcc/arm-none-eabi/9.2.1/../../../../arm-none-eabi/lib/thumb/v7-m/nofp\libc.a(lib_a-mbtowc_r.o)
                0x0000778c                __ascii_mbtowc
 .text.memmove  0x000077b8       0xd4 c:/nxp/mcuxpressoide_11.2.0_4120/ide/plugins/com.nxp.mcuxpresso.tools.win32_11.2.0.202001021529/tools/bin/../lib/gcc/arm-none-eabi/9.2.1/../../../../arm-none-eabi/lib/thumb/v7-m/nofp\libc.a(lib_a-memmove.o)
                0x000077b8                memmove
 .text._read_r  0x0000788c       0x2c c:/nxp/mcuxpressoide_11.2.0_4120/ide/plugins/com.nxp.mcuxpresso.tools.win32_11.2.0.202001021529/tools/bin/../lib/gcc/arm-none-eabi/9.2.1/../../../../arm-none-eabi/lib/thumb/v7-m/nofp\libc.a(lib_a-readr.o)
                0x0000788c                _read_r
 .text._realloc_r
                0x000078b8      0x3e0 c:/nxp/mcuxpressoide_11.2.0_4120/ide/plugins/com.nxp.mcuxpresso.tools.win32_11.2.0.202001021529/tools/bin/../lib/gcc/arm-none-eabi/9.2.1/../../../../arm-none-eabi/lib/thumb/v7-m/nofp\libc.a(lib_a-reallocr.o)
                0x000078b8                _realloc_r
 .text.__swbuf_r
                0x00007c98       0xb0 c:/nxp/mcuxpressoide_11.2.0_4120/ide/plugins/com.nxp.mcuxpresso.tools.win32_11.2.0.202001021529/tools/bin/../lib/gcc/arm-none-eabi/9.2.1/../../../../arm-none-eabi/lib/thumb/v7-m/nofp\libc.a(lib_a-wbuf.o)
                0x00007c98                __swbuf_r
 .text._wcrtomb_r
                0x00007d48       0x3c c:/nxp/mcuxpressoide_11.2.0_4120/ide/plugins/com.nxp.mcuxpresso.tools.win32_11.2.0.202001021529/tools/bin/../lib/gcc/arm-none-eabi/9.2.1/../../../../arm-none-eabi/lib/thumb/v7-m/nofp\libc.a(lib_a-wcrtomb.o)
                0x00007d48                _wcrtomb_r
 .text.__ascii_wctomb
                0x00007d84       0x1c c:/nxp/mcuxpressoide_11.2.0_4120/ide/plugins/com.nxp.mcuxpresso.tools.win32_11.2.0.202001021529/tools/bin/../lib/gcc/arm-none-eabi/9.2.1/../../../../arm-none-eabi/lib/thumb/v7-m/nofp\libc.a(lib_a-wctomb_r.o)
                0x00007d84                __ascii_wctomb
 .text._sbrk    0x00007da0       0x3c c:/nxp/mcuxpressoide_11.2.0_4120/ide/plugins/com.nxp.mcuxpresso.tools.win32_11.2.0.202001021529/tools/bin/../lib/gcc/arm-none-eabi/9.2.1/../../../../arm-none-eabi/lib/thumb/v7-m/nofp\libcr_newlib_nohost.a(_cr_sbrk.o)
                0x00007da0                _sbrk
 .text._close   0x00007ddc       0x10 c:/nxp/mcuxpressoide_11.2.0_4120/ide/plugins/com.nxp.mcuxpresso.tools.win32_11.2.0.202001021529/tools/bin/../lib/gcc/arm-none-eabi/9.2.1/../../../../arm-none-eabi/lib/thumb/v7-m/nofp\libcr_newlib_nohost.a(close.o)
                0x00007ddc                _close
 .text._fstat   0x00007dec       0x10 c:/nxp/mcuxpressoide_11.2.0_4120/ide/plugins/com.nxp.mcuxpresso.tools.win32_11.2.0.202001021529/tools/bin/../lib/gcc/arm-none-eabi/9.2.1/../../../../arm-none-eabi/lib/thumb/v7-m/nofp\libcr_newlib_nohost.a(fstat.o)
                0x00007dec                _fstat
 .text._isatty  0x00007dfc       0x10 c:/nxp/mcuxpressoide_11.2.0_4120/ide/plugins/com.nxp.mcuxpresso.tools.win32_11.2.0.202001021529/tools/bin/../lib/gcc/arm-none-eabi/9.2.1/../../../../arm-none-eabi/lib/thumb/v7-m/nofp\libcr_newlib_nohost.a(isatty.o)
                0x00007dfc                _isatty
 .text._lseek   0x00007e0c       0x10 c:/nxp/mcuxpressoide_11.2.0_4120/ide/plugins/com.nxp.mcuxpresso.tools.win32_11.2.0.202001021529/tools/bin/../lib/gcc/arm-none-eabi/9.2.1/../../../../arm-none-eabi/lib/thumb/v7-m/nofp\libcr_newlib_nohost.a(lseek.o)
                0x00007e0c                _lseek
 .text.__check_heap_overflow
                0x00007e1c       0x14 c:/nxp/mcuxpressoide_11.2.0_4120/ide/plugins/com.nxp.mcuxpresso.tools.win32_11.2.0.202001021529/tools/bin/../lib/gcc/arm-none-eabi/9.2.1/../../../../arm-none-eabi/lib/thumb/v7-m/nofp\libcr_newlib_nohost.a(_cr_check_heap.o)
                0x00007e1c                __check_heap_overflow
 .text          0x00007e30       0x40 c:/nxp/mcuxpressoide_11.2.0_4120/ide/plugins/com.nxp.mcuxpresso.tools.win32_11.2.0.202001021529/tools/bin/../lib/gcc/arm-none-eabi/9.2.1/thumb/v7-m/nofp\crtbegin.o
 .text          0x00007e70      0x110 c:/nxp/mcuxpressoide_11.2.0_4120/ide/plugins/com.nxp.mcuxpresso.tools.win32_11.2.0.202001021529/tools/bin/../lib/gcc/arm-none-eabi/9.2.1/thumb/v7-m/nofp\libgcc.a(_arm_cmpdf2.o)
                0x00007e70                __gtdf2
                0x00007e70                __gedf2
                0x00007e78                __ltdf2
                0x00007e78                __ledf2
                0x00007e80                __nedf2
                0x00007e80                __eqdf2
                0x00007e80                __cmpdf2
                0x00007efc                __aeabi_cdrcmple
                0x00007f0c                __aeabi_cdcmpeq
                0x00007f0c                __aeabi_cdcmple
                0x00007f1c                __aeabi_dcmpeq
                0x00007f30                __aeabi_dcmplt
                0x00007f44                __aeabi_dcmple
                0x00007f58                __aeabi_dcmpge
                0x00007f6c                __aeabi_dcmpgt
 .text          0x00007f80       0x2c c:/nxp/mcuxpressoide_11.2.0_4120/ide/plugins/com.nxp.mcuxpresso.tools.win32_11.2.0.202001021529/tools/bin/../lib/gcc/arm-none-eabi/9.2.1/thumb/v7-m/nofp\libgcc.a(_arm_unorddf2.o)
                0x00007f80                __unorddf2
                0x00007f80                __aeabi_dcmpun
 .text          0x00007fac       0x50 c:/nxp/mcuxpressoide_11.2.0_4120/ide/plugins/com.nxp.mcuxpresso.tools.win32_11.2.0.202001021529/tools/bin/../lib/gcc/arm-none-eabi/9.2.1/thumb/v7-m/nofp\libgcc.a(_arm_fixdfsi.o)
                0x00007fac                __aeabi_d2iz
                0x00007fac                __fixdfsi
 .text.__errno  0x00007ffc        0xc c:/nxp/mcuxpressoide_11.2.0_4120/ide/plugins/com.nxp.mcuxpresso.tools.win32_11.2.0.202001021529/tools/bin/../lib/gcc/arm-none-eabi/9.2.1/../../../../arm-none-eabi/lib/thumb/v7-m/nofp\libc.a(lib_a-errno.o)
                0x00007ffc                __errno
 *(.rodata .rodata.* .constdata .constdata.*)
 .rodata._ZL9vUARTTaskPv.str1.4
                0x00008008        0xc ./src/XY_plotter_project.o
 .rodata.main.str1.4
                0x00008014       0x22 ./src/XY_plotter_project.o
 *fill*         0x00008036        0x2 ff
 .rodata.OscRateIn
                0x00008038        0x4 C:\Users\Rasmus\Documents\MCUXpressoIDE_11.2.0_4120\XY_plotter_project\lpc_board_nxp_lpcxpresso_1549\Debug\liblpc_board_nxp_lpcxpresso_1549.a(board.o)
                0x00008038                OscRateIn
 .rodata.RTCOscRateIn
                0x0000803c        0x4 C:\Users\Rasmus\Documents\MCUXpressoIDE_11.2.0_4120\XY_plotter_project\lpc_board_nxp_lpcxpresso_1549\Debug\liblpc_board_nxp_lpcxpresso_1549.a(board.o)
                0x0000803c                RTCOscRateIn
 .rodata.ledpins
                0x00008040        0x3 C:\Users\Rasmus\Documents\MCUXpressoIDE_11.2.0_4120\XY_plotter_project\lpc_board_nxp_lpcxpresso_1549\Debug\liblpc_board_nxp_lpcxpresso_1549.a(board.o)
 *fill*         0x00008043        0x1 ff
 .rodata.ledports
                0x00008044        0x3 C:\Users\Rasmus\Documents\MCUXpressoIDE_11.2.0_4120\XY_plotter_project\lpc_board_nxp_lpcxpresso_1549\Debug\liblpc_board_nxp_lpcxpresso_1549.a(board.o)
 *fill*         0x00008047        0x1 ff
 .rodata.ioconSetup
                0x00008048       0x74 C:\Users\Rasmus\Documents\MCUXpressoIDE_11.2.0_4120\XY_plotter_project\lpc_board_nxp_lpcxpresso_1549\Debug\liblpc_board_nxp_lpcxpresso_1549.a(board_sysinit.o)
 .rodata.swmSetup
                0x000080bc        0x6 C:\Users\Rasmus\Documents\MCUXpressoIDE_11.2.0_4120\XY_plotter_project\lpc_board_nxp_lpcxpresso_1549\Debug\liblpc_board_nxp_lpcxpresso_1549.a(board_sysinit.o)
 *fill*         0x000080c2        0x2 ff
 .rodata.vTaskStartScheduler.str1.4
                0x000080c4        0x5 C:\Users\Rasmus\Documents\MCUXpressoIDE_11.2.0_4120\XY_plotter_project\FreeRTOS\Debug\libFreeRTOS.a(tasks.o)
 *fill*         0x000080c9        0x3 ff
 .rodata        0x000080cc       0x10 C:\Users\Rasmus\Documents\MCUXpressoIDE_11.2.0_4120\XY_plotter_project\FreeRTOS\Debug\libFreeRTOS.a(tasks.o)
                0x000080cc                FreeRTOSDebugConfig
 .rodata._vfprintf_r.str1.4
                0x000080dc       0x42 c:/nxp/mcuxpressoide_11.2.0_4120/ide/plugins/com.nxp.mcuxpresso.tools.win32_11.2.0.202001021529/tools/bin/../lib/gcc/arm-none-eabi/9.2.1/../../../../arm-none-eabi/lib/thumb/v7-m/nofp\libc.a(lib_a-vfprintf.o)
 *fill*         0x0000811e        0x2 ff
 .rodata.blanks.7360
                0x00008120       0x10 c:/nxp/mcuxpressoide_11.2.0_4120/ide/plugins/com.nxp.mcuxpresso.tools.win32_11.2.0.202001021529/tools/bin/../lib/gcc/arm-none-eabi/9.2.1/../../../../arm-none-eabi/lib/thumb/v7-m/nofp\libc.a(lib_a-vfprintf.o)
 .rodata.zeroes.7361
                0x00008130       0x10 c:/nxp/mcuxpressoide_11.2.0_4120/ide/plugins/com.nxp.mcuxpresso.tools.win32_11.2.0.202001021529/tools/bin/../lib/gcc/arm-none-eabi/9.2.1/../../../../arm-none-eabi/lib/thumb/v7-m/nofp\libc.a(lib_a-vfprintf.o)
 .rodata._dtoa_r.str1.4
                0x00008140        0xd c:/nxp/mcuxpressoide_11.2.0_4120/ide/plugins/com.nxp.mcuxpresso.tools.win32_11.2.0.202001021529/tools/bin/../lib/gcc/arm-none-eabi/9.2.1/../../../../arm-none-eabi/lib/thumb/v7-m/nofp\libc.a(lib_a-dtoa.o)
                                 0x12 (size before relaxing)
 *fill*         0x0000814d        0x3 ff
 .rodata.__mprec_bigtens
                0x00008150       0x28 c:/nxp/mcuxpressoide_11.2.0_4120/ide/plugins/com.nxp.mcuxpresso.tools.win32_11.2.0.202001021529/tools/bin/../lib/gcc/arm-none-eabi/9.2.1/../../../../arm-none-eabi/lib/thumb/v7-m/nofp\libc.a(lib_a-mprec.o)
                0x00008150                __mprec_bigtens
 .rodata.__mprec_tens
                0x00008178       0xc8 c:/nxp/mcuxpressoide_11.2.0_4120/ide/plugins/com.nxp.mcuxpresso.tools.win32_11.2.0.202001021529/tools/bin/../lib/gcc/arm-none-eabi/9.2.1/../../../../arm-none-eabi/lib/thumb/v7-m/nofp\libc.a(lib_a-mprec.o)
                0x00008178                __mprec_tens
 .rodata.p05.6115
                0x00008240        0xc c:/nxp/mcuxpressoide_11.2.0_4120/ide/plugins/com.nxp.mcuxpresso.tools.win32_11.2.0.202001021529/tools/bin/../lib/gcc/arm-none-eabi/9.2.1/../../../../arm-none-eabi/lib/thumb/v7-m/nofp\libc.a(lib_a-mprec.o)
 .rodata._setlocale_r.str1.4
                0x0000824c        0xa c:/nxp/mcuxpressoide_11.2.0_4120/ide/plugins/com.nxp.mcuxpresso.tools.win32_11.2.0.202001021529/tools/bin/../lib/gcc/arm-none-eabi/9.2.1/../../../../arm-none-eabi/lib/thumb/v7-m/nofp\libc.a(lib_a-locale.o)
                                  0xd (size before relaxing)
 *fill*         0x00008256        0x2 ff
 .rodata.str1.4
                0x00008258        0x2 c:/nxp/mcuxpressoide_11.2.0_4120/ide/plugins/com.nxp.mcuxpresso.tools.win32_11.2.0.202001021529/tools/bin/../lib/gcc/arm-none-eabi/9.2.1/../../../../arm-none-eabi/lib/thumb/v7-m/nofp\libc.a(lib_a-locale.o)
 *fill*         0x0000825a        0x2 ff
 .rodata._ctype_
                0x0000825c      0x101 c:/nxp/mcuxpressoide_11.2.0_4120/ide/plugins/com.nxp.mcuxpresso.tools.win32_11.2.0.202001021529/tools/bin/../lib/gcc/arm-none-eabi/9.2.1/../../../../arm-none-eabi/lib/thumb/v7-m/nofp\libc.a(lib_a-ctype_.o)
                0x0000825c                _ctype_
                0x00008360                . = ALIGN (0x4)
 *fill*         0x0000835d        0x3 ff
                0x00008360                . = ALIGN (0x4)
 *(.init)
 .init          0x00008360        0x4 c:/nxp/mcuxpressoide_11.2.0_4120/ide/plugins/com.nxp.mcuxpresso.tools.win32_11.2.0.202001021529/tools/bin/../lib/gcc/arm-none-eabi/9.2.1/thumb/v7-m/nofp\crti.o
                0x00008360                _init
 .init          0x00008364        0x8 c:/nxp/mcuxpressoide_11.2.0_4120/ide/plugins/com.nxp.mcuxpresso.tools.win32_11.2.0.202001021529/tools/bin/../lib/gcc/arm-none-eabi/9.2.1/thumb/v7-m/nofp\crtn.o
                0x0000836c                . = ALIGN (0x4)
                0x0000836c                __preinit_array_start = .
 *(.preinit_array)
                0x0000836c                __preinit_array_end = .
                0x0000836c                . = ALIGN (0x4)
                0x0000836c                __init_array_start = .
 *(SORT_BY_NAME(.init_array.*))
 *(.init_array)
 .init_array    0x0000836c        0x4 c:/nxp/mcuxpressoide_11.2.0_4120/ide/plugins/com.nxp.mcuxpresso.tools.win32_11.2.0.202001021529/tools/bin/../lib/gcc/arm-none-eabi/9.2.1/thumb/v7-m/nofp\crtbegin.o
                0x00008370                __init_array_end = .
 *(.fini)
 .fini          0x00008370        0x4 c:/nxp/mcuxpressoide_11.2.0_4120/ide/plugins/com.nxp.mcuxpresso.tools.win32_11.2.0.202001021529/tools/bin/../lib/gcc/arm-none-eabi/9.2.1/thumb/v7-m/nofp\crti.o
                0x00008370                _fini
 .fini          0x00008374        0x8 c:/nxp/mcuxpressoide_11.2.0_4120/ide/plugins/com.nxp.mcuxpresso.tools.win32_11.2.0.202001021529/tools/bin/../lib/gcc/arm-none-eabi/9.2.1/thumb/v7-m/nofp\crtn.o
                0x0000837c                . = ALIGN (0x4)
 *crtbegin.o(.ctors)
 *(EXCLUDE_FILE(*crtend.o) .ctors)
 *(SORT_BY_NAME(.ctors.*))
 *crtend.o(.ctors)
                0x0000837c                . = ALIGN (0x4)
 *crtbegin.o(.dtors)
 *(EXCLUDE_FILE(*crtend.o) .dtors)
 *(SORT_BY_NAME(.dtors.*))
 *crtend.o(.dtors)
                0x0000837c                . = ALIGN (0x4)

.glue_7         0x0000837c        0x0
 .glue_7        0x0000837c        0x0 linker stubs

.glue_7t        0x0000837c        0x0
 .glue_7t       0x0000837c        0x0 linker stubs

.vfp11_veneer   0x0000837c        0x0
 .vfp11_veneer  0x0000837c        0x0 linker stubs

.v4_bx          0x0000837c        0x0
 .v4_bx         0x0000837c        0x0 linker stubs

.iplt           0x0000837c        0x0
 .iplt          0x0000837c        0x0 ./src/XY_plotter_project.o

.ARM.extab
 *(.ARM.extab* .gnu.linkonce.armextab.*)

.ARM.exidx      0x0000837c        0x8
                0x0000837c                __exidx_start = .
 *(.ARM.exidx* .gnu.linkonce.armexidx.*)
 .ARM.exidx     0x0000837c        0x8 c:/nxp/mcuxpressoide_11.2.0_4120/ide/plugins/com.nxp.mcuxpresso.tools.win32_11.2.0.202001021529/tools/bin/../lib/gcc/arm-none-eabi/9.2.1/thumb/v7-m/nofp\libgcc.a(_udivmoddi4.o)
                0x00008384                __exidx_end = .
                0x00008384                _etext = .

.rel.dyn        0x00008384        0x0
 .rel.iplt      0x00008384        0x0 ./src/XY_plotter_project.o

.eh_frame       0x00008384        0x0
 .eh_frame      0x00008384        0x0 c:/nxp/mcuxpressoide_11.2.0_4120/ide/plugins/com.nxp.mcuxpresso.tools.win32_11.2.0.202001021529/tools/bin/../lib/gcc/arm-none-eabi/9.2.1/thumb/v7-m/nofp\crtbegin.o

.data_RAM2      0x02008000        0x0 load address 0x00008384
 FILL mask 0xff
                [!provide]                PROVIDE (__start_data_RAM2 = .)
                [!provide]                PROVIDE (__start_data_Ram2_4 = .)
 *(.ramfunc.$RAM2)
 *(.ramfunc.$Ram2_4)
 *(.data.$RAM2)
 *(.data.$Ram2_4)
 *(.data.$RAM2.*)
 *(.data.$Ram2_4.*)
                0x02008000                . = ALIGN (0x4)
                [!provide]                PROVIDE (__end_data_RAM2 = .)
                [!provide]                PROVIDE (__end_data_Ram2_4 = .)

.uninit_RESERVED
                0x02000000        0x0
                0x02000000                _start_uninit_RESERVED = .
 *(.bss.$RESERVED*)
                0x02000000                . = ALIGN (0x4)
                0x02000000                _end_uninit_RESERVED = .

.data           0x02000000      0x9ac load address 0x00008384
 FILL mask 0xff
                0x02000000                _data = .
                [!provide]                PROVIDE (__start_data_RAM = .)
                [!provide]                PROVIDE (__start_data_Ram0_16_32 = .)
 *(vtable)
 *(.ramfunc*)
 *(CodeQuickAccess)
 *(DataQuickAccess)
 *(RamFunction)
 *(.data*)
 .data.uxCriticalNesting
                0x02000000        0x4 C:\Users\Rasmus\Documents\MCUXpressoIDE_11.2.0_4120\XY_plotter_project\FreeRTOS\Debug\libFreeRTOS.a(port.o)
 .data._impure_ptr
                0x02000004        0x4 c:/nxp/mcuxpressoide_11.2.0_4120/ide/plugins/com.nxp.mcuxpresso.tools.win32_11.2.0.202001021529/tools/bin/../lib/gcc/arm-none-eabi/9.2.1/../../../../arm-none-eabi/lib/thumb/v7-m/nofp\libc.a(lib_a-impure.o)
                0x02000004                _impure_ptr
 .data.impure_data
                0x02000008      0x428 c:/nxp/mcuxpressoide_11.2.0_4120/ide/plugins/com.nxp.mcuxpresso.tools.win32_11.2.0.202001021529/tools/bin/../lib/gcc/arm-none-eabi/9.2.1/../../../../arm-none-eabi/lib/thumb/v7-m/nofp\libc.a(lib_a-impure.o)
 .data.__malloc_av_
                0x02000430      0x408 c:/nxp/mcuxpressoide_11.2.0_4120/ide/plugins/com.nxp.mcuxpresso.tools.win32_11.2.0.202001021529/tools/bin/../lib/gcc/arm-none-eabi/9.2.1/../../../../arm-none-eabi/lib/thumb/v7-m/nofp\libc.a(lib_a-mallocr.o)
                0x02000430                __malloc_av_
 .data.__malloc_sbrk_base
                0x02000838        0x4 c:/nxp/mcuxpressoide_11.2.0_4120/ide/plugins/com.nxp.mcuxpresso.tools.win32_11.2.0.202001021529/tools/bin/../lib/gcc/arm-none-eabi/9.2.1/../../../../arm-none-eabi/lib/thumb/v7-m/nofp\libc.a(lib_a-mallocr.o)
                0x02000838                __malloc_sbrk_base
 .data.__malloc_trim_threshold
                0x0200083c        0x4 c:/nxp/mcuxpressoide_11.2.0_4120/ide/plugins/com.nxp.mcuxpresso.tools.win32_11.2.0.202001021529/tools/bin/../lib/gcc/arm-none-eabi/9.2.1/../../../../arm-none-eabi/lib/thumb/v7-m/nofp\libc.a(lib_a-mallocr.o)
                0x0200083c                __malloc_trim_threshold
 .data.__global_locale
                0x02000840      0x16c c:/nxp/mcuxpressoide_11.2.0_4120/ide/plugins/com.nxp.mcuxpresso.tools.win32_11.2.0.202001021529/tools/bin/../lib/gcc/arm-none-eabi/9.2.1/../../../../arm-none-eabi/lib/thumb/v7-m/nofp\libc.a(lib_a-locale.o)
                0x02000840                __global_locale
                0x020009ac                . = ALIGN (0x4)
                0x020009ac                _edata = .
                [!provide]                PROVIDE (__end_data_RAM = .)
                [!provide]                PROVIDE (__end_data_Ram0_16_32 = .)

.igot.plt       0x020009ac        0x0 load address 0x00008d30
 .igot.plt      0x020009ac        0x0 ./src/XY_plotter_project.o

.bss_RAM2       0x02008000        0x0
                [!provide]                PROVIDE (__start_bss_RAM2 = .)
                [!provide]                PROVIDE (__start_bss_Ram2_4 = .)
 *(.bss.$RAM2)
 *(.bss.$Ram2_4)
 *(.bss.$RAM2.*)
 *(.bss.$Ram2_4.*)
                0x02008000                . = ALIGN ((. != 0x0)?0x4:0x1)
                [!provide]                PROVIDE (__end_bss_RAM2 = .)
                [!provide]                PROVIDE (__end_bss_Ram2_4 = .)

.bss            0x020009ac      0x1cc
                0x020009ac                _bss = .
                [!provide]                PROVIDE (__start_bss_RAM = .)
                [!provide]                PROVIDE (__start_bss_Ram0_16_32 = .)
 *(.bss*)
 .bss.heapTotalSize_
                0x020009ac        0x4 ./src/heap_lock_monitor.o
                0x020009ac                heapTotalSize_
 .bss.heapAmountUsed_
                0x020009b0        0x4 ./src/heap_lock_monitor.o
                0x020009b0                heapAmountUsed_
 .bss.heapPercentageUsed_
                0x020009b4        0x4 ./src/heap_lock_monitor.o
                0x020009b4                heapPercentageUsed_
 .bss.pxCurrentTCB
                0x020009b8        0x4 C:\Users\Rasmus\Documents\MCUXpressoIDE_11.2.0_4120\XY_plotter_project\FreeRTOS\Debug\libFreeRTOS.a(tasks.o)
                0x020009b8                pxCurrentTCB
 .bss.pxReadyTasksLists
                0x020009bc       0xa0 C:\Users\Rasmus\Documents\MCUXpressoIDE_11.2.0_4120\XY_plotter_project\FreeRTOS\Debug\libFreeRTOS.a(tasks.o)
 .bss.xDelayedTaskList1
                0x02000a5c       0x14 C:\Users\Rasmus\Documents\MCUXpressoIDE_11.2.0_4120\XY_plotter_project\FreeRTOS\Debug\libFreeRTOS.a(tasks.o)
 .bss.xDelayedTaskList2
                0x02000a70       0x14 C:\Users\Rasmus\Documents\MCUXpressoIDE_11.2.0_4120\XY_plotter_project\FreeRTOS\Debug\libFreeRTOS.a(tasks.o)
 .bss.pxDelayedTaskList
                0x02000a84        0x4 C:\Users\Rasmus\Documents\MCUXpressoIDE_11.2.0_4120\XY_plotter_project\FreeRTOS\Debug\libFreeRTOS.a(tasks.o)
 .bss.pxOverflowDelayedTaskList
                0x02000a88        0x4 C:\Users\Rasmus\Documents\MCUXpressoIDE_11.2.0_4120\XY_plotter_project\FreeRTOS\Debug\libFreeRTOS.a(tasks.o)
 .bss.xPendingReadyList
                0x02000a8c       0x14 C:\Users\Rasmus\Documents\MCUXpressoIDE_11.2.0_4120\XY_plotter_project\FreeRTOS\Debug\libFreeRTOS.a(tasks.o)
 .bss.xTasksWaitingTermination
                0x02000aa0       0x14 C:\Users\Rasmus\Documents\MCUXpressoIDE_11.2.0_4120\XY_plotter_project\FreeRTOS\Debug\libFreeRTOS.a(tasks.o)
 .bss.uxDeletedTasksWaitingCleanUp
                0x02000ab4        0x4 C:\Users\Rasmus\Documents\MCUXpressoIDE_11.2.0_4120\XY_plotter_project\FreeRTOS\Debug\libFreeRTOS.a(tasks.o)
 .bss.xSuspendedTaskList
                0x02000ab8       0x14 C:\Users\Rasmus\Documents\MCUXpressoIDE_11.2.0_4120\XY_plotter_project\FreeRTOS\Debug\libFreeRTOS.a(tasks.o)
 .bss.uxCurrentNumberOfTasks
                0x02000acc        0x4 C:\Users\Rasmus\Documents\MCUXpressoIDE_11.2.0_4120\XY_plotter_project\FreeRTOS\Debug\libFreeRTOS.a(tasks.o)
 .bss.xTickCount
                0x02000ad0        0x4 C:\Users\Rasmus\Documents\MCUXpressoIDE_11.2.0_4120\XY_plotter_project\FreeRTOS\Debug\libFreeRTOS.a(tasks.o)
 .bss.uxTopReadyPriority
                0x02000ad4        0x4 C:\Users\Rasmus\Documents\MCUXpressoIDE_11.2.0_4120\XY_plotter_project\FreeRTOS\Debug\libFreeRTOS.a(tasks.o)
 .bss.xSchedulerRunning
                0x02000ad8        0x4 C:\Users\Rasmus\Documents\MCUXpressoIDE_11.2.0_4120\XY_plotter_project\FreeRTOS\Debug\libFreeRTOS.a(tasks.o)
 .bss.uxPendedTicks
                0x02000adc        0x4 C:\Users\Rasmus\Documents\MCUXpressoIDE_11.2.0_4120\XY_plotter_project\FreeRTOS\Debug\libFreeRTOS.a(tasks.o)
 .bss.xYieldPending
                0x02000ae0        0x4 C:\Users\Rasmus\Documents\MCUXpressoIDE_11.2.0_4120\XY_plotter_project\FreeRTOS\Debug\libFreeRTOS.a(tasks.o)
 .bss.xNumOfOverflows
                0x02000ae4        0x4 C:\Users\Rasmus\Documents\MCUXpressoIDE_11.2.0_4120\XY_plotter_project\FreeRTOS\Debug\libFreeRTOS.a(tasks.o)
 .bss.uxTaskNumber
                0x02000ae8        0x4 C:\Users\Rasmus\Documents\MCUXpressoIDE_11.2.0_4120\XY_plotter_project\FreeRTOS\Debug\libFreeRTOS.a(tasks.o)
 .bss.xNextTaskUnblockTime
                0x02000aec        0x4 C:\Users\Rasmus\Documents\MCUXpressoIDE_11.2.0_4120\XY_plotter_project\FreeRTOS\Debug\libFreeRTOS.a(tasks.o)
 .bss.xIdleTaskHandle
                0x02000af0        0x4 C:\Users\Rasmus\Documents\MCUXpressoIDE_11.2.0_4120\XY_plotter_project\FreeRTOS\Debug\libFreeRTOS.a(tasks.o)
 .bss.uxSchedulerSuspended
                0x02000af4        0x4 C:\Users\Rasmus\Documents\MCUXpressoIDE_11.2.0_4120\XY_plotter_project\FreeRTOS\Debug\libFreeRTOS.a(tasks.o)
 .bss.__malloc_current_mallinfo
                0x02000af8       0x28 c:/nxp/mcuxpressoide_11.2.0_4120/ide/plugins/com.nxp.mcuxpresso.tools.win32_11.2.0.202001021529/tools/bin/../lib/gcc/arm-none-eabi/9.2.1/../../../../arm-none-eabi/lib/thumb/v7-m/nofp\libc.a(lib_a-mallocr.o)
                0x02000af8                __malloc_current_mallinfo
 .bss.__malloc_max_sbrked_mem
                0x02000b20        0x4 c:/nxp/mcuxpressoide_11.2.0_4120/ide/plugins/com.nxp.mcuxpresso.tools.win32_11.2.0.202001021529/tools/bin/../lib/gcc/arm-none-eabi/9.2.1/../../../../arm-none-eabi/lib/thumb/v7-m/nofp\libc.a(lib_a-mallocr.o)
                0x02000b20                __malloc_max_sbrked_mem
 .bss.__malloc_max_total_mem
                0x02000b24        0x4 c:/nxp/mcuxpressoide_11.2.0_4120/ide/plugins/com.nxp.mcuxpresso.tools.win32_11.2.0.202001021529/tools/bin/../lib/gcc/arm-none-eabi/9.2.1/../../../../arm-none-eabi/lib/thumb/v7-m/nofp\libc.a(lib_a-mallocr.o)
                0x02000b24                __malloc_max_total_mem
 .bss.__malloc_top_pad
                0x02000b28        0x4 c:/nxp/mcuxpressoide_11.2.0_4120/ide/plugins/com.nxp.mcuxpresso.tools.win32_11.2.0.202001021529/tools/bin/../lib/gcc/arm-none-eabi/9.2.1/../../../../arm-none-eabi/lib/thumb/v7-m/nofp\libc.a(lib_a-mallocr.o)
                0x02000b28                __malloc_top_pad
 .bss.__end_of_heap
                0x02000b2c        0x4 c:/nxp/mcuxpressoide_11.2.0_4120/ide/plugins/com.nxp.mcuxpresso.tools.win32_11.2.0.202001021529/tools/bin/../lib/gcc/arm-none-eabi/9.2.1/../../../../arm-none-eabi/lib/thumb/v7-m/nofp\libcr_newlib_nohost.a(_cr_sbrk.o)
                0x02000b2c                __end_of_heap
 .bss           0x02000b30       0x1c c:/nxp/mcuxpressoide_11.2.0_4120/ide/plugins/com.nxp.mcuxpresso.tools.win32_11.2.0.202001021529/tools/bin/../lib/gcc/arm-none-eabi/9.2.1/thumb/v7-m/nofp\crtbegin.o
 *(COMMON)
 COMMON         0x02000b4c        0x4 C:\Users\Rasmus\Documents\MCUXpressoIDE_11.2.0_4120\XY_plotter_project\lpc_chip_15xx\Debug\liblpc_chip_15xx.a(chip_15xx.o)
                0x02000b4c                SystemCoreClock
 COMMON         0x02000b50        0x4 c:/nxp/mcuxpressoide_11.2.0_4120/ide/plugins/com.nxp.mcuxpresso.tools.win32_11.2.0.202001021529/tools/bin/../lib/gcc/arm-none-eabi/9.2.1/../../../../arm-none-eabi/lib/thumb/v7-m/nofp\libc.a(lib_a-reent.o)
                0x02000b50                errno
 COMMON         0x02000b54       0x21 c:/nxp/mcuxpressoide_11.2.0_4120/ide/plugins/com.nxp.mcuxpresso.tools.win32_11.2.0.202001021529/tools/bin/../lib/gcc/arm-none-eabi/9.2.1/../../../../arm-none-eabi/lib/thumb/v7-m/nofp\libc.a(lib_a-lock.o)
                0x02000b54                __lock___atexit_recursive_mutex
                0x02000b58                __lock___arc4random_mutex
                0x02000b5c                __lock___env_recursive_mutex
                0x02000b60                __lock___sinit_recursive_mutex
                0x02000b64                __lock___malloc_recursive_mutex
                0x02000b68                __lock___at_quick_exit_mutex
                0x02000b6c                __lock___dd_hash_mutex
                0x02000b70                __lock___tz_mutex
                0x02000b74                __lock___sfp_recursive_mutex
                0x02000b78                . = ALIGN (0x4)
 *fill*         0x02000b75        0x3 
                0x02000b78                _ebss = .
                [!provide]                PROVIDE (__end_bss_RAM = .)
                [!provide]                PROVIDE (__end_bss_Ram0_16_32 = .)
                [!provide]                PROVIDE (end = .)

.noinit_RAM2    0x02008000        0x0
                [!provide]                PROVIDE (__start_noinit_RAM2 = .)
                [!provide]                PROVIDE (__start_noinit_Ram2_4 = .)
 *(.noinit.$RAM2)
 *(.noinit.$Ram2_4)
 *(.noinit.$RAM2.*)
 *(.noinit.$Ram2_4.*)
                0x02008000                . = ALIGN (0x4)
                [!provide]                PROVIDE (__end_noinit_RAM2 = .)
                [!provide]                PROVIDE (__end_noinit_Ram2_4 = .)

.noinit         0x02000b78        0x0
                0x02000b78                _noinit = .
                [!provide]                PROVIDE (__start_noinit_RAM = .)
                [!provide]                PROVIDE (__start_noinit_Ram0_16_32 = .)
 *(.noinit*)
                0x02000b78                . = ALIGN (0x4)
                0x02000b78                _end_noinit = .
                [!provide]                PROVIDE (__end_noinit_RAM = .)
                [!provide]                PROVIDE (__end_noinit_Ram0_16_32 = .)
                0x02000b78                PROVIDE (_pvHeapStart = DEFINED (__user_heap_base)?__user_heap_base:.)
                0x02008000                PROVIDE (_vStackTop = DEFINED (__user_stack_top)?__user_stack_top:(__top_Ram0_16_32 - 0x0))
                0xfdff735a                PROVIDE (__valid_user_code_checksum = (0x0 - ((((((_vStackTop + (ResetISR + 0x1)) + (NMI_Handler + 0x1)) + (HardFault_Handler + 0x1)) + (DEFINED (MemManage_Handler)?MemManage_Handler:0x0 + 0x1)) + (DEFINED (BusFault_Handler)?BusFault_Handler:0x0 + 0x1)) + (DEFINED (UsageFault_Handler)?UsageFault_Handler:0x0 + 0x1))))
                0x00000000                _image_start = LOADADDR (.text)
                0x00008d30                _image_end = (LOADADDR (.data) + SIZEOF (.data))
                0x00008d30                _image_size = (_image_end - _image_start)
OUTPUT(XY_plotter_project.axf elf32-littlearm)

.debug_info     0x00000000    0x12069
 .debug_info    0x00000000     0x1195 ./src/XY_plotter_project.o
 .debug_info    0x00001195      0x2a0 ./src/cr_startup_lpc15xx.o
 .debug_info    0x00001435       0x40 ./src/crp.o
 .debug_info    0x00001475      0xc1a ./src/heap_lock_monitor.o
 .debug_info    0x0000208f      0x9fc ./src/sysinit.o
 .debug_info    0x00002a8b     0x145c C:\Users\Rasmus\Documents\MCUXpressoIDE_11.2.0_4120\XY_plotter_project\lpc_board_nxp_lpcxpresso_1549\Debug\liblpc_board_nxp_lpcxpresso_1549.a(board.o)
 .debug_info    0x00003ee7     0x1606 C:\Users\Rasmus\Documents\MCUXpressoIDE_11.2.0_4120\XY_plotter_project\lpc_board_nxp_lpcxpresso_1549\Debug\liblpc_board_nxp_lpcxpresso_1549.a(board_sysinit.o)
 .debug_info    0x000054ed      0xa44 C:\Users\Rasmus\Documents\MCUXpressoIDE_11.2.0_4120\XY_plotter_project\lpc_chip_15xx\Debug\liblpc_chip_15xx.a(chip_15xx.o)
 .debug_info    0x00005f31      0xe46 C:\Users\Rasmus\Documents\MCUXpressoIDE_11.2.0_4120\XY_plotter_project\lpc_chip_15xx\Debug\liblpc_chip_15xx.a(clock_15xx.o)
 .debug_info    0x00006d77      0x6d1 C:\Users\Rasmus\Documents\MCUXpressoIDE_11.2.0_4120\XY_plotter_project\lpc_chip_15xx\Debug\liblpc_chip_15xx.a(gpio_15xx.o)
 .debug_info    0x00007448      0x29c C:\Users\Rasmus\Documents\MCUXpressoIDE_11.2.0_4120\XY_plotter_project\lpc_chip_15xx\Debug\liblpc_chip_15xx.a(iocon_15xx.o)
 .debug_info    0x000076e4      0x69b C:\Users\Rasmus\Documents\MCUXpressoIDE_11.2.0_4120\XY_plotter_project\lpc_chip_15xx\Debug\liblpc_chip_15xx.a(swm_15xx.o)
 .debug_info    0x00007d7f      0x802 C:\Users\Rasmus\Documents\MCUXpressoIDE_11.2.0_4120\XY_plotter_project\lpc_chip_15xx\Debug\liblpc_chip_15xx.a(sysctl_15xx.o)
 .debug_info    0x00008581      0x7ee C:\Users\Rasmus\Documents\MCUXpressoIDE_11.2.0_4120\XY_plotter_project\lpc_chip_15xx\Debug\liblpc_chip_15xx.a(sysinit_15xx.o)
 .debug_info    0x00008d6f      0x9ce C:\Users\Rasmus\Documents\MCUXpressoIDE_11.2.0_4120\XY_plotter_project\lpc_chip_15xx\Debug\liblpc_chip_15xx.a(uart_15xx.o)
 .debug_info    0x0000973d     0x278d C:\Users\Rasmus\Documents\MCUXpressoIDE_11.2.0_4120\XY_plotter_project\FreeRTOS\Debug\libFreeRTOS.a(tasks.o)
 .debug_info    0x0000beca      0xa6e C:\Users\Rasmus\Documents\MCUXpressoIDE_11.2.0_4120\XY_plotter_project\FreeRTOS\Debug\libFreeRTOS.a(heap_3.o)
 .debug_info    0x0000c938      0xd35 C:\Users\Rasmus\Documents\MCUXpressoIDE_11.2.0_4120\XY_plotter_project\FreeRTOS\Debug\libFreeRTOS.a(port.o)
 .debug_info    0x0000d66d      0xb1c C:\Users\Rasmus\Documents\MCUXpressoIDE_11.2.0_4120\XY_plotter_project\FreeRTOS\Debug\libFreeRTOS.a(FreeRTOSCommonHooks.o)
 .debug_info    0x0000e189      0xc2f C:\Users\Rasmus\Documents\MCUXpressoIDE_11.2.0_4120\XY_plotter_project\FreeRTOS\Debug\libFreeRTOS.a(list.o)
 .debug_info    0x0000edb8      0x9f8 c:/nxp/mcuxpressoide_11.2.0_4120/ide/plugins/com.nxp.mcuxpresso.tools.win32_11.2.0.202001021529/tools/bin/../lib/gcc/arm-none-eabi/9.2.1/../../../../arm-none-eabi/lib/thumb/v7-m/nofp\libcr_newlib_nohost.a(_cr_sbrk.o)
 .debug_info    0x0000f7b0      0x979 c:/nxp/mcuxpressoide_11.2.0_4120/ide/plugins/com.nxp.mcuxpresso.tools.win32_11.2.0.202001021529/tools/bin/../lib/gcc/arm-none-eabi/9.2.1/../../../../arm-none-eabi/lib/thumb/v7-m/nofp\libcr_newlib_nohost.a(close.o)
 .debug_info    0x00010129      0xbbb c:/nxp/mcuxpressoide_11.2.0_4120/ide/plugins/com.nxp.mcuxpresso.tools.win32_11.2.0.202001021529/tools/bin/../lib/gcc/arm-none-eabi/9.2.1/../../../../arm-none-eabi/lib/thumb/v7-m/nofp\libcr_newlib_nohost.a(fstat.o)
 .debug_info    0x00010ce4      0x979 c:/nxp/mcuxpressoide_11.2.0_4120/ide/plugins/com.nxp.mcuxpresso.tools.win32_11.2.0.202001021529/tools/bin/../lib/gcc/arm-none-eabi/9.2.1/../../../../arm-none-eabi/lib/thumb/v7-m/nofp\libcr_newlib_nohost.a(isatty.o)
 .debug_info    0x0001165d      0x99b c:/nxp/mcuxpressoide_11.2.0_4120/ide/plugins/com.nxp.mcuxpresso.tools.win32_11.2.0.202001021529/tools/bin/../lib/gcc/arm-none-eabi/9.2.1/../../../../arm-none-eabi/lib/thumb/v7-m/nofp\libcr_newlib_nohost.a(lseek.o)
 .debug_info    0x00011ff8       0x71 c:/nxp/mcuxpressoide_11.2.0_4120/ide/plugins/com.nxp.mcuxpresso.tools.win32_11.2.0.202001021529/tools/bin/../lib/gcc/arm-none-eabi/9.2.1/../../../../arm-none-eabi/lib/thumb/v7-m/nofp\libcr_newlib_nohost.a(_cr_check_heap.o)

.debug_abbrev   0x00000000     0x3685
 .debug_abbrev  0x00000000      0x29d ./src/XY_plotter_project.o
 .debug_abbrev  0x0000029d      0x11a ./src/cr_startup_lpc15xx.o
 .debug_abbrev  0x000003b7       0x38 ./src/crp.o
 .debug_abbrev  0x000003ef      0x250 ./src/heap_lock_monitor.o
 .debug_abbrev  0x0000063f      0x1d9 ./src/sysinit.o
 .debug_abbrev  0x00000818      0x379 C:\Users\Rasmus\Documents\MCUXpressoIDE_11.2.0_4120\XY_plotter_project\lpc_board_nxp_lpcxpresso_1549\Debug\liblpc_board_nxp_lpcxpresso_1549.a(board.o)
 .debug_abbrev  0x00000b91      0x344 C:\Users\Rasmus\Documents\MCUXpressoIDE_11.2.0_4120\XY_plotter_project\lpc_board_nxp_lpcxpresso_1549\Debug\liblpc_board_nxp_lpcxpresso_1549.a(board_sysinit.o)
 .debug_abbrev  0x00000ed5      0x1ea C:\Users\Rasmus\Documents\MCUXpressoIDE_11.2.0_4120\XY_plotter_project\lpc_chip_15xx\Debug\liblpc_chip_15xx.a(chip_15xx.o)
 .debug_abbrev  0x000010bf      0x2e8 C:\Users\Rasmus\Documents\MCUXpressoIDE_11.2.0_4120\XY_plotter_project\lpc_chip_15xx\Debug\liblpc_chip_15xx.a(clock_15xx.o)
 .debug_abbrev  0x000013a7      0x1aa C:\Users\Rasmus\Documents\MCUXpressoIDE_11.2.0_4120\XY_plotter_project\lpc_chip_15xx\Debug\liblpc_chip_15xx.a(gpio_15xx.o)
 .debug_abbrev  0x00001551      0x160 C:\Users\Rasmus\Documents\MCUXpressoIDE_11.2.0_4120\XY_plotter_project\lpc_chip_15xx\Debug\liblpc_chip_15xx.a(iocon_15xx.o)
 .debug_abbrev  0x000016b1      0x183 C:\Users\Rasmus\Documents\MCUXpressoIDE_11.2.0_4120\XY_plotter_project\lpc_chip_15xx\Debug\liblpc_chip_15xx.a(swm_15xx.o)
 .debug_abbrev  0x00001834      0x154 C:\Users\Rasmus\Documents\MCUXpressoIDE_11.2.0_4120\XY_plotter_project\lpc_chip_15xx\Debug\liblpc_chip_15xx.a(sysctl_15xx.o)
 .debug_abbrev  0x00001988      0x1dd C:\Users\Rasmus\Documents\MCUXpressoIDE_11.2.0_4120\XY_plotter_project\lpc_chip_15xx\Debug\liblpc_chip_15xx.a(sysinit_15xx.o)
 .debug_abbrev  0x00001b65      0x224 C:\Users\Rasmus\Documents\MCUXpressoIDE_11.2.0_4120\XY_plotter_project\lpc_chip_15xx\Debug\liblpc_chip_15xx.a(uart_15xx.o)
 .debug_abbrev  0x00001d89      0x3ec C:\Users\Rasmus\Documents\MCUXpressoIDE_11.2.0_4120\XY_plotter_project\FreeRTOS\Debug\libFreeRTOS.a(tasks.o)
 .debug_abbrev  0x00002175      0x246 C:\Users\Rasmus\Documents\MCUXpressoIDE_11.2.0_4120\XY_plotter_project\FreeRTOS\Debug\libFreeRTOS.a(heap_3.o)
 .debug_abbrev  0x000023bb      0x35e C:\Users\Rasmus\Documents\MCUXpressoIDE_11.2.0_4120\XY_plotter_project\FreeRTOS\Debug\libFreeRTOS.a(port.o)
 .debug_abbrev  0x00002719      0x2a2 C:\Users\Rasmus\Documents\MCUXpressoIDE_11.2.0_4120\XY_plotter_project\FreeRTOS\Debug\libFreeRTOS.a(FreeRTOSCommonHooks.o)
 .debug_abbrev  0x000029bb      0x235 C:\Users\Rasmus\Documents\MCUXpressoIDE_11.2.0_4120\XY_plotter_project\FreeRTOS\Debug\libFreeRTOS.a(list.o)
 .debug_abbrev  0x00002bf0      0x24a c:/nxp/mcuxpressoide_11.2.0_4120/ide/plugins/com.nxp.mcuxpresso.tools.win32_11.2.0.202001021529/tools/bin/../lib/gcc/arm-none-eabi/9.2.1/../../../../arm-none-eabi/lib/thumb/v7-m/nofp\libcr_newlib_nohost.a(_cr_sbrk.o)
 .debug_abbrev  0x00002e3a      0x1ea c:/nxp/mcuxpressoide_11.2.0_4120/ide/plugins/com.nxp.mcuxpresso.tools.win32_11.2.0.202001021529/tools/bin/../lib/gcc/arm-none-eabi/9.2.1/../../../../arm-none-eabi/lib/thumb/v7-m/nofp\libcr_newlib_nohost.a(close.o)
 .debug_abbrev  0x00003024      0x1fd c:/nxp/mcuxpressoide_11.2.0_4120/ide/plugins/com.nxp.mcuxpresso.tools.win32_11.2.0.202001021529/tools/bin/../lib/gcc/arm-none-eabi/9.2.1/../../../../arm-none-eabi/lib/thumb/v7-m/nofp\libcr_newlib_nohost.a(fstat.o)
 .debug_abbrev  0x00003221      0x1ea c:/nxp/mcuxpressoide_11.2.0_4120/ide/plugins/com.nxp.mcuxpresso.tools.win32_11.2.0.202001021529/tools/bin/../lib/gcc/arm-none-eabi/9.2.1/../../../../arm-none-eabi/lib/thumb/v7-m/nofp\libcr_newlib_nohost.a(isatty.o)
 .debug_abbrev  0x0000340b      0x20f c:/nxp/mcuxpressoide_11.2.0_4120/ide/plugins/com.nxp.mcuxpresso.tools.win32_11.2.0.202001021529/tools/bin/../lib/gcc/arm-none-eabi/9.2.1/../../../../arm-none-eabi/lib/thumb/v7-m/nofp\libcr_newlib_nohost.a(lseek.o)
 .debug_abbrev  0x0000361a       0x6b c:/nxp/mcuxpressoide_11.2.0_4120/ide/plugins/com.nxp.mcuxpresso.tools.win32_11.2.0.202001021529/tools/bin/../lib/gcc/arm-none-eabi/9.2.1/../../../../arm-none-eabi/lib/thumb/v7-m/nofp\libcr_newlib_nohost.a(_cr_check_heap.o)

.debug_aranges  0x00000000      0x9f0
 .debug_aranges
                0x00000000       0x48 ./src/XY_plotter_project.o
 .debug_aranges
                0x00000048       0x80 ./src/cr_startup_lpc15xx.o
 .debug_aranges