11:04:03 **** Incremental Build of configuration Debug for project lpc_board_nxp_lpcxpresso_1549 ****
make -r all 
make: Nothing to be done for 'all'.
11:04:03 **** Incremental Build of configuration Debug for project lpc_chip_15xx ****
make -r all 
make: Nothing to be done for 'all'.
11:04:03 **** Incremental Build of configuration Debug for project FreeRTOS ****
make -r all 
make: Nothing to be done for 'all'.
11:04:03 **** Incremental Build of configuration Debug for project XY_plotter_project ****
make -r -j12 all 
Building file: ../src/XY_plotter_project.cpp
Invoking: MCU C++ Compiler
arm-none-eabi-c++ -std=c++11 -DDEBUG -D__CODE_RED -D__NEWLIB__ -DCORE_M3 -D__USE_LPCOPEN -DCPP_USE_HEAP -D__LPC15XX__ -I"C:\Users\Rasmus\Documents\MCUXpressoIDE_11.2.0_4120\XY_plotter_project\lpc_board_nxp_lpcxpresso_1549\inc" -I"C:\Users\Rasmus\Documents\MCUXpressoIDE_11.2.0_4120\XY_plotter_project\lpc_chip_15xx\inc" -I"C:\Users\Rasmus\Documents\MCUXpressoIDE_11.2.0_4120\XY_plotter_project\FreeRTOS\inc" -I"C:\Users\Rasmus\Documents\MCUXpressoIDE_11.2.0_4120\XY_plotter_project\FreeRTOS\src\include" -I"C:\Users\Rasmus\Documents\MCUXpressoIDE_11.2.0_4120\XY_plotter_project\FreeRTOS\src\portable\GCC\ARM_CM3" -O0 -fno-common -g3 -Wall -c -fmessage-length=0 -fno-builtin -ffunction-sections -fdata-sections -fno-rtti -fno-exceptions -fmerge-constants -fmacro-prefix-map="../src/"=. -mcpu=cortex-m3 -mthumb -fstack-usage -MMD -MP -MF"src/XY_plotter_project.d" -MT"src/XY_plotter_project.o" -MT"src/XY_plotter_project.d" -o "src/XY_plotter_project.o" "../src/XY_plotter_project.cpp"
Finished building: ../src/XY_plotter_project.cpp
 
Building target: XY_plotter_project.axf
Invoking: MCU C++ Linker
arm-none-eabi-c++ -nostdlib -L"C:\Users\Rasmus\Documents\MCUXpressoIDE_11.2.0_4120\XY_plotter_project\lpc_board_nxp_lpcxpresso_1549\Debug" -L"C:\Users\Rasmus\Documents\MCUXpressoIDE_11.2.0_4120\XY_plotter_project\lpc_chip_15xx\Debug" -L"C:\Users\Rasmus\Documents\MCUXpressoIDE_11.2.0_4120\XY_plotter_project\FreeRTOS\Debug" -Xlinker -Map="XY_plotter_project.map" -Xlinker --cref -Xlinker --gc-sections -Xlinker -print-memory-usage -mcpu=cortex-m3 -mthumb -T "XY_plotter_project_Debug.ld" -o "XY_plotter_project.axf"  ./src/XY_plotter_project.o ./src/cr_cpp_config.o ./src/cr_startup_lpc15xx.o ./src/crp.o ./src/heap_lock_monitor.o ./src/sysinit.o   -llpc_board_nxp_lpcxpresso_1549 -llpc_chip_15xx -lFreeRTOS
Memory region         Used Size  Region Size  %age Used
       MFlash256:       36144 B       256 KB     13.79%
      Ram0_16_32:        2936 B        32 KB      8.96%
          Ram2_4:          0 GB         4 KB      0.00%
Finished building target: XY_plotter_project.axf
 
make --no-print-directory post-build
Performing post-build steps
arm-none-eabi-size "XY_plotter_project.axf"; # arm-none-eabi-objcopy -v -O binary "XY_plotter_project.axf" "XY_plotter_project.bin" ; # checksum -p LPC1549 -d "XY_plotter_project.bin";
   text	   data	    bss	    dec	    hex	filename
  33668	   2476	    460	  36604	   8efc	XY_plotter_project.axf
 
14:58:26 **** Clean-only build of configuration Debug for project lpc_board_nxp_lpcxpresso_1549 ****
make -r clean 
rm -rf  ./src/board.o ./src/board_sysinit.o  ./src/board.d ./src/board_sysinit.d  liblpc_board_nxp_lpcxpresso_1549.a
 
14:58:27 **** Build of configuration Debug for project lpc_board_nxp_lpcxpresso_1549 ****
make -r all 
Building file: ../src/board.c
Invoking: MCU C Compiler
arm-none-eabi-gcc -DDEBUG -D__CODE_RED -D__USE_LPCOPEN -DCORE_M3 -D__NEWLIB__ -I"C:\Koulu\3Vuosi\Embedded systems project\XY_Plotter_project\lpc_chip_15xx\inc" -I"C:\Koulu\3Vuosi\Embedded systems project\XY_Plotter_project\lpc_board_nxp_lpcxpresso_1549\inc" -O0 -g3 -Wall -c -fmessage-length=0 -fno-builtin -ffunction-sections -fdata-sections -fmerge-constants -fmacro-prefix-map="../src/"=. -mcpu=cortex-m3 -mthumb -D__NEWLIB__ -fstack-usage -MMD -MP -MF"src/board.d" -MT"src/board.o" -MT"src/board.d" -o "src/board.o" "../src/board.c"
Finished building: ../src/board.c
 
Building file: ../src/board_sysinit.c
Invoking: MCU C Compiler
arm-none-eabi-gcc -DDEBUG -D__CODE_RED -D__USE_LPCOPEN -DCORE_M3 -D__NEWLIB__ -I"C:\Koulu\3Vuosi\Embedded systems project\XY_Plotter_project\lpc_chip_15xx\inc" -I"C:\Koulu\3Vuosi\Embedded systems project\XY_Plotter_project\lpc_board_nxp_lpcxpresso_1549\inc" -O0 -g3 -Wall -c -fmessage-length=0 -fno-builtin -ffunction-sections -fdata-sections -fmerge-constants -fmacro-prefix-map="../src/"=. -mcpu=cortex-m3 -mthumb -D__NEWLIB__ -fstack-usage -MMD -MP -MF"src/board_sysinit.d" -MT"src/board_sysinit.o" -MT"src/board_sysinit.d" -o "src/board_sysinit.o" "../src/board_sysinit.c"
Finished building: ../src/board_sysinit.c
 
Building target: liblpc_board_nxp_lpcxpresso_1549.a
Invoking: MCU Archiver
arm-none-eabi-ar -r  "liblpc_board_nxp_lpcxpresso_1549.a"  ./src/board.o ./src/board_sysinit.o   
arm-none-eabi-ar: creating liblpc_board_nxp_lpcxpresso_1549.a
Finished building target: liblpc_board_nxp_lpcxpresso_1549.a
 
make --no-print-directory post-build
Performing post-build steps
arm-none-eabi-size "liblpc_board_nxp_lpcxpresso_1549.a" ; # arm-none-eabi-objdump -h -S "liblpc_board_nxp_lpcxpresso_1549.a" >"liblpc_board_nxp_lpcxpresso_1549.lss"
   text	   data	    bss	    dec	    hex	filename
   1363	      0	      0	   1363	    553	board.o (ex liblpc_board_nxp_lpcxpresso_1549.a)
    574	      0	      0	    574	    23e	board_sysinit.o (ex liblpc_board_nxp_lpcxpresso_1549.a)
 
14:58:29 **** Clean-only build of configuration Debug for project lpc_chip_15xx ****
make -r clean 
rm -rf  ./src/acmp_15xx.o ./src/adc_15xx.o ./src/chip_15xx.o ./src/clock_15xx.o ./src/crc_15xx.o ./src/dac_15xx.o ./src/dma_15xx.o ./src/eeprom.o ./src/gpio_15xx.o ./src/i2c_common_15xx.o ./src/i2cm_15xx.o ./src/i2cs_15xx.o ./src/iap.o ./src/iocon_15xx.o ./src/pinint_15xx.o ./src/pmu_15xx.o ./src/ring_buffer.o ./src/ritimer_15xx.o ./src/rtc_15xx.o ./src/sct_15xx.o ./src/sct_pwm_15xx.o ./src/sctipu_15xx.o ./src/spi_15xx.o ./src/stopwatch_15xx.o ./src/swm_15xx.o ./src/sysctl_15xx.o ./src/sysinit_15xx.o ./src/uart_15xx.o ./src/wwdt_15xx.o  ./src/acmp_15xx.d ./src/adc_15xx.d ./src/chip_15xx.d ./src/clock_15xx.d ./src/crc_15xx.d ./src/dac_15xx.d ./src/dma_15xx.d ./src/eeprom.d ./src/gpio_15xx.d ./src/i2c_common_15xx.d ./src/i2cm_15xx.d ./src/i2cs_15xx.d ./src/iap.d ./src/iocon_15xx.d ./src/pinint_15xx.d ./src/pmu_15xx.d ./src/ring_buffer.d ./src/ritimer_15xx.d ./src/rtc_15xx.d ./src/sct_15xx.d ./src/sct_pwm_15xx.d ./src/sctipu_15xx.d ./src/spi_15xx.d ./src/stopwatch_15xx.d ./src/swm_15xx.d ./src/sysctl_15xx.d ./src/sysinit_15xx.d ./src/uart_15xx.d ./src/wwdt_15xx.d  liblpc_chip_15xx.a
 
14:58:30 **** Build of configuration Debug for project lpc_chip_15xx ****
make -r all 
Building file: ../src/acmp_15xx.c
Invoking: MCU C Compiler
arm-none-eabi-gcc -DDEBUG -D__CODE_RED -D__USE_LPCOPEN -DCORE_M3 -D__NEWLIB__ -I"C:\Koulu\3Vuosi\Embedded systems project\XY_Plotter_project\lpc_chip_15xx\inc" -O0 -g3 -Wall -c -fmessage-length=0 -fno-builtin -ffunction-sections -fdata-sections -fmerge-constants -fmacro-prefix-map="../src/"=. -mcpu=cortex-m3 -mthumb -D__NEWLIB__ -fstack-usage -MMD -MP -MF"src/acmp_15xx.d" -MT"src/acmp_15xx.o" -MT"src/acmp_15xx.d" -o "src/acmp_15xx.o" "../src/acmp_15xx.c"
Finished building: ../src/acmp_15xx.c
 
Building file: ../src/adc_15xx.c
Invoking: MCU C Compiler
arm-none-eabi-gcc -DDEBUG -D__CODE_RED -D__USE_LPCOPEN -DCORE_M3 -D__NEWLIB__ -I"C:\Koulu\3Vuosi\Embedded systems project\XY_Plotter_project\lpc_chip_15xx\inc" -O0 -g3 -Wall -c -fmessage-length=0 -fno-builtin -ffunction-sections -fdata-sections -fmerge-constants -fmacro-prefix-map="../src/"=. -mcpu=cortex-m3 -mthumb -D__NEWLIB__ -fstack-usage -MMD -MP -MF"src/adc_15xx.d" -MT"src/adc_15xx.o" -MT"src/adc_15xx.d" -o "src/adc_15xx.o" "../src/adc_15xx.c"
Finished building: ../src/adc_15xx.c
 
Building file: ../src/chip_15xx.c
Invoking: MCU C Compiler
arm-none-eabi-gcc -DDEBUG -D__CODE_RED -D__USE_LPCOPEN -DCORE_M3 -D__NEWLIB__ -I"C:\Koulu\3Vuosi\Embedded systems project\XY_Plotter_project\lpc_chip_15xx\inc" -O0 -g3 -Wall -c -fmessage-length=0 -fno-builtin -ffunction-sections -fdata-sections -fmerge-constants -fmacro-prefix-map="../src/"=. -mcpu=cortex-m3 -mthumb -D__NEWLIB__ -fstack-usage -MMD -MP -MF"src/chip_15xx.d" -MT"src/chip_15xx.o" -MT"src/chip_15xx.d" -o "src/chip_15xx.o" "../src/chip_15xx.c"
Finished building: ../src/chip_15xx.c
 
Building file: ../src/clock_15xx.c
Invoking: MCU C Compiler
arm-none-eabi-gcc -DDEBUG -D__CODE_RED -D__USE_LPCOPEN -DCORE_M3 -D__NEWLIB__ -I"C:\Koulu\3Vuosi\Embedded systems project\XY_Plotter_project\lpc_chip_15xx\inc" -O0 -g3 -Wall -c -fmessage-length=0 -fno-builtin -ffunction-sections -fdata-sections -fmerge-constants -fmacro-prefix-map="../src/"=. -mcpu=cortex-m3 -mthumb -D__NEWLIB__ -fstack-usage -MMD -MP -MF"src/clock_15xx.d" -MT"src/clock_15xx.o" -MT"src/clock_15xx.d" -o "src/clock_15xx.o" "../src/clock_15xx.c"
Finished building: ../src/clock_15xx.c
 
Building file: ../src/crc_15xx.c
Invoking: MCU C Compiler
arm-none-eabi-gcc -DDEBUG -D__CODE_RED -D__USE_LPCOPEN -DCORE_M3 -D__NEWLIB__ -I"C:\Koulu\3Vuosi\Embedded systems project\XY_Plotter_project\lpc_chip_15xx\inc" -O0 -g3 -Wall -c -fmessage-length=0 -fno-builtin -ffunction-sections -fdata-sections -fmerge-constants -fmacro-prefix-map="../src/"=. -mcpu=cortex-m3 -mthumb -D__NEWLIB__ -fstack-usage -MMD -MP -MF"src/crc_15xx.d" -MT"src/crc_15xx.o" -MT"src/crc_15xx.d" -o "src/crc_15xx.o" "../src/crc_15xx.c"
Finished building: ../src/crc_15xx.c
 
Building file: ../src/dac_15xx.c
Invoking: MCU C Compiler
arm-none-eabi-gcc -DDEBUG -D__CODE_RED -D__USE_LPCOPEN -DCORE_M3 -D__NEWLIB__ -I"C:\Koulu\3Vuosi\Embedded systems project\XY_Plotter_project\lpc_chip_15xx\inc" -O0 -g3 -Wall -c -fmessage-length=0 -fno-builtin -ffunction-sections -fdata-sections -fmerge-constants -fmacro-prefix-map="../src/"=. -mcpu=cortex-m3 -mthumb -D__NEWLIB__ -fstack-usage -MMD -MP -MF"src/dac_15xx.d" -MT"src/dac_15xx.o" -MT"src/dac_15xx.d" -o "src/dac_15xx.o" "../src/dac_15xx.c"
Finished building: ../src/dac_15xx.c
 
Building file: ../src/dma_15xx.c
Invoking: MCU C Compiler
arm-none-eabi-gcc -DDEBUG -D__CODE_RED -D__USE_LPCOPEN -DCORE_M3 -D__NEWLIB__ -I"C:\Koulu\3Vuosi\Embedded systems project\XY_Plotter_project\lpc_chip_15xx\inc" -O0 -g3 -Wall -c -fmessage-length=0 -fno-builtin -ffunction-sections -fdata-sections -fmerge-constants -fmacro-prefix-map="../src/"=. -mcpu=cortex-m3 -mthumb -D__NEWLIB__ -fstack-usage -MMD -MP -MF"src/dma_15xx.d" -MT"src/dma_15xx.o" -MT"src/dma_15xx.d" -o "src/dma_15xx.o" "../src/dma_15xx.c"
Finished building: ../src/dma_15xx.c
 
Building file: ../src/eeprom.c
Invoking: MCU C Compiler
arm-none-eabi-gcc -DDEBUG -D__CODE_RED -D__USE_LPCOPEN -DCORE_M3 -D__NEWLIB__ -I"C:\Koulu\3Vuosi\Embedded systems project\XY_Plotter_project\lpc_chip_15xx\inc" -O0 -g3 -Wall -c -fmessage-length=0 -fno-builtin -ffunction-sections -fdata-sections -fmerge-constants -fmacro-prefix-map="../src/"=. -mcpu=cortex-m3 -mthumb -D__NEWLIB__ -fstack-usage -MMD -MP -MF"src/eeprom.d" -MT"src/eeprom.o" -MT"src/eeprom.d" -o "src/eeprom.o" "../src/eeprom.c"
Finished building: ../src/eeprom.c
 
Building file: ../src/gpio_15xx.c
Invoking: MCU C Compiler
arm-none-eabi-gcc -DDEBUG -D__CODE_RED -D__USE_LPCOPEN -DCORE_M3 -D__NEWLIB__ -I"C:\Koulu\3Vuosi\Embedded systems project\XY_Plotter_project\lpc_chip_15xx\inc" -O0 -g3 -Wall -c -fmessage-length=0 -fno-builtin -ffunction-sections -fdata-sections -fmerge-constants -fmacro-prefix-map="../src/"=. -mcpu=cortex-m3 -mthumb -D__NEWLIB__ -fstack-usage -MMD -MP -MF"src/gpio_15xx.d" -MT"src/gpio_15xx.o" -MT"src/gpio_15xx.d" -o "src/gpio_15xx.o" "../src/gpio_15xx.c"
Finished building: ../src/gpio_15xx.c
 
Building file: ../src/i2c_common_15xx.c
Invoking: MCU C Compiler
arm-none-eabi-gcc -DDEBUG -D__CODE_RED -D__USE_LPCOPEN -DCORE_M3 -D__NEWLIB__ -I"C:\Koulu\3Vuosi\Embedded systems project\XY_Plotter_project\lpc_chip_15xx\inc" -O0 -g3 -Wall -c -fmessage-length=0 -fno-builtin -ffunction-sections -fdata-sections -fmerge-constants -fmacro-prefix-map="../src/"=. -mcpu=cortex-m3 -mthumb -D__NEWLIB__ -fstack-usage -MMD -MP -MF"src/i2c_common_15xx.d" -MT"src/i2c_common_15xx.o" -MT"src/i2c_common_15xx.d" -o "src/i2c_common_15xx.o" "../src/i2c_common_15xx.c"
Finished building: ../src/i2c_common_15xx.c
 
Building file: ../src/i2cm_15xx.c
Invoking: MCU C Compiler
arm-none-eabi-gcc -DDEBUG -D__CODE_RED -D__USE_LPCOPEN -DCORE_M3 -D__NEWLIB__ -I"C:\Koulu\3Vuosi\Embedded systems project\XY_Plotter_project\lpc_chip_15xx\inc" -O0 -g3 -Wall -c -fmessage-length=0 -fno-builtin -ffunction-sections -fdata-sections -fmerge-constants -fmacro-prefix-map="../src/"=. -mcpu=cortex-m3 -mthumb -D__NEWLIB__ -fstack-usage -MMD -MP -MF"src/i2cm_15xx.d" -MT"src/i2cm_15xx.o" -MT"src/i2cm_15xx.d" -o "src/i2cm_15xx.o" "../src/i2cm_15xx.c"
Finished building: ../src/i2cm_15xx.c
 
Building file: ../src/i2cs_15xx.c
Invoking: MCU C Compiler
arm-none-eabi-gcc -DDEBUG -D__CODE_RED -D__USE_LPCOPEN -DCORE_M3 -D__NEWLIB__ -I"C:\Koulu\3Vuosi\Embedded systems project\XY_Plotter_project\lpc_chip_15xx\inc" -O0 -g3 -Wall -c -fmessage-length=0 -fno-builtin -ffunction-sections -fdata-sections -fmerge-constants -fmacro-prefix-map="../src/"=. -mcpu=cortex-m3 -mthumb -D__NEWLIB__ -fstack-usage -MMD -MP -MF"src/i2cs_15xx.d" -MT"src/i2cs_15xx.o" -MT"src/i2cs_15xx.d" -o "src/i2cs_15xx.o" "../src/i2cs_15xx.c"
Finished building: ../src/i2cs_15xx.c
 
Building file: ../src/iap.c
Invoking: MCU C Compiler
arm-none-eabi-gcc -DDEBUG -D__CODE_RED -D__USE_LPCOPEN -DCORE_M3 -D__NEWLIB__ -I"C:\Koulu\3Vuosi\Embedded systems project\XY_Plotter_project\lpc_chip_15xx\inc" -O0 -g3 -Wall -c -fmessage-length=0 -fno-builtin -ffunction-sections -fdata-sections -fmerge-constants -fmacro-prefix-map="../src/"=. -mcpu=cortex-m3 -mthumb -D__NEWLIB__ -fstack-usage -MMD -MP -MF"src/iap.d" -MT"src/iap.o" -MT"src/iap.d" -o "src/iap.o" "../src/iap.c"
Finished building: ../src/iap.c
 
Building file: ../src/iocon_15xx.c
Invoking: MCU C Compiler
arm-none-eabi-gcc -DDEBUG -D__CODE_RED -D__USE_LPCOPEN -DCORE_M3 -D__NEWLIB__ -I"C:\Koulu\3Vuosi\Embedded systems project\XY_Plotter_project\lpc_chip_15xx\inc" -O0 -g3 -Wall -c -fmessage-length=0 -fno-builtin -ffunction-sections -fdata-sections -fmerge-constants -fmacro-prefix-map="../src/"=. -mcpu=cortex-m3 -mthumb -D__NEWLIB__ -fstack-usage -MMD -MP -MF"src/iocon_15xx.d" -MT"src/iocon_15xx.o" -MT"src/iocon_15xx.d" -o "src/iocon_15xx.o" "../src/iocon_15xx.c"
Finished building: ../src/iocon_15xx.c
 
Building file: ../src/pinint_15xx.c
Invoking: MCU C Compiler
arm-none-eabi-gcc -DDEBUG -D__CODE_RED -D__USE_LPCOPEN -DCORE_M3 -D__NEWLIB__ -I"C:\Koulu\3Vuosi\Embedded systems project\XY_Plotter_project\lpc_chip_15xx\inc" -O0 -g3 -Wall -c -fmessage-length=0 -fno-builtin -ffunction-sections -fdata-sections -fmerge-constants -fmacro-prefix-map="../src/"=. -mcpu=cortex-m3 -mthumb -D__NEWLIB__ -fstack-usage -MMD -MP -MF"src/pinint_15xx.d" -MT"src/pinint_15xx.o" -MT"src/pinint_15xx.d" -o "src/pinint_15xx.o" "../src/pinint_15xx.c"
Finished building: ../src/pinint_15xx.c
 
Building file: ../src/pmu_15xx.c
Invoking: MCU C Compiler
arm-none-eabi-gcc -DDEBUG -D__CODE_RED -D__USE_LPCOPEN -DCORE_M3 -D__NEWLIB__ -I"C:\Koulu\3Vuosi\Embedded systems project\XY_Plotter_project\lpc_chip_15xx\inc" -O0 -g3 -Wall -c -fmessage-length=0 -fno-builtin -ffunction-sections -fdata-sections -fmerge-constants -fmacro-prefix-map="../src/"=. -mcpu=cortex-m3 -mthumb -D__NEWLIB__ -fstack-usage -MMD -MP -MF"src/pmu_15xx.d" -MT"src/pmu_15xx.o" -MT"src/pmu_15xx.d" -o "src/pmu_15xx.o" "../src/pmu_15xx.c"
Finished building: ../src/pmu_15xx.c
 
Building file: ../src/ring_buffer.c
Invoking: MCU C Compiler
arm-none-eabi-gcc -DDEBUG -D__CODE_RED -D__USE_LPCOPEN -DCORE_M3 -D__NEWLIB__ -I"C:\Koulu\3Vuosi\Embedded systems project\XY_Plotter_project\lpc_chip_15xx\inc" -O0 -g3 -Wall -c -fmessage-length=0 -fno-builtin -ffunction-sections -fdata-sections -fmerge-constants -fmacro-prefix-map="../src/"=. -mcpu=cortex-m3 -mthumb -D__NEWLIB__ -fstack-usage -MMD -MP -MF"src/ring_buffer.d" -MT"src/ring_buffer.o" -MT"src/ring_buffer.d" -o "src/ring_buffer.o" "../src/ring_buffer.c"
Finished building: ../src/ring_buffer.c
 
Building file: ../src/ritimer_15xx.c
Invoking: MCU C Compiler
arm-none-eabi-gcc -DDEBUG -D__CODE_RED -D__USE_LPCOPEN -DCORE_M3 -D__NEWLIB__ -I"C:\Koulu\3Vuosi\Embedded systems project\XY_Plotter_project\lpc_chip_15xx\inc" -O0 -g3 -Wall -c -fmessage-length=0 -fno-builtin -ffunction-sections -fdata-sections -fmerge-constants -fmacro-prefix-map="../src/"=. -mcpu=cortex-m3 -mthumb -D__NEWLIB__ -fstack-usage -MMD -MP -MF"src/ritimer_15xx.d" -MT"src/ritimer_15xx.o" -MT"src/ritimer_15xx.d" -o "src/ritimer_15xx.o" "../src/ritimer_15xx.c"
Finished building: ../src/ritimer_15xx.c
 
Building file: ../src/rtc_15xx.c
Invoking: MCU C Compiler
arm-none-eabi-gcc -DDEBUG -D__CODE_RED -D__USE_LPCOPEN -DCORE_M3 -D__NEWLIB__ -I"C:\Koulu\3Vuosi\Embedded systems project\XY_Plotter_project\lpc_chip_15xx\inc" -O0 -g3 -Wall -c -fmessage-length=0 -fno-builtin -ffunction-sections -fdata-sections -fmerge-constants -fmacro-prefix-map="../src/"=. -mcpu=cortex-m3 -mthumb -D__NEWLIB__ -fstack-usage -MMD -MP -MF"src/rtc_15xx.d" -MT"src/rtc_15xx.o" -MT"src/rtc_15xx.d" -o "src/rtc_15xx.o" "../src/rtc_15xx.c"
Finished building: ../src/rtc_15xx.c
 
Building file: ../src/sct_15xx.c
Invoking: MCU C Compiler
arm-none-eabi-gcc -DDEBUG -D__CODE_RED -D__USE_LPCOPEN -DCORE_M3 -D__NEWLIB__ -I"C:\Koulu\3Vuosi\Embedded systems project\XY_Plotter_project\lpc_chip_15xx\inc" -O0 -g3 -Wall -c -fmessage-length=0 -fno-builtin -ffunction-sections -fdata-sections -fmerge-constants -fmacro-prefix-map="../src/"=. -mcpu=cortex-m3 -mthumb -D__NEWLIB__ -fstack-usage -MMD -MP -MF"src/sct_15xx.d" -MT"src/sct_15xx.o" -MT"src/sct_15xx.d" -o "src/sct_15xx.o" "../src/sct_15xx.c"
Finished building: ../src/sct_15xx.c
 
Building file: ../src/sct_pwm_15xx.c
Invoking: MCU C Compiler
arm-none-eabi-gcc -DDEBUG -D__CODE_RED -D__USE_LPCOPEN -DCORE_M3 -D__NEWLIB__ -I"C:\Koulu\3Vuosi\Embedded systems project\XY_Plotter_project\lpc_chip_15xx\inc" -O0 -g3 -Wall -c -fmessage-length=0 -fno-builtin -ffunction-sections -fdata-sections -fmerge-constants -fmacro-prefix-map="../src/"=. -mcpu=cortex-m3 -mthumb -D__NEWLIB__ -fstack-usage -MMD -MP -MF"src/sct_pwm_15xx.d" -MT"src/sct_pwm_15xx.o" -MT"src/sct_pwm_15xx.d" -o "src/sct_pwm_15xx.o" "../src/sct_pwm_15xx.c"
Finished building: ../src/sct_pwm_15xx.c
 
Building file: ../src/sctipu_15xx.c
Invoking: MCU C Compiler
arm-none-eabi-gcc -DDEBUG -D__CODE_RED -D__USE_LPCOPEN -DCORE_M3 -D__NEWLIB__ -I"C:\Koulu\3Vuosi\Embedded systems project\XY_Plotter_project\lpc_chip_15xx\inc" -O0 -g3 -Wall -c -fmessage-length=0 -fno-builtin -ffunction-sections -fdata-sections -fmerge-constants -fmacro-prefix-map="../src/"=. -mcpu=cortex-m3 -mthumb -D__NEWLIB__ -fstack-usage -MMD -MP -MF"src/sctipu_15xx.d" -MT"src/sctipu_15xx.o" -MT"src/sctipu_15xx.d" -o "src/sctipu_15xx.o" "../src/sctipu_15xx.c"
Finished building: ../src/sctipu_15xx.c
 
Building file: ../src/spi_15xx.c
Invoking: MCU C Compiler
arm-none-eabi-gcc -DDEBUG -D__CODE_RED -D__USE_LPCOPEN -DCORE_M3 -D__NEWLIB__ -I"C:\Koulu\3Vuosi\Embedded systems project\XY_Plotter_project\lpc_chip_15xx\inc" -O0 -g3 -Wall -c -fmessage-length=0 -fno-builtin -ffunction-sections -fdata-sections -fmerge-constants -fmacro-prefix-map="../src/"=. -mcpu=cortex-m3 -mthumb -D__NEWLIB__ -fstack-usage -MMD -MP -MF"src/spi_15xx.d" -MT"src/spi_15xx.o" -MT"src/spi_15xx.d" -o "src/spi_15xx.o" "../src/spi_15xx.c"
Finished building: ../src/spi_15xx.c
 
Building file: ../src/stopwatch_15xx.c
Invoking: MCU C Compiler
arm-none-eabi-gcc -DDEBUG -D__CODE_RED -D__USE_LPCOPEN -DCORE_M3 -D__NEWLIB__ -I"C:\Koulu\3Vuosi\Embedded systems project\XY_Plotter_project\lpc_chip_15xx\inc" -O0 -g3 -Wall -c -fmessage-length=0 -fno-builtin -ffunction-sections -fdata-sections -fmerge-constants -fmacro-prefix-map="../src/"=. -mcpu=cortex-m3 -mthumb -D__NEWLIB__ -fstack-usage -MMD -MP -MF"src/stopwatch_15xx.d" -MT"src/stopwatch_15xx.o" -MT"src/stopwatch_15xx.d" -o "src/stopwatch_15xx.o" "../src/stopwatch_15xx.c"
Finished building: ../src/stopwatch_15xx.c
 
Building file: ../src/swm_15xx.c
Invoking: MCU C Compiler
arm-none-eabi-gcc -DDEBUG -D__CODE_RED -D__USE_LPCOPEN -DCORE_M3 -D__NEWLIB__ -I"C:\Koulu\3Vuosi\Embedded systems project\XY_Plotter_project\lpc_chip_15xx\inc" -O0 -g3 -Wall -c -fmessage-length=0 -fno-builtin -ffunction-sections -fdata-sections -fmerge-constants -fmacro-prefix-map="../src/"=. -mcpu=cortex-m3 -mthumb -D__NEWLIB__ -fstack-usage -MMD -MP -MF"src/swm_15xx.d" -MT"src/swm_15xx.o" -MT"src/swm_15xx.d" -o "src/swm_15xx.o" "../src/swm_15xx.c"
Finished building: ../src/swm_15xx.c
 
Building file: ../src/sysctl_15xx.c
Invoking: MCU C Compiler
arm-none-eabi-gcc -DDEBUG -D__CODE_RED -D__USE_LPCOPEN -DCORE_M3 -D__NEWLIB__ -I"C:\Koulu\3Vuosi\Embedded systems project\XY_Plotter_project\lpc_chip_15xx\inc" -O0 -g3 -Wall -c -fmessage-length=0 -fno-builtin -ffunction-sections -fdata-sections -fmerge-constants -fmacro-prefix-map="../src/"=. -mcpu=cortex-m3 -mthumb -D__NEWLIB__ -fstack-usage -MMD -MP -MF"src/sysctl_15xx.d" -MT"src/sysctl_15xx.o" -MT"src/sysctl_15xx.d" -o "src/sysctl_15xx.o" "../src/sysctl_15xx.c"
Finished building: ../src/sysctl_15xx.c
 
Building file: ../src/sysinit_15xx.c
Invoking: MCU C Compiler
arm-none-eabi-gcc -DDEBUG -D__CODE_RED -D__USE_LPCOPEN -DCORE_M3 -D__NEWLIB__ -I"C:\Koulu\3Vuosi\Embedded systems project\XY_Plotter_project\lpc_chip_15xx\inc" -O0 -g3 -Wall -c -fmessage-length=0 -fno-builtin -ffunction-sections -fdata-sections -fmerge-constants -fmacro-prefix-map="../src/"=. -mcpu=cortex-m3 -mthumb -D__NEWLIB__ -fstack-usage -MMD -MP -MF"src/sysinit_15xx.d" -MT"src/sysinit_15xx.o" -MT"src/sysinit_15xx.d" -o "src/sysinit_15xx.o" "../src/sysinit_15xx.c"
../src/sysinit_15xx.c: In function 'Chip_SetupIrcClocking':
../src/sysinit_15xx.c:53:15: warning: unused variable 'i' [-Wunused-variable]
   53 |  volatile int i;
      |               ^
Finished building: ../src/sysinit_15xx.c
 
Building file: ../src/uart_15xx.c
Invoking: MCU C Compiler
arm-none-eabi-gcc -DDEBUG -D__CODE_RED -D__USE_LPCOPEN -DCORE_M3 -D__NEWLIB__ -I"C:\Koulu\3Vuosi\Embedded systems project\XY_Plotter_project\lpc_chip_15xx\inc" -O0 -g3 -Wall -c -fmessage-length=0 -fno-builtin -ffunction-sections -fdata-sections -fmerge-constants -fmacro-prefix-map="../src/"=. -mcpu=cortex-m3 -mthumb -D__NEWLIB__ -fstack-usage -MMD -MP -MF"src/uart_15xx.d" -MT"src/uart_15xx.o" -MT"src/uart_15xx.d" -o "src/uart_15xx.o" "../src/uart_15xx.c"
Finished building: ../src/uart_15xx.c
 
Building file: ../src/wwdt_15xx.c
Invoking: MCU C Compiler
arm-none-eabi-gcc -DDEBUG -D__CODE_RED -D__USE_LPCOPEN -DCORE_M3 -D__NEWLIB__ -I"C:\Koulu\3Vuosi\Embedded systems project\XY_Plotter_project\lpc_chip_15xx\inc" -O0 -g3 -Wall -c -fmessage-length=0 -fno-builtin -ffunction-sections -fdata-sections -fmerge-constants -fmacro-prefix-map="../src/"=. -mcpu=cortex-m3 -mthumb -D__NEWLIB__ -fstack-usage -MMD -MP -MF"src/wwdt_15xx.d" -MT"src/wwdt_15xx.o" -MT"src/wwdt_15xx.d" -o "src/wwdt_15xx.o" "../src/wwdt_15xx.c"
Finished building: ../src/wwdt_15xx.c
 
Building target: liblpc_chip_15xx.a
Invoking: MCU Archiver
arm-none-eabi-ar -r  "liblpc_chip_15xx.a"  ./src/acmp_15xx.o ./src/adc_15xx.o ./src/chip_15xx.o ./src/clock_15xx.o ./src/crc_15xx.o ./src/dac_15xx.o ./src/dma_15xx.o ./src/eeprom.o ./src/gpio_15xx.o ./src/i2c_common_15xx.o ./src/i2cm_15xx.o ./src/i2cs_15xx.o ./src/iap.o ./src/iocon_15xx.o ./src/pinint_15xx.o ./src/pmu_15xx.o ./src/ring_buffer.o ./src/ritimer_15xx.o ./src/rtc_15xx.o ./src/sct_15xx.o ./src/sct_pwm_15xx.o ./src/sctipu_15xx.o ./src/spi_15xx.o ./src/stopwatch_15xx.o ./src/swm_15xx.o ./src/sysctl_15xx.o ./src/sysinit_15xx.o ./src/uart_15xx.o ./src/wwdt_15xx.o   
arm-none-eabi-ar: creating liblpc_chip_15xx.a
Finished building target: liblpc_chip_15xx.a
 
make --no-print-directory post-build
Performing post-build steps
arm-none-eabi-size "liblpc_chip_15xx.a" ; # arm-none-eabi-objdump -h -S "liblpc_chip_15xx.a" >"liblpc_chip_15xx.lss"
   text	   data	    bss	    dec	    hex	filename
    610	      0	      0	    610	    262	acmp_15xx.o (ex liblpc_chip_15xx.a)
    790	      0	      0	    790	    316	adc_15xx.o (ex liblpc_chip_15xx.a)
    298	      0	      0	    298	    12a	chip_15xx.o (ex liblpc_chip_15xx.a)
   1684	      0	      0	   1684	    694	clock_15xx.o (ex liblpc_chip_15xx.a)
    494	      0	      0	    494	    1ee	crc_15xx.o (ex liblpc_chip_15xx.a)
     60	      0	      0	     60	     3c	dac_15xx.o (ex liblpc_chip_15xx.a)
    294	      0	      0	    294	    126	dma_15xx.o (ex liblpc_chip_15xx.a)
    192	      0	      0	    192	     c0	eeprom.o (ex liblpc_chip_15xx.a)
    684	      0	      0	    684	    2ac	gpio_15xx.o (ex liblpc_chip_15xx.a)
     84	      0	      0	     84	     54	i2c_common_15xx.o (ex liblpc_chip_15xx.a)
    860	      0	      0	    860	    35c	i2cm_15xx.o (ex liblpc_chip_15xx.a)
    450	      0	      0	    450	    1c2	i2cs_15xx.o (ex liblpc_chip_15xx.a)
    600	      0	      0	    600	    258	iap.o (ex liblpc_chip_15xx.a)
    124	      0	      0	    124	     7c	iocon_15xx.o (ex liblpc_chip_15xx.a)
      0	      0	      0	      0	      0	pinint_15xx.o (ex liblpc_chip_15xx.a)
    300	      0	      0	    300	    12c	pmu_15xx.o (ex liblpc_chip_15xx.a)
    962	      0	      0	    962	    3c2	ring_buffer.o (ex liblpc_chip_15xx.a)
    672	      0	      0	    672	    2a0	ritimer_15xx.o (ex liblpc_chip_15xx.a)
      0	      0	      0	      0	      0	rtc_15xx.o (ex liblpc_chip_15xx.a)
    318	      0	      0	    318	    13e	sct_15xx.o (ex liblpc_chip_15xx.a)
    412	      0	      0	    412	    19c	sct_pwm_15xx.o (ex liblpc_chip_15xx.a)
    140	      0	      0	    140	     8c	sctipu_15xx.o (ex liblpc_chip_15xx.a)
   1766	      0	      0	   1766	    6e6	spi_15xx.o (ex liblpc_chip_15xx.a)
    328	      0	     12	    340	    154	stopwatch_15xx.o (ex liblpc_chip_15xx.a)
    356	      0	      0	    356	    164	swm_15xx.o (ex liblpc_chip_15xx.a)
    454	      0	      0	    454	    1c6	sysctl_15xx.o (ex liblpc_chip_15xx.a)
    420	      0	      0	    420	    1a4	sysinit_15xx.o (ex liblpc_chip_15xx.a)
   1116	      0	      0	   1116	    45c	uart_15xx.o (ex liblpc_chip_15xx.a)
    114	      0	      0	    114	     72	wwdt_15xx.o (ex liblpc_chip_15xx.a)
 
14:58:43 **** Clean-only build of configuration Debug for project FreeRTOS ****
make -r clean 
rm -rf  ./src/portable/MemMang/heap_3.o  ./src/portable/GCC/ARM_CM3/port.o  ./src/FreeRTOSCommonHooks.o ./src/croutine.o ./src/event_groups.o ./src/list.o ./src/queue.o ./src/stream_buffer.o ./src/tasks.o ./src/timers.o  ./src/portable/MemMang/heap_3.d  ./src/portable/GCC/ARM_CM3/port.d  ./src/FreeRTOSCommonHooks.d ./src/croutine.d ./src/event_groups.d ./src/list.d ./src/queue.d ./src/stream_buffer.d ./src/tasks.d ./src/timers.d  libFreeRTOS.a
 
14:58:43 **** Build of configuration Debug for project FreeRTOS ****
make -r all 
Building file: ../src/portable/MemMang/heap_3.c
Invoking: MCU C Compiler
arm-none-eabi-gcc -DDEBUG -D__CODE_RED -DCORE_M3 -D__USE_LPCOPEN -D__LPC15XX__ -D__NEWLIB__ -I"C:\Koulu\3Vuosi\Embedded systems project\XY_Plotter_project\FreeRTOS\inc" -I"C:\Koulu\3Vuosi\Embedded systems project\XY_Plotter_project\lpc_board_nxp_lpcxpresso_1549\inc" -I"C:\Koulu\3Vuosi\Embedded systems project\XY_Plotter_project\lpc_chip_15xx\inc" -I"C:\Koulu\3Vuosi\Embedded systems project\XY_Plotter_project\FreeRTOS\src\include" -I"C:\Koulu\3Vuosi\Embedded systems project\XY_Plotter_project\FreeRTOS\src\portable\GCC\ARM_CM3" -O0 -fno-common -g3 -Wall -c -fmessage-length=0 -fno-builtin -ffunction-sections -fdata-sections -fmerge-constants -fmacro-prefix-map="../src/portable/MemMang/"=. -mcpu=cortex-m3 -mthumb -D__NEWLIB__ -fstack-usage -MMD -MP -MF"src/portable/MemMang/heap_3.d" -MT"src/portable/MemMang/heap_3.o" -MT"src/portable/MemMang/heap_3.d" -o "src/portable/MemMang/heap_3.o" "../src/portable/MemMang/heap_3.c"
Finished building: ../src/portable/MemMang/heap_3.c
 
Building file: ../src/portable/GCC/ARM_CM3/port.c
Invoking: MCU C Compiler
arm-none-eabi-gcc -DDEBUG -D__CODE_RED -DCORE_M3 -D__USE_LPCOPEN -D__LPC15XX__ -D__NEWLIB__ -I"C:\Koulu\3Vuosi\Embedded systems project\XY_Plotter_project\FreeRTOS\inc" -I"C:\Koulu\3Vuosi\Embedded systems project\XY_Plotter_project\lpc_board_nxp_lpcxpresso_1549\inc" -I"C:\Koulu\3Vuosi\Embedded systems project\XY_Plotter_project\lpc_chip_15xx\inc" -I"C:\Koulu\3Vuosi\Embedded systems project\XY_Plotter_project\FreeRTOS\src\include" -I"C:\Koulu\3Vuosi\Embedded systems project\XY_Plotter_project\FreeRTOS\src\portable\GCC\ARM_CM3" -O0 -fno-common -g3 -Wall -c -fmessage-length=0 -fno-builtin -ffunction-sections -fdata-sections -fmerge-constants -fmacro-prefix-map="../src/portable/GCC/ARM_CM3/"=. -mcpu=cortex-m3 -mthumb -D__NEWLIB__ -fstack-usage -MMD -MP -MF"src/portable/GCC/ARM_CM3/port.d" -MT"src/portable/GCC/ARM_CM3/port.o" -MT"src/portable/GCC/ARM_CM3/port.d" -o "src/portable/GCC/ARM_CM3/port.o" "../src/portable/GCC/ARM_CM3/port.c"
Finished building: ../src/portable/GCC/ARM_CM3/port.c
 
Building file: ../src/FreeRTOSCommonHooks.c
Invoking: MCU C Compiler
arm-none-eabi-gcc -DDEBUG -D__CODE_RED -DCORE_M3 -D__USE_LPCOPEN -D__LPC15XX__ -D__NEWLIB__ -I"C:\Koulu\3Vuosi\Embedded systems project\XY_Plotter_project\FreeRTOS\inc" -I"C:\Koulu\3Vuosi\Embedded systems project\XY_Plotter_project\lpc_board_nxp_lpcxpresso_1549\inc" -I"C:\Koulu\3Vuosi\Embedded systems project\XY_Plotter_project\lpc_chip_15xx\inc" -I"C:\Koulu\3Vuosi\Embedded systems project\XY_Plotter_project\FreeRTOS\src\include" -I"C:\Koulu\3Vuosi\Embedded systems project\XY_Plotter_project\FreeRTOS\src\portable\GCC\ARM_CM3" -O0 -fno-common -g3 -Wall -c -fmessage-length=0 -fno-builtin -ffunction-sections -fdata-sections -fmerge-constants -fmacro-prefix-map="../src/"=. -mcpu=cortex-m3 -mthumb -D__NEWLIB__ -fstack-usage -MMD -MP -MF"src/FreeRTOSCommonHooks.d" -MT"src/FreeRTOSCommonHooks.o" -MT"src/FreeRTOSCommonHooks.d" -o "src/FreeRTOSCommonHooks.o" "../src/FreeRTOSCommonHooks.c"
Finished building: ../src/FreeRTOSCommonHooks.c
 
Building file: ../src/croutine.c
Invoking: MCU C Compiler
arm-none-eabi-gcc -DDEBUG -D__CODE_RED -DCORE_M3 -D__USE_LPCOPEN -D__LPC15XX__ -D__NEWLIB__ -I"C:\Koulu\3Vuosi\Embedded systems project\XY_Plotter_project\FreeRTOS\inc" -I"C:\Koulu\3Vuosi\Embedded systems project\XY_Plotter_project\lpc_board_nxp_lpcxpresso_1549\inc" -I"C:\Koulu\3Vuosi\Embedded systems project\XY_Plotter_project\lpc_chip_15xx\inc" -I"C:\Koulu\3Vuosi\Embedded systems project\XY_Plotter_project\FreeRTOS\src\include" -I"C:\Koulu\3Vuosi\Embedded systems project\XY_Plotter_project\FreeRTOS\src\portable\GCC\ARM_CM3" -O0 -fno-common -g3 -Wall -c -fmessage-length=0 -fno-builtin -ffunction-sections -fdata-sections -fmerge-constants -fmacro-prefix-map="../src/"=. -mcpu=cortex-m3 -mthumb -D__NEWLIB__ -fstack-usage -MMD -MP -MF"src/croutine.d" -MT"src/croutine.o" -MT"src/croutine.d" -o "src/croutine.o" "../src/croutine.c"
Finished building: ../src/croutine.c
 
Building file: ../src/event_groups.c
Invoking: MCU C Compiler
arm-none-eabi-gcc -DDEBUG -D__CODE_RED -DCORE_M3 -D__USE_LPCOPEN -D__LPC15XX__ -D__NEWLIB__ -I"C:\Koulu\3Vuosi\Embedded systems project\XY_Plotter_project\FreeRTOS\inc" -I"C:\Koulu\3Vuosi\Embedded systems project\XY_Plotter_project\lpc_board_nxp_lpcxpresso_1549\inc" -I"C:\Koulu\3Vuosi\Embedded systems project\XY_Plotter_project\lpc_chip_15xx\inc" -I"C:\Koulu\3Vuosi\Embedded systems project\XY_Plotter_project\FreeRTOS\src\include" -I"C:\Koulu\3Vuosi\Embedded systems project\XY_Plotter_project\FreeRTOS\src\portable\GCC\ARM_CM3" -O0 -fno-common -g3 -Wall -c -fmessage-length=0 -fno-builtin -ffunction-sections -fdata-sections -fmerge-constants -fmacro-prefix-map="../src/"=. -mcpu=cortex-m3 -mthumb -D__NEWLIB__ -fstack-usage -MMD -MP -MF"src/event_groups.d" -MT"src/event_groups.o" -MT"src/event_groups.d" -o "src/event_groups.o" "../src/event_groups.c"
Finished building: ../src/event_groups.c
 
Building file: ../src/list.c
Invoking: MCU C Compiler
arm-none-eabi-gcc -DDEBUG -D__CODE_RED -DCORE_M3 -D__USE_LPCOPEN -D__LPC15XX__ -D__NEWLIB__ -I"C:\Koulu\3Vuosi\Embedded systems project\XY_Plotter_project\FreeRTOS\inc" -I"C:\Koulu\3Vuosi\Embedded systems project\XY_Plotter_project\lpc_board_nxp_lpcxpresso_1549\inc" -I"C:\Koulu\3Vuosi\Embedded systems project\XY_Plotter_project\lpc_chip_15xx\inc" -I"C:\Koulu\3Vuosi\Embedded systems project\XY_Plotter_project\FreeRTOS\src\include" -I"C:\Koulu\3Vuosi\Embedded systems project\XY_Plotter_project\FreeRTOS\src\portable\GCC\ARM_CM3" -O0 -fno-common -g3 -Wall -c -fmessage-length=0 -fno-builtin -ffunction-sections -fdata-sections -fmerge-constants -fmacro-prefix-map="../src/"=. -mcpu=cortex-m3 -mthumb -D__NEWLIB__ -fstack-usage -MMD -MP -MF"src/list.d" -MT"src/list.o" -MT"src/list.d" -o "src/list.o" "../src/list.c"
Finished building: ../src/list.c
 
Building file: ../src/queue.c
Invoking: MCU C Compiler
arm-none-eabi-gcc -DDEBUG -D__CODE_RED -DCORE_M3 -D__USE_LPCOPEN -D__LPC15XX__ -D__NEWLIB__ -I"C:\Koulu\3Vuosi\Embedded systems project\XY_Plotter_project\FreeRTOS\inc" -I"C:\Koulu\3Vuosi\Embedded systems project\XY_Plotter_project\lpc_board_nxp_lpcxpresso_1549\inc" -I"C:\Koulu\3Vuosi\Embedded systems project\XY_Plotter_project\lpc_chip_15xx\inc" -I"C:\Koulu\3Vuosi\Embedded systems project\XY_Plotter_project\FreeRTOS\src\include" -I"C:\Koulu\3Vuosi\Embedded systems project\XY_Plotter_project\FreeRTOS\src\portable\GCC\ARM_CM3" -O0 -fno-common -g3 -Wall -c -fmessage-length=0 -fno-builtin -ffunction-sections -fdata-sections -fmerge-constants -fmacro-prefix-map="../src/"=. -mcpu=cortex-m3 -mthumb -D__NEWLIB__ -fstack-usage -MMD -MP -MF"src/queue.d" -MT"src/queue.o" -MT"src/queue.d" -o "src/queue.o" "../src/queue.c"
Finished building: ../src/queue.c
 
Building file: ../src/stream_buffer.c
Invoking: MCU C Compiler
arm-none-eabi-gcc -DDEBUG -D__CODE_RED -DCORE_M3 -D__USE_LPCOPEN -D__LPC15XX__ -D__NEWLIB__ -I"C:\Koulu\3Vuosi\Embedded systems project\XY_Plotter_project\FreeRTOS\inc" -I"C:\Koulu\3Vuosi\Embedded systems project\XY_Plotter_project\lpc_board_nxp_lpcxpresso_1549\inc" -I"C:\Koulu\3Vuosi\Embedded systems project\XY_Plotter_project\lpc_chip_15xx\inc" -I"C:\Koulu\3Vuosi\Embedded systems project\XY_Plotter_project\FreeRTOS\src\include" -I"C:\Koulu\3Vuosi\Embedded systems project\XY_Plotter_project\FreeRTOS\src\portable\GCC\ARM_CM3" -O0 -fno-common -g3 -Wall -c -fmessage-length=0 -fno-builtin -ffunction-sections -fdata-sections -fmerge-constants -fmacro-prefix-map="../src/"=. -mcpu=cortex-m3 -mthumb -D__NEWLIB__ -fstack-usage -MMD -MP -MF"src/stream_buffer.d" -MT"src/stream_buffer.o" -MT"src/stream_buffer.d" -o "src/stream_buffer.o" "../src/stream_buffer.c"
Finished building: ../src/stream_buffer.c
 
Building file: ../src/tasks.c
Invoking: MCU C Compiler
arm-none-eabi-gcc -DDEBUG -D__CODE_RED -DCORE_M3 -D__USE_LPCOPEN -D__LPC15XX__ -D__NEWLIB__ -I"C:\Koulu\3Vuosi\Embedded systems project\XY_Plotter_project\FreeRTOS\inc" -I"C:\Koulu\3Vuosi\Embedded systems project\XY_Plotter_project\lpc_board_nxp_lpcxpresso_1549\inc" -I"C:\Koulu\3Vuosi\Embedded systems project\XY_Plotter_project\lpc_chip_15xx\inc" -I"C:\Koulu\3Vuosi\Embedded systems project\XY_Plotter_project\FreeRTOS\src\include" -I"C:\Koulu\3Vuosi\Embedded systems project\XY_Plotter_project\FreeRTOS\src\portable\GCC\ARM_CM3" -O0 -fno-common -g3 -Wall -c -fmessage-length=0 -fno-builtin -ffunction-sections -fdata-sections -fmerge-constants -fmacro-prefix-map="../src/"=. -mcpu=cortex-m3 -mthumb -D__NEWLIB__ -fstack-usage -MMD -MP -MF"src/tasks.d" -MT"src/tasks.o" -MT"src/tasks.d" -o "src/tasks.o" "../src/tasks.c"
Finished building: ../src/tasks.c
 
Building file: ../src/timers.c
Invoking: MCU C Compiler
arm-none-eabi-gcc -DDEBUG -D__CODE_RED -DCORE_M3 -D__USE_LPCOPEN -D__LPC15XX__ -D__NEWLIB__ -I"C:\Koulu\3Vuosi\Embedded systems project\XY_Plotter_project\FreeRTOS\inc" -I"C:\Koulu\3Vuosi\Embedded systems project\XY_Plotter_project\lpc_board_nxp_lpcxpresso_1549\inc" -I"C:\Koulu\3Vuosi\Embedded systems project\XY_Plotter_project\lpc_chip_15xx\inc" -I"C:\Koulu\3Vuosi\Embedded systems project\XY_Plotter_project\FreeRTOS\src\include" -I"C:\Koulu\3Vuosi\Embedded systems project\XY_Plotter_project\FreeRTOS\src\portable\GCC\ARM_CM3" -O0 -fno-common -g3 -Wall -c -fmessage-length=0 -fno-builtin -ffunction-sections -fdata-sections -fmerge-constants -fmacro-prefix-map="../src/"=. -mcpu=cortex-m3 -mthumb -D__NEWLIB__ -fstack-usage -MMD -MP -MF"src/timers.d" -MT"src/timers.o" -MT"src/timers.d" -o "src/timers.o" "../src/timers.c"
Finished building: ../src/timers.c
 
Building target: libFreeRTOS.a
Invoking: MCU Archiver
arm-none-eabi-ar -r  "libFreeRTOS.a"  ./src/portable/MemMang/heap_3.o  ./src/portable/GCC/ARM_CM3/port.o  ./src/FreeRTOSCommonHooks.o ./src/croutine.o ./src/event_groups.o ./src/list.o ./src/queue.o ./src/stream_buffer.o ./src/tasks.o ./src/timers.o   
arm-none-eabi-ar: creating libFreeRTOS.a
Finished building target: libFreeRTOS.a
 
make --no-print-directory post-build
Performing post-build steps
arm-none-eabi-size "libFreeRTOS.a" ; # arm-none-eabi-objdump -h -S "libFreeRTOS.a" >"libFreeRTOS.lss"
   text	   data	    bss	    dec	    hex	filename
     82	      0	      0	     82	     52	heap_3.o (ex libFreeRTOS.a)
    598	      4	      0	    602	    25a	port.o (ex libFreeRTOS.a)
    128	      0	      0	    128	     80	FreeRTOSCommonHooks.o (ex libFreeRTOS.a)
      0	      0	      0	      0	      0	croutine.o (ex libFreeRTOS.a)
   1152	      0	      0	   1152	    480	event_groups.o (ex libFreeRTOS.a)
    350	      0	      0	    350	    15e	list.o (ex libFreeRTOS.a)
   3784	      0	     80	   3864	    f18	queue.o (ex libFreeRTOS.a)
   2304	      0	      0	   2304	    900	stream_buffer.o (ex libFreeRTOS.a)
   8302	      0	    320	   8622	   21ae	tasks.o (ex libFreeRTOS.a)
      0	      0	      0	      0	      0	timers.o (ex libFreeRTOS.a)
 
14:58:49 **** Clean-only build of configuration Debug for project XY_plotter_project ****
make -r -j8 clean 
rm -rf  ./src/XY_plotter_project.o ./src/cr_cpp_config.o ./src/cr_startup_lpc15xx.o ./src/crp.o ./src/heap_lock_monitor.o ./src/sysinit.o  ./src/XY_plotter_project.d ./src/cr_cpp_config.d ./src/cr_startup_lpc15xx.d  ./src/crp.d ./src/heap_lock_monitor.d ./src/sysinit.d  XY_plotter_project.axf
 
14:58:50 **** Build of configuration Debug for project XY_plotter_project ****
make -r -j8 all 
Building file: ../src/XY_plotter_project.cpp
Building file: ../src/cr_cpp_config.cpp
Building file: ../src/cr_startup_lpc15xx.cpp
Building file: ../src/crp.c
Invoking: MCU C++ Compiler
Invoking: MCU C++ Compiler
Building file: ../src/heap_lock_monitor.c
arm-none-eabi-c++ -std=c++11 -DDEBUG -D__CODE_RED -D__NEWLIB__ -DCORE_M3 -D__USE_LPCOPEN -DCPP_USE_HEAP -D__LPC15XX__ -I"C:\Koulu\3Vuosi\Embedded systems project\XY_Plotter_project\lpc_board_nxp_lpcxpresso_1549\inc" -I"C:\Koulu\3Vuosi\Embedded systems project\XY_Plotter_project\lpc_chip_15xx\inc" -I"C:\Koulu\3Vuosi\Embedded systems project\XY_Plotter_project\FreeRTOS\inc" -I"C:\Koulu\3Vuosi\Embedded systems project\XY_Plotter_project\FreeRTOS\src\include" -I"C:\Koulu\3Vuosi\Embedded systems project\XY_Plotter_project\FreeRTOS\src\portable\GCC\ARM_CM3" -O0 -fno-common -g3 -Wall -c -fmessage-length=0 -fno-builtin -ffunction-sections -fdata-sections -fno-rtti -fno-exceptions -fmerge-constants -fmacro-prefix-map="../src/"=. -mcpu=cortex-m3 -mthumb -fstack-usage -MMD -MP -MF"src/XY_plotter_project.d" -MT"src/XY_plotter_project.o" -MT"src/XY_plotter_project.d" -o "src/XY_plotter_project.o" "../src/XY_plotter_project.cpp"
Invoking: MCU C++ Compiler
arm-none-eabi-c++ -std=c++11 -DDEBUG -D__CODE_RED -D__NEWLIB__ -DCORE_M3 -D__USE_LPCOPEN -DCPP_USE_HEAP -D__LPC15XX__ -I"C:\Koulu\3Vuosi\Embedded systems project\XY_Plotter_project\lpc_board_nxp_lpcxpresso_1549\inc" -I"C:\Koulu\3Vuosi\Embedded systems project\XY_Plotter_project\lpc_chip_15xx\inc" -I"C:\Koulu\3Vuosi\Embedded systems project\XY_Plotter_project\FreeRTOS\inc" -I"C:\Koulu\3Vuosi\Embedded systems project\XY_Plotter_project\FreeRTOS\src\include" -I"C:\Koulu\3Vuosi\Embedded systems project\XY_Plotter_project\FreeRTOS\src\portable\GCC\ARM_CM3" -O0 -fno-common -g3 -Wall -c -fmessage-length=0 -fno-builtin -ffunction-sections -fdata-sections -fno-rtti -fno-exceptions -fmerge-constants -fmacro-prefix-map="../src/"=. -mcpu=cortex-m3 -mthumb -fstack-usage -MMD -MP -MF"src/cr_cpp_config.d" -MT"src/cr_cpp_config.o" -MT"src/cr_cpp_config.d" -o "src/cr_cpp_config.o" "../src/cr_cpp_config.cpp"
Invoking: MCU C Compiler
arm-none-eabi-c++ -std=c++11 -DDEBUG -D__CODE_RED -D__NEWLIB__ -DCORE_M3 -D__USE_LPCOPEN -DCPP_USE_HEAP -D__LPC15XX__ -I"C:\Koulu\3Vuosi\Embedded systems project\XY_Plotter_project\lpc_board_nxp_lpcxpresso_1549\inc" -I"C:\Koulu\3Vuosi\Embedded systems project\XY_Plotter_project\lpc_chip_15xx\inc" -I"C:\Koulu\3Vuosi\Embedded systems project\XY_Plotter_project\FreeRTOS\inc" -I"C:\Koulu\3Vuosi\Embedded systems project\XY_Plotter_project\FreeRTOS\src\include" -I"C:\Koulu\3Vuosi\Embedded systems project\XY_Plotter_project\FreeRTOS\src\portable\GCC\ARM_CM3" -O0 -fno-common -g3 -Wall -c -fmessage-length=0 -fno-builtin -ffunction-sections -fdata-sections -fno-rtti -fno-exceptions -fmerge-constants -fmacro-prefix-map="../src/"=. -mcpu=cortex-m3 -mthumb -fstack-usage -MMD -MP -MF"src/cr_startup_lpc15xx.d" -MT"src/cr_startup_lpc15xx.o" -MT"src/cr_startup_lpc15xx.d" -o "src/cr_startup_lpc15xx.o" "../src/cr_startup_lpc15xx.cpp"
arm-none-eabi-gcc -std=c11 -DDEBUG -D__CODE_RED -D__NEWLIB__ -DCORE_M3 -D__USE_LPCOPEN -DCPP_USE_HEAP -D__LPC15XX__ -I"C:\Koulu\3Vuosi\Embedded systems project\XY_Plotter_project\lpc_board_nxp_lpcxpresso_1549\inc" -I"C:\Koulu\3Vuosi\Embedded systems project\XY_Plotter_project\lpc_chip_15xx\inc" -I"C:\Koulu\3Vuosi\Embedded systems project\XY_Plotter_project\FreeRTOS\inc" -I"C:\Koulu\3Vuosi\Embedded systems project\XY_Plotter_project\FreeRTOS\src\include" -I"C:\Koulu\3Vuosi\Embedded systems project\XY_Plotter_project\FreeRTOS\src\portable\GCC\ARM_CM3" -O0 -fno-common -g3 -Wall -c -fmessage-length=0 -fno-builtin -ffunction-sections -fdata-sections -fmerge-constants -fmacro-prefix-map="../src/"=. -mcpu=cortex-m3 -mthumb -fstack-usage -MMD -MP -MF"src/crp.d" -MT"src/crp.o" -MT"src/crp.d" -o "src/crp.o" "../src/crp.c"
Invoking: MCU C Compiler
arm-none-eabi-gcc -std=c11 -DDEBUG -D__CODE_RED -D__NEWLIB__ -DCORE_M3 -D__USE_LPCOPEN -DCPP_USE_HEAP -D__LPC15XX__ -I"C:\Koulu\3Vuosi\Embedded systems project\XY_Plotter_project\lpc_board_nxp_lpcxpresso_1549\inc" -I"C:\Koulu\3Vuosi\Embedded systems project\XY_Plotter_project\lpc_chip_15xx\inc" -I"C:\Koulu\3Vuosi\Embedded systems project\XY_Plotter_project\FreeRTOS\inc" -I"C:\Koulu\3Vuosi\Embedded systems project\XY_Plotter_project\FreeRTOS\src\include" -I"C:\Koulu\3Vuosi\Embedded systems project\XY_Plotter_project\FreeRTOS\src\portable\GCC\ARM_CM3" -O0 -fno-common -g3 -Wall -c -fmessage-length=0 -fno-builtin -ffunction-sections -fdata-sections -fmerge-constants -fmacro-prefix-map="../src/"=. -mcpu=cortex-m3 -mthumb -fstack-usage -MMD -MP -MF"src/heap_lock_monitor.d" -MT"src/heap_lock_monitor.o" -MT"src/heap_lock_monitor.d" -o "src/heap_lock_monitor.o" "../src/heap_lock_monitor.c"
Building file: ../src/sysinit.c
Invoking: MCU C Compiler
arm-none-eabi-gcc -std=c11 -DDEBUG -D__CODE_RED -D__NEWLIB__ -DCORE_M3 -D__USE_LPCOPEN -DCPP_USE_HEAP -D__LPC15XX__ -I"C:\Koulu\3Vuosi\Embedded systems project\XY_Plotter_project\lpc_board_nxp_lpcxpresso_1549\inc" -I"C:\Koulu\3Vuosi\Embedded systems project\XY_Plotter_project\lpc_chip_15xx\inc" -I"C:\Koulu\3Vuosi\Embedded systems project\XY_Plotter_project\FreeRTOS\inc" -I"C:\Koulu\3Vuosi\Embedded systems project\XY_Plotter_project\FreeRTOS\src\include" -I"C:\Koulu\3Vuosi\Embedded systems project\XY_Plotter_project\FreeRTOS\src\portable\GCC\ARM_CM3" -O0 -fno-common -g3 -Wall -c -fmessage-length=0 -fno-builtin -ffunction-sections -fdata-sections -fmerge-constants -fmacro-prefix-map="../src/"=. -mcpu=cortex-m3 -mthumb -fstack-usage -MMD -MP -MF"src/sysinit.d" -MT"src/sysinit.o" -MT"src/sysinit.d" -o "src/sysinit.o" "../src/sysinit.c"
Finished building: ../src/crp.c
../src/XY_plotter_project.cpp:37:10: error: 'SemaphoreHandle_t' does not name a type
   37 | volatile SemaphoreHandle_t receiverNotifier;
      |          ^~~~~~~~~~~~~~~~~
../src/XY_plotter_project.cpp: In function 'int main()':
../src/XY_plotter_project.cpp:81:2: error: 'receiverNotifier' was not declared in this scope
   81 |  receiverNotifier = xCreateCountingSemaphore();
      |  ^~~~~~~~~~~~~~~~
../src/XY_plotter_project.cpp:81:21: error: 'xCreateCountingSemaphore' was not declared in this scope
   81 |  receiverNotifier = xCreateCountingSemaphore();
      |                     ^~~~~~~~~~~~~~~~~~~~~~~~
make: *** [src/subdir.mk:39: src/XY_plotter_project.o] Error 1
make: *** Waiting for unfinished jobs....
 
Finished building: ../src/cr_cpp_config.cpp
Finished building: ../src/cr_startup_lpc15xx.cpp
 
 
Finished building: ../src/heap_lock_monitor.c
 
Finished building: ../src/sysinit.c
 
"make -r -j8 all" terminated with exit code 2. Build might be incomplete.
15:05:01 **** Incremental Build of configuration Debug for project lpc_chip_15xx ****
make -r all 
make: Nothing to be done for 'all'.
15:05:02 **** Incremental Build of configuration Debug for project FreeRTOS ****
make -r all 
make: Nothing to be done for 'all'.
15:05:30 **** Incremental Build of configuration Debug for project lpc_board_nxp_lpcxpresso_1549 ****
make -r all 
make: Nothing to be done for 'all'.
15:05:30 **** Incremental Build of configuration Debug for project lpc_chip_15xx ****
make -r all 
make: Nothing to be done for 'all'.
15:05:31 **** Incremental Build of configuration Debug for project FreeRTOS ****
make -r all 
make: Nothing to be done for 'all'.
15:05:31 **** Incremental Build of configuration Debug for project XY_plotter_project ****
make -r -j8 all 
Building file: ../src/XY_plotter_project.cpp
Invoking: MCU C++ Compiler
arm-none-eabi-c++ -std=c++11 -DDEBUG -D__CODE_RED -D__NEWLIB__ -DCORE_M3 -D__USE_LPCOPEN -DCPP_USE_HEAP -D__LPC15XX__ -I"C:\Koulu\3Vuosi\Embedded systems project\XY_Plotter_project\lpc_board_nxp_lpcxpresso_1549\inc" -I"C:\Koulu\3Vuosi\Embedded systems project\XY_Plotter_project\lpc_chip_15xx\inc" -I"C:\Koulu\3Vuosi\Embedded systems project\XY_Plotter_project\FreeRTOS\inc" -I"C:\Koulu\3Vuosi\Embedded systems project\XY_Plotter_project\FreeRTOS\src\include" -I"C:\Koulu\3Vuosi\Embedded systems project\XY_Plotter_project\FreeRTOS\src\portable\GCC\ARM_CM3" -O0 -fno-common -g3 -Wall -c -fmessage-length=0 -fno-builtin -ffunction-sections -fdata-sections -fno-rtti -fno-exceptions -fmerge-constants -fmacro-prefix-map="../src/"=. -mcpu=cortex-m3 -mthumb -fstack-usage -MMD -MP -MF"src/XY_plotter_project.d" -MT"src/XY_plotter_project.o" -MT"src/XY_plotter_project.d" -o "src/XY_plotter_project.o" "../src/XY_plotter_project.cpp"
Finished building: ../src/XY_plotter_project.cpp
 
Building target: XY_plotter_project.axf
Invoking: MCU C++ Linker
arm-none-eabi-c++ -nostdlib -L"C:\Koulu\3Vuosi\Embedded systems project\XY_Plotter_project\lpc_board_nxp_lpcxpresso_1549\Debug" -L"C:\Koulu\3Vuosi\Embedded systems project\XY_Plotter_project\lpc_chip_15xx\Debug" -L"C:\Koulu\3Vuosi\Embedded systems project\XY_Plotter_project\FreeRTOS\Debug" -Xlinker -Map="XY_plotter_project.map" -Xlinker --cref -Xlinker --gc-sections -Xlinker -print-memory-usage -mcpu=cortex-m3 -mthumb -T "XY_plotter_project_Debug.ld" -o "XY_plotter_project.axf"  ./src/XY_plotter_project.o ./src/cr_cpp_config.o ./src/cr_startup_lpc15xx.o ./src/crp.o ./src/heap_lock_monitor.o ./src/sysinit.o   -llpc_board_nxp_lpcxpresso_1549 -llpc_chip_15xx -lFreeRTOS
Memory region         Used Size  Region Size  %age Used
       MFlash256:       15384 B       256 KB      5.87%
      Ram0_16_32:        2536 B        32 KB      7.74%
          Ram2_4:          0 GB         4 KB      0.00%
Finished building target: XY_plotter_project.axf
 
make --no-print-directory post-build
Performing post-build steps
arm-none-eabi-size "XY_plotter_project.axf"; # arm-none-eabi-objcopy -v -O binary "XY_plotter_project.axf" "XY_plotter_project.bin" ; # checksum -p LPC1549 -d "XY_plotter_project.bin";
   text	   data	    bss	    dec	    hex	filename
  13272	   2112	    424	  15808	   3dc0	XY_plotter_project.axf
 
13:14:37 **** Incremental Build of configuration Debug for project lpc_board_nxp_lpcxpresso_1549 ****
make -r all 
Building file: ../src/board.c
Invoking: MCU C Compiler
arm-none-eabi-gcc -DDEBUG -D__CODE_RED -D__USE_LPCOPEN -DCORE_M3 -D__NEWLIB__ -I"C:\Koulu\3Vuosi\Embedded systems project\XY_plotter_project\lpc_chip_15xx\inc" -I"C:\Koulu\3Vuosi\Embedded systems project\XY_plotter_project\lpc_board_nxp_lpcxpresso_1549\inc" -O0 -g3 -Wall -c -fmessage-length=0 -fno-builtin -ffunction-sections -fdata-sections -fmerge-constants -fmacro-prefix-map="../src/"=. -mcpu=cortex-m3 -mthumb -D__NEWLIB__ -fstack-usage -MMD -MP -MF"src/board.d" -MT"src/board.o" -MT"src/board.d" -o "src/board.o" "../src/board.c"
Finished building: ../src/board.c
 
Building file: ../src/board_sysinit.c
Invoking: MCU C Compiler
arm-none-eabi-gcc -DDEBUG -D__CODE_RED -D__USE_LPCOPEN -DCORE_M3 -D__NEWLIB__ -I"C:\Koulu\3Vuosi\Embedded systems project\XY_plotter_project\lpc_chip_15xx\inc" -I"C:\Koulu\3Vuosi\Embedded systems project\XY_plotter_project\lpc_board_nxp_lpcxpresso_1549\inc" -O0 -g3 -Wall -c -fmessage-length=0 -fno-builtin -ffunction-sections -fdata-sections -fmerge-constants -fmacro-prefix-map="../src/"=. -mcpu=cortex-m3 -mthumb -D__NEWLIB__ -fstack-usage -MMD -MP -MF"src/board_sysinit.d" -MT"src/board_sysinit.o" -MT"src/board_sysinit.d" -o "src/board_sysinit.o" "../src/board_sysinit.c"
Finished building: ../src/board_sysinit.c
 
Building target: liblpc_board_nxp_lpcxpresso_1549.a
Invoking: MCU Archiver
arm-none-eabi-ar -r  "liblpc_board_nxp_lpcxpresso_1549.a"  ./src/board.o ./src/board_sysinit.o   
arm-none-eabi-ar: creating liblpc_board_nxp_lpcxpresso_1549.a
Finished building target: liblpc_board_nxp_lpcxpresso_1549.a
 
make --no-print-directory post-build
Performing post-build steps
arm-none-eabi-size "liblpc_board_nxp_lpcxpresso_1549.a" ; # arm-none-eabi-objdump -h -S "liblpc_board_nxp_lpcxpresso_1549.a" >"liblpc_board_nxp_lpcxpresso_1549.lss"
   text	   data	    bss	    dec	    hex	filename
   1363	      0	      0	   1363	    553	board.o (ex liblpc_board_nxp_lpcxpresso_1549.a)
    574	      0	      0	    574	    23e	board_sysinit.o (ex liblpc_board_nxp_lpcxpresso_1549.a)
 
13:14:41 **** Incremental Build of configuration Debug for project lpc_chip_15xx ****
make -r all 
Building file: ../src/acmp_15xx.c
Invoking: MCU C Compiler
arm-none-eabi-gcc -DDEBUG -D__CODE_RED -D__USE_LPCOPEN -DCORE_M3 -D__NEWLIB__ -I"C:\Koulu\3Vuosi\Embedded systems project\XY_plotter_project\lpc_chip_15xx\inc" -O0 -g3 -Wall -c -fmessage-length=0 -fno-builtin -ffunction-sections -fdata-sections -fmerge-constants -fmacro-prefix-map="../src/"=. -mcpu=cortex-m3 -mthumb -D__NEWLIB__ -fstack-usage -MMD -MP -MF"src/acmp_15xx.d" -MT"src/acmp_15xx.o" -MT"src/acmp_15xx.d" -o "src/acmp_15xx.o" "../src/acmp_15xx.c"
Finished building: ../src/acmp_15xx.c
 
Building file: ../src/adc_15xx.c
Invoking: MCU C Compiler
arm-none-eabi-gcc -DDEBUG -D__CODE_RED -D__USE_LPCOPEN -DCORE_M3 -D__NEWLIB__ -I"C:\Koulu\3Vuosi\Embedded systems project\XY_plotter_project\lpc_chip_15xx\inc" -O0 -g3 -Wall -c -fmessage-length=0 -fno-builtin -ffunction-sections -fdata-sections -fmerge-constants -fmacro-prefix-map="../src/"=. -mcpu=cortex-m3 -mthumb -D__NEWLIB__ -fstack-usage -MMD -MP -MF"src/adc_15xx.d" -MT"src/adc_15xx.o" -MT"src/adc_15xx.d" -o "src/adc_15xx.o" "../src/adc_15xx.c"
Finished building: ../src/adc_15xx.c
 
Building file: ../src/chip_15xx.c
Invoking: MCU C Compiler
arm-none-eabi-gcc -DDEBUG -D__CODE_RED -D__USE_LPCOPEN -DCORE_M3 -D__NEWLIB__ -I"C:\Koulu\3Vuosi\Embedded systems project\XY_plotter_project\lpc_chip_15xx\inc" -O0 -g3 -Wall -c -fmessage-length=0 -fno-builtin -ffunction-sections -fdata-sections -fmerge-constants -fmacro-prefix-map="../src/"=. -mcpu=cortex-m3 -mthumb -D__NEWLIB__ -fstack-usage -MMD -MP -MF"src/chip_15xx.d" -MT"src/chip_15xx.o" -MT"src/chip_15xx.d" -o "src/chip_15xx.o" "../src/chip_15xx.c"
Finished building: ../src/chip_15xx.c
 
Building file: ../src/clock_15xx.c
Invoking: MCU C Compiler
arm-none-eabi-gcc -DDEBUG -D__CODE_RED -D__USE_LPCOPEN -DCORE_M3 -D__NEWLIB__ -I"C:\Koulu\3Vuosi\Embedded systems project\XY_plotter_project\lpc_chip_15xx\inc" -O0 -g3 -Wall -c -fmessage-length=0 -fno-builtin -ffunction-sections -fdata-sections -fmerge-constants -fmacro-prefix-map="../src/"=. -mcpu=cortex-m3 -mthumb -D__NEWLIB__ -fstack-usage -MMD -MP -MF"src/clock_15xx.d" -MT"src/clock_15xx.o" -MT"src/clock_15xx.d" -o "src/clock_15xx.o" "../src/clock_15xx.c"
Finished building: ../src/clock_15xx.c
 
Building file: ../src/crc_15xx.c
Invoking: MCU C Compiler
arm-none-eabi-gcc -DDEBUG -D__CODE_RED -D__USE_LPCOPEN -DCORE_M3 -D__NEWLIB__ -I"C:\Koulu\3Vuosi\Embedded systems project\XY_plotter_project\lpc_chip_15xx\inc" -O0 -g3 -Wall -c -fmessage-length=0 -fno-builtin -ffunction-sections -fdata-sections -fmerge-constants -fmacro-prefix-map="../src/"=. -mcpu=cortex-m3 -mthumb -D__NEWLIB__ -fstack-usage -MMD -MP -MF"src/crc_15xx.d" -MT"src/crc_15xx.o" -MT"src/crc_15xx.d" -o "src/crc_15xx.o" "../src/crc_15xx.c"
Finished building: ../src/crc_15xx.c
 
Building file: ../src/dac_15xx.c
Invoking: MCU C Compiler
arm-none-eabi-gcc -DDEBUG -D__CODE_RED -D__USE_LPCOPEN -DCORE_M3 -D__NEWLIB__ -I"C:\Koulu\3Vuosi\Embedded systems project\XY_plotter_project\lpc_chip_15xx\inc" -O0 -g3 -Wall -c -fmessage-length=0 -fno-builtin -ffunction-sections -fdata-sections -fmerge-constants -fmacro-prefix-map="../src/"=. -mcpu=cortex-m3 -mthumb -D__NEWLIB__ -fstack-usage -MMD -MP -MF"src/dac_15xx.d" -MT"src/dac_15xx.o" -MT"src/dac_15xx.d" -o "src/dac_15xx.o" "../src/dac_15xx.c"
Finished building: ../src/dac_15xx.c
 
Building file: ../src/dma_15xx.c
Invoking: MCU C Compiler
arm-none-eabi-gcc -DDEBUG -D__CODE_RED -D__USE_LPCOPEN -DCORE_M3 -D__NEWLIB__ -I"C:\Koulu\3Vuosi\Embedded systems project\XY_plotter_project\lpc_chip_15xx\inc" -O0 -g3 -Wall -c -fmessage-length=0 -fno-builtin -ffunction-sections -fdata-sections -fmerge-constants -fmacro-prefix-map="../src/"=. -mcpu=cortex-m3 -mthumb -D__NEWLIB__ -fstack-usage -MMD -MP -MF"src/dma_15xx.d" -MT"src/dma_15xx.o" -MT"src/dma_15xx.d" -o "src/dma_15xx.o" "../src/dma_15xx.c"
Finished building: ../src/dma_15xx.c
 
Building file: ../src/eeprom.c
Invoking: MCU C Compiler
arm-none-eabi-gcc -DDEBUG -D__CODE_RED -D__USE_LPCOPEN -DCORE_M3 -D__NEWLIB__ -I"C:\Koulu\3Vuosi\Embedded systems project\XY_plotter_project\lpc_chip_15xx\inc" -O0 -g3 -Wall -c -fmessage-length=0 -fno-builtin -ffunction-sections -fdata-sections -fmerge-constants -fmacro-prefix-map="../src/"=. -mcpu=cortex-m3 -mthumb -D__NEWLIB__ -fstack-usage -MMD -MP -MF"src/eeprom.d" -MT"src/eeprom.o" -MT"src/eeprom.d" -o "src/eeprom.o" "../src/eeprom.c"
Finished building: ../src/eeprom.c
 
Building file: ../src/gpio_15xx.c
Invoking: MCU C Compiler
arm-none-eabi-gcc -DDEBUG -D__CODE_RED -D__USE_LPCOPEN -DCORE_M3 -D__NEWLIB__ -I"C:\Koulu\3Vuosi\Embedded systems project\XY_plotter_project\lpc_chip_15xx\inc" -O0 -g3 -Wall -c -fmessage-length=0 -fno-builtin -ffunction-sections -fdata-sections -fmerge-constants -fmacro-prefix-map="../src/"=. -mcpu=cortex-m3 -mthumb -D__NEWLIB__ -fstack-usage -MMD -MP -MF"src/gpio_15xx.d" -MT"src/gpio_15xx.o" -MT"src/gpio_15xx.d" -o "src/gpio_15xx.o" "../src/gpio_15xx.c"
Finished building: ../src/gpio_15xx.c
 
Building file: ../src/i2c_common_15xx.c
Invoking: MCU C Compiler
arm-none-eabi-gcc -DDEBUG -D__CODE_RED -D__USE_LPCOPEN -DCORE_M3 -D__NEWLIB__ -I"C:\Koulu\3Vuosi\Embedded systems project\XY_plotter_project\lpc_chip_15xx\inc" -O0 -g3 -Wall -c -fmessage-length=0 -fno-builtin -ffunction-sections -fdata-sections -fmerge-constants -fmacro-prefix-map="../src/"=. -mcpu=cortex-m3 -mthumb -D__NEWLIB__ -fstack-usage -MMD -MP -MF"src/i2c_common_15xx.d" -MT"src/i2c_common_15xx.o" -MT"src/i2c_common_15xx.d" -o "src/i2c_common_15xx.o" "../src/i2c_common_15xx.c"
Finished building: ../src/i2c_common_15xx.c
 
Building file: ../src/i2cm_15xx.c
Invoking: MCU C Compiler
arm-none-eabi-gcc -DDEBUG -D__CODE_RED -D__USE_LPCOPEN -DCORE_M3 -D__NEWLIB__ -I"C:\Koulu\3Vuosi\Embedded systems project\XY_plotter_project\lpc_chip_15xx\inc" -O0 -g3 -Wall -c -fmessage-length=0 -fno-builtin -ffunction-sections -fdata-sections -fmerge-constants -fmacro-prefix-map="../src/"=. -mcpu=cortex-m3 -mthumb -D__NEWLIB__ -fstack-usage -MMD -MP -MF"src/i2cm_15xx.d" -MT"src/i2cm_15xx.o" -MT"src/i2cm_15xx.d" -o "src/i2cm_15xx.o" "../src/i2cm_15xx.c"
Finished building: ../src/i2cm_15xx.c
 
Building file: ../src/i2cs_15xx.c
Invoking: MCU C Compiler
arm-none-eabi-gcc -DDEBUG -D__CODE_RED -D__USE_LPCOPEN -DCORE_M3 -D__NEWLIB__ -I"C:\Koulu\3Vuosi\Embedded systems project\XY_plotter_project\lpc_chip_15xx\inc" -O0 -g3 -Wall -c -fmessage-length=0 -fno-builtin -ffunction-sections -fdata-sections -fmerge-constants -fmacro-prefix-map="../src/"=. -mcpu=cortex-m3 -mthumb -D__NEWLIB__ -fstack-usage -MMD -MP -MF"src/i2cs_15xx.d" -MT"src/i2cs_15xx.o" -MT"src/i2cs_15xx.d" -o "src/i2cs_15xx.o" "../src/i2cs_15xx.c"
Finished building: ../src/i2cs_15xx.c
 
Building file: ../src/iap.c
Invoking: MCU C Compiler
arm-none-eabi-gcc -DDEBUG -D__CODE_RED -D__USE_LPCOPEN -DCORE_M3 -D__NEWLIB__ -I"C:\Koulu\3Vuosi\Embedded systems project\XY_plotter_project\lpc_chip_15xx\inc" -O0 -g3 -Wall -c -fmessage-length=0 -fno-builtin -ffunction-sections -fdata-sections -fmerge-constants -fmacro-prefix-map="../src/"=. -mcpu=cortex-m3 -mthumb -D__NEWLIB__ -fstack-usage -MMD -MP -MF"src/iap.d" -MT"src/iap.o" -MT"src/iap.d" -o "src/iap.o" "../src/iap.c"
Finished building: ../src/iap.c
 
Building file: ../src/iocon_15xx.c
Invoking: MCU C Compiler
arm-none-eabi-gcc -DDEBUG -D__CODE_RED -D__USE_LPCOPEN -DCORE_M3 -D__NEWLIB__ -I"C:\Koulu\3Vuosi\Embedded systems project\XY_plotter_project\lpc_chip_15xx\inc" -O0 -g3 -Wall -c -fmessage-length=0 -fno-builtin -ffunction-sections -fdata-sections -fmerge-constants -fmacro-prefix-map="../src/"=. -mcpu=cortex-m3 -mthumb -D__NEWLIB__ -fstack-usage -MMD -MP -MF"src/iocon_15xx.d" -MT"src/iocon_15xx.o" -MT"src/iocon_15xx.d" -o "src/iocon_15xx.o" "../src/iocon_15xx.c"
Finished building: ../src/iocon_15xx.c
 
Building file: ../src/pinint_15xx.c
Invoking: MCU C Compiler
arm-none-eabi-gcc -DDEBUG -D__CODE_RED -D__USE_LPCOPEN -DCORE_M3 -D__NEWLIB__ -I"C:\Koulu\3Vuosi\Embedded systems project\XY_plotter_project\lpc_chip_15xx\inc" -O0 -g3 -Wall -c -fmessage-length=0 -fno-builtin -ffunction-sections -fdata-sections -fmerge-constants -fmacro-prefix-map="../src/"=. -mcpu=cortex-m3 -mthumb -D__NEWLIB__ -fstack-usage -MMD -MP -MF"src/pinint_15xx.d" -MT"src/pinint_15xx.o" -MT"src/pinint_15xx.d" -o "src/pinint_15xx.o" "../src/pinint_15xx.c"
Finished building: ../src/pinint_15xx.c
 
Building file: ../src/pmu_15xx.c
Invoking: MCU C Compiler
arm-none-eabi-gcc -DDEBUG -D__CODE_RED -D__USE_LPCOPEN -DCORE_M3 -D__NEWLIB__ -I"C:\Koulu\3Vuosi\Embedded systems project\XY_plotter_project\lpc_chip_15xx\inc" -O0 -g3 -Wall -c -fmessage-length=0 -fno-builtin -ffunction-sections -fdata-sections -fmerge-constants -fmacro-prefix-map="../src/"=. -mcpu=cortex-m3 -mthumb -D__NEWLIB__ -fstack-usage -MMD -MP -MF"src/pmu_15xx.d" -MT"src/pmu_15xx.o" -MT"src/pmu_15xx.d" -o "src/pmu_15xx.o" "../src/pmu_15xx.c"
Finished building: ../src/pmu_15xx.c
 
Building file: ../src/ring_buffer.c
Invoking: MCU C Compiler
arm-none-eabi-gcc -DDEBUG -D__CODE_RED -D__USE_LPCOPEN -DCORE_M3 -D__NEWLIB__ -I"C:\Koulu\3Vuosi\Embedded systems project\XY_plotter_project\lpc_chip_15xx\inc" -O0 -g3 -Wall -c -fmessage-length=0 -fno-builtin -ffunction-sections -fdata-sections -fmerge-constants -fmacro-prefix-map="../src/"=. -mcpu=cortex-m3 -mthumb -D__NEWLIB__ -fstack-usage -MMD -MP -MF"src/ring_buffer.d" -MT"src/ring_buffer.o" -MT"src/ring_buffer.d" -o "src/ring_buffer.o" "../src/ring_buffer.c"
Finished building: ../src/ring_buffer.c
 
Building file: ../src/ritimer_15xx.c
Invoking: MCU C Compiler
arm-none-eabi-gcc -DDEBUG -D__CODE_RED -D__USE_LPCOPEN -DCORE_M3 -D__NEWLIB__ -I"C:\Koulu\3Vuosi\Embedded systems project\XY_plotter_project\lpc_chip_15xx\inc" -O0 -g3 -Wall -c -fmessage-length=0 -fno-builtin -ffunction-sections -fdata-sections -fmerge-constants -fmacro-prefix-map="../src/"=. -mcpu=cortex-m3 -mthumb -D__NEWLIB__ -fstack-usage -MMD -MP -MF"src/ritimer_15xx.d" -MT"src/ritimer_15xx.o" -MT"src/ritimer_15xx.d" -o "src/ritimer_15xx.o" "../src/ritimer_15xx.c"
Finished building: ../src/ritimer_15xx.c
 
Building file: ../src/rtc_15xx.c
Invoking: MCU C Compiler
arm-none-eabi-gcc -DDEBUG -D__CODE_RED -D__USE_LPCOPEN -DCORE_M3 -D__NEWLIB__ -I"C:\Koulu\3Vuosi\Embedded systems project\XY_plotter_project\lpc_chip_15xx\inc" -O0 -g3 -Wall -c -fmessage-length=0 -fno-builtin -ffunction-sections -fdata-sections -fmerge-constants -fmacro-prefix-map="../src/"=. -mcpu=cortex-m3 -mthumb -D__NEWLIB__ -fstack-usage -MMD -MP -MF"src/rtc_15xx.d" -MT"src/rtc_15xx.o" -MT"src/rtc_15xx.d" -o "src/rtc_15xx.o" "../src/rtc_15xx.c"
Finished building: ../src/rtc_15xx.c
 
Building file: ../src/sct_15xx.c
Invoking: MCU C Compiler
arm-none-eabi-gcc -DDEBUG -D__CODE_RED -D__USE_LPCOPEN -DCORE_M3 -D__NEWLIB__ -I"C:\Koulu\3Vuosi\Embedded systems project\XY_plotter_project\lpc_chip_15xx\inc" -O0 -g3 -Wall -c -fmessage-length=0 -fno-builtin -ffunction-sections -fdata-sections -fmerge-constants -fmacro-prefix-map="../src/"=. -mcpu=cortex-m3 -mthumb -D__NEWLIB__ -fstack-usage -MMD -MP -MF"src/sct_15xx.d" -MT"src/sct_15xx.o" -MT"src/sct_15xx.d" -o "src/sct_15xx.o" "../src/sct_15xx.c"
Finished building: ../src/sct_15xx.c
 
Building file: ../src/sct_pwm_15xx.c
Invoking: MCU C Compiler
arm-none-eabi-gcc -DDEBUG -D__CODE_RED -D__USE_LPCOPEN -DCORE_M3 -D__NEWLIB__ -I"C:\Koulu\3Vuosi\Embedded systems project\XY_plotter_project\lpc_chip_15xx\inc" -O0 -g3 -Wall -c -fmessage-length=0 -fno-builtin -ffunction-sections -fdata-sections -fmerge-constants -fmacro-prefix-map="../src/"=. -mcpu=cortex-m3 -mthumb -D__NEWLIB__ -fstack-usage -MMD -MP -MF"src/sct_pwm_15xx.d" -MT"src/sct_pwm_15xx.o" -MT"src/sct_pwm_15xx.d" -o "src/sct_pwm_15xx.o" "../src/sct_pwm_15xx.c"
Finished building: ../src/sct_pwm_15xx.c
 
Building file: ../src/sctipu_15xx.c
Invoking: MCU C Compiler
arm-none-eabi-gcc -DDEBUG -D__CODE_RED -D__USE_LPCOPEN -DCORE_M3 -D__NEWLIB__ -I"C:\Koulu\3Vuosi\Embedded systems project\XY_plotter_project\lpc_chip_15xx\inc" -O0 -g3 -Wall -c -fmessage-length=0 -fno-builtin -ffunction-sections -fdata-sections -fmerge-constants -fmacro-prefix-map="../src/"=. -mcpu=cortex-m3 -mthumb -D__NEWLIB__ -fstack-usage -MMD -MP -MF"src/sctipu_15xx.d" -MT"src/sctipu_15xx.o" -MT"src/sctipu_15xx.d" -o "src/sctipu_15xx.o" "../src/sctipu_15xx.c"
Finished building: ../src/sctipu_15xx.c
 
Building file: ../src/spi_15xx.c
Invoking: MCU C Compiler
arm-none-eabi-gcc -DDEBUG -D__CODE_RED -D__USE_LPCOPEN -DCORE_M3 -D__NEWLIB__ -I"C:\Koulu\3Vuosi\Embedded systems project\XY_plotter_project\lpc_chip_15xx\inc" -O0 -g3 -Wall -c -fmessage-length=0 -fno-builtin -ffunction-sections -fdata-sections -fmerge-constants -fmacro-prefix-map="../src/"=. -mcpu=cortex-m3 -mthumb -D__NEWLIB__ -fstack-usage -MMD -MP -MF"src/spi_15xx.d" -MT"src/spi_15xx.o" -MT"src/spi_15xx.d" -o "src/spi_15xx.o" "../src/spi_15xx.c"
Finished building: ../src/spi_15xx.c
 
Building file: ../src/stopwatch_15xx.c
Invoking: MCU C Compiler
arm-none-eabi-gcc -DDEBUG -D__CODE_RED -D__USE_LPCOPEN -DCORE_M3 -D__NEWLIB__ -I"C:\Koulu\3Vuosi\Embedded systems project\XY_plotter_project\lpc_chip_15xx\inc" -O0 -g3 -Wall -c -fmessage-length=0 -fno-builtin -ffunction-sections -fdata-sections -fmerge-constants -fmacro-prefix-map="../src/"=. -mcpu=cortex-m3 -mthumb -D__NEWLIB__ -fstack-usage -MMD -MP -MF"src/stopwatch_15xx.d" -MT"src/stopwatch_15xx.o" -MT"src/stopwatch_15xx.d" -o "src/stopwatch_15xx.o" "../src/stopwatch_15xx.c"
Finished building: ../src/stopwatch_15xx.c
 
Building file: ../src/swm_15xx.c
Invoking: MCU C Compiler
arm-none-eabi-gcc -DDEBUG -D__CODE_RED -D__USE_LPCOPEN -DCORE_M3 -D__NEWLIB__ -I"C:\Koulu\3Vuosi\Embedded systems project\XY_plotter_project\lpc_chip_15xx\inc" -O0 -g3 -Wall -c -fmessage-length=0 -fno-builtin -ffunction-sections -fdata-sections -fmerge-constants -fmacro-prefix-map="../src/"=. -mcpu=cortex-m3 -mthumb -D__NEWLIB__ -fstack-usage -MMD -MP -MF"src/swm_15xx.d" -MT"src/swm_15xx.o" -MT"src/swm_15xx.d" -o "src/swm_15xx.o" "../src/swm_15xx.c"
Finished building: ../src/swm_15xx.c
 
Building file: ../src/sysctl_15xx.c
Invoking: MCU C Compiler
arm-none-eabi-gcc -DDEBUG -D__CODE_RED -D__USE_LPCOPEN -DCORE_M3 -D__NEWLIB__ -I"C:\Koulu\3Vuosi\Embedded systems project\XY_plotter_project\lpc_chip_15xx\inc" -O0 -g3 -Wall -c -fmessage-length=0 -fno-builtin -ffunction-sections -fdata-sections -fmerge-constants -fmacro-prefix-map="../src/"=. -mcpu=cortex-m3 -mthumb -D__NEWLIB__ -fstack-usage -MMD -MP -MF"src/sysctl_15xx.d" -MT"src/sysctl_15xx.o" -MT"src/sysctl_15xx.d" -o "src/sysctl_15xx.o" "../src/sysctl_15xx.c"
Finished building: ../src/sysctl_15xx.c
 
Building file: ../src/sysinit_15xx.c
Invoking: MCU C Compiler
arm-none-eabi-gcc -DDEBUG -D__CODE_RED -D__USE_LPCOPEN -DCORE_M3 -D__NEWLIB__ -I"C:\Koulu\3Vuosi\Embedded systems project\XY_plotter_project\lpc_chip_15xx\inc" -O0 -g3 -Wall -c -fmessage-length=0 -fno-builtin -ffunction-sections -fdata-sections -fmerge-constants -fmacro-prefix-map="../src/"=. -mcpu=cortex-m3 -mthumb -D__NEWLIB__ -fstack-usage -MMD -MP -MF"src/sysinit_15xx.d" -MT"src/sysinit_15xx.o" -MT"src/sysinit_15xx.d" -o "src/sysinit_15xx.o" "../src/sysinit_15xx.c"
../src/sysinit_15xx.c: In function 'Chip_SetupIrcClocking':
../src/sysinit_15xx.c:53:15: warning: unused variable 'i' [-Wunused-variable]
   53 |  volatile int i;
      |               ^
Finished building: ../src/sysinit_15xx.c
 
Building file: ../src/uart_15xx.c
Invoking: MCU C Compiler
arm-none-eabi-gcc -DDEBUG -D__CODE_RED -D__USE_LPCOPEN -DCORE_M3 -D__NEWLIB__ -I"C:\Koulu\3Vuosi\Embedded systems project\XY_plotter_project\lpc_chip_15xx\inc" -O0 -g3 -Wall -c -fmessage-length=0 -fno-builtin -ffunction-sections -fdata-sections -fmerge-constants -fmacro-prefix-map="../src/"=. -mcpu=cortex-m3 -mthumb -D__NEWLIB__ -fstack-usage -MMD -MP -MF"src/uart_15xx.d" -MT"src/uart_15xx.o" -MT"src/uart_15xx.d" -o "src/uart_15xx.o" "../src/uart_15xx.c"
Finished building: ../src/uart_15xx.c
 
Building file: ../src/wwdt_15xx.c
Invoking: MCU C Compiler
arm-none-eabi-gcc -DDEBUG -D__CODE_RED -D__USE_LPCOPEN -DCORE_M3 -D__NEWLIB__ -I"C:\Koulu\3Vuosi\Embedded systems project\XY_plotter_project\lpc_chip_15xx\inc" -O0 -g3 -Wall -c -fmessage-length=0 -fno-builtin -ffunction-sections -fdata-sections -fmerge-constants -fmacro-prefix-map="../src/"=. -mcpu=cortex-m3 -mthumb -D__NEWLIB__ -fstack-usage -MMD -MP -MF"src/wwdt_15xx.d" -MT"src/wwdt_15xx.o" -MT"src/wwdt_15xx.d" -o "src/wwdt_15xx.o" "../src/wwdt_15xx.c"
Finished building: ../src/wwdt_15xx.c
 
Building target: liblpc_chip_15xx.a
Invoking: MCU Archiver
arm-none-eabi-ar -r  "liblpc_chip_15xx.a"  ./src/acmp_15xx.o ./src/adc_15xx.o ./src/chip_15xx.o ./src/clock_15xx.o ./src/crc_15xx.o ./src/dac_15xx.o ./src/dma_15xx.o ./src/eeprom.o ./src/gpio_15xx.o ./src/i2c_common_15xx.o ./src/i2cm_15xx.o ./src/i2cs_15xx.o ./src/iap.o ./src/iocon_15xx.o ./src/pinint_15xx.o ./src/pmu_15xx.o ./src/ring_buffer.o ./src/ritimer_15xx.o ./src/rtc_15xx.o ./src/sct_15xx.o ./src/sct_pwm_15xx.o ./src/sctipu_15xx.o ./src/spi_15xx.o ./src/stopwatch_15xx.o ./src/swm_15xx.o ./src/sysctl_15xx.o ./src/sysinit_15xx.o ./src/uart_15xx.o ./src/wwdt_15xx.o   
arm-none-eabi-ar: creating liblpc_chip_15xx.a
Finished building target: liblpc_chip_15xx.a
 
make --no-print-directory post-build
Performing post-build steps
arm-none-eabi-size "liblpc_chip_15xx.a" ; # arm-none-eabi-objdump -h -S "liblpc_chip_15xx.a" >"liblpc_chip_15xx.lss"
   text	   data	    bss	    dec	    hex	filename
    610	      0	      0	    610	    262	acmp_15xx.o (ex liblpc_chip_15xx.a)
    790	      0	      0	    790	    316	adc_15xx.o (ex liblpc_chip_15xx.a)
    298	      0	      0	    298	    12a	chip_15xx.o (ex liblpc_chip_15xx.a)
   1684	      0	      0	   1684	    694	clock_15xx.o (ex liblpc_chip_15xx.a)
    494	      0	      0	    494	    1ee	crc_15xx.o (ex liblpc_chip_15xx.a)
     60	      0	      0	     60	     3c	dac_15xx.o (ex liblpc_chip_15xx.a)
    294	      0	      0	    294	    126	dma_15xx.o (ex liblpc_chip_15xx.a)
    192	      0	      0	    192	     c0	eeprom.o (ex liblpc_chip_15xx.a)
    684	      0	      0	    684	    2ac	gpio_15xx.o (ex liblpc_chip_15xx.a)
     84	      0	      0	     84	     54	i2c_common_15xx.o (ex liblpc_chip_15xx.a)
    860	      0	      0	    860	    35c	i2cm_15xx.o (ex liblpc_chip_15xx.a)
    450	      0	      0	    450	    1c2	i2cs_15xx.o (ex liblpc_chip_15xx.a)
    600	      0	      0	    600	    258	iap.o (ex liblpc_chip_15xx.a)
    124	      0	      0	    124	     7c	iocon_15xx.o (ex liblpc_chip_15xx.a)
      0	      0	      0	      0	      0	pinint_15xx.o (ex liblpc_chip_15xx.a)
    300	      0	      0	    300	    12c	pmu_15xx.o (ex liblpc_chip_15xx.a)
    962	      0	      0	    962	    3c2	ring_buffer.o (ex liblpc_chip_15xx.a)
    672	      0	      0	    672	    2a0	ritimer_15xx.o (ex liblpc_chip_15xx.a)
      0	      0	      0	      0	      0	rtc_15xx.o (ex liblpc_chip_15xx.a)
    318	      0	      0	    318	    13e	sct_15xx.o (ex liblpc_chip_15xx.a)
    412	      0	      0	    412	    19c	sct_pwm_15xx.o (ex liblpc_chip_15xx.a)
    140	      0	      0	    140	     8c	sctipu_15xx.o (ex liblpc_chip_15xx.a)
   1766	      0	      0	   1766	    6e6	spi_15xx.o (ex liblpc_chip_15xx.a)
    328	      0	     12	    340	    154	stopwatch_15xx.o (ex liblpc_chip_15xx.a)
    356	      0	      0	    356	    164	swm_15xx.o (ex liblpc_chip_15xx.a)
    454	      0	      0	    454	    1c6	sysctl_15xx.o (ex liblpc_chip_15xx.a)
    420	      0	      0	    420	    1a4	sysinit_15xx.o (ex liblpc_chip_15xx.a)
   1116	      0	      0	   1116	    45c	uart_15xx.o (ex liblpc_chip_15xx.a)
    114	      0	      0	    114	     72	wwdt_15xx.o (ex liblpc_chip_15xx.a)
 
13:14:50 **** Incremental Build of configuration Debug for project FreeRTOS ****
make -r all 
Building file: ../src/portable/MemMang/heap_3.c
Invoking: MCU C Compiler
arm-none-eabi-gcc -DDEBUG -D__CODE_RED -DCORE_M3 -D__USE_LPCOPEN -D__LPC15XX__ -D__NEWLIB__ -I"C:\Koulu\3Vuosi\Embedded systems project\XY_plotter_project\FreeRTOS\inc" -I"C:\Koulu\3Vuosi\Embedded systems project\XY_plotter_project\lpc_board_nxp_lpcxpresso_1549\inc" -I"C:\Koulu\3Vuosi\Embedded systems project\XY_plotter_project\lpc_chip_15xx\inc" -I"C:\Koulu\3Vuosi\Embedded systems project\XY_plotter_project\FreeRTOS\src\include" -I"C:\Koulu\3Vuosi\Embedded systems project\XY_plotter_project\FreeRTOS\src\portable\GCC\ARM_CM3" -O0 -fno-common -g3 -Wall -c -fmessage-length=0 -fno-builtin -ffunction-sections -fdata-sections -fmerge-constants -fmacro-prefix-map="../src/portable/MemMang/"=. -mcpu=cortex-m3 -mthumb -D__NEWLIB__ -fstack-usage -MMD -MP -MF"src/portable/MemMang/heap_3.d" -MT"src/portable/MemMang/heap_3.o" -MT"src/portable/MemMang/heap_3.d" -o "src/portable/MemMang/heap_3.o" "../src/portable/MemMang/heap_3.c"
Finished building: ../src/portable/MemMang/heap_3.c
 
Building file: ../src/portable/GCC/ARM_CM3/port.c
Invoking: MCU C Compiler
arm-none-eabi-gcc -DDEBUG -D__CODE_RED -DCORE_M3 -D__USE_LPCOPEN -D__LPC15XX__ -D__NEWLIB__ -I"C:\Koulu\3Vuosi\Embedded systems project\XY_plotter_project\FreeRTOS\inc" -I"C:\Koulu\3Vuosi\Embedded systems project\XY_plotter_project\lpc_board_nxp_lpcxpresso_1549\inc" -I"C:\Koulu\3Vuosi\Embedded systems project\XY_plotter_project\lpc_chip_15xx\inc" -I"C:\Koulu\3Vuosi\Embedded systems project\XY_plotter_project\FreeRTOS\src\include" -I"C:\Koulu\3Vuosi\Embedded systems project\XY_plotter_project\FreeRTOS\src\portable\GCC\ARM_CM3" -O0 -fno-common -g3 -Wall -c -fmessage-length=0 -fno-builtin -ffunction-sections -fdata-sections -fmerge-constants -fmacro-prefix-map="../src/portable/GCC/ARM_CM3/"=. -mcpu=cortex-m3 -mthumb -D__NEWLIB__ -fstack-usage -MMD -MP -MF"src/portable/GCC/ARM_CM3/port.d" -MT"src/portable/GCC/ARM_CM3/port.o" -MT"src/portable/GCC/ARM_CM3/port.d" -o "src/portable/GCC/ARM_CM3/port.o" "../src/portable/GCC/ARM_CM3/port.c"
Finished building: ../src/portable/GCC/ARM_CM3/port.c
 
Building file: ../src/FreeRTOSCommonHooks.c
Invoking: MCU C Compiler
arm-none-eabi-gcc -DDEBUG -D__CODE_RED -DCORE_M3 -D__USE_LPCOPEN -D__LPC15XX__ -D__NEWLIB__ -I"C:\Koulu\3Vuosi\Embedded systems project\XY_plotter_project\FreeRTOS\inc" -I"C:\Koulu\3Vuosi\Embedded systems project\XY_plotter_project\lpc_board_nxp_lpcxpresso_1549\inc" -I"C:\Koulu\3Vuosi\Embedded systems project\XY_plotter_project\lpc_chip_15xx\inc" -I"C:\Koulu\3Vuosi\Embedded systems project\XY_plotter_project\FreeRTOS\src\include" -I"C:\Koulu\3Vuosi\Embedded systems project\XY_plotter_project\FreeRTOS\src\portable\GCC\ARM_CM3" -O0 -fno-common -g3 -Wall -c -fmessage-length=0 -fno-builtin -ffunction-sections -fdata-sections -fmerge-constants -fmacro-prefix-map="../src/"=. -mcpu=cortex-m3 -mthumb -D__NEWLIB__ -fstack-usage -MMD -MP -MF"src/FreeRTOSCommonHooks.d" -MT"src/FreeRTOSCommonHooks.o" -MT"src/FreeRTOSCommonHooks.d" -o "src/FreeRTOSCommonHooks.o" "../src/FreeRTOSCommonHooks.c"
Finished building: ../src/FreeRTOSCommonHooks.c
 
Building file: ../src/croutine.c
Invoking: MCU C Compiler
arm-none-eabi-gcc -DDEBUG -D__CODE_RED -DCORE_M3 -D__USE_LPCOPEN -D__LPC15XX__ -D__NEWLIB__ -I"C:\Koulu\3Vuosi\Embedded systems project\XY_plotter_project\FreeRTOS\inc" -I"C:\Koulu\3Vuosi\Embedded systems project\XY_plotter_project\lpc_board_nxp_lpcxpresso_1549\inc" -I"C:\Koulu\3Vuosi\Embedded systems project\XY_plotter_project\lpc_chip_15xx\inc" -I"C:\Koulu\3Vuosi\Embedded systems project\XY_plotter_project\FreeRTOS\src\include" -I"C:\Koulu\3Vuosi\Embedded systems project\XY_plotter_project\FreeRTOS\src\portable\GCC\ARM_CM3" -O0 -fno-common -g3 -Wall -c -fmessage-length=0 -fno-builtin -ffunction-sections -fdata-sections -fmerge-constants -fmacro-prefix-map="../src/"=. -mcpu=cortex-m3 -mthumb -D__NEWLIB__ -fstack-usage -MMD -MP -MF"src/croutine.d" -MT"src/croutine.o" -MT"src/croutine.d" -o "src/croutine.o" "../src/croutine.c"
Finished building: ../src/croutine.c
 
Building file: ../src/event_groups.c
Invoking: MCU C Compiler
arm-none-eabi-gcc -DDEBUG -D__CODE_RED -DCORE_M3 -D__USE_LPCOPEN -D__LPC15XX__ -D__NEWLIB__ -I"C:\Koulu\3Vuosi\Embedded systems project\XY_plotter_project\FreeRTOS\inc" -I"C:\Koulu\3Vuosi\Embedded systems project\XY_plotter_project\lpc_board_nxp_lpcxpresso_1549\inc" -I"C:\Koulu\3Vuosi\Embedded systems project\XY_plotter_project\lpc_chip_15xx\inc" -I"C:\Koulu\3Vuosi\Embedded systems project\XY_plotter_project\FreeRTOS\src\include" -I"C:\Koulu\3Vuosi\Embedded systems project\XY_plotter_project\FreeRTOS\src\portable\GCC\ARM_CM3" -O0 -fno-common -g3 -Wall -c -fmessage-length=0 -fno-builtin -ffunction-sections -fdata-sections -fmerge-constants -fmacro-prefix-map="../src/"=. -mcpu=cortex-m3 -mthumb -D__NEWLIB__ -fstack-usage -MMD -MP -MF"src/event_groups.d" -MT"src/event_groups.o" -MT"src/event_groups.d" -o "src/event_groups.o" "../src/event_groups.c"
Finished building: ../src/event_groups.c
 
Building file: ../src/list.c
Invoking: MCU C Compiler
arm-none-eabi-gcc -DDEBUG -D__CODE_RED -DCORE_M3 -D__USE_LPCOPEN -D__LPC15XX__ -D__NEWLIB__ -I"C:\Koulu\3Vuosi\Embedded systems project\XY_plotter_project\FreeRTOS\inc" -I"C:\Koulu\3Vuosi\Embedded systems project\XY_plotter_project\lpc_board_nxp_lpcxpresso_1549\inc" -I"C:\Koulu\3Vuosi\Embedded systems project\XY_plotter_project\lpc_chip_15xx\inc" -I"C:\Koulu\3Vuosi\Embedded systems project\XY_plotter_project\FreeRTOS\src\include" -I"C:\Koulu\3Vuosi\Embedded systems project\XY_plotter_project\FreeRTOS\src\portable\GCC\ARM_CM3" -O0 -fno-common -g3 -Wall -c -fmessage-length=0 -fno-builtin -ffunction-sections -fdata-sections -fmerge-constants -fmacro-prefix-map="../src/"=. -mcpu=cortex-m3 -mthumb -D__NEWLIB__ -fstack-usage -MMD -MP -MF"src/list.d" -MT"src/list.o" -MT"src/list.d" -o "src/list.o" "../src/list.c"
Finished building: ../src/list.c
 
Building file: ../src/queue.c
Invoking: MCU C Compiler
arm-none-eabi-gcc -DDEBUG -D__CODE_RED -DCORE_M3 -D__USE_LPCOPEN -D__LPC15XX__ -D__NEWLIB__ -I"C:\Koulu\3Vuosi\Embedded systems project\XY_plotter_project\FreeRTOS\inc" -I"C:\Koulu\3Vuosi\Embedded systems project\XY_plotter_project\lpc_board_nxp_lpcxpresso_1549\inc" -I"C:\Koulu\3Vuosi\Embedded systems project\XY_plotter_project\lpc_chip_15xx\inc" -I"C:\Koulu\3Vuosi\Embedded systems project\XY_plotter_project\FreeRTOS\src\include" -I"C:\Koulu\3Vuosi\Embedded systems project\XY_plotter_project\FreeRTOS\src\portable\GCC\ARM_CM3" -O0 -fno-common -g3 -Wall -c -fmessage-length=0 -fno-builtin -ffunction-sections -fdata-sections -fmerge-constants -fmacro-prefix-map="../src/"=. -mcpu=cortex-m3 -mthumb -D__NEWLIB__ -fstack-usage -MMD -MP -MF"src/queue.d" -MT"src/queue.o" -MT"src/queue.d" -o "src/queue.o" "../src/queue.c"
Finished building: ../src/queue.c
 
Building file: ../src/stream_buffer.c
Invoking: MCU C Compiler
arm-none-eabi-gcc -DDEBUG -D__CODE_RED -DCORE_M3 -D__USE_LPCOPEN -D__LPC15XX__ -D__NEWLIB__ -I"C:\Koulu\3Vuosi\Embedded systems project\XY_plotter_project\FreeRTOS\inc" -I"C:\Koulu\3Vuosi\Embedded systems project\XY_plotter_project\lpc_board_nxp_lpcxpresso_1549\inc" -I"C:\Koulu\3Vuosi\Embedded systems project\XY_plotter_project\lpc_chip_15xx\inc" -I"C:\Koulu\3Vuosi\Embedded systems project\XY_plotter_project\FreeRTOS\src\include" -I"C:\Koulu\3Vuosi\Embedded systems project\XY_plotter_project\FreeRTOS\src\portable\GCC\ARM_CM3" -O0 -fno-common -g3 -Wall -c -fmessage-length=0 -fno-builtin -ffunction-sections -fdata-sections -fmerge-constants -fmacro-prefix-map="../src/"=. -mcpu=cortex-m3 -mthumb -D__NEWLIB__ -fstack-usage -MMD -MP -MF"src/stream_buffer.d" -MT"src/stream_buffer.o" -MT"src/stream_buffer.d" -o "src/stream_buffer.o" "../src/stream_buffer.c"
Finished building: ../src/stream_buffer.c
 
Building file: ../src/tasks.c
Invoking: MCU C Compiler
arm-none-eabi-gcc -DDEBUG -D__CODE_RED -DCORE_M3 -D__USE_LPCOPEN -D__LPC15XX__ -D__NEWLIB__ -I"C:\Koulu\3Vuosi\Embedded systems project\XY_plotter_project\FreeRTOS\inc" -I"C:\Koulu\3Vuosi\Embedded systems project\XY_plotter_project\lpc_board_nxp_lpcxpresso_1549\inc" -I"C:\Koulu\3Vuosi\Embedded systems project\XY_plotter_project\lpc_chip_15xx\inc" -I"C:\Koulu\3Vuosi\Embedded systems project\XY_plotter_project\FreeRTOS\src\include" -I"C:\Koulu\3Vuosi\Embedded systems project\XY_plotter_project\FreeRTOS\src\portable\GCC\ARM_CM3" -O0 -fno-common -g3 -Wall -c -fmessage-length=0 -fno-builtin -ffunction-sections -fdata-sections -fmerge-constants -fmacro-prefix-map="../src/"=. -mcpu=cortex-m3 -mthumb -D__NEWLIB__ -fstack-usage -MMD -MP -MF"src/tasks.d" -MT"src/tasks.o" -MT"src/tasks.d" -o "src/tasks.o" "../src/tasks.c"
Finished building: ../src/tasks.c
 
Building file: ../src/timers.c
Invoking: MCU C Compiler
[...]
Invoking: MCU C++ Compiler
arm-none-eabi-c++ -std=c++11 -DDEBUG -D__CODE_RED -D__NEWLIB__ -DCORE_M3 -D__USE_LPCOPEN -DCPP_USE_HEAP -D__LPC15XX__ -I"C:\Koulu\3Vuosi\Embedded systems project\XY_plotter_project\lpc_board_nxp_lpcxpresso_1549\inc" -I"C:\Koulu\3Vuosi\Embedded systems project\XY_plotter_project\lpc_chip_15xx\inc" -I"C:\Koulu\3Vuosi\Embedded systems project\XY_plotter_project\FreeRTOS\inc" -I"C:\Koulu\3Vuosi\Embedded systems project\XY_plotter_project\FreeRTOS\src\include" -I"C:\Koulu\3Vuosi\Embedded systems project\XY_plotter_project\FreeRTOS\src\portable\GCC\ARM_CM3" -O0 -fno-common -g3 -Wall -c -fmessage-length=0 -fno-builtin -ffunction-sections -fdata-sections -fno-rtti -fno-exceptions -fmerge-constants -fmacro-prefix-map="../src/"=. -mcpu=cortex-m3 -mthumb -fstack-usage -MMD -MP -MF"src/Parser.d" -MT"src/Parser.o" -MT"src/Parser.d" -o "src/Parser.o" "../src/Parser.cpp"
../src/Parser.cpp: In member function 'bool Parser::limitSwQueryParser(ParsedGdata*, char*)':
../src/Parser.cpp:251:9: error: 'ParsedGdata' {aka 'struct ParsedGdata'} has no member named 'GcodeType'; did you mean 'codeType'?
  251 |   data->GcodeType = GcodeType::M11;
      |         ^~~~~~~~~
      |         codeType
make: *** [src/subdir.mk:51: src/Parser.o] Error 1
"make -r -j8 all" terminated with exit code 2. Build might be incomplete.
19:53:43 **** Incremental Build of configuration Debug for project lpc_board_nxp_lpcxpresso_1549 ****
make -r all 
make: Nothing to be done for 'all'.
19:53:44 **** Incremental Build of configuration Debug for project lpc_chip_15xx ****
make -r all 
make: Nothing to be done for 'all'.
19:53:44 **** Incremental Build of configuration Debug for project FreeRTOS ****
make -r all 
make: Nothing to be done for 'all'.
19:53:45 **** Incremental Build of configuration Debug for project XY_plotter_project ****
make -r -j8 all 
Building file: ../src/Parser.cpp
Invoking: MCU C++ Compiler
arm-none-eabi-c++ -std=c++11 -DDEBUG -D__CODE_RED -D__NEWLIB__ -DCORE_M3 -D__USE_LPCOPEN -DCPP_USE_HEAP -D__LPC15XX__ -I"C:\Koulu\3Vuosi\Embedded systems project\XY_plotter_project\lpc_board_nxp_lpcxpresso_1549\inc" -I"C:\Koulu\3Vuosi\Embedded systems project\XY_plotter_project\lpc_chip_15xx\inc" -I"C:\Koulu\3Vuosi\Embedded systems project\XY_plotter_project\FreeRTOS\inc" -I"C:\Koulu\3Vuosi\Embedded systems project\XY_plotter_project\FreeRTOS\src\include" -I"C:\Koulu\3Vuosi\Embedded systems project\XY_plotter_project\FreeRTOS\src\portable\GCC\ARM_CM3" -O0 -fno-common -g3 -Wall -c -fmessage-length=0 -fno-builtin -ffunction-sections -fdata-sections -fno-rtti -fno-exceptions -fmerge-constants -fmacro-prefix-map="../src/"=. -mcpu=cortex-m3 -mthumb -fstack-usage -MMD -MP -MF"src/Parser.d" -MT"src/Parser.o" -MT"src/Parser.d" -o "src/Parser.o" "../src/Parser.cpp"
../src/Parser.cpp: In member function 'bool Parser::comOpenParser(ParsedGdata*, char*)':
../src/Parser.cpp:235:37: error: 'enum class GcodeType::M10' is not a member of 'ParsedGdata'
  235 |   data->codeType = data->GcodeType::M10;
      |                                     ^~~
../src/Parser.cpp: In member function 'bool Parser::limitSwQueryParser(ParsedGdata*, char*)':
../src/Parser.cpp:251:9: error: 'ParsedGdata' {aka 'struct ParsedGdata'} has no member named 'GcodeType'; did you mean 'codeType'?
  251 |   data->GcodeType = data->GcodeType::M11;
      |         ^~~~~~~~~
      |         codeType
../src/Parser.cpp:251:38: error: 'enum class GcodeType::M11' is not a member of 'ParsedGdata'
  251 |   data->GcodeType = data->GcodeType::M11;
      |                                      ^~~
make: *** [src/subdir.mk:51: src/Parser.o] Error 1
"make -r -j8 all" terminated with exit code 2. Build might be incomplete.
19:54:28 **** Incremental Build of configuration Debug for project lpc_board_nxp_lpcxpresso_1549 ****
make -r all 
make: Nothing to be done for 'all'.
19:54:28 **** Incremental Build of configuration Debug for project lpc_chip_15xx ****
make -r all 
make: Nothing to be done for 'all'.
19:54:28 **** Incremental Build of configuration Debug for project FreeRTOS ****
make -r all 
make: Nothing to be done for 'all'.
19:54:29 **** Incremental Build of configuration Debug for project XY_plotter_project ****
make -r -j8 all 
Building file: ../src/Parser.cpp
Invoking: MCU C++ Compiler
arm-none-eabi-c++ -std=c++11 -DDEBUG -D__CODE_RED -D__NEWLIB__ -DCORE_M3 -D__USE_LPCOPEN -DCPP_USE_HEAP -D__LPC15XX__ -I"C:\Koulu\3Vuosi\Embedded systems project\XY_plotter_project\lpc_board_nxp_lpcxpresso_1549\inc" -I"C:\Koulu\3Vuosi\Embedded systems project\XY_plotter_project\lpc_chip_15xx\inc" -I"C:\Koulu\3Vuosi\Embedded systems project\XY_plotter_project\FreeRTOS\inc" -I"C:\Koulu\3Vuosi\Embedded systems project\XY_plotter_project\FreeRTOS\src\include" -I"C:\Koulu\3Vuosi\Embedded systems project\XY_plotter_project\FreeRTOS\src\portable\GCC\ARM_CM3" -O0 -fno-common -g3 -Wall -c -fmessage-length=0 -fno-builtin -ffunction-sections -fdata-sections -fno-rtti -fno-exceptions -fmerge-constants -fmacro-prefix-map="../src/"=. -mcpu=cortex-m3 -mthumb -fstack-usage -MMD -MP -MF"src/Parser.d" -MT"src/Parser.o" -MT"src/Parser.d" -o "src/Parser.o" "../src/Parser.cpp"
../src/Parser.cpp: In member function 'bool Parser::comOpenParser(ParsedGdata*, char*)':
../src/Parser.cpp:235:37: error: 'enum class GcodeType::M10' is not a member of 'ParsedGdata'
  235 |   data->codeType = data->GcodeType::M10;
      |                                     ^~~
../src/Parser.cpp: In member function 'bool Parser::limitSwQueryParser(ParsedGdata*, char*)':
../src/Parser.cpp:251:9: error: 'ParsedGdata' {aka 'struct ParsedGdata'} has no member named 'GcodeType'; did you mean 'codeType'?
  251 |   data->GcodeType = data->GcodeType::M11;
      |         ^~~~~~~~~
      |         codeType
../src/Parser.cpp:251:38: error: 'enum class GcodeType::M11' is not a member of 'ParsedGdata'
  251 |   data->GcodeType = data->GcodeType::M11;
      |                                      ^~~
make: *** [src/subdir.mk:51: src/Parser.o] Error 1
"make -r -j8 all" terminated with exit code 2. Build might be incomplete.
19:55:19 **** Incremental Build of configuration Debug for project lpc_board_nxp_lpcxpresso_1549 ****
make -r all 
make: Nothing to be done for 'all'.
19:55:19 **** Incremental Build of configuration Debug for project lpc_chip_15xx ****
make -r all 
make: Nothing to be done for 'all'.
19:55:20 **** Incremental Build of configuration Debug for project FreeRTOS ****
make -r all 
make: Nothing to be done for 'all'.
19:55:20 **** Incremental Build of configuration Debug for project XY_plotter_project ****
make -r -j8 all 
Building file: ../src/Parser.cpp
Invoking: MCU C++ Compiler
arm-none-eabi-c++ -std=c++11 -DDEBUG -D__CODE_RED -D__NEWLIB__ -DCORE_M3 -D__USE_LPCOPEN -DCPP_USE_HEAP -D__LPC15XX__ -I"C:\Koulu\3Vuosi\Embedded systems project\XY_plotter_project\lpc_board_nxp_lpcxpresso_1549\inc" -I"C:\Koulu\3Vuosi\Embedded systems project\XY_plotter_project\lpc_chip_15xx\inc" -I"C:\Koulu\3Vuosi\Embedded systems project\XY_plotter_project\FreeRTOS\inc" -I"C:\Koulu\3Vuosi\Embedded systems project\XY_plotter_project\FreeRTOS\src\include" -I"C:\Koulu\3Vuosi\Embedded systems project\XY_plotter_project\FreeRTOS\src\portable\GCC\ARM_CM3" -O0 -fno-common -g3 -Wall -c -fmessage-length=0 -fno-builtin -ffunction-sections -fdata-sections -fno-rtti -fno-exceptions -fmerge-constants -fmacro-prefix-map="../src/"=. -mcpu=cortex-m3 -mthumb -fstack-usage -MMD -MP -MF"src/Parser.d" -MT"src/Parser.o" -MT"src/Parser.d" -o "src/Parser.o" "../src/Parser.cpp"
In file included from ../src/Parser.h:12,
                 from ../src/Parser.cpp:12:
../src/ParsedGdata.h:4:1: warning: 'typedef' was ignored in this declaration
    4 | typedef enum class GcodeType { M1, M2, M4, M5, M10, M11, G1, G28 };
      | ^~~~~~~
../src/Parser.cpp: In member function 'bool Parser::comOpenParser(ParsedGdata*, char*)':
../src/Parser.cpp:235:37: error: 'enum class GcodeType::M10' is not a member of 'ParsedGdata'
  235 |   data->codeType = data->GcodeType::M10;
      |                                     ^~~
../src/Parser.cpp: In member function 'bool Parser::limitSwQueryParser(ParsedGdata*, char*)':
../src/Parser.cpp:251:9: error: 'ParsedGdata' {aka 'struct ParsedGdata'} has no member named 'GcodeType'; did you mean 'codeType'?
  251 |   data->GcodeType = data->GcodeType::M11;
      |         ^~~~~~~~~
      |         codeType
../src/Parser.cpp:251:38: error: 'enum class GcodeType::M11' is not a member of 'ParsedGdata'
  251 |   data->GcodeType = data->GcodeType::M11;
      |                                      ^~~
make: *** [src/subdir.mk:51: src/Parser.o] Error 1
"make -r -j8 all" terminated with exit code 2. Build might be incomplete.
19:55:29 **** Incremental Build of configuration Debug for project lpc_board_nxp_lpcxpresso_1549 ****
make -r all 
make: Nothing to be done for 'all'.
19:55:29 **** Incremental Build of configuration Debug for project lpc_chip_15xx ****
make -r all 
make: Nothing to be done for 'all'.
19:55:30 **** Incremental Build of configuration Debug for project FreeRTOS ****
make -r all 
make: Nothing to be done for 'all'.
19:55:30 **** Incremental Build of configuration Debug for project XY_plotter_project ****
make -r -j8 all 
Building file: ../src/Parser.cpp
Invoking: MCU C++ Compiler
arm-none-eabi-c++ -std=c++11 -DDEBUG -D__CODE_RED -D__NEWLIB__ -DCORE_M3 -D__USE_LPCOPEN -DCPP_USE_HEAP -D__LPC15XX__ -I"C:\Koulu\3Vuosi\Embedded systems project\XY_plotter_project\lpc_board_nxp_lpcxpresso_1549\inc" -I"C:\Koulu\3Vuosi\Embedded systems project\XY_plotter_project\lpc_chip_15xx\inc" -I"C:\Koulu\3Vuosi\Embedded systems project\XY_plotter_project\FreeRTOS\inc" -I"C:\Koulu\3Vuosi\Embedded systems project\XY_plotter_project\FreeRTOS\src\include" -I"C:\Koulu\3Vuosi\Embedded systems project\XY_plotter_project\FreeRTOS\src\portable\GCC\ARM_CM3" -O0 -fno-common -g3 -Wall -c -fmessage-length=0 -fno-builtin -ffunction-sections -fdata-sections -fno-rtti -fno-exceptions -fmerge-constants -fmacro-prefix-map="../src/"=. -mcpu=cortex-m3 -mthumb -fstack-usage -MMD -MP -MF"src/Parser.d" -MT"src/Parser.o" -MT"src/Parser.d" -o "src/Parser.o" "../src/Parser.cpp"
../src/Parser.cpp: In member function 'bool Parser::comOpenParser(ParsedGdata*, char*)':
../src/Parser.cpp:235:37: error: 'enum class GcodeType::M10' is not a member of 'ParsedGdata'
  235 |   data->codeType = data->GcodeType::M10;
      |                                     ^~~
../src/Parser.cpp: In member function 'bool Parser::limitSwQueryParser(ParsedGdata*, char*)':
../src/Parser.cpp:251:9: error: 'ParsedGdata' {aka 'struct ParsedGdata'} has no member named 'GcodeType'; did you mean 'codeType'?
  251 |   data->GcodeType = data->GcodeType::M11;
      |         ^~~~~~~~~
      |         codeType
../src/Parser.cpp:251:38: error: 'enum class GcodeType::M11' is not a member of 'ParsedGdata'
  251 |   data->GcodeType = data->GcodeType::M11;
      |                                      ^~~
make: *** [src/subdir.mk:51: src/Parser.o] Error 1
"make -r -j8 all" terminated with exit code 2. Build might be incomplete.
19:56:26 **** Incremental Build of configuration Debug for project lpc_board_nxp_lpcxpresso_1549 ****
make -r all 
make: Nothing to be done for 'all'.
19:56:26 **** Incremental Build of configuration Debug for project lpc_chip_15xx ****
make -r all 
make: Nothing to be done for 'all'.
19:56:26 **** Incremental Build of configuration Debug for project FreeRTOS ****
make -r all 
make: Nothing to be done for 'all'.
19:56:27 **** Incremental Build of configuration Debug for project XY_plotter_project ****
make -r -j8 all 
Building file: ../src/Parser.cpp
Invoking: MCU C++ Compiler
arm-none-eabi-c++ -std=c++11 -DDEBUG -D__CODE_RED -D__NEWLIB__ -DCORE_M3 -D__USE_LPCOPEN -DCPP_USE_HEAP -D__LPC15XX__ -I"C:\Koulu\3Vuosi\Embedded systems project\XY_plotter_project\lpc_board_nxp_lpcxpresso_1549\inc" -I"C:\Koulu\3Vuosi\Embedded systems project\XY_plotter_project\lpc_chip_15xx\inc" -I"C:\Koulu\3Vuosi\Embedded systems project\XY_plotter_project\FreeRTOS\inc" -I"C:\Koulu\3Vuosi\Embedded systems project\XY_plotter_project\FreeRTOS\src\include" -I"C:\Koulu\3Vuosi\Embedded systems project\XY_plotter_project\FreeRTOS\src\portable\GCC\ARM_CM3" -O0 -fno-common -g3 -Wall -c -fmessage-length=0 -fno-builtin -ffunction-sections -fdata-sections -fno-rtti -fno-exceptions -fmerge-constants -fmacro-prefix-map="../src/"=. -mcpu=cortex-m3 -mthumb -fstack-usage -MMD -MP -MF"src/Parser.d" -MT"src/Parser.o" -MT"src/Parser.d" -o "src/Parser.o" "../src/Parser.cpp"
../src/Parser.cpp: In member function 'bool Parser::limitSwQueryParser(ParsedGdata*, char*)':
../src/Parser.cpp:251:9: error: 'ParsedGdata' {aka 'struct ParsedGdata'} has no member named 'GcodeType'; did you mean 'codeType'?
  251 |   data->GcodeType = GcodeType::M11;
      |         ^~~~~~~~~
      |         codeType
make: *** [src/subdir.mk:51: src/Parser.o] Error 1
"make -r -j8 all" terminated with exit code 2. Build might be incomplete.
19:56:42 **** Incremental Build of configuration Debug for project lpc_board_nxp_lpcxpresso_1549 ****
make -r all 
make: Nothing to be done for 'all'.
19:56:42 **** Incremental Build of configuration Debug for project lpc_chip_15xx ****
make -r all 
make: Nothing to be done for 'all'.
19:56:43 **** Incremental Build of configuration Debug for project FreeRTOS ****
make -r all 
make: Nothing to be done for 'all'.
19:56:43 **** Incremental Build of configuration Debug for project XY_plotter_project ****
make -r -j8 all 
Building file: ../src/Parser.cpp
Invoking: MCU C++ Compiler
arm-none-eabi-c++ -std=c++11 -DDEBUG -D__CODE_RED -D__NEWLIB__ -DCORE_M3 -D__USE_LPCOPEN -DCPP_USE_HEAP -D__LPC15XX__ -I"C:\Koulu\3Vuosi\Embedded systems project\XY_plotter_project\lpc_board_nxp_lpcxpresso_1549\inc" -I"C:\Koulu\3Vuosi\Embedded systems project\XY_plotter_project\lpc_chip_15xx\inc" -I"C:\Koulu\3Vuosi\Embedded systems project\XY_plotter_project\FreeRTOS\inc" -I"C:\Koulu\3Vuosi\Embedded systems project\XY_plotter_project\FreeRTOS\src\include" -I"C:\Koulu\3Vuosi\Embedded systems project\XY_plotter_project\FreeRTOS\src\portable\GCC\ARM_CM3" -O0 -fno-common -g3 -Wall -c -fmessage-length=0 -fno-builtin -ffunction-sections -fdata-sections -fno-rtti -fno-exceptions -fmerge-constants -fmacro-prefix-map="../src/"=. -mcpu=cortex-m3 -mthumb -fstack-usage -MMD -MP -MF"src/Parser.d" -MT"src/Parser.o" -MT"src/Parser.d" -o "src/Parser.o" "../src/Parser.cpp"
../src/Parser.cpp: In member function 'bool Parser::comOpenParser(ParsedGdata*, char*)':
../src/Parser.cpp:235:20: error: expected primary-expression before 'enum'
  235 |   data->codeType = enum class GcodeType::M10;
      |                    ^~~~
../src/Parser.cpp: In member function 'bool Parser::limitSwQueryParser(ParsedGdata*, char*)':
../src/Parser.cpp:251:9: error: 'ParsedGdata' {aka 'struct ParsedGdata'} has no member named 'GcodeType'; did you mean 'codeType'?
  251 |   data->GcodeType = GcodeType::M11;
      |         ^~~~~~~~~
      |         codeType
make: *** [src/subdir.mk:51: src/Parser.o] Error 1
"make -r -j8 all" terminated with exit code 2. Build might be incomplete.
19:56:56 **** Incremental Build of configuration Debug for project lpc_board_nxp_lpcxpresso_1549 ****
make -r all 
make: Nothing to be done for 'all'.
19:56:56 **** Incremental Build of configuration Debug for project lpc_chip_15xx ****
make -r all 
make: Nothing to be done for 'all'.
19:56:57 **** Incremental Build of configuration Debug for project FreeRTOS ****
make -r all 
make: Nothing to be done for 'all'.
19:56:57 **** Incremental Build of configuration Debug for project XY_plotter_project ****
make -r -j8 all 
Building file: ../src/Parser.cpp
Invoking: MCU C++ Compiler
arm-none-eabi-c++ -std=c++11 -DDEBUG -D__CODE_RED -D__NEWLIB__ -DCORE_M3 -D__USE_LPCOPEN -DCPP_USE_HEAP -D__LPC15XX__ -I"C:\Koulu\3Vuosi\Embedded systems project\XY_plotter_project\lpc_board_nxp_lpcxpresso_1549\inc" -I"C:\Koulu\3Vuosi\Embedded systems project\XY_plotter_project\lpc_chip_15xx\inc" -I"C:\Koulu\3Vuosi\Embedded systems project\XY_plotter_project\FreeRTOS\inc" -I"C:\Koulu\3Vuosi\Embedded systems project\XY_plotter_project\FreeRTOS\src\include" -I"C:\Koulu\3Vuosi\Embedded systems project\XY_plotter_project\FreeRTOS\src\portable\GCC\ARM_CM3" -O0 -fno-common -g3 -Wall -c -fmessage-length=0 -fno-builtin -ffunction-sections -fdata-sections -fno-rtti -fno-exceptions -fmerge-constants -fmacro-prefix-map="../src/"=. -mcpu=cortex-m3 -mthumb -fstack-usage -MMD -MP -MF"src/Parser.d" -MT"src/Parser.o" -MT"src/Parser.d" -o "src/Parser.o" "../src/Parser.cpp"
../src/Parser.cpp: In member function 'bool Parser::limitSwQueryParser(ParsedGdata*, char*)':
../src/Parser.cpp:251:9: error: 'ParsedGdata' {aka 'struct ParsedGdata'} has no member named 'GcodeType'; did you mean 'codeType'?
  251 |   data->GcodeType = GcodeType::M11;
      |         ^~~~~~~~~
      |         codeType
make: *** [src/subdir.mk:51: src/Parser.o] Error 1
"make -r -j8 all" terminated with exit code 2. Build might be incomplete.
19:57:14 **** Incremental Build of configuration Debug for project lpc_board_nxp_lpcxpresso_1549 ****
make -r all 
make: Nothing to be done for 'all'.
19:57:15 **** Incremental Build of configuration Debug for project lpc_chip_15xx ****
make -r all 
make: Nothing to be done for 'all'.
19:57:15 **** Incremental Build of configuration Debug for project FreeRTOS ****
make -r all 
make: Nothing to be done for 'all'.
19:57:15 **** Incremental Build of configuration Debug for project XY_plotter_project ****
make -r -j8 all 
Building file: ../src/Parser.cpp
Invoking: MCU C++ Compiler
arm-none-eabi-c++ -std=c++11 -DDEBUG -D__CODE_RED -D__NEWLIB__ -DCORE_M3 -D__USE_LPCOPEN -DCPP_USE_HEAP -D__LPC15XX__ -I"C:\Koulu\3Vuosi\Embedded systems project\XY_plotter_project\lpc_board_nxp_lpcxpresso_1549\inc" -I"C:\Koulu\3Vuosi\Embedded systems project\XY_plotter_project\lpc_chip_15xx\inc" -I"C:\Koulu\3Vuosi\Embedded systems project\XY_plotter_project\FreeRTOS\inc" -I"C:\Koulu\3Vuosi\Embedded systems project\XY_plotter_project\FreeRTOS\src\include" -I"C:\Koulu\3Vuosi\Embedded systems project\XY_plotter_project\FreeRTOS\src\portable\GCC\ARM_CM3" -O0 -fno-common -g3 -Wall -c -fmessage-length=0 -fno-builtin -ffunction-sections -fdata-sections -fno-rtti -fno-exceptions -fmerge-constants -fmacro-prefix-map="../src/"=. -mcpu=cortex-m3 -mthumb -fstack-usage -MMD -MP -MF"src/Parser.d" -MT"src/Parser.o" -MT"src/Parser.d" -o "src/Parser.o" "../src/Parser.cpp"
Finished building: ../src/Parser.cpp
 
Building target: XY_plotter_project.axf
Invoking: MCU C++ Linker
arm-none-eabi-c++ -nostdlib -L"C:\Koulu\3Vuosi\Embedded systems project\XY_plotter_project\lpc_board_nxp_lpcxpresso_1549\Debug" -L"C:\Koulu\3Vuosi\Embedded systems project\XY_plotter_project\lpc_chip_15xx\Debug" -L"C:\Koulu\3Vuosi\Embedded systems project\XY_plotter_project\FreeRTOS\Debug" -Xlinker -Map="XY_plotter_project.map" -Xlinker --cref -Xlinker --gc-sections -Xlinker -print-memory-usage -mcpu=cortex-m3 -mthumb -T "XY_plotter_project_Debug.ld" -o "XY_plotter_project.axf"  ./src/FileHandler.o ./src/GcodePipe.o ./src/MockPipe.o ./src/Parser.o ./src/XY_plotter_project.o ./src/cr_cpp_config.o ./src/cr_startup_lpc15xx.o ./src/crp.o ./src/heap_lock_monitor.o ./src/sysinit.o   -llpc_board_nxp_lpcxpresso_1549 -llpc_chip_15xx -lFreeRTOS
Memory region         Used Size  Region Size  %age Used
       MFlash256:       15428 B       256 KB      5.89%
      Ram0_16_32:        2552 B        32 KB      7.79%
          Ram2_4:          0 GB         4 KB      0.00%
Finished building target: XY_plotter_project.axf
 
make --no-print-directory post-build
Performing post-build steps
arm-none-eabi-size "XY_plotter_project.axf"; # arm-none-eabi-objcopy -v -O binary "XY_plotter_project.axf" "XY_plotter_project.bin" ; # checksum -p LPC1549 -d "XY_plotter_project.bin";
   text	   data	    bss	    dec	    hex	filename
  13316	   2112	    440	  15868	   3dfc	XY_plotter_project.axf
 
