12:51:09 **** Incremental Build of configuration Debug for project test2 ****
make -r -j4 all 
Building file: ../src/cr_cpp_config.cpp
Building file: ../src/crp.c
Building file: ../src/cr_startup_lpc15xx.cpp
Building file: ../src/sysinit.c
Invoking: MCU C++ Compiler
Invoking: MCU C Compiler
arm-none-eabi-c++ -DDEBUG -D__CODE_RED -D__NEWLIB__ -DCORE_M3 -D__USE_LPCOPEN -DCPP_USE_HEAP -D__LPC15XX__ -I"C:\Users\Rasmus\Documents\MCUXpressoIDE_11.2.0_4120\XY_plotter_project\lpc_board_nxp_lpcxpresso_1549\inc" -I"C:\Users\Rasmus\Documents\MCUXpressoIDE_11.2.0_4120\XY_plotter_project\test2\inc" -I"C:\Users\Rasmus\Documents\MCUXpressoIDE_11.2.0_4120\XY_plotter_project\lpc_chip_15xx\inc" -O0 -fno-common -g3 -Wall -c -fmessage-length=0 -fno-builtin -ffunction-sections -fdata-sections -fno-rtti -fno-exceptions -fmerge-constants -fmacro-prefix-map="../src/"=. -mcpu=cortex-m3 -mthumb -fstack-usage -MMD -MP -MF"src/cr_cpp_config.d" -MT"src/cr_cpp_config.o" -MT"src/cr_cpp_config.d" -o "src/cr_cpp_config.o" "../src/cr_cpp_config.cpp"
Invoking: MCU C++ Compiler
Invoking: MCU C Compiler
arm-none-eabi-gcc -DDEBUG -D__CODE_RED -D__NEWLIB__ -DCORE_M3 -D__USE_LPCOPEN -DCPP_USE_HEAP -D__LPC15XX__ -I"C:\Users\Rasmus\Documents\MCUXpressoIDE_11.2.0_4120\XY_plotter_project\lpc_board_nxp_lpcxpresso_1549\inc" -I"C:\Users\Rasmus\Documents\MCUXpressoIDE_11.2.0_4120\XY_plotter_project\test2\inc" -I"C:\Users\Rasmus\Documents\MCUXpressoIDE_11.2.0_4120\XY_plotter_project\lpc_chip_15xx\inc" -O0 -fno-common -g3 -Wall -c -fmessage-length=0 -fno-builtin -ffunction-sections -fdata-sections -fmerge-constants -fmacro-prefix-map="../src/"=. -mcpu=cortex-m3 -mthumb -fstack-usage -MMD -MP -MF"src/crp.d" -MT"src/crp.o" -MT"src/crp.d" -o "src/crp.o" "../src/crp.c"
arm-none-eabi-gcc -DDEBUG -D__CODE_RED -D__NEWLIB__ -DCORE_M3 -D__USE_LPCOPEN -DCPP_USE_HEAP -D__LPC15XX__ -I"C:\Users\Rasmus\Documents\MCUXpressoIDE_11.2.0_4120\XY_plotter_project\lpc_board_nxp_lpcxpresso_1549\inc" -I"C:\Users\Rasmus\Documents\MCUXpressoIDE_11.2.0_4120\XY_plotter_project\test2\inc" -I"C:\Users\Rasmus\Documents\MCUXpressoIDE_11.2.0_4120\XY_plotter_project\lpc_chip_15xx\inc" -O0 -fno-common -g3 -Wall -c -fmessage-length=0 -fno-builtin -ffunction-sections -fdata-sections -fmerge-constants -fmacro-prefix-map="../src/"=. -mcpu=cortex-m3 -mthumb -fstack-usage -MMD -MP -MF"src/sysinit.d" -MT"src/sysinit.o" -MT"src/sysinit.d" -o "src/sysinit.o" "../src/sysinit.c"
arm-none-eabi-c++ -DDEBUG -D__CODE_RED -D__NEWLIB__ -DCORE_M3 -D__USE_LPCOPEN -DCPP_USE_HEAP -D__LPC15XX__ -I"C:\Users\Rasmus\Documents\MCUXpressoIDE_11.2.0_4120\XY_plotter_project\lpc_board_nxp_lpcxpresso_1549\inc" -I"C:\Users\Rasmus\Documents\MCUXpressoIDE_11.2.0_4120\XY_plotter_project\test2\inc" -I"C:\Users\Rasmus\Documents\MCUXpressoIDE_11.2.0_4120\XY_plotter_project\lpc_chip_15xx\inc" -O0 -fno-common -g3 -Wall -c -fmessage-length=0 -fno-builtin -ffunction-sections -fdata-sections -fno-rtti -fno-exceptions -fmerge-constants -fmacro-prefix-map="../src/"=. -mcpu=cortex-m3 -mthumb -fstack-usage -MMD -MP -MF"src/cr_startup_lpc15xx.d" -MT"src/cr_startup_lpc15xx.o" -MT"src/cr_startup_lpc15xx.d" -o "src/cr_startup_lpc15xx.o" "../src/cr_startup_lpc15xx.cpp"
Finished building: ../src/crp.c
 
Finished building: ../src/cr_cpp_config.cpp
Finished building: ../src/cr_startup_lpc15xx.cpp
 
Building file: ../src/test.cpp
Finished building: ../src/sysinit.c
 
Building file: ../src/test2.cpp
Invoking: MCU C++ Compiler
 
arm-none-eabi-c++ -DDEBUG -D__CODE_RED -D__NEWLIB__ -DCORE_M3 -D__USE_LPCOPEN -DCPP_USE_HEAP -D__LPC15XX__ -I"C:\Users\Rasmus\Documents\MCUXpressoIDE_11.2.0_4120\XY_plotter_project\lpc_board_nxp_lpcxpresso_1549\inc" -I"C:\Users\Rasmus\Documents\MCUXpressoIDE_11.2.0_4120\XY_plotter_project\test2\inc" -I"C:\Users\Rasmus\Documents\MCUXpressoIDE_11.2.0_4120\XY_plotter_project\lpc_chip_15xx\inc" -O0 -fno-common -g3 -Wall -c -fmessage-length=0 -fno-builtin -ffunction-sections -fdata-sections -fno-rtti -fno-exceptions -fmerge-constants -fmacro-prefix-map="../src/"=. -mcpu=cortex-m3 -mthumb -fstack-usage -MMD -MP -MF"src/test.d" -MT"src/test.o" -MT"src/test.d" -o "src/test.o" "../src/test.cpp"
Invoking: MCU C++ Compiler
arm-none-eabi-c++ -DDEBUG -D__CODE_RED -D__NEWLIB__ -DCORE_M3 -D__USE_LPCOPEN -DCPP_USE_HEAP -D__LPC15XX__ -I"C:\Users\Rasmus\Documents\MCUXpressoIDE_11.2.0_4120\XY_plotter_project\lpc_board_nxp_lpcxpresso_1549\inc" -I"C:\Users\Rasmus\Documents\MCUXpressoIDE_11.2.0_4120\XY_plotter_project\test2\inc" -I"C:\Users\Rasmus\Documents\MCUXpressoIDE_11.2.0_4120\XY_plotter_project\lpc_chip_15xx\inc" -O0 -fno-common -g3 -Wall -c -fmessage-length=0 -fno-builtin -ffunction-sections -fdata-sections -fno-rtti -fno-exceptions -fmerge-constants -fmacro-prefix-map="../src/"=. -mcpu=cortex-m3 -mthumb -fstack-usage -MMD -MP -MF"src/test2.d" -MT"src/test2.o" -MT"src/test2.d" -o "src/test2.o" "../src/test2.cpp"
Finished building: ../src/test.cpp
 
Finished building: ../src/test2.cpp
 
Building target: test2.axf
Invoking: MCU C++ Linker
arm-none-eabi-c++ -nostdlib -L"C:\Users\Rasmus\Documents\MCUXpressoIDE_11.2.0_4120\XY_plotter_project\lpc_board_nxp_lpcxpresso_1549\Debug" -L"C:\Users\Rasmus\Documents\MCUXpressoIDE_11.2.0_4120\XY_plotter_project\lpc_chip_15xx\Debug" -Xlinker -Map="test2.map" -Xlinker --cref -Xlinker --gc-sections -Xlinker -print-memory-usage -mcpu=cortex-m3 -mthumb -T "test2_Debug.ld" -o "test2.axf"  ./src/cr_cpp_config.o ./src/cr_startup_lpc15xx.o ./src/crp.o ./src/sysinit.o ./src/test.o ./src/test2.o   -llpc_board_nxp_lpcxpresso_1549 -llpc_chip_15xx
Memory region         Used Size  Region Size  %age Used
       MFlash256:        5192 B       256 KB      1.98%
         Ram0_16:          36 B        16 KB      0.22%
         Ram1_16:          0 GB        16 KB      0.00%
          Ram2_4:          0 GB         4 KB      0.00%
Finished building target: test2.axf
 
make --no-print-directory post-build
Performing post-build steps
arm-none-eabi-size "test2.axf"; # arm-none-eabi-objcopy -v -O binary "test2.axf" "test2.bin" ; # checksum -p LPC1549 -d "test2.bin";
   text	   data	    bss	    dec	    hex	filename
   5192	      0	     36	   5228	   146c	test2.axf
 

12:51:11 Build Finished. 0 errors, 0 warnings. (took 1s.752ms)

